== probe_host_dma mode=align tile=8192 repeats=8 launches=3 alignOff=32 ==
[INIT] aclInit rc=0
[INIT] aclrtSetDevice(0) rc=0
[INIT] aclrtCreateStream rc=0
[DEV ] AICORE=28 VECTOR=56 -> blocks=56
[PREP] region=3670016 bytes (65536 per block) cyc=1792 blocks=56
[PREP] aclrtMallocHost(3674112) rc=0 ptr=0x100000400000
[PREP] aclrtHostRegisterV2(3674112, MAPPED) rc=0
[PREP] aclrtHostGetDevicePointer rc=0 dev=0x40000000000
[PREP] align offset=32 -> srcForKernel=0x40000000020 (dev base=0x40000000000)
[PREP] srcKind=host-mapped + non-32B offset srcForKernel=0x40000000020 dst=0x12004c600000 cyc=0x120000017000
[TIME] launches=3 perLaunch=177369.7 ns aclError_after_last=0
[ASYNC] aclrtStreamQuery immediately after launch: rc=0 status=1(NOT_READY)
[ASYNC] aclrtSynchronizeStream rc=0 (device-side MTE2 read loop is back-to-back, no per-tile wait)
[COPY] aclrtMemcpy(D2H result) rc=0
[COPY] aclrtMemcpy(D2H cycles) rc=0
[VERIFY] bytes=3670016 mismatches=3670016 firstBadOff=0 (expect=90 got=186)
[VERIFY] FAIL: byte mismatch
[VERIFY-SHIFT] vs Model(i+32): mismatches=0 firstBadOff=0
[CYCLE] validBlocks=56 avgSpanPerBlock=618 aggSpan(all blocks)=1240 syscnt
[BANDWIDTH] host-wall: 20.69 GB/s (bytes=3670016 perLaunch=177369.7 ns)
[CLEAN] aclrtHostUnregister rc=0
== done mode=align overall=OK ==
rc=0
