== probe_host_dma mode=hbm tile=8192 repeats=8 launches=5 alignOff=1 ==
[INIT] aclInit rc=0
[INIT] aclrtSetDevice(0) rc=0
[INIT] aclrtCreateStream rc=0
[DEV ] AICORE=28 VECTOR=56 -> blocks=56
[PREP] region=3670016 bytes (65536 per block) cyc=1792 blocks=56
[ATTR] srcHbmDev          ptr=0x12004ca00000 rc=0 location.type=1(DEVICE) id=0 pageSize=2097152
[PREP] hbm source offset by 1 -> 0x12004ca00001
[PREP] srcKind=HBM(aclrtMalloc) srcForKernel=0x12004ca00001 dst=0x12004c600000 cyc=0x120000017000
[TIME] launches=5 perLaunch=4562.8 ns aclError_after_last=0
[ASYNC] aclrtStreamQuery immediately after launch: rc=0 status=1(NOT_READY)
[ASYNC] aclrtSynchronizeStream rc=0 (device-side MTE2 read loop is back-to-back, no per-tile wait)
[COPY] aclrtMemcpy(D2H result) rc=0
[COPY] aclrtMemcpy(D2H cycles) rc=0
[VERIFY] bytes=3670016 mismatches=3670016 firstBadOff=0 (expect=90 got=221)
[VERIFY] FAIL: byte mismatch
[VERIFY-SHIFT] vs Model(i+1): mismatches=0 firstBadOff=0
[CYCLE] validBlocks=56 avgSpanPerBlock=627 aggSpan(all blocks)=1301 syscnt
[BANDWIDTH] host-wall: 804.33 GB/s (bytes=3670016 perLaunch=4562.8 ns)
== done mode=hbm overall=OK ==
rc=0
