[M13] case m1 mode=0 (MoE slice (router 消费 golden x)): m=1 E=4 topk=2 total=2 numBlocks=28
[M13]   res1 (m6#1 fp32)             PASS (fp32 bit-exact, 0/2560 mismatch)
[M13]   x_norm (m6#1 y)              PASS (bf16 网格 max rel 0.0073, 容差 1e-02, 0/2560 超差)
[M13]   router_logits                PASS (max abs diff 2.38e-07, 容差 2e-02, worst idx 2)
[M13]   topk_ids                     PASS (exact, n=2)
[M13]   topk_weights                 PASS (bf16 grid max ulp 0, 0/2 over 1 ulp)
[M13]   perm_src_token               PASS (exact, n=2)
[M13]   perm_expert                  PASS (exact, n=2)
[M13]   expert_token_counts          PASS (exact, n=4)
[M13]   x_sorted                     PASS (bit-exact bf16, n=5120)
[M13]   routed_output vs float golden [报告] maxAbs 0.6045, maxRel 68.180, rms dev 0.6627 vs golden 0.7029
[M13]   shared_output vs float golden [报告] maxAbs 0.6282, maxRel 177.503, rms dev 0.7498 vs golden 0.7718
[M13]   moe_output vs float golden   [报告] maxAbs 0.7627, maxRel 209.115, rms dev 1.0119 vs golden 1.0615
[M13]   routing 内部一致性      PASS
[M13]   x_sorted gather exactness    PASS (0/2 行不一致)
[M13]   res2 (m6#2 fp32)             PASS (fp32 bit-exact, 0/2560 mismatch)
[M13]   y_final (m6#2 y)             PASS (bf16 网格 max rel 0, 容差 1e-02, 0/2560 超差)
[M13]   GU slot0 (w4a4-ref)          PASS (w4a4-ref: 越界 0/1280, maxAbs 7.812e-03, 最差占容差 0.28, idx 374)
[M13]   H slot0 (w4a4-ref)           PASS (w4a4-ref: 越界 0/640, maxAbs 1.553e-02, 最差占容差 0.27, idx 125)
[M13]   Y slot0 (w4a4-ref)           PASS (w4a4-ref: 越界 0/2560, maxAbs 7.812e-03, 最差占容差 0.28, idx 127)
[M13]   GU slot3 (w4a4-ref)          PASS (w4a4-ref: 越界 0/1280, maxAbs 1.221e-02, 最差占容差 0.28, idx 150)
[M13]   H slot3 (w4a4-ref)           PASS (w4a4-ref: 越界 0/640, maxAbs 2.469e-02, 最差占容差 0.27, idx 500)
[M13]   Y slot3 (w4a4-ref)           PASS (w4a4-ref: 越界 0/2560, maxAbs 7.812e-03, 最差占容差 0.28, idx 1008)
[M13]   routed_output (w4a4-ref)     PASS (w4a4-ref: 越界 0/2560, maxAbs 6.775e-03, 最差占容差 0.27, idx 82)
[M13]   GU_shd (w4a4-ref)            PASS (w4a4-ref: 越界 0/1280, maxAbs 1.074e-02, 最差占容差 0.28, idx 996)
[M13]   H_shd (w4a4-ref)             PASS (w4a4-ref: 越界 0/640, maxAbs 1.776e-02, 最差占容差 0.27, idx 303)
[M13]   Y_shd (w4a4-ref)             PASS (w4a4-ref: 越界 0/2560, maxAbs 7.812e-03, 最差占容差 0.28, idx 1376)
[M13]   shared gate GEMV (w4a4-ref)  PASS (sgate 裸点积 max abs diff 1.312e-07)
[M13]   shared_output (w4a4-ref)     PASS (w4a4-ref: 越界 0/2560, maxAbs 7.698e-03, 最差占容差 0.27, idx 374)
[M13]   shared gating (fp32 product) PASS (bf16 位距 ≤2 ulp: 越界 0/2560, 最大 0 ulp)
[M13]   moe combine (routed+G)       PASS (bf16 位距 ≤2 ulp: 越界 0/2560, 最大 0 ulp)
[M13]   routed_output [golden 预算] PASS (vs float golden: 偏差 0.6045 ≤ 量化预算 0.6045(+容差); 违反 0/2560)
[M13]   shared_output [golden 预算] PASS (vs float golden: 偏差 0.6282 ≤ 量化预算 0.6282(+容差); 违反 0/2560)
[M13]   moe_output [golden 预算]   PASS (vs float golden: 偏差 0.7627 ≤ 量化预算 0.7627(+容差); 违反 0/2560)
[M13] case m1 mode=1 (layer chain (router 消费 x_norm)): m=1 E=4 topk=2 total=2 numBlocks=28
[M13]   res1 (m6#1 fp32)             PASS (fp32 bit-exact, 0/2560 mismatch)
[M13]   x_norm (m6#1 y)              PASS (bf16 网格 max rel 0.0073, 容差 1e-02, 0/2560 超差)
[M13]   golden comparison            (chain 模式：MoE 段输入为 x_norm，golden 不适用 → 由 check_ref.py 比对)
[M13]   routing 内部一致性      PASS
[M13]   x_sorted gather exactness    PASS (0/2 行不一致)
[M13]   res2 (m6#2 fp32)             PASS (fp32 bit-exact, 0/2560 mismatch)
[M13]   y_final (m6#2 y)             PASS (bf16 网格 max rel 0, 容差 1e-02, 0/2560 超差)
[M13]   GU slot0 (w4a4-ref)          PASS (w4a4-ref: 越界 0/1280, maxAbs 1.562e-02, 最差占容差 0.28, idx 837)
[M13]   H slot0 (w4a4-ref)           PASS (w4a4-ref: 越界 0/640, maxAbs 1.770e-02, 最差占容差 0.27, idx 531)
[M13]   Y slot0 (w4a4-ref)           PASS (w4a4-ref: 越界 0/2560, maxAbs 7.812e-03, 最差占容差 0.28, idx 93)
[M13]   GU slot3 (w4a4-ref)          PASS (w4a4-ref: 越界 0/1280, maxAbs 1.367e-02, 最差占容差 0.28, idx 593)
[M13]   H slot3 (w4a4-ref)           PASS (w4a4-ref: 越界 0/640, maxAbs 3.531e-02, 最差占容差 0.26, idx 498)
[M13]   Y slot3 (w4a4-ref)           PASS (w4a4-ref: 越界 0/2560, maxAbs 8.789e-03, 最差占容差 0.28, idx 1009)
[M13]   routed_output (w4a4-ref)     PASS (w4a4-ref: 越界 0/2560, maxAbs 7.202e-03, 最差占容差 0.28, idx 69)
[M13]   GU_shd (w4a4-ref)            PASS (w4a4-ref: 越界 0/1280, maxAbs 1.270e-02, 最差占容差 0.28, idx 941)
[M13]   H_shd (w4a4-ref)             PASS (w4a4-ref: 越界 0/640, maxAbs 2.711e-02, 最差占容差 0.28, idx 453)
[M13]   Y_shd (w4a4-ref)             PASS (w4a4-ref: 越界 0/2560, maxAbs 1.562e-02, 最差占容差 0.28, idx 1257)
[M13]   shared gate GEMV (w4a4-ref)  PASS (sgate 裸点积 max abs diff 4.284e-08)
[M13]   shared_output (w4a4-ref)     PASS (w4a4-ref: 越界 0/2560, maxAbs 7.654e-03, 最差占容差 0.26, idx 672)
[M13]   shared gating (fp32 product) PASS (bf16 位距 ≤2 ulp: 越界 0/2560, 最大 0 ulp)
[M13]   moe combine (routed+G)       PASS (bf16 位距 ≤2 ulp: 越界 0/2560, 最大 0 ulp)
[M13]   routed_output [golden 预算] PASS (vs float golden: 偏差 1.1719 ≤ 量化预算 1.1719(+容差); 违反 0/2560)
[M13]   shared_output [golden 预算] PASS (vs float golden: 偏差 1.4922 ≤ 量化预算 1.4922(+容差); 违反 0/2560)
[M13]   moe_output [golden 预算]   PASS (vs float golden: 偏差 1.9453 ≤ 量化预算 1.9453(+容差); 违反 0/2560)
[M13] case m33 mode=0 (MoE slice (router 消费 golden x)): m=33 E=4 topk=2 total=66 numBlocks=28
[M13]   res1 (m6#1 fp32)             PASS (fp32 bit-exact, 0/84480 mismatch)
[M13]   x_norm (m6#1 y)              PASS (bf16 网格 max rel 0.00676, 容差 1e-02, 0/84480 超差)
[M13]   router_logits                PASS (max abs diff 4.77e-07, 容差 2e-02, worst idx 30)
[M13]   topk_ids                     PASS (exact, n=66)
[M13]   topk_weights                 PASS (bf16 grid max ulp 1, 0/66 over 1 ulp)
[M13]   perm_src_token               PASS (exact, n=66)
[M13]   perm_expert                  PASS (exact, n=66)
[M13]   expert_token_counts          PASS (exact, n=4)
[M13]   x_sorted                     PASS (bit-exact bf16, n=168960)
[M13]   routed_output vs float golden [报告] maxAbs 0.9609, maxRel 402.216, rms dev 0.8091 vs golden 0.8530
[M13]   shared_output vs float golden [报告] maxAbs 0.8594, maxRel 392.618, rms dev 0.5582 vs golden 0.5831
[M13]   moe_output vs float golden   [报告] maxAbs 1.1875, maxRel 431.873, rms dev 0.9818 vs golden 1.0316
[M13]   routing 内部一致性      PASS
[M13]   x_sorted gather exactness    PASS (0/66 行不一致)
[M13]   res2 (m6#2 fp32)             PASS (fp32 bit-exact, 0/84480 mismatch)
[M13]   y_final (m6#2 y)             PASS (bf16 网格 max rel 0.00769, 容差 1e-02, 0/84480 超差)
[M13]   GU slot0 (w4a4-ref)          PASS (w4a4-ref: 越界 0/1280, maxAbs 1.172e-02, 最差占容差 0.28, idx 646)
[M13]   H slot0 (w4a4-ref)           PASS (w4a4-ref: 越界 0/640, maxAbs 1.509e-02, 最差占容差 0.28, idx 550)
[M13]   GU slot0 (w4a4-ref)          PASS (w4a4-ref: 越界 0/1280, maxAbs 1.562e-02, 最差占容差 0.28, idx 1048)
[M13]   H slot0 (w4a4-ref)           PASS (w4a4-ref: 越界 0/640, maxAbs 3.646e-02, 最差占容差 0.28, idx 479)
[M13]   GU slot0 (w4a4-ref)          PASS (w4a4-ref: 越界 0/1280, maxAbs 1.562e-02, 最差占容差 0.28, idx 730)
[M13]   H slot0 (w4a4-ref)           PASS (w4a4-ref: 越界 0/640, maxAbs 5.127e-02, 最差占容差 0.27, idx 484)
[M13]   GU slot0 (w4a4-ref)          PASS (w4a4-ref: 越界 0/1280, maxAbs 1.562e-02, 最差占容差 0.28, idx 581)
[M13]   H slot0 (w4a4-ref)           PASS (w4a4-ref: 越界 0/640, maxAbs 2.093e-02, 最差占容差 0.27, idx 215)
[M13]   GU slot0 (w4a4-ref)          PASS (w4a4-ref: 越界 0/1280, maxAbs 1.465e-02, 最差占容差 0.28, idx 1175)
[M13]   H slot0 (w4a4-ref)           PASS (w4a4-ref: 越界 0/640, maxAbs 1.984e-02, 最差占容差 0.27, idx 140)
[M13]   GU slot0 (w4a4-ref)          PASS (w4a4-ref: 越界 0/1280, maxAbs 1.465e-02, 最差占容差 0.28, idx 402)
[M13]   H slot0 (w4a4-ref)           PASS (w4a4-ref: 越界 0/640, maxAbs 2.370e-02, 最差占容差 0.28, idx 616)
[M13]   GU slot0 (w4a4-ref)          PASS (w4a4-ref: 越界 0/1280, maxAbs 1.270e-02, 最差占容差 0.28, idx 562)
[M13]   H slot0 (w4a4-ref)           PASS (w4a4-ref: 越界 0/640, maxAbs 2.324e-02, 最差占容差 0.28, idx 157)
[M13]   GU slot0 (w4a4-ref)          PASS (w4a4-ref: 越界 0/1280, maxAbs 1.562e-02, 最差占容差 0.28, idx 1233)
[M13]   H slot0 (w4a4-ref)           PASS (w4a4-ref: 越界 0/640, maxAbs 2.725e-02, 最差占容差 0.27, idx 444)
[M13]   GU slot0 (w4a4-ref)          PASS (w4a4-ref: 越界 0/1280, maxAbs 1.465e-02, 最差占容差 0.28, idx 690)
[M13]   H slot0 (w4a4-ref)           PASS (w4a4-ref: 越界 0/640, maxAbs 1.540e-02, 最差占容差 0.27, idx 69)
[M13]   GU slot0 (w4a4-ref)          PASS (w4a4-ref: 越界 0/1280, maxAbs 1.562e-02, 最差占容差 0.28, idx 1197)
[M13]   H slot0 (w4a4-ref)           PASS (w4a4-ref: 越界 0/640, maxAbs 2.355e-02, 最差占容差 0.28, idx 69)
[M13]   GU slot0 (w4a4-ref)          PASS (w4a4-ref: 越界 0/1280, maxAbs 1.465e-02, 最差占容差 0.28, idx 539)
[M13]   H slot0 (w4a4-ref)           PASS (w4a4-ref: 越界 0/640, maxAbs 2.340e-02, 最差占容差 0.27, idx 574)
[M13]   GU slot0 (w4a4-ref)          PASS (w4a4-ref: 越界 0/1280, maxAbs 1.367e-02, 最差占容差 0.28, idx 680)
[M13]   H slot0 (w4a4-ref)           PASS (w4a4-ref: 越界 0/640, maxAbs 2.682e-02, 最差占容差 0.28, idx 257)
[M13]   GU slot0 (w4a4-ref)          PASS (w4a4-ref: 越界 0/1280, maxAbs 1.367e-02, 最差占容差 0.28, idx 248)
[M13]   H slot0 (w4a4-ref)           PASS (w4a4-ref: 越界 0/640, maxAbs 2.828e-02, 最差占容差 0.27, idx 439)
[M13]   GU slot0 (w4a4-ref)          PASS (w4a4-ref: 越界 0/1280, maxAbs 1.465e-02, 最差占容差 0.28, idx 652)
[M13]   H slot0 (w4a4-ref)           PASS (w4a4-ref: 越界 0/640, maxAbs 3.022e-02, 最差占容差 0.28, idx 433)
[M13]   GU slot0 (w4a4-ref)          PASS (w4a4-ref: 越界 0/1280, maxAbs 1.465e-02, 最差占容差 0.28, idx 222)
[M13]   H slot0 (w4a4-ref)           PASS (w4a4-ref: 越界 0/640, maxAbs 2.175e-02, 最差占容差 0.28, idx 14)
[M13]   GU slot0 (w4a4-ref)          PASS (w4a4-ref: 越界 0/1280, maxAbs 1.465e-02, 最差占容差 0.28, idx 1019)
[M13]   H slot0 (w4a4-ref)           PASS (w4a4-ref: 越界 0/640, maxAbs 2.576e-02, 最差占容差 0.28, idx 226)
[M13]   GU slot0 (w4a4-ref)          PASS (w4a4-ref: 越界 0/1280, maxAbs 1.416e-02, 最差占容差 0.28, idx 1033)
[M13]   H slot0 (w4a4-ref)           PASS (w4a4-ref: 越界 0/640, maxAbs 1.313e-02, 最差占容差 0.27, idx 504)
[M13]   GU slot0 (w4a4-ref)          PASS (w4a4-ref: 越界 0/1280, maxAbs 1.221e-02, 最差占容差 0.28, idx 1060)
[M13]   H slot0 (w4a4-ref)           PASS (w4a4-ref: 越界 0/640, maxAbs 2.779e-02, 最差占容差 0.26, idx 53)
[M13]   Y slot0 (w4a4-ref)           PASS (w4a4-ref: 越界 0/2560, maxAbs 7.812e-03, 最差占容差 0.28, idx 1271)
[M13]   Y slot0 (w4a4-ref)           PASS (w4a4-ref: 越界 0/2560, maxAbs 7.812e-03, 最差占容差 0.28, idx 425)
[M13]   Y slot0 (w4a4-ref)           PASS (w4a4-ref: 越界 0/2560, maxAbs 1.367e-02, 最差占容差 0.28, idx 242)
[M13]   Y slot0 (w4a4-ref)           PASS (w4a4-ref: 越界 0/2560, maxAbs 8.789e-03, 最差占容差 0.28, idx 2317)
[M13]   Y slot0 (w4a4-ref)           PASS (w4a4-ref: 越界 0/2560, maxAbs 9.766e-03, 最差占容差 0.28, idx 1760)
[M13]   Y slot0 (w4a4-ref)           PASS (w4a4-ref: 越界 0/2560, maxAbs 7.812e-03, 最差占容差 0.28, idx 21)
[M13]   Y slot0 (w4a4-ref)           PASS (w4a4-ref: 越界 0/2560, maxAbs 7.812e-03, 最差占容差 0.28, idx 48)
[M13]   Y slot0 (w4a4-ref)           PASS (w4a4-ref: 越界 0/2560, maxAbs 7.812e-03, 最差占容差 0.28, idx 2122)
[M13]   Y slot0 (w4a4-ref)           PASS (w4a4-ref: 越界 0/2560, maxAbs 7.812e-03, 最差占容差 0.28, idx 1522)
[M13]   Y slot0 (w4a4-ref)           PASS (w4a4-ref: 越界 0/2560, maxAbs 7.812e-03, 最差占容差 0.28, idx 366)
[M13]   Y slot0 (w4a4-ref)           PASS (w4a4-ref: 越界 0/2560, maxAbs 7.812e-03, 最差占容差 0.28, idx 1758)
[M13]   Y slot0 (w4a4-ref)           PASS (w4a4-ref: 越界 0/2560, maxAbs 7.812e-03, 最差占容差 0.28, idx 6)
[M13]   Y slot0 (w4a4-ref)           PASS (w4a4-ref: 越界 0/2560, maxAbs 7.812e-03, 最差占容差 0.28, idx 311)
[M13]   Y slot0 (w4a4-ref)           PASS (w4a4-ref: 越界 0/2560, maxAbs 7.812e-03, 最差占容差 0.28, idx 639)
[M13]   Y slot0 (w4a4-ref)           PASS (w4a4-ref: 越界 0/2560, maxAbs 7.812e-03, 最差占容差 0.28, idx 67)
[M13]   Y slot0 (w4a4-ref)           PASS (w4a4-ref: 越界 0/2560, maxAbs 1.172e-02, 最差占容差 0.28, idx 129)
[M13]   Y slot0 (w4a4-ref)           PASS (w4a4-ref: 越界 0/2560, maxAbs 7.812e-03, 最差占容差 0.28, idx 246)
[M13]   Y slot0 (w4a4-ref)           PASS (w4a4-ref: 越界 0/2560, maxAbs 7.812e-03, 最差占容差 0.28, idx 1039)
[M13]   GU slot1 (w4a4-ref)          PASS (w4a4-ref: 越界 0/1280, maxAbs 1.172e-02, 最差占容差 0.28, idx 872)
[M13]   H slot1 (w4a4-ref)           PASS (w4a4-ref: 越界 0/640, maxAbs 1.756e-02, 最差占容差 0.27, idx 583)
[M13]   GU slot1 (w4a4-ref)          PASS (w4a4-ref: 越界 0/1280, maxAbs 1.172e-02, 最差占容差 0.28, idx 546)
[M13]   H slot1 (w4a4-ref)           PASS (w4a4-ref: 越界 0/640, maxAbs 3.109e-02, 最差占容差 0.27, idx 548)
[M13]   GU slot1 (w4a4-ref)          PASS (w4a4-ref: 越界 0/1280, maxAbs 1.465e-02, 最差占容差 0.28, idx 392)
[M13]   H slot1 (w4a4-ref)           PASS (w4a4-ref: 越界 0/640, maxAbs 2.405e-02, 最差占容差 0.26, idx 419)
[M13]   GU slot1 (w4a4-ref)          PASS (w4a4-ref: 越界 0/1280, maxAbs 1.514e-02, 最差占容差 0.28, idx 214)
[M13]   H slot1 (w4a4-ref)           PASS (w4a4-ref: 越界 0/640, maxAbs 1.501e-02, 最差占容差 0.27, idx 173)
[M13]   GU slot1 (w4a4-ref)          PASS (w4a4-ref: 越界 0/1280, maxAbs 7.812e-03, 最差占容差 0.28, idx 1201)
[M13]   H slot1 (w4a4-ref)           PASS (w4a4-ref: 越界 0/640, maxAbs 1.552e-02, 最差占容差 0.27, idx 112)
[M13]   GU slot1 (w4a4-ref)          PASS (w4a4-ref: 越界 0/1280, maxAbs 1.465e-02, 最差占容差 0.28, idx 573)
[M13]   H slot1 (w4a4-ref)           PASS (w4a4-ref: 越界 0/640, maxAbs 2.181e-02, 最差占容差 0.27, idx 489)
[M13]   GU slot1 (w4a4-ref)          PASS (w4a4-ref: 越界 0/1280, maxAbs 1.318e-02, 最差占容差 0.28, idx 646)
[M13]   H slot1 (w4a4-ref)           PASS (w4a4-ref: 越界 0/640, maxAbs 1.550e-02, 最差占容差 0.28, idx 371)
[M13]   GU slot1 (w4a4-ref)          PASS (w4a4-ref: 越界 0/1280, maxAbs 1.465e-02, 最差占容差 0.28, idx 25)
[M13]   H slot1 (w4a4-ref)           PASS (w4a4-ref: 越界 0/640, maxAbs 1.520e-02, 最差占容差 0.28, idx 402)
[M13]   GU slot1 (w4a4-ref)          PASS (w4a4-ref: 越界 0/1280, maxAbs 1.465e-02, 最差占容差 0.28, idx 231)
[M13]   H slot1 (w4a4-ref)           PASS (w4a4-ref: 越界 0/640, maxAbs 2.948e-02, 最差占容差 0.28, idx 377)
[M13]   GU slot1 (w4a4-ref)          PASS (w4a4-ref: 越界 0/1280, maxAbs 1.465e-02, 最差占容差 0.28, idx 857)
[M13]   H slot1 (w4a4-ref)           PASS (w4a4-ref: 越界 0/640, maxAbs 2.821e-02, 最差占容差 0.27, idx 395)
[M13]   GU slot1 (w4a4-ref)          PASS (w4a4-ref: 越界 0/1280, maxAbs 1.514e-02, 最差占容差 0.28, idx 197)
[M13]   H slot1 (w4a4-ref)           PASS (w4a4-ref: 越界 0/640, maxAbs 2.520e-02, 最差占容差 0.27, idx 395)
[M13]   GU slot1 (w4a4-ref)          PASS (w4a4-ref: 越界 0/1280, maxAbs 1.172e-02, 最差占容差 0.28, idx 134)
[M13]   H slot1 (w4a4-ref)           PASS (w4a4-ref: 越界 0/640, maxAbs 1.537e-02, 最差占容差 0.27, idx 182)
[M13]   GU slot1 (w4a4-ref)          PASS (w4a4-ref: 越界 0/1280, maxAbs 1.367e-02, 最差占容差 0.28, idx 797)
[M13]   H slot1 (w4a4-ref)           PASS (w4a4-ref: 越界 0/640, maxAbs 2.709e-02, 最差占容差 0.28, idx 357)
[M13]   GU slot1 (w4a4-ref)          PASS (w4a4-ref: 越界 0/1280, maxAbs 1.074e-02, 最差占容差 0.28, idx 327)
[M13]   H slot1 (w4a4-ref)           PASS (w4a4-ref: 越界 0/640, maxAbs 2.168e-02, 最差占容差 0.27, idx 630)
[M13]   GU slot1 (w4a4-ref)          PASS (w4a4-ref: 越界 0/1280, maxAbs 1.465e-02, 最差占容差 0.28, idx 1055)
[M13]   H slot1 (w4a4-ref)           PASS (w4a4-ref: 越界 0/640, maxAbs 2.401e-02, 最差占容差 0.27, idx 352)
[M13]   GU slot1 (w4a4-ref)          PASS (w4a4-ref: 越界 0/1280, maxAbs 1.318e-02, 最差占容差 0.28, idx 996)
[M13]   H slot1 (w4a4-ref)           PASS (w4a4-ref: 越界 0/640, maxAbs 2.692e-02, 最差占容差 0.27, idx 492)
[M13]   Y slot1 (w4a4-ref)           PASS (w4a4-ref: 越界 0/2560, maxAbs 7.812e-03, 最差占容差 0.28, idx 1014)
[M13]   Y slot1 (w4a4-ref)           PASS (w4a4-ref: 越界 0/2560, maxAbs 7.812e-03, 最差占容差 0.28, idx 105)
[M13]   Y slot1 (w4a4-ref)           PASS (w4a4-ref: 越界 0/2560, maxAbs 7.812e-03, 最差占容差 0.28, idx 262)
[M13]   Y slot1 (w4a4-ref)           PASS (w4a4-ref: 越界 0/2560, maxAbs 7.812e-03, 最差占容差 0.28, idx 39)
[M13]   Y slot1 (w4a4-ref)           PASS (w4a4-ref: 越界 0/2560, maxAbs 7.812e-03, 最差占容差 0.28, idx 1585)
[M13]   Y slot1 (w4a4-ref)           PASS (w4a4-ref: 越界 0/2560, maxAbs 7.812e-03, 最差占容差 0.28, idx 554)
[M13]   Y slot1 (w4a4-ref)           PASS (w4a4-ref: 越界 0/2560, maxAbs 7.812e-03, 最差占容差 0.28, idx 408)
[M13]   Y slot1 (w4a4-ref)           PASS (w4a4-ref: 越界 0/2560, maxAbs 7.812e-03, 最差占容差 0.28, idx 2452)
[M13]   Y slot1 (w4a4-ref)           PASS (w4a4-ref: 越界 0/2560, maxAbs 7.812e-03, 最差占容差 0.28, idx 514)
[M13]   Y slot1 (w4a4-ref)           PASS (w4a4-ref: 越界 0/2560, maxAbs 9.766e-03, 最差占容差 0.28, idx 2445)
[M13]   Y slot1 (w4a4-ref)           PASS (w4a4-ref: 越界 0/2560, maxAbs 7.812e-03, 最差占容差 0.28, idx 650)
[M13]   Y slot1 (w4a4-ref)           PASS (w4a4-ref: 越界 0/2560, maxAbs 8.789e-03, 最差占容差 0.28, idx 2008)
[M13]   Y slot1 (w4a4-ref)           PASS (w4a4-ref: 越界 0/2560, maxAbs 7.812e-03, 最差占容差 0.28, idx 1361)
[M13]   Y slot1 (w4a4-ref)           PASS (w4a4-ref: 越界 0/2560, maxAbs 7.812e-03, 最差占容差 0.28, idx 1200)
[M13]   Y slot1 (w4a4-ref)           PASS (w4a4-ref: 越界 0/2560, maxAbs 7.812e-03, 最差占容差 0.28, idx 1547)
[M13]   Y slot1 (w4a4-ref)           PASS (w4a4-ref: 越界 0/2560, maxAbs 1.465e-02, 最差占容差 0.28, idx 2248)
[M13]   GU slot2 (w4a4-ref)          PASS (w4a4-ref: 越界 0/1280, maxAbs 1.562e-02, 最差占容差 0.28, idx 279)
[M13]   H slot2 (w4a4-ref)           PASS (w4a4-ref: 越界 0/640, maxAbs 2.848e-02, 最差占容差 0.27, idx 373)
[M13]   GU slot2 (w4a4-ref)          PASS (w4a4-ref: 越界 0/1280, maxAbs 1.367e-02, 最差占容差 0.28, idx 89)
[M13]   H slot2 (w4a4-ref)           PASS (w4a4-ref: 越界 0/640, maxAbs 2.905e-02, 最差占容差 0.27, idx 460)
[M13]   GU slot2 (w4a4-ref)          PASS (w4a4-ref: 越界 0/1280, maxAbs 1.367e-02, 最差占容差 0.28, idx 469)
[M13]   H slot2 (w4a4-ref)           PASS (w4a4-ref: 越界 0/640, maxAbs 1.422e-02, 最差占容差 0.27, idx 528)
[M13]   GU slot2 (w4a4-ref)          PASS (w4a4-ref: 越界 0/1280, maxAbs 1.465e-02, 最差占容差 0.28, idx 632)
[M13]   H slot2 (w4a4-ref)           PASS (w4a4-ref: 越界 0/640, maxAbs 3.035e-02, 最差占容差 0.27, idx 285)
[M13]   GU slot2 (w4a4-ref)          PASS (w4a4-ref: 越界 0/1280, maxAbs 1.562e-02, 最差占容差 0.28, idx 787)
[M13]   H slot2 (w4a4-ref)           PASS (w4a4-ref: 越界 0/640, maxAbs 2.899e-02, 最差占容差 0.27, idx 38)
[M13]   GU slot2 (w4a4-ref)          PASS (w4a4-ref: 越界 0/1280, maxAbs 1.562e-02, 最差占容差 0.28, idx 491)
[M13]   H slot2 (w4a4-ref)           PASS (w4a4-ref: 越界 0/640, maxAbs 2.965e-02, 最差占容差 0.27, idx 610)
[M13]   GU slot2 (w4a4-ref)          PASS (w4a4-ref: 越界 0/1280, maxAbs 1.562e-02, 最差占容差 0.28, idx 1051)
[M13]   H slot2 (w4a4-ref)           PASS (w4a4-ref: 越界 0/640, maxAbs 2.049e-02, 最差占容差 0.27, idx 29)
[M13]   GU slot2 (w4a4-ref)          PASS (w4a4-ref: 越界 0/1280, maxAbs 1.367e-02, 最差占容差 0.28, idx 59)
[M13]   H slot2 (w4a4-ref)           PASS (w4a4-ref: 越界 0/640, maxAbs 1.543e-02, 最差占容差 0.27, idx 80)
[M13]   GU slot2 (w4a4-ref)          PASS (w4a4-ref: 越界 0/1280, maxAbs 1.367e-02, 最差占容差 0.28, idx 214)
[M13]   H slot2 (w4a4-ref)           PASS (w4a4-ref: 越界 0/640, maxAbs 2.913e-02, 最差占容差 0.27, idx 35)
[M13]   GU slot2 (w4a4-ref)          PASS (w4a4-ref: 越界 0/1280, maxAbs 1.562e-02, 最差占容差 0.28, idx 28)
[M13]   H slot2 (w4a4-ref)           PASS (w4a4-ref: 越界 0/640, maxAbs 2.175e-02, 最差占容差 0.27, idx 448)
[M13]   GU slot2 (w4a4-ref)          PASS (w4a4-ref: 越界 0/1280, maxAbs 1.465e-02, 最差占容差 0.28, idx 834)
[M13]   H slot2 (w4a4-ref)           PASS (w4a4-ref: 越界 0/640, maxAbs 2.368e-02, 最差占容差 0.27, idx 558)
[M13]   GU slot2 (w4a4-ref)          PASS (w4a4-ref: 越界 0/1280, maxAbs 1.318e-02, 最差占容差 0.28, idx 26)
[M13]   H slot2 (w4a4-ref)           PASS (w4a4-ref: 越界 0/640, maxAbs 2.215e-02, 最差占容差 0.28, idx 460)
[M13]   GU slot2 (w4a4-ref)          PASS (w4a4-ref: 越界 0/1280, maxAbs 1.514e-02, 最差占容差 0.28, idx 1035)
[M13]   H slot2 (w4a4-ref)           PASS (w4a4-ref: 越界 0/640, maxAbs 2.874e-02, 最差占容差 0.27, idx 66)
[M13]   GU slot2 (w4a4-ref)          PASS (w4a4-ref: 越界 0/1280, maxAbs 1.465e-02, 最差占容差 0.28, idx 599)
[M13]   H slot2 (w4a4-ref)           PASS (w4a4-ref: 越界 0/640, maxAbs 2.326e-02, 最差占容差 0.27, idx 215)
[M13]   GU slot2 (w4a4-ref)          PASS (w4a4-ref: 越界 0/1280, maxAbs 1.367e-02, 最差占容差 0.28, idx 295)
[M13]   H slot2 (w4a4-ref)           PASS (w4a4-ref: 越界 0/640, maxAbs 2.555e-02, 最差占容差 0.26, idx 548)
[M13]   GU slot2 (w4a4-ref)          PASS (w4a4-ref: 越界 0/1280, maxAbs 1.074e-02, 最差占容差 0.28, idx 527)
[M13]   H slot2 (w4a4-ref)           PASS (w4a4-ref: 越界 0/640, maxAbs 4.201e-02, 最差占容差 0.28, idx 221)
[M13]   Y slot2 (w4a4-ref)           PASS (w4a4-ref: 越界 0/2560, maxAbs 1.465e-02, 最差占容差 0.28, idx 1397)
[M13]   Y slot2 (w4a4-ref)           PASS (w4a4-ref: 越界 0/2560, maxAbs 7.812e-03, 最差占容差 0.28, idx 1889)
[M13]   Y slot2 (w4a4-ref)           PASS (w4a4-ref: 越界 0/2560, maxAbs 7.812e-03, 最差占容差 0.28, idx 939)
[M13]   Y slot2 (w4a4-ref)           PASS (w4a4-ref: 越界 0/2560, maxAbs 7.812e-03, 最差占容差 0.28, idx 409)
[M13]   Y slot2 (w4a4-ref)           PASS (w4a4-ref: 越界 0/2560, maxAbs 1.074e-02, 最差占容差 0.28, idx 266)
[M13]   Y slot2 (w4a4-ref)           PASS (w4a4-ref: 越界 0/2560, maxAbs 7.812e-03, 最差占容差 0.28, idx 2122)
[M13]   Y slot2 (w4a4-ref)           PASS (w4a4-ref: 越界 0/2560, maxAbs 7.812e-03, 最差占容差 0.28, idx 2101)
[M13]   Y slot2 (w4a4-ref)           PASS (w4a4-ref: 越界 0/2560, maxAbs 7.812e-03, 最差占容差 0.28, idx 364)
[M13]   Y slot2 (w4a4-ref)           PASS (w4a4-ref: 越界 0/2560, maxAbs 1.562e-02, 最差占容差 0.28, idx 1051)
[M13]   Y slot2 (w4a4-ref)           PASS (w4a4-ref: 越界 0/2560, maxAbs 7.812e-03, 最差占容差 0.28, idx 901)
[M13]   Y slot2 (w4a4-ref)           PASS (w4a4-ref: 越界 0/2560, maxAbs 9.766e-03, 最差占容差 0.28, idx 844)
[M13]   Y slot2 (w4a4-ref)           PASS (w4a4-ref: 越界 0/2560, maxAbs 7.812e-03, 最差占容差 0.28, idx 2494)
[M13]   Y slot2 (w4a4-ref)           PASS (w4a4-ref: 越界 0/2560, maxAbs 1.367e-02, 最差占容差 0.28, idx 974)
[M13]   Y slot2 (w4a4-ref)           PASS (w4a4-ref: 越界 0/2560, maxAbs 7.812e-03, 最差占容差 0.28, idx 561)
[M13]   Y slot2 (w4a4-ref)           PASS (w4a4-ref: 越界 0/2560, maxAbs 1.562e-02, 最差占容差 0.28, idx 668)
[M13]   Y slot2 (w4a4-ref)           PASS (w4a4-ref: 越界 0/2560, maxAbs 7.812e-03, 最差占容差 0.28, idx 503)
[M13]   GU slot3 (w4a4-ref)          PASS (w4a4-ref: 越界 0/1280, maxAbs 1.074e-02, 最差占容差 0.28, idx 115)
[M13]   H slot3 (w4a4-ref)           PASS (w4a4-ref: 越界 0/640, maxAbs 2.877e-02, 最差占容差 0.27, idx 367)
[M13]   GU slot3 (w4a4-ref)          PASS (w4a4-ref: 越界 0/1280, maxAbs 1.221e-02, 最差占容差 0.28, idx 1239)
[M13]   H slot3 (w4a4-ref)           PASS (w4a4-ref: 越界 0/640, maxAbs 1.421e-02, 最差占容差 0.27, idx 412)
[M13]   GU slot3 (w4a4-ref)          PASS (w4a4-ref: 越界 0/1280, maxAbs 1.465e-02, 最差占容差 0.28, idx 378)
[M13]   H slot3 (w4a4-ref)           PASS (w4a4-ref: 越界 0/640, maxAbs 2.733e-02, 最差占容差 0.28, idx 109)
[M13]   GU slot3 (w4a4-ref)          PASS (w4a4-ref: 越界 0/1280, maxAbs 1.367e-02, 最差占容差 0.28, idx 236)
[M13]   H slot3 (w4a4-ref)           PASS (w4a4-ref: 越界 0/640, maxAbs 1.518e-02, 最差占容差 0.27, idx 370)
[M13]   GU slot3 (w4a4-ref)          PASS (w4a4-ref: 越界 0/1280, maxAbs 8.789e-03, 最差占容差 0.28, idx 400)
[M13]   H slot3 (w4a4-ref)           PASS (w4a4-ref: 越界 0/640, maxAbs 3.122e-02, 最差占容差 0.27, idx 581)
[M13]   GU slot3 (w4a4-ref)          PASS (w4a4-ref: 越界 0/1280, maxAbs 9.766e-03, 最差占容差 0.28, idx 777)
[M13]   H slot3 (w4a4-ref)           PASS (w4a4-ref: 越界 0/640, maxAbs 1.456e-02, 最差占容差 0.27, idx 120)
[M13]   GU slot3 (w4a4-ref)          PASS (w4a4-ref: 越界 0/1280, maxAbs 1.514e-02, 最差占容差 0.28, idx 778)
[M13]   H slot3 (w4a4-ref)           PASS (w4a4-ref: 越界 0/640, maxAbs 2.019e-02, 最差占容差 0.27, idx 192)
[M13]   GU slot3 (w4a4-ref)          PASS (w4a4-ref: 越界 0/1280, maxAbs 1.562e-02, 最差占容差 0.28, idx 194)
[M13]   H slot3 (w4a4-ref)           PASS (w4a4-ref: 越界 0/640, maxAbs 2.183e-02, 最差占容差 0.28, idx 109)
[M13]   GU slot3 (w4a4-ref)          PASS (w4a4-ref: 越界 0/1280, maxAbs 1.367e-02, 最差占容差 0.28, idx 590)
[M13]   H slot3 (w4a4-ref)           PASS (w4a4-ref: 越界 0/640, maxAbs 2.795e-02, 最差占容差 0.27, idx 275)
[M13]   GU slot3 (w4a4-ref)          PASS (w4a4-ref: 越界 0/1280, maxAbs 1.465e-02, 最差占容差 0.28, idx 315)
[M13]   H slot3 (w4a4-ref)           PASS (w4a4-ref: 越界 0/640, maxAbs 1.471e-02, 最差占容差 0.27, idx 552)
[M13]   GU slot3 (w4a4-ref)          PASS (w4a4-ref: 越界 0/1280, maxAbs 1.367e-02, 最差占容差 0.28, idx 683)
[M13]   H slot3 (w4a4-ref)           PASS (w4a4-ref: 越界 0/640, maxAbs 3.036e-02, 最差占容差 0.27, idx 566)
[M13]   GU slot3 (w4a4-ref)          PASS (w4a4-ref: 越界 0/1280, maxAbs 1.270e-02, 最差占容差 0.28, idx 1050)
[M13]   H slot3 (w4a4-ref)           PASS (w4a4-ref: 越界 0/640, maxAbs 2.615e-02, 最差占容差 0.28, idx 552)
[M13]   GU slot3 (w4a4-ref)          PASS (w4a4-ref: 越界 0/1280, maxAbs 1.074e-02, 最差占容差 0.28, idx 955)
[M13]   H slot3 (w4a4-ref)           PASS (w4a4-ref: 越界 0/640, maxAbs 1.528e-02, 最差占容差 0.28, idx 142)
[M13]   GU slot3 (w4a4-ref)          PASS (w4a4-ref: 越界 0/1280, maxAbs 1.367e-02, 最差占容差 0.28, idx 675)
[M13]   H slot3 (w4a4-ref)           PASS (w4a4-ref: 越界 0/640, maxAbs 3.007e-02, 最差占容差 0.27, idx 205)
[M13]   GU slot3 (w4a4-ref)          PASS (w4a4-ref: 越界 0/1280, maxAbs 1.465e-02, 最差占容差 0.28, idx 197)
[M13]   H slot3 (w4a4-ref)           PASS (w4a4-ref: 越界 0/640, maxAbs 2.701e-02, 最差占容差 0.27, idx 12)
[M13]   GU slot3 (w4a4-ref)          PASS (w4a4-ref: 越界 0/1280, maxAbs 1.465e-02, 最差占容差 0.28, idx 856)
[M13]   H slot3 (w4a4-ref)           PASS (w4a4-ref: 越界 0/640, maxAbs 2.353e-02, 最差占容差 0.26, idx 521)
[M13]   Y slot3 (w4a4-ref)           PASS (w4a4-ref: 越界 0/2560, maxAbs 1.172e-02, 最差占容差 0.28, idx 2481)
[M13]   Y slot3 (w4a4-ref)           PASS (w4a4-ref: 越界 0/2560, maxAbs 7.812e-03, 最差占容差 0.28, idx 1006)
[M13]   Y slot3 (w4a4-ref)           PASS (w4a4-ref: 越界 0/2560, maxAbs 7.812e-03, 最差占容差 0.28, idx 1717)
[M13]   Y slot3 (w4a4-ref)           PASS (w4a4-ref: 越界 0/2560, maxAbs 7.812e-03, 最差占容差 0.28, idx 1153)
[M13]   Y slot3 (w4a4-ref)           PASS (w4a4-ref: 越界 0/2560, maxAbs 7.812e-03, 最差占容差 0.28, idx 1796)
[M13]   Y slot3 (w4a4-ref)           PASS (w4a4-ref: 越界 0/2560, maxAbs 7.812e-03, 最差占容差 0.28, idx 2545)
[M13]   Y slot3 (w4a4-ref)           PASS (w4a4-ref: 越界 0/2560, maxAbs 1.367e-02, 最差占容差 0.28, idx 532)
[M13]   Y slot3 (w4a4-ref)           PASS (w4a4-ref: 越界 0/2560, maxAbs 7.812e-03, 最差占容差 0.28, idx 1429)
[M13]   Y slot3 (w4a4-ref)           PASS (w4a4-ref: 越界 0/2560, maxAbs 7.812e-03, 最差占容差 0.28, idx 707)
[M13]   Y slot3 (w4a4-ref)           PASS (w4a4-ref: 越界 0/2560, maxAbs 1.367e-02, 最差占容差 0.28, idx 116)
[M13]   Y slot3 (w4a4-ref)           PASS (w4a4-ref: 越界 0/2560, maxAbs 7.812e-03, 最差占容差 0.28, idx 1472)
[M13]   Y slot3 (w4a4-ref)           PASS (w4a4-ref: 越界 0/2560, maxAbs 7.812e-03, 最差占容差 0.28, idx 903)
[M13]   Y slot3 (w4a4-ref)           PASS (w4a4-ref: 越界 0/2560, maxAbs 7.812e-03, 最差占容差 0.28, idx 905)
[M13]   Y slot3 (w4a4-ref)           PASS (w4a4-ref: 越界 0/2560, maxAbs 7.812e-03, 最差占容差 0.28, idx 1403)
[M13]   Y slot3 (w4a4-ref)           PASS (w4a4-ref: 越界 0/2560, maxAbs 1.367e-02, 最差占容差 0.28, idx 1707)
[M13]   Y slot3 (w4a4-ref)           PASS (w4a4-ref: 越界 0/2560, maxAbs 7.812e-03, 最差占容差 0.28, idx 150)
[M13]   routed_output (w4a4-ref)     PASS (w4a4-ref: 越界 0/84480, maxAbs 1.087e-02, 最差占容差 0.28, idx 55999)
[M13]   GU_shd (w4a4-ref)            PASS (w4a4-ref: 越界 0/1280, maxAbs 1.074e-02, 最差占容差 0.28, idx 392)
[M13]   H_shd (w4a4-ref)             PASS (w4a4-ref: 越界 0/640, maxAbs 1.511e-02, 最差占容差 0.27, idx 263)
[M13]   GU_shd (w4a4-ref)            PASS (w4a4-ref: 越界 0/1280, maxAbs 1.465e-02, 最差占容差 0.28, idx 271)
[M13]   H_shd (w4a4-ref)             PASS (w4a4-ref: 越界 0/640, maxAbs 1.493e-02, 最差占容差 0.27, idx 628)
[M13]   GU_shd (w4a4-ref)            PASS (w4a4-ref: 越界 0/1280, maxAbs 1.562e-02, 最差占容差 0.28, idx 1125)
[M13]   H_shd (w4a4-ref)             PASS (w4a4-ref: 越界 0/640, maxAbs 2.270e-02, 最差占容差 0.27, idx 440)
[M13]   GU_shd (w4a4-ref)            PASS (w4a4-ref: 越界 0/1280, maxAbs 1.465e-02, 最差占容差 0.28, idx 1082)
[M13]   H_shd (w4a4-ref)             PASS (w4a4-ref: 越界 0/640, maxAbs 2.815e-02, 最差占容差 0.27, idx 430)
[M13]   GU_shd (w4a4-ref)            PASS (w4a4-ref: 越界 0/1280, maxAbs 1.562e-02, 最差占容差 0.28, idx 491)
[M13]   H_shd (w4a4-ref)             PASS (w4a4-ref: 越界 0/640, maxAbs 1.622e-02, 最差占容差 0.28, idx 355)
[M13]   GU_shd (w4a4-ref)            PASS (w4a4-ref: 越界 0/1280, maxAbs 1.514e-02, 最差占容差 0.28, idx 725)
[M13]   H_shd (w4a4-ref)             PASS (w4a4-ref: 越界 0/640, maxAbs 1.714e-02, 最差占容差 0.27, idx 143)
[M13]   GU_shd (w4a4-ref)            PASS (w4a4-ref: 越界 0/1280, maxAbs 1.367e-02, 最差占容差 0.28, idx 113)
[M13]   H_shd (w4a4-ref)             PASS (w4a4-ref: 越界 0/640, maxAbs 2.924e-02, 最差占容差 0.27, idx 492)
[M13]   GU_shd (w4a4-ref)            PASS (w4a4-ref: 越界 0/1280, maxAbs 1.465e-02, 最差占容差 0.28, idx 977)
[M13]   H_shd (w4a4-ref)             PASS (w4a4-ref: 越界 0/640, maxAbs 2.648e-02, 最差占容差 0.26, idx 316)
[M13]   GU_shd (w4a4-ref)            PASS (w4a4-ref: 越界 0/1280, maxAbs 1.367e-02, 最差占容差 0.28, idx 893)
[M13]   H_shd (w4a4-ref)             PASS (w4a4-ref: 越界 0/640, maxAbs 2.406e-02, 最差占容差 0.27, idx 59)
[M13]   GU_shd (w4a4-ref)            PASS (w4a4-ref: 越界 0/1280, maxAbs 1.562e-02, 最差占容差 0.28, idx 1095)
[M13]   H_shd (w4a4-ref)             PASS (w4a4-ref: 越界 0/640, maxAbs 1.447e-02, 最差占容差 0.27, idx 43)
[M13]   GU_shd (w4a4-ref)            PASS (w4a4-ref: 越界 0/1280, maxAbs 1.465e-02, 最差占容差 0.28, idx 824)
[M13]   H_shd (w4a4-ref)             PASS (w4a4-ref: 越界 0/640, maxAbs 3.079e-02, 最差占容差 0.27, idx 336)
[M13]   GU_shd (w4a4-ref)            PASS (w4a4-ref: 越界 0/1280, maxAbs 1.465e-02, 最差占容差 0.28, idx 70)
[M13]   H_shd (w4a4-ref)             PASS (w4a4-ref: 越界 0/640, maxAbs 3.100e-02, 最差占容差 0.27, idx 546)
[M13]   GU_shd (w4a4-ref)            PASS (w4a4-ref: 越界 0/1280, maxAbs 9.766e-03, 最差占容差 0.28, idx 186)
[M13]   H_shd (w4a4-ref)             PASS (w4a4-ref: 越界 0/640, maxAbs 2.745e-02, 最差占容差 0.27, idx 140)
[M13]   GU_shd (w4a4-ref)            PASS (w4a4-ref: 越界 0/1280, maxAbs 1.172e-02, 最差占容差 0.28, idx 578)
[M13]   H_shd (w4a4-ref)             PASS (w4a4-ref: 越界 0/640, maxAbs 1.915e-02, 最差占容差 0.27, idx 472)
[M13]   GU_shd (w4a4-ref)            PASS (w4a4-ref: 越界 0/1280, maxAbs 1.562e-02, 最差占容差 0.28, idx 161)
[M13]   H_shd (w4a4-ref)             PASS (w4a4-ref: 越界 0/640, maxAbs 2.676e-02, 最差占容差 0.27, idx 413)
[M13]   GU_shd (w4a4-ref)            PASS (w4a4-ref: 越界 0/1280, maxAbs 1.562e-02, 最差占容差 0.28, idx 480)
[M13]   H_shd (w4a4-ref)             PASS (w4a4-ref: 越界 0/640, maxAbs 3.000e-02, 最差占容差 0.28, idx 296)
[M13]   GU_shd (w4a4-ref)            PASS (w4a4-ref: 越界 0/1280, maxAbs 1.416e-02, 最差占容差 0.28, idx 830)
[M13]   H_shd (w4a4-ref)             PASS (w4a4-ref: 越界 0/640, maxAbs 2.551e-02, 最差占容差 0.27, idx 40)
[M13]   GU_shd (w4a4-ref)            PASS (w4a4-ref: 越界 0/1280, maxAbs 1.270e-02, 最差占容差 0.28, idx 142)
[M13]   H_shd (w4a4-ref)             PASS (w4a4-ref: 越界 0/640, maxAbs 3.034e-02, 最差占容差 0.27, idx 546)
[M13]   GU_shd (w4a4-ref)            PASS (w4a4-ref: 越界 0/1280, maxAbs 1.367e-02, 最差占容差 0.28, idx 204)
[M13]   H_shd (w4a4-ref)             PASS (w4a4-ref: 越界 0/640, maxAbs 1.934e-02, 最差占容差 0.26, idx 631)
[M13]   GU_shd (w4a4-ref)            PASS (w4a4-ref: 越界 0/1280, maxAbs 1.562e-02, 最差占容差 0.28, idx 14)
[M13]   H_shd (w4a4-ref)             PASS (w4a4-ref: 越界 0/640, maxAbs 1.395e-02, 最差占容差 0.28, idx 288)
[M13]   GU_shd (w4a4-ref)            PASS (w4a4-ref: 越界 0/1280, maxAbs 1.367e-02, 最差占容差 0.28, idx 523)
[M13]   H_shd (w4a4-ref)             PASS (w4a4-ref: 越界 0/640, maxAbs 3.011e-02, 最差占容差 0.27, idx 409)
[M13]   GU_shd (w4a4-ref)            PASS (w4a4-ref: 越界 0/1280, maxAbs 1.562e-02, 最差占容差 0.28, idx 823)
[M13]   H_shd (w4a4-ref)             PASS (w4a4-ref: 越界 0/640, maxAbs 2.856e-02, 最差占容差 0.28, idx 476)
[M13]   GU_shd (w4a4-ref)            PASS (w4a4-ref: 越界 0/1280, maxAbs 1.465e-02, 最差占容差 0.28, idx 519)
[M13]   H_shd (w4a4-ref)             PASS (w4a4-ref: 越界 0/640, maxAbs 4.103e-02, 最差占容差 0.27, idx 24)
[M13]   GU_shd (w4a4-ref)            PASS (w4a4-ref: 越界 0/1280, maxAbs 1.270e-02, 最差占容差 0.28, idx 631)
[M13]   H_shd (w4a4-ref)             PASS (w4a4-ref: 越界 0/640, maxAbs 2.872e-02, 最差占容差 0.27, idx 100)
[M13]   GU_shd (w4a4-ref)            PASS (w4a4-ref: 越界 0/1280, maxAbs 1.367e-02, 最差占容差 0.28, idx 162)
[M13]   H_shd (w4a4-ref)             PASS (w4a4-ref: 越界 0/640, maxAbs 2.725e-02, 最差占容差 0.27, idx 527)
[M13]   GU_shd (w4a4-ref)            PASS (w4a4-ref: 越界 0/1280, maxAbs 1.465e-02, 最差占容差 0.28, idx 530)
[M13]   H_shd (w4a4-ref)             PASS (w4a4-ref: 越界 0/640, maxAbs 2.968e-02, 最差占容差 0.27, idx 372)
[M13]   GU_shd (w4a4-ref)            PASS (w4a4-ref: 越界 0/1280, maxAbs 1.172e-02, 最差占容差 0.28, idx 1008)
[M13]   H_shd (w4a4-ref)             PASS (w4a4-ref: 越界 0/640, maxAbs 1.351e-02, 最差占容差 0.28, idx 493)
[M13]   GU_shd (w4a4-ref)            PASS (w4a4-ref: 越界 0/1280, maxAbs 1.367e-02, 最差占容差 0.28, idx 168)
[M13]   H_shd (w4a4-ref)             PASS (w4a4-ref: 越界 0/640, maxAbs 1.560e-02, 最差占容差 0.27, idx 537)
[M13]   GU_shd (w4a4-ref)            PASS (w4a4-ref: 越界 0/1280, maxAbs 1.465e-02, 最差占容差 0.28, idx 121)
[M13]   H_shd (w4a4-ref)             PASS (w4a4-ref: 越界 0/640, maxAbs 1.329e-02, 最差占容差 0.27, idx 91)
[M13]   GU_shd (w4a4-ref)            PASS (w4a4-ref: 越界 0/1280, maxAbs 1.465e-02, 最差占容差 0.28, idx 919)
[M13]   H_shd (w4a4-ref)             PASS (w4a4-ref: 越界 0/640, maxAbs 2.703e-02, 最差占容差 0.26, idx 337)
[M13]   GU_shd (w4a4-ref)            PASS (w4a4-ref: 越界 0/1280, maxAbs 1.270e-02, 最差占容差 0.28, idx 713)
[M13]   H_shd (w4a4-ref)             PASS (w4a4-ref: 越界 0/640, maxAbs 2.709e-02, 最差占容差 0.27, idx 203)
[M13]   GU_shd (w4a4-ref)            PASS (w4a4-ref: 越界 0/1280, maxAbs 1.465e-02, 最差占容差 0.28, idx 57)
[M13]   H_shd (w4a4-ref)             PASS (w4a4-ref: 越界 0/640, maxAbs 2.862e-02, 最差占容差 0.28, idx 523)
[M13]   GU_shd (w4a4-ref)            PASS (w4a4-ref: 越界 0/1280, maxAbs 1.416e-02, 最差占容差 0.28, idx 1050)
[M13]   H_shd (w4a4-ref)             PASS (w4a4-ref: 越界 0/640, maxAbs 2.905e-02, 最差占容差 0.27, idx 530)
[M13]   Y_shd (w4a4-ref)             PASS (w4a4-ref: 越界 0/2560, maxAbs 7.812e-03, 最差占容差 0.28, idx 238)
[M13]   Y_shd (w4a4-ref)             PASS (w4a4-ref: 越界 0/2560, maxAbs 1.074e-02, 最差占容差 0.28, idx 1718)
[M13]   Y_shd (w4a4-ref)             PASS (w4a4-ref: 越界 0/2560, maxAbs 7.812e-03, 最差占容差 0.28, idx 37)
[M13]   Y_shd (w4a4-ref)             PASS (w4a4-ref: 越界 0/2560, maxAbs 1.172e-02, 最差占容差 0.28, idx 545)
[M13]   Y_shd (w4a4-ref)             PASS (w4a4-ref: 越界 0/2560, maxAbs 7.812e-03, 最差占容差 0.28, idx 589)
[M13]   Y_shd (w4a4-ref)             PASS (w4a4-ref: 越界 0/2560, maxAbs 7.812e-03, 最差占容差 0.28, idx 954)
[M13]   Y_shd (w4a4-ref)             PASS (w4a4-ref: 越界 0/2560, maxAbs 7.812e-03, 最差占容差 0.28, idx 2115)
[M13]   Y_shd (w4a4-ref)             PASS (w4a4-ref: 越界 0/2560, maxAbs 9.766e-03, 最差占容差 0.28, idx 426)
[M13]   Y_shd (w4a4-ref)             PASS (w4a4-ref: 越界 0/2560, maxAbs 7.812e-03, 最差占容差 0.28, idx 189)
[M13]   Y_shd (w4a4-ref)             PASS (w4a4-ref: 越界 0/2560, maxAbs 7.812e-03, 最差占容差 0.28, idx 974)
[M13]   Y_shd (w4a4-ref)             PASS (w4a4-ref: 越界 0/2560, maxAbs 7.812e-03, 最差占容差 0.28, idx 760)
[M13]   Y_shd (w4a4-ref)             PASS (w4a4-ref: 越界 0/2560, maxAbs 8.789e-03, 最差占容差 0.28, idx 248)
[M13]   Y_shd (w4a4-ref)             PASS (w4a4-ref: 越界 0/2560, maxAbs 7.812e-03, 最差占容差 0.28, idx 2547)
[M13]   Y_shd (w4a4-ref)             PASS (w4a4-ref: 越界 0/2560, maxAbs 7.812e-03, 最差占容差 0.28, idx 2153)
[M13]   Y_shd (w4a4-ref)             PASS (w4a4-ref: 越界 0/2560, maxAbs 7.812e-03, 最差占容差 0.28, idx 353)
[M13]   Y_shd (w4a4-ref)             PASS (w4a4-ref: 越界 0/2560, maxAbs 1.172e-02, 最差占容差 0.28, idx 2509)
[M13]   Y_shd (w4a4-ref)             PASS (w4a4-ref: 越界 0/2560, maxAbs 1.172e-02, 最差占容差 0.28, idx 709)
[M13]   Y_shd (w4a4-ref)             PASS (w4a4-ref: 越界 0/2560, maxAbs 7.812e-03, 最差占容差 0.28, idx 2175)
[M13]   Y_shd (w4a4-ref)             PASS (w4a4-ref: 越界 0/2560, maxAbs 7.812e-03, 最差占容差 0.28, idx 707)
[M13]   Y_shd (w4a4-ref)             PASS (w4a4-ref: 越界 0/2560, maxAbs 7.812e-03, 最差占容差 0.28, idx 344)
[M13]   Y_shd (w4a4-ref)             PASS (w4a4-ref: 越界 0/2560, maxAbs 7.812e-03, 最差占容差 0.28, idx 1178)
[M13]   Y_shd (w4a4-ref)             PASS (w4a4-ref: 越界 0/2560, maxAbs 7.812e-03, 最差占容差 0.28, idx 419)
[M13]   Y_shd (w4a4-ref)             PASS (w4a4-ref: 越界 0/2560, maxAbs 1.270e-02, 最差占容差 0.28, idx 64)
[M13]   Y_shd (w4a4-ref)             PASS (w4a4-ref: 越界 0/2560, maxAbs 7.812e-03, 最差占容差 0.28, idx 1339)
[M13]   Y_shd (w4a4-ref)             PASS (w4a4-ref: 越界 0/2560, maxAbs 1.172e-02, 最差占容差 0.28, idx 999)
[M13]   Y_shd (w4a4-ref)             PASS (w4a4-ref: 越界 0/2560, maxAbs 7.812e-03, 最差占容差 0.28, idx 1251)
[M13]   Y_shd (w4a4-ref)             PASS (w4a4-ref: 越界 0/2560, maxAbs 7.812e-03, 最差占容差 0.28, idx 1482)
[M13]   Y_shd (w4a4-ref)             PASS (w4a4-ref: 越界 0/2560, maxAbs 7.812e-03, 最差占容差 0.28, idx 1045)
[M13]   Y_shd (w4a4-ref)             PASS (w4a4-ref: 越界 0/2560, maxAbs 7.812e-03, 最差占容差 0.28, idx 1560)
[M13]   Y_shd (w4a4-ref)             PASS (w4a4-ref: 越界 0/2560, maxAbs 7.812e-03, 最差占容差 0.28, idx 761)
[M13]   Y_shd (w4a4-ref)             PASS (w4a4-ref: 越界 0/2560, maxAbs 7.812e-03, 最差占容差 0.28, idx 622)
[M13]   Y_shd (w4a4-ref)             PASS (w4a4-ref: 越界 0/2560, maxAbs 7.812e-03, 最差占容差 0.28, idx 2558)
[M13]   Y_shd (w4a4-ref)             PASS (w4a4-ref: 越界 0/2560, maxAbs 1.270e-02, 最差占容差 0.28, idx 14)
[M13]   shared gate GEMV (w4a4-ref)  PASS (sgate 裸点积 max abs diff 1.391e-07)
[M13]   shared_output (w4a4-ref)     PASS (w4a4-ref: 越界 0/84480, maxAbs 7.811e-03, 最差占容差 0.28, idx 33420)
[M13]   shared gating (fp32 product) PASS (bf16 位距 ≤2 ulp: 越界 0/84480, 最大 0 ulp)
[M13]   moe combine (routed+G)       PASS (bf16 位距 ≤2 ulp: 越界 0/84480, 最大 1 ulp)
[M13]   routed_output [golden 预算] PASS (vs float golden: 偏差 0.9609 ≤ 量化预算 0.9609(+容差); 违反 0/84480)
[M13]   shared_output [golden 预算] PASS (vs float golden: 偏差 0.8594 ≤ 量化预算 0.8594(+容差); 违反 0/84480)
[M13]   moe_output [golden 预算]   PASS (vs float golden: 偏差 1.1875 ≤ 量化预算 1.1875(+容差); 违反 0/84480)
[M13] case m33 mode=1 (layer chain (router 消费 x_norm)): m=33 E=4 topk=2 total=66 numBlocks=28
[M13]   res1 (m6#1 fp32)             PASS (fp32 bit-exact, 0/84480 mismatch)
[M13]   x_norm (m6#1 y)              PASS (bf16 网格 max rel 0.00676, 容差 1e-02, 0/84480 超差)
[M13]   golden comparison            (chain 模式：MoE 段输入为 x_norm，golden 不适用 → 由 check_ref.py 比对)
[M13]   routing 内部一致性      PASS
[M13]   x_sorted gather exactness    PASS (0/66 行不一致)
[M13]   res2 (m6#2 fp32)             PASS (fp32 bit-exact, 0/84480 mismatch)
[M13]   y_final (m6#2 y)             PASS (bf16 网格 max rel 0.0068, 容差 1e-02, 0/84480 超差)
[M13]   GU slot0 (w4a4-ref)          PASS (w4a4-ref: 越界 0/1280, maxAbs 1.562e-02, 最差占容差 0.28, idx 790)
[M13]   H slot0 (w4a4-ref)           PASS (w4a4-ref: 越界 0/640, maxAbs 1.501e-02, 最差占容差 0.27, idx 552)
[M13]   GU slot0 (w4a4-ref)          PASS (w4a4-ref: 越界 0/1280, maxAbs 1.465e-02, 最差占容差 0.28, idx 465)
[M13]   H slot0 (w4a4-ref)           PASS (w4a4-ref: 越界 0/640, maxAbs 1.814e-02, 最差占容差 0.28, idx 77)
[M13]   GU slot0 (w4a4-ref)          PASS (w4a4-ref: 越界 0/1280, maxAbs 1.367e-02, 最差占容差 0.28, idx 160)
[M13]   H slot0 (w4a4-ref)           PASS (w4a4-ref: 越界 0/640, maxAbs 2.830e-02, 最差占容差 0.27, idx 374)
[M13]   GU slot0 (w4a4-ref)          PASS (w4a4-ref: 越界 0/1280, maxAbs 1.367e-02, 最差占容差 0.28, idx 440)
[M13]   H slot0 (w4a4-ref)           PASS (w4a4-ref: 越界 0/640, maxAbs 2.774e-02, 最差占容差 0.26, idx 636)
[M13]   GU slot0 (w4a4-ref)          PASS (w4a4-ref: 越界 0/1280, maxAbs 1.465e-02, 最差占容差 0.28, idx 1180)
[M13]   H slot0 (w4a4-ref)           PASS (w4a4-ref: 越界 0/640, maxAbs 3.093e-02, 最差占容差 0.27, idx 171)
[M13]   GU slot0 (w4a4-ref)          PASS (w4a4-ref: 越界 0/1280, maxAbs 1.562e-02, 最差占容差 0.28, idx 819)
[M13]   H slot0 (w4a4-ref)           PASS (w4a4-ref: 越界 0/640, maxAbs 3.087e-02, 最差占容差 0.27, idx 222)
[M13]   GU slot0 (w4a4-ref)          PASS (w4a4-ref: 越界 0/1280, maxAbs 1.465e-02, 最差占容差 0.28, idx 342)
[M13]   H slot0 (w4a4-ref)           PASS (w4a4-ref: 越界 0/640, maxAbs 2.004e-02, 最差占容差 0.27, idx 24)
[M13]   GU slot0 (w4a4-ref)          PASS (w4a4-ref: 越界 0/1280, maxAbs 1.562e-02, 最差占容差 0.28, idx 1200)
[M13]   H slot0 (w4a4-ref)           PASS (w4a4-ref: 越界 0/640, maxAbs 1.528e-02, 最差占容差 0.27, idx 258)
[M13]   GU slot0 (w4a4-ref)          PASS (w4a4-ref: 越界 0/1280, maxAbs 1.465e-02, 最差占容差 0.28, idx 485)
[M13]   H slot0 (w4a4-ref)           PASS (w4a4-ref: 越界 0/640, maxAbs 3.098e-02, 最差占容差 0.28, idx 96)
[M13]   GU slot0 (w4a4-ref)          PASS (w4a4-ref: 越界 0/1280, maxAbs 1.465e-02, 最差占容差 0.28, idx 255)
[M13]   H slot0 (w4a4-ref)           PASS (w4a4-ref: 越界 0/640, maxAbs 2.766e-02, 最差占容差 0.27, idx 298)
[M13]   GU slot0 (w4a4-ref)          PASS (w4a4-ref: 越界 0/1280, maxAbs 1.562e-02, 最差占容差 0.28, idx 885)
[M13]   H slot0 (w4a4-ref)           PASS (w4a4-ref: 越界 0/640, maxAbs 2.638e-02, 最差占容差 0.27, idx 244)
[M13]   GU slot0 (w4a4-ref)          PASS (w4a4-ref: 越界 0/1280, maxAbs 1.465e-02, 最差占容差 0.28, idx 861)
[M13]   H slot0 (w4a4-ref)           PASS (w4a4-ref: 越界 0/640, maxAbs 3.015e-02, 最差占容差 0.27, idx 0)
[M13]   GU slot0 (w4a4-ref)          PASS (w4a4-ref: 越界 0/1280, maxAbs 1.562e-02, 最差占容差 0.28, idx 387)
[M13]   H slot0 (w4a4-ref)           PASS (w4a4-ref: 越界 0/640, maxAbs 1.952e-02, 最差占容差 0.27, idx 533)
[M13]   GU slot0 (w4a4-ref)          PASS (w4a4-ref: 越界 0/1280, maxAbs 1.562e-02, 最差占容差 0.28, idx 886)
[M13]   H slot0 (w4a4-ref)           PASS (w4a4-ref: 越界 0/640, maxAbs 2.588e-02, 最差占容差 0.28, idx 484)
[M13]   GU slot0 (w4a4-ref)          PASS (w4a4-ref: 越界 0/1280, maxAbs 1.465e-02, 最差占容差 0.28, idx 812)
[M13]   H slot0 (w4a4-ref)           PASS (w4a4-ref: 越界 0/640, maxAbs 2.929e-02, 最差占容差 0.27, idx 257)
[M13]   GU slot0 (w4a4-ref)          PASS (w4a4-ref: 越界 0/1280, maxAbs 1.562e-02, 最差占容差 0.28, idx 878)
[M13]   H slot0 (w4a4-ref)           PASS (w4a4-ref: 越界 0/640, maxAbs 2.790e-02, 最差占容差 0.28, idx 225)
[M13]   GU slot0 (w4a4-ref)          PASS (w4a4-ref: 越界 0/1280, maxAbs 1.367e-02, 最差占容差 0.28, idx 234)
[M13]   H slot0 (w4a4-ref)           PASS (w4a4-ref: 越界 0/640, maxAbs 3.036e-02, 最差占容差 0.27, idx 197)
[M13]   GU slot0 (w4a4-ref)          PASS (w4a4-ref: 越界 0/1280, maxAbs 1.172e-02, 最差占容差 0.28, idx 993)
[M13]   H slot0 (w4a4-ref)           PASS (w4a4-ref: 越界 0/640, maxAbs 5.261e-02, 最差占容差 0.27, idx 52)
[M13]   GU slot0 (w4a4-ref)          PASS (w4a4-ref: 越界 0/1280, maxAbs 1.465e-02, 最差占容差 0.28, idx 164)
[M13]   H slot0 (w4a4-ref)           PASS (w4a4-ref: 越界 0/640, maxAbs 2.495e-02, 最差占容差 0.28, idx 548)
[M13]   GU slot0 (w4a4-ref)          PASS (w4a4-ref: 越界 0/1280, maxAbs 1.367e-02, 最差占容差 0.28, idx 278)
[M13]   H slot0 (w4a4-ref)           PASS (w4a4-ref: 越界 0/640, maxAbs 2.706e-02, 最差占容差 0.28, idx 252)
[M13]   Y slot0 (w4a4-ref)           PASS (w4a4-ref: 越界 0/2560, maxAbs 7.812e-03, 最差占容差 0.28, idx 179)
[M13]   Y slot0 (w4a4-ref)           PASS (w4a4-ref: 越界 0/2560, maxAbs 1.367e-02, 最差占容差 0.28, idx 1422)
[M13]   Y slot0 (w4a4-ref)           PASS (w4a4-ref: 越界 0/2560, maxAbs 1.562e-02, 最差占容差 0.28, idx 1092)
[M13]   Y slot0 (w4a4-ref)           PASS (w4a4-ref: 越界 0/2560, maxAbs 1.562e-02, 最差占容差 0.28, idx 1466)
[M13]   Y slot0 (w4a4-ref)           PASS (w4a4-ref: 越界 0/2560, maxAbs 1.562e-02, 最差占容差 0.28, idx 677)
[M13]   Y slot0 (w4a4-ref)           PASS (w4a4-ref: 越界 0/2560, maxAbs 1.465e-02, 最差占容差 0.28, idx 639)
[M13]   Y slot0 (w4a4-ref)           PASS (w4a4-ref: 越界 0/2560, maxAbs 1.367e-02, 最差占容差 0.28, idx 365)
[M13]   Y slot0 (w4a4-ref)           PASS (w4a4-ref: 越界 0/2560, maxAbs 7.812e-03, 最差占容差 0.28, idx 5)
[M13]   Y slot0 (w4a4-ref)           PASS (w4a4-ref: 越界 0/2560, maxAbs 7.812e-03, 最差占容差 0.28, idx 921)
[M13]   Y slot0 (w4a4-ref)           PASS (w4a4-ref: 越界 0/2560, maxAbs 7.812e-03, 最差占容差 0.28, idx 2350)
[M13]   Y slot0 (w4a4-ref)           PASS (w4a4-ref: 越界 0/2560, maxAbs 7.812e-03, 最差占容差 0.28, idx 1578)
[M13]   Y slot0 (w4a4-ref)           PASS (w4a4-ref: 越界 0/2560, maxAbs 1.562e-02, 最差占容差 0.28, idx 74)
[M13]   Y slot0 (w4a4-ref)           PASS (w4a4-ref: 越界 0/2560, maxAbs 7.812e-03, 最差占容差 0.28, idx 1895)
[M13]   Y slot0 (w4a4-ref)           PASS (w4a4-ref: 越界 0/2560, maxAbs 7.812e-03, 最差占容差 0.28, idx 265)
[M13]   Y slot0 (w4a4-ref)           PASS (w4a4-ref: 越界 0/2560, maxAbs 1.562e-02, 最差占容差 0.28, idx 2504)
[M13]   Y slot0 (w4a4-ref)           PASS (w4a4-ref: 越界 0/2560, maxAbs 7.812e-03, 最差占容差 0.28, idx 1706)
[M13]   Y slot0 (w4a4-ref)           PASS (w4a4-ref: 越界 0/2560, maxAbs 1.562e-02, 最差占容差 0.28, idx 1346)
[M13]   Y slot0 (w4a4-ref)           PASS (w4a4-ref: 越界 0/2560, maxAbs 1.270e-02, 最差占容差 0.28, idx 148)
[M13]   Y slot0 (w4a4-ref)           PASS (w4a4-ref: 越界 0/2560, maxAbs 1.465e-02, 最差占容差 0.28, idx 1763)
[M13]   Y slot0 (w4a4-ref)           PASS (w4a4-ref: 越界 0/2560, maxAbs 7.812e-03, 最差占容差 0.28, idx 186)
[M13]   GU slot1 (w4a4-ref)          PASS (w4a4-ref: 越界 0/1280, maxAbs 1.562e-02, 最差占容差 0.28, idx 13)
[M13]   H slot1 (w4a4-ref)           PASS (w4a4-ref: 越界 0/640, maxAbs 1.524e-02, 最差占容差 0.28, idx 601)
[M13]   GU slot1 (w4a4-ref)          PASS (w4a4-ref: 越界 0/1280, maxAbs 1.465e-02, 最差占容差 0.28, idx 1195)
[M13]   H slot1 (w4a4-ref)           PASS (w4a4-ref: 越界 0/640, maxAbs 2.672e-02, 最差占容差 0.27, idx 341)
[M13]   GU slot1 (w4a4-ref)          PASS (w4a4-ref: 越界 0/1280, maxAbs 1.367e-02, 最差占容差 0.28, idx 557)
[M13]   H slot1 (w4a4-ref)           PASS (w4a4-ref: 越界 0/640, maxAbs 2.451e-02, 最差占容差 0.28, idx 574)
[M13]   GU slot1 (w4a4-ref)          PASS (w4a4-ref: 越界 0/1280, maxAbs 1.562e-02, 最差占容差 0.28, idx 1)
[M13]   H slot1 (w4a4-ref)           PASS (w4a4-ref: 越界 0/640, maxAbs 1.965e-02, 最差占容差 0.28, idx 45)
[M13]   GU slot1 (w4a4-ref)          PASS (w4a4-ref: 越界 0/1280, maxAbs 1.562e-02, 最差占容差 0.28, idx 1066)
[M13]   H slot1 (w4a4-ref)           PASS (w4a4-ref: 越界 0/640, maxAbs 1.537e-02, 最差占容差 0.27, idx 587)
[M13]   GU slot1 (w4a4-ref)          PASS (w4a4-ref: 越界 0/1280, maxAbs 1.465e-02, 最差占容差 0.28, idx 814)
[M13]   H slot1 (w4a4-ref)           PASS (w4a4-ref: 越界 0/640, maxAbs 2.019e-02, 最差占容差 0.27, idx 489)
[M13]   GU slot1 (w4a4-ref)          PASS (w4a4-ref: 越界 0/1280, maxAbs 1.172e-02, 最差占容差 0.28, idx 738)
[M13]   H slot1 (w4a4-ref)           PASS (w4a4-ref: 越界 0/640, maxAbs 2.623e-02, 最差占容差 0.27, idx 489)
[M13]   GU slot1 (w4a4-ref)          PASS (w4a4-ref: 越界 0/1280, maxAbs 1.562e-02, 最差占容差 0.28, idx 183)
[M13]   H slot1 (w4a4-ref)           PASS (w4a4-ref: 越界 0/640, maxAbs 2.650e-02, 最差占容差 0.27, idx 603)
[M13]   GU slot1 (w4a4-ref)          PASS (w4a4-ref: 越界 0/1280, maxAbs 1.562e-02, 最差占容差 0.28, idx 823)
[M13]   H slot1 (w4a4-ref)           PASS (w4a4-ref: 越界 0/640, maxAbs 1.978e-02, 最差占容差 0.27, idx 515)
[M13]   GU slot1 (w4a4-ref)          PASS (w4a4-ref: 越界 0/1280, maxAbs 1.367e-02, 最差占容差 0.28, idx 296)
[M13]   H slot1 (w4a4-ref)           PASS (w4a4-ref: 越界 0/640, maxAbs 2.911e-02, 最差占容差 0.28, idx 416)
[M13]   GU slot1 (w4a4-ref)          PASS (w4a4-ref: 越界 0/1280, maxAbs 1.465e-02, 最差占容差 0.28, idx 272)
[M13]   H slot1 (w4a4-ref)           PASS (w4a4-ref: 越界 0/640, maxAbs 1.827e-02, 最差占容差 0.27, idx 490)
[M13]   GU slot1 (w4a4-ref)          PASS (w4a4-ref: 越界 0/1280, maxAbs 1.270e-02, 最差占容差 0.28, idx 274)
[M13]   H slot1 (w4a4-ref)           PASS (w4a4-ref: 越界 0/640, maxAbs 3.080e-02, 最差占容差 0.27, idx 523)
[M13]   GU slot1 (w4a4-ref)          PASS (w4a4-ref: 越界 0/1280, maxAbs 1.367e-02, 最差占容差 0.28, idx 441)
[M13]   H slot1 (w4a4-ref)           PASS (w4a4-ref: 越界 0/640, maxAbs 3.057e-02, 最差占容差 0.27, idx 254)
[M13]   GU slot1 (w4a4-ref)          PASS (w4a4-ref: 越界 0/1280, maxAbs 1.562e-02, 最差占容差 0.28, idx 1087)
[M13]   H slot1 (w4a4-ref)           PASS (w4a4-ref: 越界 0/640, maxAbs 2.653e-02, 最差占容差 0.28, idx 8)
[M13]   GU slot1 (w4a4-ref)          PASS (w4a4-ref: 越界 0/1280, maxAbs 1.270e-02, 最差占容差 0.28, idx 114)
[M13]   H slot1 (w4a4-ref)           PASS (w4a4-ref: 越界 0/640, maxAbs 1.530e-02, 最差占容差 0.27, idx 188)
[M13]   GU slot1 (w4a4-ref)          PASS (w4a4-ref: 越界 0/1280, maxAbs 1.074e-02, 最差占容差 0.28, idx 41)
[M13]   H slot1 (w4a4-ref)           PASS (w4a4-ref: 越界 0/640, maxAbs 2.942e-02, 最差占容差 0.27, idx 300)
[M13]   GU slot1 (w4a4-ref)          PASS (w4a4-ref: 越界 0/1280, maxAbs 1.465e-02, 最差占容差 0.28, idx 59)
[M13]   H slot1 (w4a4-ref)           PASS (w4a4-ref: 越界 0/640, maxAbs 2.696e-02, 最差占容差 0.28, idx 321)
[M13]   GU slot1 (w4a4-ref)          PASS (w4a4-ref: 越界 0/1280, maxAbs 1.465e-02, 最差占容差 0.28, idx 175)
[M13]   H slot1 (w4a4-ref)           PASS (w4a4-ref: 越界 0/640, maxAbs 3.539e-02, 最差占容差 0.27, idx 555)
[M13]   Y slot1 (w4a4-ref)           PASS (w4a4-ref: 越界 0/2560, maxAbs 7.812e-03, 最差占容差 0.28, idx 1046)
[M13]   Y slot1 (w4a4-ref)           PASS (w4a4-ref: 越界 0/2560, maxAbs 1.367e-02, 最差占容差 0.28, idx 1291)
[M13]   Y slot1 (w4a4-ref)           PASS (w4a4-ref: 越界 0/2560, maxAbs 9.766e-03, 最差占容差 0.28, idx 188)
[M13]   Y slot1 (w4a4-ref)           PASS (w4a4-ref: 越界 0/2560, maxAbs 7.812e-03, 最差占容差 0.28, idx 836)
[M13]   Y slot1 (w4a4-ref)           PASS (w4a4-ref: 越界 0/2560, maxAbs 1.367e-02, 最差占容差 0.28, idx 2116)
[M13]   Y slot1 (w4a4-ref)           PASS (w4a4-ref: 越界 0/2560, maxAbs 7.812e-03, 最差占容差 0.28, idx 1369)
[M13]   Y slot1 (w4a4-ref)           PASS (w4a4-ref: 越界 0/2560, maxAbs 1.562e-02, 最差占容差 0.28, idx 1545)
[M13]   Y slot1 (w4a4-ref)           PASS (w4a4-ref: 越界 0/2560, maxAbs 7.812e-03, 最差占容差 0.28, idx 681)
[M13]   Y slot1 (w4a4-ref)           PASS (w4a4-ref: 越界 0/2560, maxAbs 7.812e-03, 最差占容差 0.28, idx 594)
[M13]   Y slot1 (w4a4-ref)           PASS (w4a4-ref: 越界 0/2560, maxAbs 1.367e-02, 最差占容差 0.28, idx 156)
[M13]   Y slot1 (w4a4-ref)           PASS (w4a4-ref: 越界 0/2560, maxAbs 1.367e-02, 最差占容差 0.28, idx 571)
[M13]   Y slot1 (w4a4-ref)           PASS (w4a4-ref: 越界 0/2560, maxAbs 1.270e-02, 最差占容差 0.28, idx 404)
[M13]   Y slot1 (w4a4-ref)           PASS (w4a4-ref: 越界 0/2560, maxAbs 1.562e-02, 最差占容差 0.28, idx 61)
[M13]   Y slot1 (w4a4-ref)           PASS (w4a4-ref: 越界 0/2560, maxAbs 7.812e-03, 最差占容差 0.28, idx 1515)
[M13]   Y slot1 (w4a4-ref)           PASS (w4a4-ref: 越界 0/2560, maxAbs 1.172e-02, 最差占容差 0.28, idx 2293)
[M13]   Y slot1 (w4a4-ref)           PASS (w4a4-ref: 越界 0/2560, maxAbs 1.172e-02, 最差占容差 0.28, idx 437)
[M13]   Y slot1 (w4a4-ref)           PASS (w4a4-ref: 越界 0/2560, maxAbs 7.812e-03, 最差占容差 0.28, idx 2551)
[M13]   Y slot1 (w4a4-ref)           PASS (w4a4-ref: 越界 0/2560, maxAbs 1.172e-02, 最差占容差 0.28, idx 2038)
[M13]   GU slot2 (w4a4-ref)          PASS (w4a4-ref: 越界 0/1280, maxAbs 1.465e-02, 最差占容差 0.28, idx 901)
[M13]   H slot2 (w4a4-ref)           PASS (w4a4-ref: 越界 0/640, maxAbs 3.102e-02, 最差占容差 0.27, idx 591)
[M13]   GU slot2 (w4a4-ref)          PASS (w4a4-ref: 越界 0/1280, maxAbs 1.562e-02, 最差占容差 0.28, idx 941)
[M13]   H slot2 (w4a4-ref)           PASS (w4a4-ref: 越界 0/640, maxAbs 3.007e-02, 最差占容差 0.27, idx 423)
[M13]   GU slot2 (w4a4-ref)          PASS (w4a4-ref: 越界 0/1280, maxAbs 1.562e-02, 最差占容差 0.28, idx 503)
[M13]   H slot2 (w4a4-ref)           PASS (w4a4-ref: 越界 0/640, maxAbs 2.517e-02, 最差占容差 0.27, idx 228)
[M13]   GU slot2 (w4a4-ref)          PASS (w4a4-ref: 越界 0/1280, maxAbs 1.562e-02, 最差占容差 0.28, idx 138)
[M13]   H slot2 (w4a4-ref)           PASS (w4a4-ref: 越界 0/640, maxAbs 2.484e-02, 最差占容差 0.27, idx 294)
[M13]   GU slot2 (w4a4-ref)          PASS (w4a4-ref: 越界 0/1280, maxAbs 1.465e-02, 最差占容差 0.28, idx 1257)
[M13]   H slot2 (w4a4-ref)           PASS (w4a4-ref: 越界 0/640, maxAbs 2.306e-02, 最差占容差 0.27, idx 60)
[M13]   GU slot2 (w4a4-ref)          PASS (w4a4-ref: 越界 0/1280, maxAbs 1.367e-02, 最差占容差 0.28, idx 758)
[M13]   H slot2 (w4a4-ref)           PASS (w4a4-ref: 越界 0/640, maxAbs 2.305e-02, 最差占容差 0.27, idx 160)
[M13]   GU slot2 (w4a4-ref)          PASS (w4a4-ref: 越界 0/1280, maxAbs 1.465e-02, 最差占容差 0.28, idx 812)
[M13]   H slot2 (w4a4-ref)           PASS (w4a4-ref: 越界 0/640, maxAbs 2.783e-02, 最差占容差 0.28, idx 302)
[M13]   GU slot2 (w4a4-ref)          PASS (w4a4-ref: 越界 0/1280, maxAbs 1.562e-02, 最差占容差 0.28, idx 719)
[M13]   H slot2 (w4a4-ref)           PASS (w4a4-ref: 越界 0/640, maxAbs 1.556e-02, 最差占容差 0.28, idx 357)
[M13]   GU slot2 (w4a4-ref)          PASS (w4a4-ref: 越界 0/1280, maxAbs 1.562e-02, 最差占容差 0.28, idx 379)
[M13]   H slot2 (w4a4-ref)           PASS (w4a4-ref: 越界 0/640, maxAbs 2.236e-02, 最差占容差 0.27, idx 318)
[M13]   GU slot2 (w4a4-ref)          PASS (w4a4-ref: 越界 0/1280, maxAbs 1.514e-02, 最差占容差 0.28, idx 361)
[M13]   H slot2 (w4a4-ref)           PASS (w4a4-ref: 越界 0/640, maxAbs 2.118e-02, 最差占容差 0.27, idx 66)
[M13]   GU slot2 (w4a4-ref)          PASS (w4a4-ref: 越界 0/1280, maxAbs 1.465e-02, 最差占容差 0.28, idx 460)
[M13]   H slot2 (w4a4-ref)           PASS (w4a4-ref: 越界 0/640, maxAbs 2.623e-02, 最差占容差 0.27, idx 182)
[M13]   GU slot2 (w4a4-ref)          PASS (w4a4-ref: 越界 0/1280, maxAbs 1.465e-02, 最差占容差 0.28, idx 242)
[M13]   H slot2 (w4a4-ref)           PASS (w4a4-ref: 越界 0/640, maxAbs 2.190e-02, 最差占容差 0.27, idx 233)
[M13]   Y slot2 (w4a4-ref)           PASS (w4a4-ref: 越界 0/2560, maxAbs 1.562e-02, 最差占容差 0.28, idx 2041)
[M13]   Y slot2 (w4a4-ref)           PASS (w4a4-ref: 越界 0/2560, maxAbs 7.812e-03, 最差占容差 0.28, idx 561)
[M13]   Y slot2 (w4a4-ref)           PASS (w4a4-ref: 越界 0/2560, maxAbs 7.812e-03, 最差占容差 0.28, idx 1713)
[M13]   Y slot2 (w4a4-ref)           PASS (w4a4-ref: 越界 0/2560, maxAbs 7.812e-03, 最差占容差 0.28, idx 85)
[M13]   Y slot2 (w4a4-ref)           PASS (w4a4-ref: 越界 0/2560, maxAbs 9.766e-03, 最差占容差 0.28, idx 704)
[M13]   Y slot2 (w4a4-ref)           PASS (w4a4-ref: 越界 0/2560, maxAbs 7.812e-03, 最差占容差 0.28, idx 2252)
[M13]   Y slot2 (w4a4-ref)           PASS (w4a4-ref: 越界 0/2560, maxAbs 7.812e-03, 最差占容差 0.28, idx 321)
[M13]   Y slot2 (w4a4-ref)           PASS (w4a4-ref: 越界 0/2560, maxAbs 7.812e-03, 最差占容差 0.28, idx 2192)
[M13]   Y slot2 (w4a4-ref)           PASS (w4a4-ref: 越界 0/2560, maxAbs 1.562e-02, 最差占容差 0.28, idx 1614)
[M13]   Y slot2 (w4a4-ref)           PASS (w4a4-ref: 越界 0/2560, maxAbs 7.812e-03, 最差占容差 0.28, idx 122)
[M13]   Y slot2 (w4a4-ref)           PASS (w4a4-ref: 越界 0/2560, maxAbs 1.367e-02, 最差占容差 0.28, idx 1325)
[M13]   Y slot2 (w4a4-ref)           PASS (w4a4-ref: 越界 0/2560, maxAbs 9.766e-03, 最差占容差 0.28, idx 1595)
[M13]   GU slot3 (w4a4-ref)          PASS (w4a4-ref: 越界 0/1280, maxAbs 1.562e-02, 最差占容差 0.28, idx 954)
[M13]   H slot3 (w4a4-ref)           PASS (w4a4-ref: 越界 0/640, maxAbs 2.086e-02, 最差占容差 0.28, idx 85)
[M13]   GU slot3 (w4a4-ref)          PASS (w4a4-ref: 越界 0/1280, maxAbs 1.367e-02, 最差占容差 0.28, idx 1124)
[M13]   H slot3 (w4a4-ref)           PASS (w4a4-ref: 越界 0/640, maxAbs 1.830e-02, 最差占容差 0.27, idx 536)
[M13]   GU slot3 (w4a4-ref)          PASS (w4a4-ref: 越界 0/1280, maxAbs 1.318e-02, 最差占容差 0.28, idx 220)
[M13]   H slot3 (w4a4-ref)           PASS (w4a4-ref: 越界 0/640, maxAbs 3.071e-02, 最差占容差 0.27, idx 341)
[M13]   GU slot3 (w4a4-ref)          PASS (w4a4-ref: 越界 0/1280, maxAbs 1.562e-02, 最差占容差 0.28, idx 998)
[M13]   H slot3 (w4a4-ref)           PASS (w4a4-ref: 越界 0/640, maxAbs 2.970e-02, 最差占容差 0.27, idx 610)
[M13]   GU slot3 (w4a4-ref)          PASS (w4a4-ref: 越界 0/1280, maxAbs 1.465e-02, 最差占容差 0.28, idx 143)
[M13]   H slot3 (w4a4-ref)           PASS (w4a4-ref: 越界 0/640, maxAbs 2.536e-02, 最差占容差 0.27, idx 484)
[M13]   GU slot3 (w4a4-ref)          PASS (w4a4-ref: 越界 0/1280, maxAbs 1.465e-02, 最差占容差 0.28, idx 56)
[M13]   H slot3 (w4a4-ref)           PASS (w4a4-ref: 越界 0/640, maxAbs 1.533e-02, 最差占容差 0.28, idx 340)
[M13]   GU slot3 (w4a4-ref)          PASS (w4a4-ref: 越界 0/1280, maxAbs 1.367e-02, 最差占容差 0.28, idx 652)
[M13]   H slot3 (w4a4-ref)           PASS (w4a4-ref: 越界 0/640, maxAbs 2.541e-02, 最差占容差 0.27, idx 391)
[M13]   GU slot3 (w4a4-ref)          PASS (w4a4-ref: 越界 0/1280, maxAbs 1.465e-02, 最差占容差 0.28, idx 709)
[M13]   H slot3 (w4a4-ref)           PASS (w4a4-ref: 越界 0/640, maxAbs 2.207e-02, 最差占容差 0.27, idx 92)
[M13]   GU slot3 (w4a4-ref)          PASS (w4a4-ref: 越界 0/1280, maxAbs 1.270e-02, 最差占容差 0.28, idx 372)
[M13]   H slot3 (w4a4-ref)           PASS (w4a4-ref: 越界 0/640, maxAbs 2.180e-02, 最差占容差 0.28, idx 557)
[M13]   GU slot3 (w4a4-ref)          PASS (w4a4-ref: 越界 0/1280, maxAbs 1.465e-02, 最差占容差 0.28, idx 653)
[M13]   H slot3 (w4a4-ref)           PASS (w4a4-ref: 越界 0/640, maxAbs 2.920e-02, 最差占容差 0.27, idx 28)
[M13]   GU slot3 (w4a4-ref)          PASS (w4a4-ref: 越界 0/1280, maxAbs 1.465e-02, 最差占容差 0.28, idx 146)
[M13]   H slot3 (w4a4-ref)           PASS (w4a4-ref: 越界 0/640, maxAbs 2.940e-02, 最差占容差 0.27, idx 639)
[M13]   GU slot3 (w4a4-ref)          PASS (w4a4-ref: 越界 0/1280, maxAbs 1.562e-02, 最差占容差 0.28, idx 410)
[M13]   H slot3 (w4a4-ref)           PASS (w4a4-ref: 越界 0/640, maxAbs 1.478e-02, 最差占容差 0.27, idx 318)
[M13]   GU slot3 (w4a4-ref)          PASS (w4a4-ref: 越界 0/1280, maxAbs 1.562e-02, 最差占容差 0.28, idx 296)
[M13]   H slot3 (w4a4-ref)           PASS (w4a4-ref: 越界 0/640, maxAbs 2.978e-02, 最差占容差 0.27, idx 353)
[M13]   GU slot3 (w4a4-ref)          PASS (w4a4-ref: 越界 0/1280, maxAbs 1.465e-02, 最差占容差 0.28, idx 912)
[M13]   H slot3 (w4a4-ref)           PASS (w4a4-ref: 越界 0/640, maxAbs 2.269e-02, 最差占容差 0.27, idx 218)
[M13]   GU slot3 (w4a4-ref)          PASS (w4a4-ref: 越界 0/1280, maxAbs 1.465e-02, 最差占容差 0.28, idx 431)
[M13]   H slot3 (w4a4-ref)           PASS (w4a4-ref: 越界 0/640, maxAbs 2.090e-02, 最差占容差 0.27, idx 402)
[M13]   GU slot3 (w4a4-ref)          PASS (w4a4-ref: 越界 0/1280, maxAbs 1.367e-02, 最差占容差 0.28, idx 650)
[M13]   H slot3 (w4a4-ref)           PASS (w4a4-ref: 越界 0/640, maxAbs 1.500e-02, 最差占容差 0.27, idx 20)
[M13]   Y slot3 (w4a4-ref)           PASS (w4a4-ref: 越界 0/2560, maxAbs 1.172e-02, 最差占容差 0.28, idx 1175)
[M13]   Y slot3 (w4a4-ref)           PASS (w4a4-ref: 越界 0/2560, maxAbs 7.812e-03, 最差占容差 0.28, idx 2347)
[M13]   Y slot3 (w4a4-ref)           PASS (w4a4-ref: 越界 0/2560, maxAbs 7.812e-03, 最差占容差 0.28, idx 2505)
[M13]   Y slot3 (w4a4-ref)           PASS (w4a4-ref: 越界 0/2560, maxAbs 1.172e-02, 最差占容差 0.28, idx 712)
[M13]   Y slot3 (w4a4-ref)           PASS (w4a4-ref: 越界 0/2560, maxAbs 7.812e-03, 最差占容差 0.28, idx 194)
[M13]   Y slot3 (w4a4-ref)           PASS (w4a4-ref: 越界 0/2560, maxAbs 7.812e-03, 最差占容差 0.28, idx 1444)
[M13]   Y slot3 (w4a4-ref)           PASS (w4a4-ref: 越界 0/2560, maxAbs 1.367e-02, 最差占容差 0.28, idx 2450)
[M13]   Y slot3 (w4a4-ref)           PASS (w4a4-ref: 越界 0/2560, maxAbs 1.172e-02, 最差占容差 0.28, idx 175)
[M13]   Y slot3 (w4a4-ref)           PASS (w4a4-ref: 越界 0/2560, maxAbs 7.812e-03, 最差占容差 0.28, idx 1761)
[M13]   Y slot3 (w4a4-ref)           PASS (w4a4-ref: 越界 0/2560, maxAbs 1.172e-02, 最差占容差 0.28, idx 2119)
[M13]   Y slot3 (w4a4-ref)           PASS (w4a4-ref: 越界 0/2560, maxAbs 7.812e-03, 最差占容差 0.28, idx 1117)
[M13]   Y slot3 (w4a4-ref)           PASS (w4a4-ref: 越界 0/2560, maxAbs 7.812e-03, 最差占容差 0.28, idx 913)
[M13]   Y slot3 (w4a4-ref)           PASS (w4a4-ref: 越界 0/2560, maxAbs 7.812e-03, 最差占容差 0.28, idx 370)
[M13]   Y slot3 (w4a4-ref)           PASS (w4a4-ref: 越界 0/2560, maxAbs 9.766e-03, 最差占容差 0.28, idx 225)
[M13]   Y slot3 (w4a4-ref)           PASS (w4a4-ref: 越界 0/2560, maxAbs 1.562e-02, 最差占容差 0.28, idx 1627)
[M13]   Y slot3 (w4a4-ref)           PASS (w4a4-ref: 越界 0/2560, maxAbs 7.812e-03, 最差占容差 0.28, idx 210)
[M13]   routed_output (w4a4-ref)     PASS (w4a4-ref: 越界 0/84480, maxAbs 1.362e-02, 最差占容差 0.28, idx 11897)
[M13]   GU_shd (w4a4-ref)            PASS (w4a4-ref: 越界 0/1280, maxAbs 1.367e-02, 最差占容差 0.28, idx 97)
[M13]   H_shd (w4a4-ref)             PASS (w4a4-ref: 越界 0/640, maxAbs 2.909e-02, 最差占容差 0.27, idx 508)
[M13]   GU_shd (w4a4-ref)            PASS (w4a4-ref: 越界 0/1280, maxAbs 1.465e-02, 最差占容差 0.28, idx 1054)
[M13]   H_shd (w4a4-ref)             PASS (w4a4-ref: 越界 0/640, maxAbs 3.047e-02, 最差占容差 0.27, idx 309)
[M13]   GU_shd (w4a4-ref)            PASS (w4a4-ref: 越界 0/1280, maxAbs 1.514e-02, 最差占容差 0.28, idx 939)
[M13]   H_shd (w4a4-ref)             PASS (w4a4-ref: 越界 0/640, maxAbs 2.850e-02, 最差占容差 0.28, idx 503)
[M13]   GU_shd (w4a4-ref)            PASS (w4a4-ref: 越界 0/1280, maxAbs 1.562e-02, 最差占容差 0.28, idx 340)
[M13]   H_shd (w4a4-ref)             PASS (w4a4-ref: 越界 0/640, maxAbs 2.129e-02, 最差占容差 0.26, idx 522)
[M13]   GU_shd (w4a4-ref)            PASS (w4a4-ref: 越界 0/1280, maxAbs 1.465e-02, 最差占容差 0.28, idx 550)
[M13]   H_shd (w4a4-ref)             PASS (w4a4-ref: 越界 0/640, maxAbs 1.889e-02, 最差占容差 0.28, idx 45)
[M13]   GU_shd (w4a4-ref)            PASS (w4a4-ref: 越界 0/1280, maxAbs 1.367e-02, 最差占容差 0.28, idx 587)
[M13]   H_shd (w4a4-ref)             PASS (w4a4-ref: 越界 0/640, maxAbs 1.558e-02, 最差占容差 0.27, idx 230)
[M13]   GU_shd (w4a4-ref)            PASS (w4a4-ref: 越界 0/1280, maxAbs 1.465e-02, 最差占容差 0.28, idx 213)
[M13]   H_shd (w4a4-ref)             PASS (w4a4-ref: 越界 0/640, maxAbs 1.498e-02, 最差占容差 0.27, idx 140)
[M13]   GU_shd (w4a4-ref)            PASS (w4a4-ref: 越界 0/1280, maxAbs 1.465e-02, 最差占容差 0.28, idx 784)
[M13]   H_shd (w4a4-ref)             PASS (w4a4-ref: 越界 0/640, maxAbs 2.845e-02, 最差占容差 0.27, idx 68)
[M13]   GU_shd (w4a4-ref)            PASS (w4a4-ref: 越界 0/1280, maxAbs 1.465e-02, 最差占容差 0.28, idx 610)
[M13]   H_shd (w4a4-ref)             PASS (w4a4-ref: 越界 0/640, maxAbs 2.204e-02, 最差占容差 0.27, idx 595)
[M13]   GU_shd (w4a4-ref)            PASS (w4a4-ref: 越界 0/1280, maxAbs 1.562e-02, 最差占容差 0.28, idx 820)
[M13]   H_shd (w4a4-ref)             PASS (w4a4-ref: 越界 0/640, maxAbs 2.810e-02, 最差占容差 0.28, idx 63)
[M13]   GU_shd (w4a4-ref)            PASS (w4a4-ref: 越界 0/1280, maxAbs 1.562e-02, 最差占容差 0.28, idx 32)
[M13]   H_shd (w4a4-ref)             PASS (w4a4-ref: 越界 0/640, maxAbs 2.227e-02, 最差占容差 0.28, idx 170)
[M13]   GU_shd (w4a4-ref)            PASS (w4a4-ref: 越界 0/1280, maxAbs 1.465e-02, 最差占容差 0.28, idx 189)
[M13]   H_shd (w4a4-ref)             PASS (w4a4-ref: 越界 0/640, maxAbs 2.490e-02, 最差占容差 0.27, idx 450)
[M13]   GU_shd (w4a4-ref)            PASS (w4a4-ref: 越界 0/1280, maxAbs 1.562e-02, 最差占容差 0.28, idx 328)
[M13]   H_shd (w4a4-ref)             PASS (w4a4-ref: 越界 0/640, maxAbs 2.768e-02, 最差占容差 0.28, idx 246)
[M13]   GU_shd (w4a4-ref)            PASS (w4a4-ref: 越界 0/1280, maxAbs 1.465e-02, 最差占容差 0.28, idx 392)
[M13]   H_shd (w4a4-ref)             PASS (w4a4-ref: 越界 0/640, maxAbs 2.251e-02, 最差占容差 0.27, idx 336)
[M13]   GU_shd (w4a4-ref)            PASS (w4a4-ref: 越界 0/1280, maxAbs 1.465e-02, 最差占容差 0.28, idx 194)
[M13]   H_shd (w4a4-ref)             PASS (w4a4-ref: 越界 0/640, maxAbs 2.295e-02, 最差占容差 0.28, idx 19)
[M13]   GU_shd (w4a4-ref)            PASS (w4a4-ref: 越界 0/1280, maxAbs 1.562e-02, 最差占容差 0.28, idx 780)
[M13]   H_shd (w4a4-ref)             PASS (w4a4-ref: 越界 0/640, maxAbs 2.306e-02, 最差占容差 0.27, idx 479)
[M13]   GU_shd (w4a4-ref)            PASS (w4a4-ref: 越界 0/1280, maxAbs 1.465e-02, 最差占容差 0.28, idx 960)
[M13]   H_shd (w4a4-ref)             PASS (w4a4-ref: 越界 0/640, maxAbs 2.879e-02, 最差占容差 0.27, idx 168)
[M13]   GU_shd (w4a4-ref)            PASS (w4a4-ref: 越界 0/1280, maxAbs 1.514e-02, 最差占容差 0.28, idx 570)
[M13]   H_shd (w4a4-ref)             PASS (w4a4-ref: 越界 0/640, maxAbs 2.585e-02, 最差占容差 0.28, idx 126)
[M13]   GU_shd (w4a4-ref)            PASS (w4a4-ref: 越界 0/1280, maxAbs 1.270e-02, 最差占容差 0.28, idx 47)
[M13]   H_shd (w4a4-ref)             PASS (w4a4-ref: 越界 0/640, maxAbs 2.375e-02, 最差占容差 0.27, idx 569)
[M13]   GU_shd (w4a4-ref)            PASS (w4a4-ref: 越界 0/1280, maxAbs 1.562e-02, 最差占容差 0.28, idx 46)
[M13]   H_shd (w4a4-ref)             PASS (w4a4-ref: 越界 0/640, maxAbs 2.828e-02, 最差占容差 0.27, idx 430)
[M13]   GU_shd (w4a4-ref)            PASS (w4a4-ref: 越界 0/1280, maxAbs 1.465e-02, 最差占容差 0.28, idx 442)
[M13]   H_shd (w4a4-ref)             PASS (w4a4-ref: 越界 0/640, maxAbs 3.009e-02, 最差占容差 0.27, idx 267)
[M13]   GU_shd (w4a4-ref)            PASS (w4a4-ref: 越界 0/1280, maxAbs 1.562e-02, 最差占容差 0.28, idx 259)
[M13]   H_shd (w4a4-ref)             PASS (w4a4-ref: 越界 0/640, maxAbs 2.721e-02, 最差占容差 0.27, idx 79)
[M13]   GU_shd (w4a4-ref)            PASS (w4a4-ref: 越界 0/1280, maxAbs 1.465e-02, 最差占容差 0.28, idx 137)
[M13]   H_shd (w4a4-ref)             PASS (w4a4-ref: 越界 0/640, maxAbs 1.646e-02, 最差占容差 0.28, idx 232)
[M13]   GU_shd (w4a4-ref)            PASS (w4a4-ref: 越界 0/1280, maxAbs 1.367e-02, 最差占容差 0.28, idx 471)
[M13]   H_shd (w4a4-ref)             PASS (w4a4-ref: 越界 0/640, maxAbs 2.540e-02, 最差占容差 0.27, idx 282)
[M13]   GU_shd (w4a4-ref)            PASS (w4a4-ref: 越界 0/1280, maxAbs 1.562e-02, 最差占容差 0.28, idx 145)
[M13]   H_shd (w4a4-ref)             PASS (w4a4-ref: 越界 0/640, maxAbs 2.912e-02, 最差占容差 0.27, idx 484)
[M13]   GU_shd (w4a4-ref)            PASS (w4a4-ref: 越界 0/1280, maxAbs 1.465e-02, 最差占容差 0.28, idx 895)
[M13]   H_shd (w4a4-ref)             PASS (w4a4-ref: 越界 0/640, maxAbs 2.177e-02, 最差占容差 0.27, idx 78)
[M13]   GU_shd (w4a4-ref)            PASS (w4a4-ref: 越界 0/1280, maxAbs 1.562e-02, 最差占容差 0.28, idx 953)
[M13]   H_shd (w4a4-ref)             PASS (w4a4-ref: 越界 0/640, maxAbs 3.118e-02, 最差占容差 0.28, idx 149)
[M13]   GU_shd (w4a4-ref)            PASS (w4a4-ref: 越界 0/1280, maxAbs 1.270e-02, 最差占容差 0.28, idx 1198)
[M13]   H_shd (w4a4-ref)             PASS (w4a4-ref: 越界 0/640, maxAbs 3.616e-02, 最差占容差 0.27, idx 595)
[M13]   GU_shd (w4a4-ref)            PASS (w4a4-ref: 越界 0/1280, maxAbs 1.562e-02, 最差占容差 0.28, idx 1034)
[M13]   H_shd (w4a4-ref)             PASS (w4a4-ref: 越界 0/640, maxAbs 2.194e-02, 最差占容差 0.27, idx 80)
[M13]   GU_shd (w4a4-ref)            PASS (w4a4-ref: 越界 0/1280, maxAbs 1.465e-02, 最差占容差 0.28, idx 887)
[M13]   H_shd (w4a4-ref)             PASS (w4a4-ref: 越界 0/640, maxAbs 3.013e-02, 最差占容差 0.28, idx 463)
[M13]   GU_shd (w4a4-ref)            PASS (w4a4-ref: 越界 0/1280, maxAbs 1.562e-02, 最差占容差 0.28, idx 1173)
[M13]   H_shd (w4a4-ref)             PASS (w4a4-ref: 越界 0/640, maxAbs 1.530e-02, 最差占容差 0.27, idx 408)
[M13]   GU_shd (w4a4-ref)            PASS (w4a4-ref: 越界 0/1280, maxAbs 1.465e-02, 最差占容差 0.28, idx 946)
[M13]   H_shd (w4a4-ref)             PASS (w4a4-ref: 越界 0/640, maxAbs 3.088e-02, 最差占容差 0.28, idx 156)
[M13]   GU_shd (w4a4-ref)            PASS (w4a4-ref: 越界 0/1280, maxAbs 1.465e-02, 最差占容差 0.28, idx 198)
[M13]   H_shd (w4a4-ref)             PASS (w4a4-ref: 越界 0/640, maxAbs 1.770e-02, 最差占容差 0.27, idx 122)
[M13]   Y_shd (w4a4-ref)             PASS (w4a4-ref: 越界 0/2560, maxAbs 1.367e-02, 最差占容差 0.28, idx 6)
[M13]   Y_shd (w4a4-ref)             PASS (w4a4-ref: 越界 0/2560, maxAbs 1.367e-02, 最差占容差 0.28, idx 1298)
[M13]   Y_shd (w4a4-ref)             PASS (w4a4-ref: 越界 0/2560, maxAbs 7.812e-03, 最差占容差 0.28, idx 566)
[M13]   Y_shd (w4a4-ref)             PASS (w4a4-ref: 越界 0/2560, maxAbs 7.812e-03, 最差占容差 0.28, idx 528)
[M13]   Y_shd (w4a4-ref)             PASS (w4a4-ref: 越界 0/2560, maxAbs 9.766e-03, 最差占容差 0.28, idx 131)
[M13]   Y_shd (w4a4-ref)             PASS (w4a4-ref: 越界 0/2560, maxAbs 7.812e-03, 最差占容差 0.28, idx 854)
[M13]   Y_shd (w4a4-ref)             PASS (w4a4-ref: 越界 0/2560, maxAbs 1.270e-02, 最差占容差 0.28, idx 1697)
[M13]   Y_shd (w4a4-ref)             PASS (w4a4-ref: 越界 0/2560, maxAbs 1.562e-02, 最差占容差 0.28, idx 271)
[M13]   Y_shd (w4a4-ref)             PASS (w4a4-ref: 越界 0/2560, maxAbs 7.812e-03, 最差占容差 0.28, idx 605)
[M13]   Y_shd (w4a4-ref)             PASS (w4a4-ref: 越界 0/2560, maxAbs 7.812e-03, 最差占容差 0.28, idx 506)
[M13]   Y_shd (w4a4-ref)             PASS (w4a4-ref: 越界 0/2560, maxAbs 1.562e-02, 最差占容差 0.28, idx 650)
[M13]   Y_shd (w4a4-ref)             PASS (w4a4-ref: 越界 0/2560, maxAbs 7.812e-03, 最差占容差 0.28, idx 2026)
[M13]   Y_shd (w4a4-ref)             PASS (w4a4-ref: 越界 0/2560, maxAbs 1.172e-02, 最差占容差 0.28, idx 1255)
[M13]   Y_shd (w4a4-ref)             PASS (w4a4-ref: 越界 0/2560, maxAbs 7.812e-03, 最差占容差 0.28, idx 197)
[M13]   Y_shd (w4a4-ref)             PASS (w4a4-ref: 越界 0/2560, maxAbs 1.562e-02, 最差占容差 0.28, idx 962)
[M13]   Y_shd (w4a4-ref)             PASS (w4a4-ref: 越界 0/2560, maxAbs 1.562e-02, 最差占容差 0.28, idx 1631)
[M13]   Y_shd (w4a4-ref)             PASS (w4a4-ref: 越界 0/2560, maxAbs 9.766e-03, 最差占容差 0.28, idx 1173)
[M13]   Y_shd (w4a4-ref)             PASS (w4a4-ref: 越界 0/2560, maxAbs 7.812e-03, 最差占容差 0.28, idx 539)
[M13]   Y_shd (w4a4-ref)             PASS (w4a4-ref: 越界 0/2560, maxAbs 7.812e-03, 最差占容差 0.28, idx 45)
[M13]   Y_shd (w4a4-ref)             PASS (w4a4-ref: 越界 0/2560, maxAbs 1.172e-02, 最差占容差 0.28, idx 645)
[M13]   Y_shd (w4a4-ref)             PASS (w4a4-ref: 越界 0/2560, maxAbs 1.172e-02, 最差占容差 0.28, idx 284)
[M13]   Y_shd (w4a4-ref)             PASS (w4a4-ref: 越界 0/2560, maxAbs 7.812e-03, 最差占容差 0.28, idx 2480)
[M13]   Y_shd (w4a4-ref)             PASS (w4a4-ref: 越界 0/2560, maxAbs 1.562e-02, 最差占容差 0.28, idx 122)
[M13]   Y_shd (w4a4-ref)             PASS (w4a4-ref: 越界 0/2560, maxAbs 7.812e-03, 最差占容差 0.28, idx 1300)
[M13]   Y_shd (w4a4-ref)             PASS (w4a4-ref: 越界 0/2560, maxAbs 1.367e-02, 最差占容差 0.28, idx 143)
[M13]   Y_shd (w4a4-ref)             PASS (w4a4-ref: 越界 0/2560, maxAbs 7.812e-03, 最差占容差 0.28, idx 302)
[M13]   Y_shd (w4a4-ref)             PASS (w4a4-ref: 越界 0/2560, maxAbs 7.812e-03, 最差占容差 0.28, idx 1062)
[M13]   Y_shd (w4a4-ref)             PASS (w4a4-ref: 越界 0/2560, maxAbs 7.812e-03, 最差占容差 0.28, idx 2183)
[M13]   Y_shd (w4a4-ref)             PASS (w4a4-ref: 越界 0/2560, maxAbs 7.812e-03, 最差占容差 0.28, idx 226)
[M13]   Y_shd (w4a4-ref)             PASS (w4a4-ref: 越界 0/2560, maxAbs 7.812e-03, 最差占容差 0.28, idx 563)
[M13]   Y_shd (w4a4-ref)             PASS (w4a4-ref: 越界 0/2560, maxAbs 7.812e-03, 最差占容差 0.28, idx 1751)
[M13]   Y_shd (w4a4-ref)             PASS (w4a4-ref: 越界 0/2560, maxAbs 7.812e-03, 最差占容差 0.28, idx 1115)
[M13]   Y_shd (w4a4-ref)             PASS (w4a4-ref: 越界 0/2560, maxAbs 1.367e-02, 最差占容差 0.28, idx 1384)
[M13]   shared gate GEMV (w4a4-ref)  PASS (sgate 裸点积 max abs diff 2.337e-07)
[M13]   shared_output (w4a4-ref)     PASS (w4a4-ref: 越界 0/84480, maxAbs 7.784e-03, 最差占容差 0.28, idx 51586)
[M13]   shared gating (fp32 product) PASS (bf16 位距 ≤2 ulp: 越界 0/84480, 最大 0 ulp)
[M13]   moe combine (routed+G)       PASS (bf16 位距 ≤2 ulp: 越界 0/84480, 最大 1 ulp)
[M13]   routed_output [golden 预算] PASS (vs float golden: 偏差 3.3789 ≤ 量化预算 3.3789(+容差); 违反 0/84480)
[M13]   shared_output [golden 预算] PASS (vs float golden: 偏差 1.8848 ≤ 量化预算 1.8848(+容差); 违反 0/84480)
[M13]   moe_output [golden 预算]   PASS (vs float golden: 偏差 3.7734 ≤ 量化预算 3.7734(+容差); 违反 0/84480)
[M13] ===== ALL PASS =====
