########## M14_STAGE_LIMIT=1 (case chain) ##########
[m14] generating deterministic params (w_in 84.4MB, w_out 31.5MB)
[m14] case chain step 0 (slice_mode=0 stage_limit=1): ① host 声明输入→S1/S2 + S3-S7 (分段, 设备锚)；② 逐段隔离
[m14]   S1 res1 (host 全链)              PASS (fp32 逐位一致, n=2560)
[m14]   S1 x_norm (host 全链)            PASS (bf16 网格 ≤1 ulp; max ulp 0; bit 一致 100.0000%, n=2560)
[m14]   S1 res1 (隔离)                   PASS (fp32 逐位一致, n=2560)
[m14]   S1 x_norm (隔离)                 PASS (bf16 网格 ≤1 ulp; max ulp 0; bit 一致 100.0000%, n=2560)
[m14] 传播诊断（设备 vs 纯参考链；判据以上面「分段(设备锚)」与「隔离」为准）
[m14] ===== ALL PASS（判定项 4）=====
rc=0
########## M14_STAGE_LIMIT=1 (case hostchain) ##########
[m14] generating deterministic params (w_in 84.4MB, w_out 31.5MB)
[m14] case hostchain step 0 (slice_mode=2 stage_limit=1): ① host 声明输入→S1/S2 + S3-S7 (host 全链)；② 逐段隔离
[m14] ===== NO-CRITERIA（判定项 0：无判定力，不发合格证）=====
[m14] 说明：本 sliceMode/stageLimit 组合不产出任何判定项（例如 hostchain 在 stage_limit<3）
rc=2
########## M14_STAGE_LIMIT=2 (case chain) ##########
[m14] generating deterministic params (w_in 84.4MB, w_out 31.5MB)
[m14] case chain step 0 (slice_mode=0 stage_limit=2): ① host 声明输入→S1/S2 + S3-S7 (分段, 设备锚)；② 逐段隔离
[m14]   S1 res1 (host 全链)              PASS (fp32 逐位一致, n=2560)
[m14]   S1 x_norm (host 全链)            PASS (bf16 网格 ≤1 ulp; max ulp 0; bit 一致 100.0000%, n=2560)
[m14]   S2 qkvzba (host 全链)            PASS (bf16 网格 ≤1 ulp; max ulp 1; bit 一致 99.9879%, n=16480)
[m14]   S1 res1 (隔离)                   PASS (fp32 逐位一致, n=2560)
[m14]   S1 x_norm (隔离)                 PASS (bf16 网格 ≤1 ulp; max ulp 0; bit 一致 100.0000%, n=2560)
[m14]   S2 in_proj (隔离)                PASS (bf16 网格 ≤1 ulp; max ulp 1; bit 一致 99.9879%, n=16480)
[m14] 传播诊断（设备 vs 纯参考链；判据以上面「分段(设备锚)」与「隔离」为准）
[m14] ===== ALL PASS（判定项 6）=====
rc=0
########## M14_STAGE_LIMIT=2 (case hostchain) ##########
[m14] generating deterministic params (w_in 84.4MB, w_out 31.5MB)
[m14] case hostchain step 0 (slice_mode=2 stage_limit=2): ① host 声明输入→S1/S2 + S3-S7 (host 全链)；② 逐段隔离
[m14] ===== NO-CRITERIA（判定项 0：无判定力，不发合格证）=====
[m14] 说明：本 sliceMode/stageLimit 组合不产出任何判定项（例如 hostchain 在 stage_limit<3）
rc=2
########## M14_STAGE_LIMIT=3 (case chain) ##########
[m14] generating deterministic params (w_in 84.4MB, w_out 31.5MB)
[m14] case chain step 0 (slice_mode=0 stage_limit=3): ① host 声明输入→S1/S2 + S3-S7 (分段, 设备锚)；② 逐段隔离
[m14]   S1 res1 (host 全链)              PASS (fp32 逐位一致, n=2560)
[m14]   S1 x_norm (host 全链)            PASS (bf16 网格 ≤1 ulp; max ulp 0; bit 一致 100.0000%, n=2560)
[m14]   S2 qkvzba (host 全链)            PASS (bf16 网格 ≤1 ulp; max ulp 1; bit 一致 99.9879%, n=16480)
[m14]   S3 q (分段, 设备锚)           PASS (rel 1e-05+1e-06; 最差容差占用 0.003, maxAbs 3.725e-09, n=2048)
[m14]   S3 k (分段, 设备锚)           PASS (rel 1e-05+1e-06; 最差容差占用 0.012, maxAbs 5.960e-08, n=2048)
[m14]   S3 v (分段, 设备锚)           PASS (rel 1e-05+1e-06; 最差容差占用 0.025, maxAbs 9.537e-07, n=6144)
[m14]   S3 g (stride-8 槽) (分段, 设备锚) PASS (rel 1e-05+1e-06; 最差容差占用 0.077, maxAbs 3.815e-06, n=48)
[m14]   S3 beta (stride-8 槽) (分段, 设备锚) PASS (rel 1e-05+1e-06; 最差容差占用 0.008, maxAbs 5.960e-08, n=48)
[m14]   S3 conv_state 原位更新 (分段, 设备锚) PASS (bf16 位级一致, n=30720)
[m14]   S1 res1 (隔离)                   PASS (fp32 逐位一致, n=2560)
[m14]   S1 x_norm (隔离)                 PASS (bf16 网格 ≤1 ulp; max ulp 0; bit 一致 100.0000%, n=2560)
[m14]   S2 in_proj (隔离)                PASS (bf16 网格 ≤1 ulp; max ulp 1; bit 一致 99.9879%, n=16480)
[m14]   S3 q (隔离)                      PASS (rel 1e-05+1e-06; 最差容差占用 0.003, maxAbs 3.725e-09, n=2048)
[m14]   S3 k (隔离)                      PASS (rel 1e-05+1e-06; 最差容差占用 0.012, maxAbs 5.960e-08, n=2048)
[m14]   S3 v (隔离)                      PASS (rel 1e-05+1e-06; 最差容差占用 0.025, maxAbs 9.537e-07, n=6144)
[m14]   S3 g (隔离, stride-8 槽)        PASS (rel 1e-05+1e-06; 最差容差占用 0.077, maxAbs 3.815e-06, n=48)
[m14]   S3 beta (隔离)                   PASS (rel 1e-05+1e-06; 最差容差占用 0.008, maxAbs 5.960e-08, n=48)
[m14]   S3 conv_state (隔离, 位级)     PASS (bf16 位级一致, n=30720)
[m14]   conv_state 移位一致性         PASS
[m14] 传播诊断（设备 vs 纯参考链；判据以上面「分段(设备锚)」与「隔离」为准）
[m14]   S3 q 诊断                        (诊断, 不判定) maxAbs 3.725e-09 maxRel 3.311e-07
[m14]   S3 k 诊断                        (诊断, 不判定) maxAbs 1.327e-03 maxRel 5.049e-03
[m14]   S3 v 诊断                        (诊断, 不判定) maxAbs 9.537e-07 maxRel 1.159e-06
[m14]   S3 g 诊断                        (诊断, 不判定) maxAbs 3.815e-06 maxRel 6.501e-02
[m14]   S3 beta 诊断                     (诊断, 不判定) maxAbs 5.960e-08 maxRel 1.127e-07
[m14]   S3 conv_state 诊断               (诊断, 不判定) maxUlp 1 bit 一致 99.9967%
[m14] ===== ALL PASS（判定项 19）=====
rc=0
########## M14_STAGE_LIMIT=3 (case hostchain) ##########
[m14] generating deterministic params (w_in 84.4MB, w_out 31.5MB)
[m14] case hostchain step 0 (slice_mode=2 stage_limit=3): ① host 声明输入→S1/S2 + S3-S7 (host 全链)；② 逐段隔离
[m14]   hostchain: device 消费的 q|k|v == host 输入字节 PASS (bf16 位级一致, n=10240)
[m14]   S3 q (host 全链)                 PASS (rel 1e-05+1e-06; 最差容差占用 0.003, maxAbs 3.725e-09, n=2048)
[m14]   S3 k (host 全链)                 PASS (rel 1e-05+1e-06; 最差容差占用 0.012, maxAbs 5.960e-08, n=2048)
[m14]   S3 v (host 全链)                 PASS (rel 1e-05+1e-06; 最差容差占用 0.025, maxAbs 9.537e-07, n=6144)
[m14]   S3 g (stride-8 槽) (host 全链)  PASS (rel 1e-05+1e-06; 最差容差占用 0.077, maxAbs 3.815e-06, n=48)
[m14]   S3 beta (stride-8 槽) (host 全链) PASS (rel 1e-05+1e-06; 最差容差占用 0.008, maxAbs 5.960e-08, n=48)
[m14]   S3 conv_state 原位更新 (host 全链) PASS (bf16 位级一致, n=30720)
[m14]   S3 q (隔离)                      PASS (rel 1e-05+1e-06; 最差容差占用 0.003, maxAbs 3.725e-09, n=2048)
[m14]   S3 k (隔离)                      PASS (rel 1e-05+1e-06; 最差容差占用 0.012, maxAbs 5.960e-08, n=2048)
[m14]   S3 v (隔离)                      PASS (rel 1e-05+1e-06; 最差容差占用 0.025, maxAbs 9.537e-07, n=6144)
[m14]   S3 g (隔离, stride-8 槽)        PASS (rel 1e-05+1e-06; 最差容差占用 0.077, maxAbs 3.815e-06, n=48)
[m14]   S3 beta (隔离)                   PASS (rel 1e-05+1e-06; 最差容差占用 0.008, maxAbs 5.960e-08, n=48)
[m14]   S3 conv_state (隔离, 位级)     PASS (bf16 位级一致, n=30720)
[m14]   conv_state 移位一致性         PASS
[m14] ===== ALL PASS（判定项 14）=====
rc=0
########## M14_STAGE_LIMIT=4 (case chain) ##########
[m14] generating deterministic params (w_in 84.4MB, w_out 31.5MB)
[m14] case chain step 0 (slice_mode=0 stage_limit=4): ① host 声明输入→S1/S2 + S3-S7 (分段, 设备锚)；② 逐段隔离
[m14]   S1 res1 (host 全链)              PASS (fp32 逐位一致, n=2560)
[m14]   S1 x_norm (host 全链)            PASS (bf16 网格 ≤1 ulp; max ulp 0; bit 一致 100.0000%, n=2560)
[m14]   S2 qkvzba (host 全链)            PASS (bf16 网格 ≤1 ulp; max ulp 1; bit 一致 99.9879%, n=16480)
[m14]   S3 q (分段, 设备锚)           PASS (rel 1e-05+1e-06; 最差容差占用 0.003, maxAbs 3.725e-09, n=2048)
[m14]   S3 k (分段, 设备锚)           PASS (rel 1e-05+1e-06; 最差容差占用 0.012, maxAbs 5.960e-08, n=2048)
[m14]   S3 v (分段, 设备锚)           PASS (rel 1e-05+1e-06; 最差容差占用 0.025, maxAbs 9.537e-07, n=6144)
[m14]   S3 g (stride-8 槽) (分段, 设备锚) PASS (rel 1e-05+1e-06; 最差容差占用 0.077, maxAbs 3.815e-06, n=48)
[m14]   S3 beta (stride-8 槽) (分段, 设备锚) PASS (rel 1e-05+1e-06; 最差容差占用 0.008, maxAbs 5.960e-08, n=48)
[m14]   S3 conv_state 原位更新 (分段, 设备锚) PASS (bf16 位级一致, n=30720)
[m14]   S4 o (分段, 设备锚)           PASS (rel 1e-05+1e-06; 最差容差占用 0.019, maxAbs 5.960e-08, n=6144)
[m14]   S4 ssm_state (分段, 设备锚)   PASS (rel 1e-05+1e-06; 最差容差占用 0.099, maxAbs 9.537e-07, n=786432)
[m14]   S4 ssm_state 位级统计 (分段, 设备锚) (报告) 逐位一致 43.6853%; |exp|>=1e-6 子集: 位级一致 44.5471% / ≤1ulp 84.2184% / max ulp 34673 (n=786432)
[m14]   S1 res1 (隔离)                   PASS (fp32 逐位一致, n=2560)
[m14]   S1 x_norm (隔离)                 PASS (bf16 网格 ≤1 ulp; max ulp 0; bit 一致 100.0000%, n=2560)
[m14]   S2 in_proj (隔离)                PASS (bf16 网格 ≤1 ulp; max ulp 1; bit 一致 99.9879%, n=16480)
[m14]   S3 q (隔离)                      PASS (rel 1e-05+1e-06; 最差容差占用 0.003, maxAbs 3.725e-09, n=2048)
[m14]   S3 k (隔离)                      PASS (rel 1e-05+1e-06; 最差容差占用 0.012, maxAbs 5.960e-08, n=2048)
[m14]   S3 v (隔离)                      PASS (rel 1e-05+1e-06; 最差容差占用 0.025, maxAbs 9.537e-07, n=6144)
[m14]   S3 g (隔离, stride-8 槽)        PASS (rel 1e-05+1e-06; 最差容差占用 0.077, maxAbs 3.815e-06, n=48)
[m14]   S3 beta (隔离)                   PASS (rel 1e-05+1e-06; 最差容差占用 0.008, maxAbs 5.960e-08, n=48)
[m14]   S3 conv_state (隔离, 位级)     PASS (bf16 位级一致, n=30720)
[m14]   conv_state 移位一致性         PASS
[m14]   S4 o (隔离)                      PASS (rel 1e-05+1e-06; 最差容差占用 0.014, maxAbs 5.960e-08, n=6144)
[m14]   S4 ssm_state (隔离)              PASS (rel 1e-05+1e-06; 最差容差占用 0.052, maxAbs 9.537e-07, n=786432)
[m14]   S4 ssm_state 位级统计(隔离)  (报告) 逐位一致 67.7615%; |exp|>=1e-6 子集: 位级一致 67.3434% / ≤1ulp 98.6031% / max ulp 11393 (n=786432)
[m14] 传播诊断（设备 vs 纯参考链；判据以上面「分段(设备锚)」与「隔离」为准）
[m14]   S3 q 诊断                        (诊断, 不判定) maxAbs 3.725e-09 maxRel 3.311e-07
[m14]   S3 k 诊断                        (诊断, 不判定) maxAbs 1.327e-03 maxRel 5.049e-03
[m14]   S3 v 诊断                        (诊断, 不判定) maxAbs 9.537e-07 maxRel 1.159e-06
[m14]   S3 g 诊断                        (诊断, 不判定) maxAbs 3.815e-06 maxRel 6.501e-02
[m14]   S3 beta 诊断                     (诊断, 不判定) maxAbs 5.960e-08 maxRel 1.127e-07
[m14]   S3 conv_state 诊断               (诊断, 不判定) maxUlp 1 bit 一致 99.9967%
[m14]   S4 o 诊断                        (诊断, 不判定) maxAbs 4.163e-04 maxRel 2.999e-01
[m14]   S4 ssm_state 诊断                (诊断, 不判定) maxAbs 1.892e-02 maxRel 1.005e+00
[m14] ===== ALL PASS（判定项 23）=====
rc=0
########## M14_STAGE_LIMIT=4 (case hostchain) ##########
[m14] generating deterministic params (w_in 84.4MB, w_out 31.5MB)
[m14] case hostchain step 0 (slice_mode=2 stage_limit=4): ① host 声明输入→S1/S2 + S3-S7 (host 全链)；② 逐段隔离
[m14]   hostchain: device 消费的 q|k|v == host 输入字节 PASS (bf16 位级一致, n=10240)
[m14]   S3 q (host 全链)                 PASS (rel 1e-05+1e-06; 最差容差占用 0.003, maxAbs 3.725e-09, n=2048)
[m14]   S3 k (host 全链)                 PASS (rel 1e-05+1e-06; 最差容差占用 0.012, maxAbs 5.960e-08, n=2048)
[m14]   S3 v (host 全链)                 PASS (rel 1e-05+1e-06; 最差容差占用 0.025, maxAbs 9.537e-07, n=6144)
[m14]   S3 g (stride-8 槽) (host 全链)  PASS (rel 1e-05+1e-06; 最差容差占用 0.077, maxAbs 3.815e-06, n=48)
[m14]   S3 beta (stride-8 槽) (host 全链) PASS (rel 1e-05+1e-06; 最差容差占用 0.008, maxAbs 5.960e-08, n=48)
[m14]   S3 conv_state 原位更新 (host 全链) PASS (bf16 位级一致, n=30720)
[m14]   S4 o (host 全链)                 PASS (rel 1e-05+1e-06; 最差容差占用 0.018, maxAbs 5.960e-08, n=6144)
[m14]   S4 ssm_state (host 全链)         PASS (rel 1e-05+1e-06; 最差容差占用 0.090, maxAbs 9.537e-07, n=786432)
[m14]   S4 ssm_state 位级统计 (host 全链) (报告) 逐位一致 43.3414%; |exp|>=1e-6 子集: 位级一致 44.1686% / ≤1ulp 84.2577% / max ulp 34673 (n=786432)
[m14]   S3 q (隔离)                      PASS (rel 1e-05+1e-06; 最差容差占用 0.003, maxAbs 3.725e-09, n=2048)
[m14]   S3 k (隔离)                      PASS (rel 1e-05+1e-06; 最差容差占用 0.012, maxAbs 5.960e-08, n=2048)
[m14]   S3 v (隔离)                      PASS (rel 1e-05+1e-06; 最差容差占用 0.025, maxAbs 9.537e-07, n=6144)
[m14]   S3 g (隔离, stride-8 槽)        PASS (rel 1e-05+1e-06; 最差容差占用 0.077, maxAbs 3.815e-06, n=48)
[m14]   S3 beta (隔离)                   PASS (rel 1e-05+1e-06; 最差容差占用 0.008, maxAbs 5.960e-08, n=48)
[m14]   S3 conv_state (隔离, 位级)     PASS (bf16 位级一致, n=30720)
[m14]   conv_state 移位一致性         PASS
[m14]   S4 o (隔离)                      PASS (rel 1e-05+1e-06; 最差容差占用 0.011, maxAbs 5.960e-08, n=6144)
[m14]   S4 ssm_state (隔离)              PASS (rel 1e-05+1e-06; 最差容差占用 0.044, maxAbs 9.537e-07, n=786432)
[m14]   S4 ssm_state 位级统计(隔离)  (报告) 逐位一致 67.7676%; |exp|>=1e-6 子集: 位级一致 67.3509% / ≤1ulp 98.6155% / max ulp 11393 (n=786432)
[m14] ===== ALL PASS（判定项 18）=====
rc=0
########## M14_STAGE_LIMIT=5 (case chain) ##########
[m14] generating deterministic params (w_in 84.4MB, w_out 31.5MB)
[m14] case chain step 0 (slice_mode=0 stage_limit=5): ① host 声明输入→S1/S2 + S3-S7 (分段, 设备锚)；② 逐段隔离
[m14]   S1 res1 (host 全链)              PASS (fp32 逐位一致, n=2560)
[m14]   S1 x_norm (host 全链)            PASS (bf16 网格 ≤1 ulp; max ulp 0; bit 一致 100.0000%, n=2560)
[m14]   S2 qkvzba (host 全链)            PASS (bf16 网格 ≤1 ulp; max ulp 1; bit 一致 99.9879%, n=16480)
[m14]   S3 q (分段, 设备锚)           PASS (rel 1e-05+1e-06; 最差容差占用 0.003, maxAbs 3.725e-09, n=2048)
[m14]   S3 k (分段, 设备锚)           PASS (rel 1e-05+1e-06; 最差容差占用 0.012, maxAbs 5.960e-08, n=2048)
[m14]   S3 v (分段, 设备锚)           PASS (rel 1e-05+1e-06; 最差容差占用 0.025, maxAbs 9.537e-07, n=6144)
[m14]   S3 g (stride-8 槽) (分段, 设备锚) PASS (rel 1e-05+1e-06; 最差容差占用 0.077, maxAbs 3.815e-06, n=48)
[m14]   S3 beta (stride-8 槽) (分段, 设备锚) PASS (rel 1e-05+1e-06; 最差容差占用 0.008, maxAbs 5.960e-08, n=48)
[m14]   S3 conv_state 原位更新 (分段, 设备锚) PASS (bf16 位级一致, n=30720)
[m14]   S4 o (分段, 设备锚)           PASS (rel 1e-05+1e-06; 最差容差占用 0.019, maxAbs 5.960e-08, n=6144)
[m14]   S4 ssm_state (分段, 设备锚)   PASS (rel 1e-05+1e-06; 最差容差占用 0.099, maxAbs 9.537e-07, n=786432)
[m14]   S4 ssm_state 位级统计 (分段, 设备锚) (报告) 逐位一致 43.6853%; |exp|>=1e-6 子集: 位级一致 44.5471% / ≤1ulp 84.2184% / max ulp 34673 (n=786432)
[m14]   S5 opin = RMSNormGated (分段, 设备锚) PASS (bf16 网格 ≤1 ulp; max ulp 1; bit 一致 99.9837%, n=6144)
[m14]   S1 res1 (隔离)                   PASS (fp32 逐位一致, n=2560)
[m14]   S1 x_norm (隔离)                 PASS (bf16 网格 ≤1 ulp; max ulp 0; bit 一致 100.0000%, n=2560)
[m14]   S2 in_proj (隔离)                PASS (bf16 网格 ≤1 ulp; max ulp 1; bit 一致 99.9879%, n=16480)
[m14]   S3 q (隔离)                      PASS (rel 1e-05+1e-06; 最差容差占用 0.003, maxAbs 3.725e-09, n=2048)
[m14]   S3 k (隔离)                      PASS (rel 1e-05+1e-06; 最差容差占用 0.012, maxAbs 5.960e-08, n=2048)
[m14]   S3 v (隔离)                      PASS (rel 1e-05+1e-06; 最差容差占用 0.025, maxAbs 9.537e-07, n=6144)
[m14]   S3 g (隔离, stride-8 槽)        PASS (rel 1e-05+1e-06; 最差容差占用 0.077, maxAbs 3.815e-06, n=48)
[m14]   S3 beta (隔离)                   PASS (rel 1e-05+1e-06; 最差容差占用 0.008, maxAbs 5.960e-08, n=48)
[m14]   S3 conv_state (隔离, 位级)     PASS (bf16 位级一致, n=30720)
[m14]   conv_state 移位一致性         PASS
[m14]   S4 o (隔离)                      PASS (rel 1e-05+1e-06; 最差容差占用 0.014, maxAbs 5.960e-08, n=6144)
[m14]   S4 ssm_state (隔离)              PASS (rel 1e-05+1e-06; 最差容差占用 0.052, maxAbs 9.537e-07, n=786432)
[m14]   S4 ssm_state 位级统计(隔离)  (报告) 逐位一致 67.7615%; |exp|>=1e-6 子集: 位级一致 67.3434% / ≤1ulp 98.6031% / max ulp 11393 (n=786432)
[m14]   S5 opin (隔离)                   PASS (bf16 网格 ≤1 ulp; max ulp 0; bit 一致 100.0000%, n=6144)
[m14] 传播诊断（设备 vs 纯参考链；判据以上面「分段(设备锚)」与「隔离」为准）
[m14]   S3 q 诊断                        (诊断, 不判定) maxAbs 3.725e-09 maxRel 3.311e-07
[m14]   S3 k 诊断                        (诊断, 不判定) maxAbs 1.327e-03 maxRel 5.049e-03
[m14]   S3 v 诊断                        (诊断, 不判定) maxAbs 9.537e-07 maxRel 1.159e-06
[m14]   S3 g 诊断                        (诊断, 不判定) maxAbs 3.815e-06 maxRel 6.501e-02
[m14]   S3 beta 诊断                     (诊断, 不判定) maxAbs 5.960e-08 maxRel 1.127e-07
[m14]   S3 conv_state 诊断               (诊断, 不判定) maxUlp 1 bit 一致 99.9967%
[m14]   S4 o 诊断                        (诊断, 不判定) maxAbs 4.163e-04 maxRel 2.999e-01
[m14]   S4 ssm_state 诊断                (诊断, 不判定) maxAbs 1.892e-02 maxRel 1.005e+00
[m14]   S5 opin 诊断                     (诊断, 不判定) maxUlp 43 bit 一致 99.4303%
[m14] ===== ALL PASS（判定项 25）=====
rc=0
########## M14_STAGE_LIMIT=5 (case hostchain) ##########
[m14] generating deterministic params (w_in 84.4MB, w_out 31.5MB)
[m14] case hostchain step 0 (slice_mode=2 stage_limit=5): ① host 声明输入→S1/S2 + S3-S7 (host 全链)；② 逐段隔离
[m14]   hostchain: device 消费的 q|k|v == host 输入字节 PASS (bf16 位级一致, n=10240)
[m14]   S3 q (host 全链)                 PASS (rel 1e-05+1e-06; 最差容差占用 0.003, maxAbs 3.725e-09, n=2048)
[m14]   S3 k (host 全链)                 PASS (rel 1e-05+1e-06; 最差容差占用 0.012, maxAbs 5.960e-08, n=2048)
[m14]   S3 v (host 全链)                 PASS (rel 1e-05+1e-06; 最差容差占用 0.025, maxAbs 9.537e-07, n=6144)
[m14]   S3 g (stride-8 槽) (host 全链)  PASS (rel 1e-05+1e-06; 最差容差占用 0.077, maxAbs 3.815e-06, n=48)
[m14]   S3 beta (stride-8 槽) (host 全链) PASS (rel 1e-05+1e-06; 最差容差占用 0.008, maxAbs 5.960e-08, n=48)
[m14]   S3 conv_state 原位更新 (host 全链) PASS (bf16 位级一致, n=30720)
[m14]   S4 o (host 全链)                 PASS (rel 1e-05+1e-06; 最差容差占用 0.018, maxAbs 5.960e-08, n=6144)
[m14]   S4 ssm_state (host 全链)         PASS (rel 1e-05+1e-06; 最差容差占用 0.090, maxAbs 9.537e-07, n=786432)
[m14]   S4 ssm_state 位级统计 (host 全链) (报告) 逐位一致 43.3414%; |exp|>=1e-6 子集: 位级一致 44.1686% / ≤1ulp 84.2577% / max ulp 34673 (n=786432)
[m14]   S5 opin = RMSNormGated (host 全链) PASS (bf16 网格 ≤1 ulp; max ulp 1; bit 一致 99.9837%, n=6144)
[m14]   S3 q (隔离)                      PASS (rel 1e-05+1e-06; 最差容差占用 0.003, maxAbs 3.725e-09, n=2048)
[m14]   S3 k (隔离)                      PASS (rel 1e-05+1e-06; 最差容差占用 0.012, maxAbs 5.960e-08, n=2048)
[m14]   S3 v (隔离)                      PASS (rel 1e-05+1e-06; 最差容差占用 0.025, maxAbs 9.537e-07, n=6144)
[m14]   S3 g (隔离, stride-8 槽)        PASS (rel 1e-05+1e-06; 最差容差占用 0.077, maxAbs 3.815e-06, n=48)
[m14]   S3 beta (隔离)                   PASS (rel 1e-05+1e-06; 最差容差占用 0.008, maxAbs 5.960e-08, n=48)
[m14]   S3 conv_state (隔离, 位级)     PASS (bf16 位级一致, n=30720)
[m14]   conv_state 移位一致性         PASS
[m14]   S4 o (隔离)                      PASS (rel 1e-05+1e-06; 最差容差占用 0.011, maxAbs 5.960e-08, n=6144)
[m14]   S4 ssm_state (隔离)              PASS (rel 1e-05+1e-06; 最差容差占用 0.044, maxAbs 9.537e-07, n=786432)
[m14]   S4 ssm_state 位级统计(隔离)  (报告) 逐位一致 67.7676%; |exp|>=1e-6 子集: 位级一致 67.3509% / ≤1ulp 98.6155% / max ulp 11393 (n=786432)
[m14]   S5 opin (隔离)                   PASS (bf16 网格 ≤1 ulp; max ulp 0; bit 一致 100.0000%, n=6144)
[m14] ===== ALL PASS（判定项 20）=====
rc=0
########## M14_STAGE_LIMIT=6 (case chain) ##########
[m14] generating deterministic params (w_in 84.4MB, w_out 31.5MB)
[m14] case chain step 0 (slice_mode=0 stage_limit=6): ① host 声明输入→S1/S2 + S3-S7 (分段, 设备锚)；② 逐段隔离
[m14]   S1 res1 (host 全链)              PASS (fp32 逐位一致, n=2560)
[m14]   S1 x_norm (host 全链)            PASS (bf16 网格 ≤1 ulp; max ulp 0; bit 一致 100.0000%, n=2560)
[m14]   S2 qkvzba (host 全链)            PASS (bf16 网格 ≤1 ulp; max ulp 1; bit 一致 99.9879%, n=16480)
[m14]   S3 q (分段, 设备锚)           PASS (rel 1e-05+1e-06; 最差容差占用 0.003, maxAbs 3.725e-09, n=2048)
[m14]   S3 k (分段, 设备锚)           PASS (rel 1e-05+1e-06; 最差容差占用 0.012, maxAbs 5.960e-08, n=2048)
[m14]   S3 v (分段, 设备锚)           PASS (rel 1e-05+1e-06; 最差容差占用 0.025, maxAbs 9.537e-07, n=6144)
[m14]   S3 g (stride-8 槽) (分段, 设备锚) PASS (rel 1e-05+1e-06; 最差容差占用 0.077, maxAbs 3.815e-06, n=48)
[m14]   S3 beta (stride-8 槽) (分段, 设备锚) PASS (rel 1e-05+1e-06; 最差容差占用 0.008, maxAbs 5.960e-08, n=48)
[m14]   S3 conv_state 原位更新 (分段, 设备锚) PASS (bf16 位级一致, n=30720)
[m14]   S4 o (分段, 设备锚)           PASS (rel 1e-05+1e-06; 最差容差占用 0.019, maxAbs 5.960e-08, n=6144)
[m14]   S4 ssm_state (分段, 设备锚)   PASS (rel 1e-05+1e-06; 最差容差占用 0.099, maxAbs 9.537e-07, n=786432)
[m14]   S4 ssm_state 位级统计 (分段, 设备锚) (报告) 逐位一致 43.6853%; |exp|>=1e-6 子集: 位级一致 44.5471% / ≤1ulp 84.2184% / max ulp 34673 (n=786432)
[m14]   S5 opin = RMSNormGated (分段, 设备锚) PASS (bf16 网格 ≤1 ulp; max ulp 1; bit 一致 99.9837%, n=6144)
[m14]   S6 out_proj (分段, 设备锚)    PASS (bf16 网格 ≤1 ulp; max ulp 1; bit 一致 99.9219%, n=2560)
[m14]   S1 res1 (隔离)                   PASS (fp32 逐位一致, n=2560)
[m14]   S1 x_norm (隔离)                 PASS (bf16 网格 ≤1 ulp; max ulp 0; bit 一致 100.0000%, n=2560)
[m14]   S2 in_proj (隔离)                PASS (bf16 网格 ≤1 ulp; max ulp 1; bit 一致 99.9879%, n=16480)
[m14]   S3 q (隔离)                      PASS (rel 1e-05+1e-06; 最差容差占用 0.003, maxAbs 3.725e-09, n=2048)
[m14]   S3 k (隔离)                      PASS (rel 1e-05+1e-06; 最差容差占用 0.012, maxAbs 5.960e-08, n=2048)
[m14]   S3 v (隔离)                      PASS (rel 1e-05+1e-06; 最差容差占用 0.025, maxAbs 9.537e-07, n=6144)
[m14]   S3 g (隔离, stride-8 槽)        PASS (rel 1e-05+1e-06; 最差容差占用 0.077, maxAbs 3.815e-06, n=48)
[m14]   S3 beta (隔离)                   PASS (rel 1e-05+1e-06; 最差容差占用 0.008, maxAbs 5.960e-08, n=48)
[m14]   S3 conv_state (隔离, 位级)     PASS (bf16 位级一致, n=30720)
[m14]   conv_state 移位一致性         PASS
[m14]   S4 o (隔离)                      PASS (rel 1e-05+1e-06; 最差容差占用 0.014, maxAbs 5.960e-08, n=6144)
[m14]   S4 ssm_state (隔离)              PASS (rel 1e-05+1e-06; 最差容差占用 0.052, maxAbs 9.537e-07, n=786432)
[m14]   S4 ssm_state 位级统计(隔离)  (报告) 逐位一致 67.7615%; |exp|>=1e-6 子集: 位级一致 67.3434% / ≤1ulp 98.6031% / max ulp 11393 (n=786432)
[m14]   S5 opin (隔离)                   PASS (bf16 网格 ≤1 ulp; max ulp 0; bit 一致 100.0000%, n=6144)
[m14]   S6 out_proj (隔离)               PASS (bf16 网格 ≤1 ulp; max ulp 1; bit 一致 99.9219%, n=2560)
[m14] 传播诊断（设备 vs 纯参考链；判据以上面「分段(设备锚)」与「隔离」为准）
[m14]   S3 q 诊断                        (诊断, 不判定) maxAbs 3.725e-09 maxRel 3.311e-07
[m14]   S3 k 诊断                        (诊断, 不判定) maxAbs 1.327e-03 maxRel 5.049e-03
[m14]   S3 v 诊断                        (诊断, 不判定) maxAbs 9.537e-07 maxRel 1.159e-06
[m14]   S3 g 诊断                        (诊断, 不判定) maxAbs 3.815e-06 maxRel 6.501e-02
[m14]   S3 beta 诊断                     (诊断, 不判定) maxAbs 5.960e-08 maxRel 1.127e-07
[m14]   S3 conv_state 诊断               (诊断, 不判定) maxUlp 1 bit 一致 99.9967%
[m14]   S4 o 诊断                        (诊断, 不判定) maxAbs 4.163e-04 maxRel 2.999e-01
[m14]   S4 ssm_state 诊断                (诊断, 不判定) maxAbs 1.892e-02 maxRel 1.005e+00
[m14]   S5 opin 诊断                     (诊断, 不判定) maxUlp 43 bit 一致 99.4303%
[m14]   S6 opout 诊断                    (诊断, 不判定) maxUlp 117 bit 一致 92.9688%
[m14] ===== ALL PASS（判定项 27）=====
rc=0
########## M14_STAGE_LIMIT=6 (case hostchain) ##########
[m14] generating deterministic params (w_in 84.4MB, w_out 31.5MB)
[m14] case hostchain step 0 (slice_mode=2 stage_limit=6): ① host 声明输入→S1/S2 + S3-S7 (host 全链)；② 逐段隔离
[m14]   hostchain: device 消费的 q|k|v == host 输入字节 PASS (bf16 位级一致, n=10240)
[m14]   S3 q (host 全链)                 PASS (rel 1e-05+1e-06; 最差容差占用 0.003, maxAbs 3.725e-09, n=2048)
[m14]   S3 k (host 全链)                 PASS (rel 1e-05+1e-06; 最差容差占用 0.012, maxAbs 5.960e-08, n=2048)
[m14]   S3 v (host 全链)                 PASS (rel 1e-05+1e-06; 最差容差占用 0.025, maxAbs 9.537e-07, n=6144)
[m14]   S3 g (stride-8 槽) (host 全链)  PASS (rel 1e-05+1e-06; 最差容差占用 0.077, maxAbs 3.815e-06, n=48)
[m14]   S3 beta (stride-8 槽) (host 全链) PASS (rel 1e-05+1e-06; 最差容差占用 0.008, maxAbs 5.960e-08, n=48)
[m14]   S3 conv_state 原位更新 (host 全链) PASS (bf16 位级一致, n=30720)
[m14]   S4 o (host 全链)                 PASS (rel 1e-05+1e-06; 最差容差占用 0.018, maxAbs 5.960e-08, n=6144)
[m14]   S4 ssm_state (host 全链)         PASS (rel 1e-05+1e-06; 最差容差占用 0.090, maxAbs 9.537e-07, n=786432)
[m14]   S4 ssm_state 位级统计 (host 全链) (报告) 逐位一致 43.3414%; |exp|>=1e-6 子集: 位级一致 44.1686% / ≤1ulp 84.2577% / max ulp 34673 (n=786432)
[m14]   S5 opin = RMSNormGated (host 全链) PASS (bf16 网格 ≤1 ulp; max ulp 1; bit 一致 99.9837%, n=6144)
[m14]   S6 out_proj (host 全链)          PASS (bf16 网格 ≤1 ulp; max ulp 1; bit 一致 99.9609%, n=2560)
[m14]   S3 q (隔离)                      PASS (rel 1e-05+1e-06; 最差容差占用 0.003, maxAbs 3.725e-09, n=2048)
[m14]   S3 k (隔离)                      PASS (rel 1e-05+1e-06; 最差容差占用 0.012, maxAbs 5.960e-08, n=2048)
[m14]   S3 v (隔离)                      PASS (rel 1e-05+1e-06; 最差容差占用 0.025, maxAbs 9.537e-07, n=6144)
[m14]   S3 g (隔离, stride-8 槽)        PASS (rel 1e-05+1e-06; 最差容差占用 0.077, maxAbs 3.815e-06, n=48)
[m14]   S3 beta (隔离)                   PASS (rel 1e-05+1e-06; 最差容差占用 0.008, maxAbs 5.960e-08, n=48)
[m14]   S3 conv_state (隔离, 位级)     PASS (bf16 位级一致, n=30720)
[m14]   conv_state 移位一致性         PASS
[m14]   S4 o (隔离)                      PASS (rel 1e-05+1e-06; 最差容差占用 0.011, maxAbs 5.960e-08, n=6144)
[m14]   S4 ssm_state (隔离)              PASS (rel 1e-05+1e-06; 最差容差占用 0.044, maxAbs 9.537e-07, n=786432)
[m14]   S4 ssm_state 位级统计(隔离)  (报告) 逐位一致 67.7676%; |exp|>=1e-6 子集: 位级一致 67.3509% / ≤1ulp 98.6155% / max ulp 11393 (n=786432)
[m14]   S5 opin (隔离)                   PASS (bf16 网格 ≤1 ulp; max ulp 0; bit 一致 100.0000%, n=6144)
[m14]   S6 out_proj (隔离)               PASS (bf16 网格 ≤1 ulp; max ulp 1; bit 一致 99.9609%, n=2560)
[m14] ===== ALL PASS（判定项 22）=====
rc=0
########## M14_STAGE_LIMIT=7 (case chain) ##########
[m14] generating deterministic params (w_in 84.4MB, w_out 31.5MB)
[m14] case chain step 0 (slice_mode=0 stage_limit=7): ① host 声明输入→S1/S2 + S3-S7 (分段, 设备锚)；② 逐段隔离
[m14]   S1 res1 (host 全链)              PASS (fp32 逐位一致, n=2560)
[m14]   S1 x_norm (host 全链)            PASS (bf16 网格 ≤1 ulp; max ulp 0; bit 一致 100.0000%, n=2560)
[m14]   S2 qkvzba (host 全链)            PASS (bf16 网格 ≤1 ulp; max ulp 1; bit 一致 99.9879%, n=16480)
[m14]   S3 q (分段, 设备锚)           PASS (rel 1e-05+1e-06; 最差容差占用 0.003, maxAbs 3.725e-09, n=2048)
[m14]   S3 k (分段, 设备锚)           PASS (rel 1e-05+1e-06; 最差容差占用 0.012, maxAbs 5.960e-08, n=2048)
[m14]   S3 v (分段, 设备锚)           PASS (rel 1e-05+1e-06; 最差容差占用 0.025, maxAbs 9.537e-07, n=6144)
[m14]   S3 g (stride-8 槽) (分段, 设备锚) PASS (rel 1e-05+1e-06; 最差容差占用 0.077, maxAbs 3.815e-06, n=48)
[m14]   S3 beta (stride-8 槽) (分段, 设备锚) PASS (rel 1e-05+1e-06; 最差容差占用 0.008, maxAbs 5.960e-08, n=48)
[m14]   S3 conv_state 原位更新 (分段, 设备锚) PASS (bf16 位级一致, n=30720)
[m14]   S4 o (分段, 设备锚)           PASS (rel 1e-05+1e-06; 最差容差占用 0.019, maxAbs 5.960e-08, n=6144)
[m14]   S4 ssm_state (分段, 设备锚)   PASS (rel 1e-05+1e-06; 最差容差占用 0.099, maxAbs 9.537e-07, n=786432)
[m14]   S4 ssm_state 位级统计 (分段, 设备锚) (报告) 逐位一致 43.6853%; |exp|>=1e-6 子集: 位级一致 44.5471% / ≤1ulp 84.2184% / max ulp 34673 (n=786432)
[m14]   S5 opin = RMSNormGated (分段, 设备锚) PASS (bf16 网格 ≤1 ulp; max ulp 1; bit 一致 99.9837%, n=6144)
[m14]   S6 out_proj (分段, 设备锚)    PASS (bf16 网格 ≤1 ulp; max ulp 1; bit 一致 99.9219%, n=2560)
[m14]   S7 res2 (fp32) (分段, 设备锚) PASS (fp32 逐位一致, n=2560)
[m14]   S7 y_final (分段, 设备锚)     PASS (bf16 网格 ≤1 ulp; max ulp 0; bit 一致 100.0000%, n=2560)
[m14]   S1 res1 (隔离)                   PASS (fp32 逐位一致, n=2560)
[m14]   S1 x_norm (隔离)                 PASS (bf16 网格 ≤1 ulp; max ulp 0; bit 一致 100.0000%, n=2560)
[m14]   S2 in_proj (隔离)                PASS (bf16 网格 ≤1 ulp; max ulp 1; bit 一致 99.9879%, n=16480)
[m14]   S3 q (隔离)                      PASS (rel 1e-05+1e-06; 最差容差占用 0.003, maxAbs 3.725e-09, n=2048)
[m14]   S3 k (隔离)                      PASS (rel 1e-05+1e-06; 最差容差占用 0.012, maxAbs 5.960e-08, n=2048)
[m14]   S3 v (隔离)                      PASS (rel 1e-05+1e-06; 最差容差占用 0.025, maxAbs 9.537e-07, n=6144)
[m14]   S3 g (隔离, stride-8 槽)        PASS (rel 1e-05+1e-06; 最差容差占用 0.077, maxAbs 3.815e-06, n=48)
[m14]   S3 beta (隔离)                   PASS (rel 1e-05+1e-06; 最差容差占用 0.008, maxAbs 5.960e-08, n=48)
[m14]   S3 conv_state (隔离, 位级)     PASS (bf16 位级一致, n=30720)
[m14]   conv_state 移位一致性         PASS
[m14]   S4 o (隔离)                      PASS (rel 1e-05+1e-06; 最差容差占用 0.014, maxAbs 5.960e-08, n=6144)
[m14]   S4 ssm_state (隔离)              PASS (rel 1e-05+1e-06; 最差容差占用 0.052, maxAbs 9.537e-07, n=786432)
[m14]   S4 ssm_state 位级统计(隔离)  (报告) 逐位一致 67.7615%; |exp|>=1e-6 子集: 位级一致 67.3434% / ≤1ulp 98.6031% / max ulp 11393 (n=786432)
[m14]   S5 opin (隔离)                   PASS (bf16 网格 ≤1 ulp; max ulp 0; bit 一致 100.0000%, n=6144)
[m14]   S6 out_proj (隔离)               PASS (bf16 网格 ≤1 ulp; max ulp 1; bit 一致 99.9219%, n=2560)
[m14]   S7 res2 (隔离 fp32)              PASS (fp32 逐位一致, n=2560)
[m14]   S7 y_final (隔离)                PASS (bf16 网格 ≤1 ulp; max ulp 0; bit 一致 100.0000%, n=2560)
[m14] 传播诊断（设备 vs 纯参考链；判据以上面「分段(设备锚)」与「隔离」为准）
[m14]   S3 q 诊断                        (诊断, 不判定) maxAbs 3.725e-09 maxRel 3.311e-07
[m14]   S3 k 诊断                        (诊断, 不判定) maxAbs 1.327e-03 maxRel 5.049e-03
[m14]   S3 v 诊断                        (诊断, 不判定) maxAbs 9.537e-07 maxRel 1.159e-06
[m14]   S3 g 诊断                        (诊断, 不判定) maxAbs 3.815e-06 maxRel 6.501e-02
[m14]   S3 beta 诊断                     (诊断, 不判定) maxAbs 5.960e-08 maxRel 1.127e-07
[m14]   S3 conv_state 诊断               (诊断, 不判定) maxUlp 1 bit 一致 99.9967%
[m14]   S4 o 诊断                        (诊断, 不判定) maxAbs 4.163e-04 maxRel 2.999e-01
[m14]   S4 ssm_state 诊断                (诊断, 不判定) maxAbs 1.892e-02 maxRel 1.005e+00
[m14]   S5 opin 诊断                     (诊断, 不判定) maxUlp 43 bit 一致 99.4303%
[m14]   S6 opout 诊断                    (诊断, 不判定) maxUlp 117 bit 一致 92.9688%
[m14]   S7 y_final 诊断                  (诊断, 不判定) maxUlp 128 bit 一致 96.2891%
[m14] ===== ALL PASS（判定项 31）=====
rc=0
########## M14_STAGE_LIMIT=7 (case hostchain) ##########
[m14] generating deterministic params (w_in 84.4MB, w_out 31.5MB)
[m14] case hostchain step 0 (slice_mode=2 stage_limit=7): ① host 声明输入→S1/S2 + S3-S7 (host 全链)；② 逐段隔离
[m14]   hostchain: device 消费的 q|k|v == host 输入字节 PASS (bf16 位级一致, n=10240)
[m14]   S3 q (host 全链)                 PASS (rel 1e-05+1e-06; 最差容差占用 0.003, maxAbs 3.725e-09, n=2048)
[m14]   S3 k (host 全链)                 PASS (rel 1e-05+1e-06; 最差容差占用 0.012, maxAbs 5.960e-08, n=2048)
[m14]   S3 v (host 全链)                 PASS (rel 1e-05+1e-06; 最差容差占用 0.025, maxAbs 9.537e-07, n=6144)
[m14]   S3 g (stride-8 槽) (host 全链)  PASS (rel 1e-05+1e-06; 最差容差占用 0.077, maxAbs 3.815e-06, n=48)
[m14]   S3 beta (stride-8 槽) (host 全链) PASS (rel 1e-05+1e-06; 最差容差占用 0.008, maxAbs 5.960e-08, n=48)
[m14]   S3 conv_state 原位更新 (host 全链) PASS (bf16 位级一致, n=30720)
[m14]   S4 o (host 全链)                 PASS (rel 1e-05+1e-06; 最差容差占用 0.018, maxAbs 5.960e-08, n=6144)
[m14]   S4 ssm_state (host 全链)         PASS (rel 1e-05+1e-06; 最差容差占用 0.090, maxAbs 9.537e-07, n=786432)
[m14]   S4 ssm_state 位级统计 (host 全链) (报告) 逐位一致 43.3414%; |exp|>=1e-6 子集: 位级一致 44.1686% / ≤1ulp 84.2577% / max ulp 34673 (n=786432)
[m14]   S5 opin = RMSNormGated (host 全链) PASS (bf16 网格 ≤1 ulp; max ulp 1; bit 一致 99.9837%, n=6144)
[m14]   S6 out_proj (host 全链)          PASS (bf16 网格 ≤1 ulp; max ulp 1; bit 一致 99.9609%, n=2560)
[m14]   S7 res2 (fp32) (host 全链)       (报告) res2 位型不同 1/2560（源: 参考侧 opout 的 bf16 网格 ≤1 ulp，非 S7 算术）
[m14]   S7 y_final (host 全链)           PASS (bf16 网格 ≤1 ulp; max ulp 1; bit 一致 99.9609%, n=2560)
[m14]   S3 q (隔离)                      PASS (rel 1e-05+1e-06; 最差容差占用 0.003, maxAbs 3.725e-09, n=2048)
[m14]   S3 k (隔离)                      PASS (rel 1e-05+1e-06; 最差容差占用 0.012, maxAbs 5.960e-08, n=2048)
[m14]   S3 v (隔离)                      PASS (rel 1e-05+1e-06; 最差容差占用 0.025, maxAbs 9.537e-07, n=6144)
[m14]   S3 g (隔离, stride-8 槽)        PASS (rel 1e-05+1e-06; 最差容差占用 0.077, maxAbs 3.815e-06, n=48)
[m14]   S3 beta (隔离)                   PASS (rel 1e-05+1e-06; 最差容差占用 0.008, maxAbs 5.960e-08, n=48)
[m14]   S3 conv_state (隔离, 位级)     PASS (bf16 位级一致, n=30720)
[m14]   conv_state 移位一致性         PASS
[m14]   S4 o (隔离)                      PASS (rel 1e-05+1e-06; 最差容差占用 0.011, maxAbs 5.960e-08, n=6144)
[m14]   S4 ssm_state (隔离)              PASS (rel 1e-05+1e-06; 最差容差占用 0.044, maxAbs 9.537e-07, n=786432)
[m14]   S4 ssm_state 位级统计(隔离)  (报告) 逐位一致 67.7676%; |exp|>=1e-6 子集: 位级一致 67.3509% / ≤1ulp 98.6155% / max ulp 11393 (n=786432)
[m14]   S5 opin (隔离)                   PASS (bf16 网格 ≤1 ulp; max ulp 0; bit 一致 100.0000%, n=6144)
[m14]   S6 out_proj (隔离)               PASS (bf16 网格 ≤1 ulp; max ulp 1; bit 一致 99.9609%, n=2560)
[m14]   S7 res2 (隔离 fp32)              PASS (fp32 逐位一致, n=2560)
[m14]   S7 y_final (隔离)                PASS (bf16 网格 ≤1 ulp; max ulp 0; bit 一致 100.0000%, n=2560)
[m14] ===== ALL PASS（判定项 25）=====
rc=0
########## M14_STAGE_LIMIT=7 (case slice) ##########
[m14] generating deterministic params (w_in 84.4MB, w_out 31.5MB)
[m14] case slice step 0 (slice_mode=1 stage_limit=7): ① host 声明输入→S1/S2 + S3-S7 (host 全链)；② 逐段隔离
[m14]   slice: device 消费的 q|k|v == host 输入字节 PASS (bf16 位级一致, n=10240)
[m14]   S3 q (host 全链)                 PASS (rel 1e-05+1e-06; 最差容差占用 0.006, maxAbs 7.451e-09, n=2048)
[m14]   S3 k (host 全链)                 PASS (rel 1e-05+1e-06; 最差容差占用 0.013, maxAbs 5.960e-08, n=2048)
[m14]   S3 v (host 全链)                 PASS (rel 1e-05+1e-06; 最差容差占用 0.014, maxAbs 2.384e-07, n=6144)
[m14]   S3 g (stride-8 槽) (host 全链)  PASS (rel 1e-05+1e-06; 最差容差占用 0.042, maxAbs 3.815e-06, n=48)
[m14]   S3 beta (stride-8 槽) (host 全链) PASS (rel 1e-05+1e-06; 最差容差占用 0.008, maxAbs 5.960e-08, n=48)
[m14]   S3 conv_state 原位更新 (host 全链) PASS (bf16 位级一致, n=30720)
[m14]   S4 o (host 全链)                 PASS (rel 1e-05+1e-06; 最差容差占用 0.013, maxAbs 2.235e-08, n=6144)
[m14]   S4 ssm_state (host 全链)         PASS (rel 1e-05+1e-06; 最差容差占用 0.088, maxAbs 1.192e-07, n=786432)
[m14]   S4 ssm_state 位级统计 (host 全链) (报告) 逐位一致 36.0739%; |exp|>=1e-6 子集: 位级一致 36.0810% / ≤1ulp 78.2571% / max ulp 10504 (n=786432)
[m14]   S5 opin = RMSNormGated (host 全链) PASS (bf16 网格 ≤1 ulp; max ulp 0; bit 一致 100.0000%, n=6144)
[m14]   S3 q (隔离)                      PASS (rel 1e-05+1e-06; 最差容差占用 0.006, maxAbs 7.451e-09, n=2048)
[m14]   S3 k (隔离)                      PASS (rel 1e-05+1e-06; 最差容差占用 0.013, maxAbs 5.960e-08, n=2048)
[m14]   S3 v (隔离)                      PASS (rel 1e-05+1e-06; 最差容差占用 0.014, maxAbs 2.384e-07, n=6144)
[m14]   S3 g (隔离, stride-8 槽)        PASS (rel 1e-05+1e-06; 最差容差占用 0.042, maxAbs 3.815e-06, n=48)
[m14]   S3 beta (隔离)                   PASS (rel 1e-05+1e-06; 最差容差占用 0.008, maxAbs 5.960e-08, n=48)
[m14]   S3 conv_state (隔离, 位级)     PASS (bf16 位级一致, n=30720)
[m14]   conv_state 移位一致性         PASS
[m14]   S4 o (隔离)                      PASS (rel 1e-05+1e-06; 最差容差占用 0.006, maxAbs 7.451e-09, n=6144)
[m14]   S4 ssm_state (隔离)              PASS (rel 1e-05+1e-06; 最差容差占用 0.029, maxAbs 1.192e-07, n=786432)
[m14]   S4 ssm_state 位级统计(隔离)  (报告) 逐位一致 64.4146%; |exp|>=1e-6 子集: 位级一致 64.4129% / ≤1ulp 96.9745% / max ulp 8031 (n=786432)
[m14]   S5 opin (隔离)                   PASS (bf16 网格 ≤1 ulp; max ulp 0; bit 一致 100.0000%, n=6144)
[m14] ===== ALL PASS（判定项 20）=====
rc=0
