=== lock acquired 2026-10-04T11:41:45+00:00 variant=aiv_ub2gm reps=3 timeout=45s ===
--- npu-smi (lock entry) ---
+-------------------------------------------------------------------------------------------------+
| npu-smi 25.7.rc1.10                              Version: 25.7.rc1.10                           |
+--------+------------------+---------------+-----------------------------------------------------+
| NPU ID | Name             | Health        | Power(W)    Temp(C)           Hugepages-Usage(page) |
|        |                  | Bus-Id        | NPU Util(%) Memory-Usage(MB)  HBM-Usage(MB)         |
+========+==================+===============+=====================================================+
| 0      | Ascend950PR      | OK            | 197.7       60                0     / 0             |
|        |                  | 0000:61:00.0  | 0           0    / 0          5241  / 131072        |
+========+==================+===============+=====================================================+
+---------------------------+---------------+-----------------------------------------------------+
| NPU ID                    | Process id    | Process name             | Process memory(MB)       |
+===========================+===============+=====================================================+
| No running processes found in NPU 0                                                             |
+===========================+===============+=====================================================+
--- run 1 (timeout 45s) ---
SUMMARY variant=aiv_ub2gm run=1 total=4096 mismatched=0 sentinel=0 landed=4096 pat_hits=4096 fixp_hits=1 zeros=0 expects_landing=1 rc=0
exit=0
--- run 2 (timeout 45s) ---
SUMMARY variant=aiv_ub2gm run=2 total=4096 mismatched=0 sentinel=0 landed=4096 pat_hits=4096 fixp_hits=1 zeros=0 expects_landing=1 rc=0
exit=0
--- run 3 (timeout 45s) ---
SUMMARY variant=aiv_ub2gm run=3 total=4096 mismatched=0 sentinel=0 landed=4096 pat_hits=4096 fixp_hits=1 zeros=0 expects_landing=1 rc=0
exit=0
AGG variant=aiv_ub2gm rc0=3 rc1=0 rc2=0 hang=0 reps=3
