=== lock acquired 2026-10-04T11:43:18+00:00 variant=neg_fixp_short reps=3 timeout=45s ===
--- npu-smi (lock entry) ---
+-------------------------------------------------------------------------------------------------+
| npu-smi 25.7.rc1.10                              Version: 25.7.rc1.10                           |
+--------+------------------+---------------+-----------------------------------------------------+
| NPU ID | Name             | Health        | Power(W)    Temp(C)           Hugepages-Usage(page) |
|        |                  | Bus-Id        | NPU Util(%) Memory-Usage(MB)  HBM-Usage(MB)         |
+========+==================+===============+=====================================================+
| 0      | Ascend950PR      | OK            | 198.1       61                0     / 0             |
|        |                  | 0000:61:00.0  | 0           0    / 0          5243  / 131072        |
+========+==================+===============+=====================================================+
+---------------------------+---------------+-----------------------------------------------------+
| NPU ID                    | Process id    | Process name             | Process memory(MB)       |
+===========================+===============+=====================================================+
| No running processes found in NPU 0                                                             |
+===========================+===============+=====================================================+
--- run 1 (timeout 45s) ---
SUMMARY variant=neg_fixp_short run=1 total=4096 mismatched=2048 sentinel=2048 landed=2048 pat_hits=0 fixp_hits=2048 zeros=0 expects_landing=1 rc=1
exit=1
--- run 2 (timeout 45s) ---
SUMMARY variant=neg_fixp_short run=2 total=4096 mismatched=2048 sentinel=2048 landed=2048 pat_hits=0 fixp_hits=2048 zeros=0 expects_landing=1 rc=1
exit=1
--- run 3 (timeout 45s) ---
SUMMARY variant=neg_fixp_short run=3 total=4096 mismatched=2048 sentinel=2048 landed=2048 pat_hits=0 fixp_hits=2048 zeros=0 expects_landing=1 rc=1
exit=1
AGG variant=neg_fixp_short rc0=0 rc1=3 rc2=0 hang=0 reps=3
