[probe vf nest] tag=nest_o0i0b1 outer=0 inner=0 body=1 ct_rows=0
  rows=0 
    i      :
    cnt    :
    expect :
    tri    :
    acc_maxdiff vs ref(cnt)=0.0  ref(cnt-1)=0.0  ref(expect)=0.0   jset_odd=0
    lane_mismatch=0  tri_odd=0  少一次的行数=0/0  hash=0x5e509dc5
    rows=0 verdict=PASS
  rows=1 
    i      : 0
    cnt    : 0
    expect : 0
    tri    : 0
    acc_maxdiff vs ref(cnt)=0.0  ref(cnt-1)=0.0  ref(expect)=0.0   jset_odd=0
    lane_mismatch=0  tri_odd=0  少一次的行数=0/1  hash=0x5e509dc5
    rows=1 verdict=PASS
  rows=2 
    i      : 0 1
    cnt    : 0 0
    expect : 0 1
    tri    : 0 0
    MISMATCH i=1 cnt=0 expect=1
    acc_maxdiff vs ref(cnt)=0.0  ref(cnt-1)=0.0  ref(expect)=320.0   jset_odd=0
    lane_mismatch=0  tri_odd=0  少一次的行数=1/2  hash=0x5e509dc5
    rows=2 verdict=FAIL
  rows=3 
    i      : 0 1 2
    cnt    : 0 0 1
    expect : 0 1 2
    tri    : 0 0 1
    MISMATCH i=1 cnt=0 expect=1
    MISMATCH i=2 cnt=1 expect=2
    acc_maxdiff vs ref(cnt)=0.0  ref(cnt-1)=576.0  ref(expect)=720.0   jset_odd=0
    lane_mismatch=0  tri_odd=0  少一次的行数=2/3  hash=0x7b325fcd
    rows=3 verdict=FAIL
  rows=4 
    i      : 0 1 2 3
    cnt    : 0 0 1 2
    expect : 0 1 2 3
    tri    : 0 0 1 3
    MISMATCH i=1 cnt=0 expect=1
    MISMATCH i=2 cnt=1 expect=2
    MISMATCH i=3 cnt=2 expect=3
    acc_maxdiff vs ref(cnt)=0.0  ref(cnt-1)=1008.0  ref(expect)=1200.0   jset_odd=0
    lane_mismatch=0  tri_odd=0  少一次的行数=3/4  hash=0xc989c651
    rows=4 verdict=FAIL
  rows=64
    i      : 0 1 2 3 4 5 6 7 8 9 10 11 12 13 14 15 16 17 18 19 20 21 22 23 24 25 26 27 28 29 30 31 32 33 34 35 36 37 38 39 40 41 42 43 44 45 46 47 48 49 50 51 52 53 54 55 56 57 58 59 60 61 62 63
    cnt    : 0 0 1 2 3 4 5 6 7 8 9 10 11 12 13 14 15 16 17 18 19 20 21 22 23 24 25 26 27 28 29 30 31 32 33 34 35 36 37 38 39 40 41 42 43 44 45 46 47 48 49 50 51 52 53 54 55 56 57 58 59 60 61 62
    expect : 0 1 2 3 4 5 6 7 8 9 10 11 12 13 14 15 16 17 18 19 20 21 22 23 24 25 26 27 28 29 30 31 32 33 34 35 36 37 38 39 40 41 42 43 44 45 46 47 48 49 50 51 52 53 54 55 56 57 58 59 60 61 62 63
    tri    : 0 0 1 3 6 10 15 21 28 36 45 55 66 78 91 105 120 136 153 171 190 210 231 253 276 300 325 351 378 406 435 465 496 528 561 595 630 666 703 741 780 820 861 903 946 990 1035 1081 1128 1176 1225 1275 1326 1378 1431 1485 1540 1596 1653 1711 1770 1830 1891 1953
    MISMATCH i=1 cnt=0 expect=1
    MISMATCH i=2 cnt=1 expect=2
    MISMATCH i=3 cnt=2 expect=3
    MISMATCH i=4 cnt=3 expect=4
    MISMATCH i=5 cnt=4 expect=5
    MISMATCH i=6 cnt=5 expect=6
    MISMATCH i=7 cnt=6 expect=7
    MISMATCH i=8 cnt=7 expect=8
    acc_maxdiff vs ref(cnt)=0.0  ref(cnt-1)=173328.0  ref(expect)=176400.0   jset_odd=0
    lane_mismatch=0  tri_odd=0  少一次的行数=63/64  hash=0x3c95e0f3
    rows=64 verdict=FAIL
[probe vf nest] tag=nest_o0i0b1 RUN FAIL  (rows 档位 6，失败 4)
