[probe vf nest] tag=nest_o0i2b1 outer=0 inner=2 body=1 ct_rows=0
  rows=0 
    i      :
    cnt    :
    expect :
    tri    :
    acc_maxdiff vs ref(cnt)=0.0  ref(cnt-1)=0.0  ref(expect)=0.0   jset_odd=0
    lane_mismatch=0  tri_odd=0  少一次的行数=0/0  hash=0x5e509dc5
    rows=0 verdict=PASS
  rows=1 
    i      : 0
    cnt    : 1
    expect : 1
    tri    : 1
    acc_maxdiff vs ref(cnt)=0.0  ref(cnt-1)=64.0  ref(expect)=0.0   jset_odd=0
    lane_mismatch=0  tri_odd=0  少一次的行数=0/1  hash=0xa56f47be
    rows=1 verdict=PASS
  rows=2 
    i      : 0 1
    cnt    : 1 2
    expect : 1 2
    tri    : 1 3
    acc_maxdiff vs ref(cnt)=0.0  ref(cnt-1)=432.0  ref(expect)=0.0   jset_odd=0
    lane_mismatch=0  tri_odd=0  少一次的行数=0/2  hash=0xa4354f09
    rows=2 verdict=PASS
  rows=3 
    i      : 0 1 2
    cnt    : 1 2 3
    expect : 1 2 3
    tri    : 1 3 6
    acc_maxdiff vs ref(cnt)=0.0  ref(cnt-1)=880.0  ref(expect)=0.0   jset_odd=0
    lane_mismatch=0  tri_odd=0  少一次的行数=0/3  hash=0xacd126a9
    rows=3 verdict=PASS
  rows=4 
    i      : 0 1 2 3
    cnt    : 1 2 3 4
    expect : 1 2 3 4
    tri    : 1 3 6 10
    acc_maxdiff vs ref(cnt)=0.0  ref(cnt-1)=1408.0  ref(expect)=0.0   jset_odd=0
    lane_mismatch=0  tri_odd=0  少一次的行数=0/4  hash=0x08584d6a
    rows=4 verdict=PASS
  rows=64
    i      : 0 1 2 3 4 5 6 7 8 9 10 11 12 13 14 15 16 17 18 19 20 21 22 23 24 25 26 27 28 29 30 31 32 33 34 35 36 37 38 39 40 41 42 43 44 45 46 47 48 49 50 51 52 53 54 55 56 57 58 59 60 61 62 63
    cnt    : 1 2 3 4 5 6 7 8 9 10 11 12 13 14 15 16 17 18 19 20 21 22 23 24 25 26 27 28 29 30 31 32 33 34 35 36 37 38 39 40 41 42 43 44 45 46 47 48 49 50 51 52 53 54 55 56 57 58 59 60 61 62 63 64
    expect : 1 2 3 4 5 6 7 8 9 10 11 12 13 14 15 16 17 18 19 20 21 22 23 24 25 26 27 28 29 30 31 32 33 34 35 36 37 38 39 40 41 42 43 44 45 46 47 48 49 50 51 52 53 54 55 56 57 58 59 60 61 62 63 64
    tri    : 1 3 6 10 15 21 28 36 45 55 66 78 91 105 120 136 153 171 190 210 231 253 276 300 325 351 378 406 435 465 496 528 561 595 630 666 703 741 780 820 861 903 946 990 1035 1081 1128 1176 1225 1275 1326 1378 1431 1485 1540 1596 1653 1711 1770 1830 1891 1953 2016 2080
    acc_maxdiff vs ref(cnt)=0.0  ref(cnt-1)=179488.0  ref(expect)=0.0   jset_odd=0
    lane_mismatch=0  tri_odd=0  少一次的行数=0/64  hash=0x57538122
    rows=64 verdict=PASS
[probe vf nest] tag=nest_o0i2b1 RUN PASS  (rows 档位 6，失败 0)
