[probe vf nest] tag=nest_o0i1b1 outer=0 inner=1 body=1 ct_rows=0
  rows=0 
    i      :
    cnt    :
    expect :
    tri    :
    acc_maxdiff vs ref(cnt)=0.0  ref(cnt-1)=0.0  ref(expect)=0.0   jset_odd=0
    lane_mismatch=0  tri_odd=0  少一次的行数=0/0  hash=0x5e509dc5
    rows=0 verdict=PASS
  rows=1 
    i      : 0
    cnt    : 0
    expect : 0
    tri    : 0
    acc_maxdiff vs ref(cnt)=0.0  ref(cnt-1)=0.0  ref(expect)=0.0   jset_odd=0
    lane_mismatch=0  tri_odd=0  少一次的行数=0/1  hash=0x5e509dc5
    rows=1 verdict=PASS
  rows=2 
    i      : 0 1
    cnt    : 0 256
    expect : 0 0
    tri    : 0 32896
    MISMATCH i=1 cnt=256 expect=0
    JSET-ODD i=1 cnt=256 Σa=10880（前缀应为 33920）⇒ Σj=9600（前缀应为 32640）
    acc_maxdiff vs ref(cnt)=0.0  ref(cnt-1)=0.0  ref(expect)=0.0   jset_odd=1
    lane_mismatch=0  tri_odd=0  少一次的行数=0/2  hash=0xa33500c5
    rows=2 verdict=FAIL
  rows=3 
    i      : 0 1 2
    cnt    : 0 256 257
    expect : 0 0 1
    tri    : 0 32896 33153
    MISMATCH i=1 cnt=256 expect=0
    MISMATCH i=2 cnt=257 expect=1
    JSET-ODD i=1 cnt=256 Σa=10880（前缀应为 33920）⇒ Σj=9600（前缀应为 32640）
    JSET-ODD i=2 cnt=257 Σa=11929（前缀应为 35209）⇒ Σj=9616（前缀应为 32896）
    acc_maxdiff vs ref(cnt)=0.0  ref(cnt-1)=0.0  ref(expect)=0.0   jset_odd=2
    lane_mismatch=0  tri_odd=0  少一次的行数=0/3  hash=0xbd531645
    rows=3 verdict=FAIL
  rows=4 
    i      : 0 1 2 3
    cnt    : 0 256 257 258
    expect : 0 0 1 2
    tri    : 0 32896 33153 33411
    MISMATCH i=1 cnt=256 expect=0
    MISMATCH i=2 cnt=257 expect=1
    MISMATCH i=3 cnt=258 expect=2
    JSET-ODD i=1 cnt=256 Σa=10880（前缀应为 33920）⇒ Σj=9600（前缀应为 32640）
    JSET-ODD i=2 cnt=257 Σa=11929（前缀应为 35209）⇒ Σj=9616（前缀应为 32896）
    JSET-ODD i=3 cnt=258 Σa=12987（前缀应为 36507）⇒ Σj=9633（前缀应为 33153）
    acc_maxdiff vs ref(cnt)=0.0  ref(cnt-1)=0.0  ref(expect)=0.0   jset_odd=3
    lane_mismatch=0  tri_odd=0  少一次的行数=0/4  hash=0x44148245
    rows=4 verdict=FAIL
  rows=64
    i      : 0 1 2 3 4 5 6 7 8 9 10 11 12 13 14 15 16 17 18 19 20 21 22 23 24 25 26 27 28 29 30 31 32 33 34 35 36 37 38 39 40 41 42 43 44 45 46 47 48 49 50 51 52 53 54 55 56 57 58 59 60 61 62 63
    cnt    : 0 256 257 258 259 260 261 262 263 264 265 266 267 268 269 270 271 272 273 274 275 276 277 278 279 280 281 282 283 284 285 286 287 288 289 290 291 292 293 294 295 296 297 298 299 300 301 302 303 304 305 306 307 308 309 310 311 312 313 314 315 316 317 318
    expect : 0 0 1 2 3 4 5 6 7 8 9 10 11 12 13 14 15 16 17 18 19 20 21 22 23 24 25 26 27 28 29 30 31 32 33 34 35 36 37 38 39 40 41 42 43 44 45 46 47 48 49 50 51 52 53 54 55 56 57 58 59 60 61 62
    tri    : 0 32896 33153 33411 33670 33930 34191 34453 34716 34980 35245 35511 35778 36046 36315 36585 36856 37128 37401 37675 37950 38226 38503 38781 39060 39340 39621 39903 40186 40470 40755 41041 41328 41616 41905 42195 42486 42778 43071 43365 43660 43956 44253 44551 44850 45150 45451 45753 46056 46360 46665 46971 47278 47586 47895 48205 48516 48828 49141 49455 49770 50086 50403 50721
    MISMATCH i=1 cnt=256 expect=0
    MISMATCH i=2 cnt=257 expect=1
    MISMATCH i=3 cnt=258 expect=2
    MISMATCH i=4 cnt=259 expect=3
    MISMATCH i=5 cnt=260 expect=4
    MISMATCH i=6 cnt=261 expect=5
    MISMATCH i=7 cnt=262 expect=6
    MISMATCH i=8 cnt=263 expect=7
    JSET-ODD i=1 cnt=256 Σa=10880（前缀应为 33920）⇒ Σj=9600（前缀应为 32640）
    JSET-ODD i=2 cnt=257 Σa=11929（前缀应为 35209）⇒ Σj=9616（前缀应为 32896）
    JSET-ODD i=3 cnt=258 Σa=12987（前缀应为 36507）⇒ Σj=9633（前缀应为 33153）
    JSET-ODD i=4 cnt=259 Σa=14054（前缀应为 37814）⇒ Σj=9651（前缀应为 33411）
    JSET-ODD i=5 cnt=260 Σa=15130（前缀应为 39130）⇒ Σj=9670（前缀应为 33670）
    JSET-ODD i=6 cnt=261 Σa=16215（前缀应为 40455）⇒ Σj=9690（前缀应为 33930）
    JSET-ODD i=7 cnt=262 Σa=17309（前缀应为 41789）⇒ Σj=9711（前缀应为 34191）
    JSET-ODD i=8 cnt=263 Σa=18412（前缀应为 43132）⇒ Σj=9733（前缀应为 34453）
    JSET-ODD i=9 cnt=264 Σa=19524（前缀应为 44484）⇒ Σj=9756（前缀应为 34716）
    JSET-ODD i=10 cnt=265 Σa=20645（前缀应为 45845）⇒ Σj=9780（前缀应为 34980）
    JSET-ODD i=11 cnt=266 Σa=21775（前缀应为 47215）⇒ Σj=9805（前缀应为 35245）
    JSET-ODD i=12 cnt=267 Σa=22914（前缀应为 48594）⇒ Σj=9831（前缀应为 35511）
    JSET-ODD i=13 cnt=268 Σa=24062（前缀应为 49982）⇒ Σj=9858（前缀应为 35778）
    JSET-ODD i=14 cnt=269 Σa=25219（前缀应为 51379）⇒ Σj=9886（前缀应为 36046）
    JSET-ODD i=15 cnt=270 Σa=26385（前缀应为 52785）⇒ Σj=9915（前缀应为 36315）
    JSET-ODD i=16 cnt=271 Σa=27560（前缀应为 54200）⇒ Σj=9945（前缀应为 36585）
    JSET-ODD i=17 cnt=272 Σa=28744（前缀应为 55624）⇒ Σj=9976（前缀应为 36856）
    JSET-ODD i=18 cnt=273 Σa=29937（前缀应为 57057）⇒ Σj=10008（前缀应为 37128）
    JSET-ODD i=19 cnt=274 Σa=31139（前缀应为 58499）⇒ Σj=10041（前缀应为 37401）
    JSET-ODD i=20 cnt=275 Σa=32350（前缀应为 59950）⇒ Σj=10075（前缀应为 37675）
    JSET-ODD i=21 cnt=276 Σa=33570（前缀应为 61410）⇒ Σj=10110（前缀应为 37950）
    JSET-ODD i=22 cnt=277 Σa=34799（前缀应为 62879）⇒ Σj=10146（前缀应为 38226）
    JSET-ODD i=23 cnt=278 Σa=36037（前缀应为 64357）⇒ Σj=10183（前缀应为 38503）
    JSET-ODD i=24 cnt=279 Σa=37284（前缀应为 65844）⇒ Σj=10221（前缀应为 38781）
    JSET-ODD i=25 cnt=280 Σa=38540（前缀应为 67340）⇒ Σj=10260（前缀应为 39060）
    JSET-ODD i=26 cnt=281 Σa=39805（前缀应为 68845）⇒ Σj=10300（前缀应为 39340）
    JSET-ODD i=27 cnt=282 Σa=41079（前缀应为 70359）⇒ Σj=10341（前缀应为 39621）
    JSET-ODD i=28 cnt=283 Σa=42362（前缀应为 71882）⇒ Σj=10383（前缀应为 39903）
    JSET-ODD i=29 cnt=284 Σa=43654（前缀应为 73414）⇒ Σj=10426（前缀应为 40186）
    JSET-ODD i=30 cnt=285 Σa=44955（前缀应为 74955）⇒ Σj=10470（前缀应为 40470）
    JSET-ODD i=31 cnt=286 Σa=46265（前缀应为 76505）⇒ Σj=10515（前缀应为 40755）
    JSET-ODD i=32 cnt=287 Σa=47584（前缀应为 78064）⇒ Σj=10561（前缀应为 41041）
    JSET-ODD i=33 cnt=288 Σa=48912（前缀应为 79632）⇒ Σj=10608（前缀应为 41328）
    JSET-ODD i=34 cnt=289 Σa=50249（前缀应为 81209）⇒ Σj=10656（前缀应为 41616）
    JSET-ODD i=35 cnt=290 Σa=51595（前缀应为 82795）⇒ Σj=10705（前缀应为 41905）
    JSET-ODD i=36 cnt=291 Σa=52950（前缀应为 84390）⇒ Σj=10755（前缀应为 42195）
    JSET-ODD i=37 cnt=292 Σa=54314（前缀应为 85994）⇒ Σj=10806（前缀应为 42486）
    JSET-ODD i=38 cnt=293 Σa=55687（前缀应为 87607）⇒ Σj=10858（前缀应为 42778）
    JSET-ODD i=39 cnt=294 Σa=57069（前缀应为 89229）⇒ Σj=10911（前缀应为 43071）
    JSET-ODD i=40 cnt=295 Σa=58460（前缀应为 90860）⇒ Σj=10965（前缀应为 43365）
    JSET-ODD i=41 cnt=296 Σa=59860（前缀应为 92500）⇒ Σj=11020（前缀应为 43660）
    JSET-ODD i=42 cnt=297 Σa=61269（前缀应为 94149）⇒ Σj=11076（前缀应为 43956）
    JSET-ODD i=43 cnt=298 Σa=62687（前缀应为 95807）⇒ Σj=11133（前缀应为 44253）
    JSET-ODD i=44 cnt=299 Σa=64114（前缀应为 97474）⇒ Σj=11191（前缀应为 44551）
    JSET-ODD i=45 cnt=300 Σa=65550（前缀应为 99150）⇒ Σj=11250（前缀应为 44850）
    JSET-ODD i=46 cnt=301 Σa=66995（前缀应为 100835）⇒ Σj=11310（前缀应为 45150）
    JSET-ODD i=47 cnt=302 Σa=68449（前缀应为 102529）⇒ Σj=11371（前缀应为 45451）
    JSET-ODD i=48 cnt=303 Σa=69912（前缀应为 104232）⇒ Σj=11433（前缀应为 45753）
    JSET-ODD i=49 cnt=304 Σa=71384（前缀应为 105944）⇒ Σj=11496（前缀应为 46056）
    JSET-ODD i=50 cnt=305 Σa=72865（前缀应为 107665）⇒ Σj=11560（前缀应为 46360）
    JSET-ODD i=51 cnt=306 Σa=74355（前缀应为 109395）⇒ Σj=11625（前缀应为 46665）
    JSET-ODD i=52 cnt=307 Σa=75854（前缀应为 111134）⇒ Σj=11691（前缀应为 46971）
    JSET-ODD i=53 cnt=308 Σa=77362（前缀应为 112882）⇒ Σj=11758（前缀应为 47278）
    JSET-ODD i=54 cnt=309 Σa=78879（前缀应为 114639）⇒ Σj=11826（前缀应为 47586）
    JSET-ODD i=55 cnt=310 Σa=80405（前缀应为 116405）⇒ Σj=11895（前缀应为 47895）
    JSET-ODD i=56 cnt=311 Σa=81940（前缀应为 118180）⇒ Σj=11965（前缀应为 48205）
    JSET-ODD i=57 cnt=312 Σa=83484（前缀应为 119964）⇒ Σj=12036（前缀应为 48516）
    JSET-ODD i=58 cnt=313 Σa=85037（前缀应为 121757）⇒ Σj=12108（前缀应为 48828）
    JSET-ODD i=59 cnt=314 Σa=86599（前缀应为 123559）⇒ Σj=12181（前缀应为 49141）
    JSET-ODD i=60 cnt=315 Σa=88170（前缀应为 125370）⇒ Σj=12255（前缀应为 49455）
    JSET-ODD i=61 cnt=316 Σa=74150（前缀应为 127190）⇒ Σj=-3270（前缀应为 49770）
    JSET-ODD i=62 cnt=317 Σa=59083（前缀应为 129019）⇒ Σj=-19850（前缀应为 50086）
    JSET-ODD i=63 cnt=318 Σa=44289（前缀应为 130857）⇒ Σj=-36165（前缀应为 50403）
    acc_maxdiff vs ref(cnt)=0.0  ref(cnt-1)=0.0  ref(expect)=0.0   jset_odd=63
    lane_mismatch=0  tri_odd=0  少一次的行数=0/64  hash=0xc876b3c5
    rows=64 verdict=FAIL
[probe vf nest] tag=nest_o0i1b1 RUN FAIL  (rows 档位 6，失败 4)
