[probe vf nest] tag=nest_o3i0b1 outer=3 inner=0 body=1 ct_rows=0
  rows=0 
    i      :
    cnt    :
    expect :
    tri    :
    acc_maxdiff vs ref(cnt)=0.0  ref(cnt-1)=0.0  ref(expect)=0.0   jset_odd=0
    lane_mismatch=0  tri_odd=0  少一次的行数=0/0  hash=0x5e509dc5
    rows=0 verdict=PASS
  rows=1 
    i      : 0
    cnt    : 0
    expect : 0
    tri    : 0
    acc_maxdiff vs ref(cnt)=0.0  ref(cnt-1)=0.0  ref(expect)=0.0   jset_odd=0
    lane_mismatch=0  tri_odd=0  少一次的行数=0/1  hash=0x5e509dc5
    rows=1 verdict=PASS
  rows=2 
    i      : 0 1
    cnt    : 0 1
    expect : 0 1
    tri    : 0 1
    acc_maxdiff vs ref(cnt)=0.0  ref(cnt-1)=320.0  ref(expect)=0.0   jset_odd=0
    lane_mismatch=0  tri_odd=0  少一次的行数=0/2  hash=0xdc315a46
    rows=2 verdict=PASS
  rows=3 
    i      : 0 1 2
    cnt    : 0 1 2
    expect : 0 1 2
    tri    : 0 1 3
    acc_maxdiff vs ref(cnt)=0.0  ref(cnt-1)=720.0  ref(expect)=0.0   jset_odd=0
    lane_mismatch=0  tri_odd=0  少一次的行数=0/3  hash=0x69bb18d4
    rows=3 verdict=PASS
  rows=4 
    i      : 0 1 2 3
    cnt    : 0 1 2 3
    expect : 0 1 2 3
    tri    : 0 1 3 6
    acc_maxdiff vs ref(cnt)=0.0  ref(cnt-1)=1200.0  ref(expect)=0.0   jset_odd=0
    lane_mismatch=0  tri_odd=0  少一次的行数=0/4  hash=0xc7291e24
    rows=4 verdict=PASS
  rows=64
    i      : 0 1 2 3 4 5 6 7 8 9 10 11 12 13 14 15 16 17 18 19 20 21 22 23 24 25 26 27 28 29 30 31 32 33 34 35 36 37 38 39 40 41 42 43 44 45 46 47 48 49 50 51 52 53 54 55 56 57 58 59 60 61 62 63
    cnt    : 0 1 2 3 4 5 6 7 8 9 10 11 12 13 14 15 16 17 18 19 20 21 22 23 24 25 26 27 28 29 30 31 32 33 34 35 36 37 38 39 40 41 42 43 44 45 46 47 48 49 50 51 52 53 54 55 56 57 58 59 60 61 62 63
    expect : 0 1 2 3 4 5 6 7 8 9 10 11 12 13 14 15 16 17 18 19 20 21 22 23 24 25 26 27 28 29 30 31 32 33 34 35 36 37 38 39 40 41 42 43 44 45 46 47 48 49 50 51 52 53 54 55 56 57 58 59 60 61 62 63
    tri    : 0 1 3 6 10 15 21 28 36 45 55 66 78 91 105 120 136 153 171 190 210 231 253 276 300 325 351 378 406 435 465 496 528 561 595 630 666 703 741 780 820 861 903 946 990 1035 1081 1128 1176 1225 1275 1326 1378 1431 1485 1540 1596 1653 1711 1770 1830 1891 1953 2016
    acc_maxdiff vs ref(cnt)=0.0  ref(cnt-1)=176400.0  ref(expect)=0.0   jset_odd=0
    lane_mismatch=0  tri_odd=0  少一次的行数=0/64  hash=0x1f809321
    rows=64 verdict=PASS
[probe vf nest] tag=nest_o3i0b1 RUN PASS  (rows 档位 6，失败 0)
