# m26_moe_prefill 变异档：删掉 ig.Run() 之前的全体 AIV 屏障（= r2 的 P1-1 那一条），跑 3 次
date=2026-10-04T08:51:33+00:00
tip=ef2e670c2bcac44b19769a73c9a6012741e0d7d2
source_before_mutant_sha256=e7167e4b5f87aab331a73e083923051270e126f887a62f84b17dd51ce26f9ec5
== 变异前后**只差这一处**的证明（备份 vs 变异后，全量输出）==
--- /tmp/m118_hdr_nVxduo.h	2026-10-04 08:51:33.372680300 +0000
+++ /workspace/ascend_mega_kernel/.tower/worktrees/wt-118/m15_layer_loop/m15_moe_prefill.h	2026-10-04 08:51:33.386680300 +0000
@@ -1235,5 +1235,5 @@
             //   这是**新引入**的跨核依赖，必须显式补屏障。
             // wait 挂 PIPE_S：读者是标量 GM 读；set 侧是 MTE3（drain 落盘）。
-            BarrierAivStep<PIPE_S>(1);
+            // [MUTANT] r2 的 ig.Run() 前屏障被删（仅本变异档）
             if (isPrimary) {                                  // S3：索引生成（AIV0 单核）
                 ig.Run();
source_after_mutant_sha256=0f306f38dc92e605b7d0463bae86b705ebba7a44d5e659287d622d63a28fb311
mutant build rc=0
-- npu-smi (in-lock) --
+========+==================+===============+=====================================================+
| 0      | Ascend950PR      | OK            | 264.5       63                0     / 0             |
|        |                  | 0000:61:00.0  | 0           0    / 0          5474  / 131072        |
+========+==================+===============+=====================================================+
+---------------------------+---------------+-----------------------------------------------------+
| NPU ID                    | Process id    | Process name             | Process memory(MB)       |
+===========================+===============+=====================================================+
| No running processes found in NPU 0                                                             |
+===========================+===============+=====================================================+
-- device error report --
	NPU ID                         : 0
	Health Status                  : OK
	Error Code                     : NA
	Error Information              : NA

-- mutant run 1 --
G3 max |sum(topk_w) - 1| = 1.192e-07
G4 ws tail still poisoned: 64/64 bytes
HARNESS: green
mutant-run-1-rc=0
-- mutant run 2 --
G3 max |sum(topk_w) - 1| = 1.192e-07
G4 ws tail still poisoned: 64/64 bytes
HARNESS: green
mutant-run-2-rc=0
-- mutant run 3 --
G3 max |sum(topk_w) - 1| = 1.192e-07
G4 ws tail still poisoned: 64/64 bytes
HARNESS: green
mutant-run-3-rc=0
== mutant judge #1（期望 rc=1）==
== 判定项 10 条：10 PASS / 0 FAIL（判定元素 1676047，超界 0）
   [PASS] J1 topk_ids（safe 行；59/64 行） (590/590)
   [PASS] J1b topk_ids 的**集合**（全部行：忽略列内顺序） (640/640)
   [PASS] J2 router_logits（T3） (32768/32768)
   [PASS] J3 sgate 裸点积（T3） (64/64)
   [PASS] J4 topk_weights（T3，梯度上界） (640/640)
   [PASS] J5 S3 counts[E] (512/512)
   [PASS] J6 S3 offsets[E+1] (513/513)
   [PASS] J7 S3 perm_src/perm_expert（稳定计数排序） (1280/1280)
   [PASS] J8 S3 inv_slot[t,k] = 该 (t,k) 在 permuted 序里的位置 (640/640)
   [PASS] J9 S4 xsorted[pos] == xnorm[perm_src[pos]]（逐字节） (1638400/1638400)
== 报告项 9 条
   S3 Σt_e                                              640 (期望 m*TOPK = 640)
   logits max|Δ|                                        2.4163e-08
   logits 容差占用（max |Δ|/tol）                             0.0016
   min 10/11 名间隔（reference）                             6.7040e-06
   tie-risk 行数（gap ≤ 4×tol）                             5 / 64
   weights max|Δ|                                       1.2713e-08
   sgate max|Δ|                                         1.1560e-09
   logits 行内跨专家极差（min over rows）                        3.6254e-02
   sgate 跨行极差                                           4.4248e-03
== guard 7 条：全绿
   [OK ] G7 S3 的跨核覆盖成立（多写者 + m 足够） (nAiv=56, m=64)
   [OK ] G1 logits 行内跨专家非常量（极差 > 1e-3） 
   [OK ] G2 logits 跨行非常量（行 0 与行 m-1 不相等） 
   [OK ] G3 ids 全在 [0, E) 且行内互异 
   [OK ] G4 weights 行和为 1（±1e-5） 
   [OK ] G5 权重非退化（行内不是单一 1.0 全给第一名） 
   [OK ] G6 sgate 跨行非常量 
RESULT: PASS
mutant-judge-1-rc=0
== mutant judge #2（期望 rc=1）==
== 判定项 10 条：10 PASS / 0 FAIL（判定元素 1676047，超界 0）
   [PASS] J1 topk_ids（safe 行；59/64 行） (590/590)
   [PASS] J1b topk_ids 的**集合**（全部行：忽略列内顺序） (640/640)
   [PASS] J2 router_logits（T3） (32768/32768)
   [PASS] J3 sgate 裸点积（T3） (64/64)
   [PASS] J4 topk_weights（T3，梯度上界） (640/640)
   [PASS] J5 S3 counts[E] (512/512)
   [PASS] J6 S3 offsets[E+1] (513/513)
   [PASS] J7 S3 perm_src/perm_expert（稳定计数排序） (1280/1280)
   [PASS] J8 S3 inv_slot[t,k] = 该 (t,k) 在 permuted 序里的位置 (640/640)
   [PASS] J9 S4 xsorted[pos] == xnorm[perm_src[pos]]（逐字节） (1638400/1638400)
== 报告项 9 条
   S3 Σt_e                                              640 (期望 m*TOPK = 640)
   logits max|Δ|                                        2.4163e-08
   logits 容差占用（max |Δ|/tol）                             0.0016
   min 10/11 名间隔（reference）                             6.7040e-06
   tie-risk 行数（gap ≤ 4×tol）                             5 / 64
   weights max|Δ|                                       1.2713e-08
   sgate max|Δ|                                         1.1560e-09
   logits 行内跨专家极差（min over rows）                        3.6254e-02
   sgate 跨行极差                                           4.4248e-03
== guard 7 条：全绿
   [OK ] G7 S3 的跨核覆盖成立（多写者 + m 足够） (nAiv=56, m=64)
   [OK ] G1 logits 行内跨专家非常量（极差 > 1e-3） 
   [OK ] G2 logits 跨行非常量（行 0 与行 m-1 不相等） 
   [OK ] G3 ids 全在 [0, E) 且行内互异 
   [OK ] G4 weights 行和为 1（±1e-5） 
   [OK ] G5 权重非退化（行内不是单一 1.0 全给第一名） 
   [OK ] G6 sgate 跨行非常量 
RESULT: PASS
mutant-judge-2-rc=0
== mutant judge #3（期望 rc=1）==
== 判定项 10 条：10 PASS / 0 FAIL（判定元素 1676047，超界 0）
   [PASS] J1 topk_ids（safe 行；59/64 行） (590/590)
   [PASS] J1b topk_ids 的**集合**（全部行：忽略列内顺序） (640/640)
   [PASS] J2 router_logits（T3） (32768/32768)
   [PASS] J3 sgate 裸点积（T3） (64/64)
   [PASS] J4 topk_weights（T3，梯度上界） (640/640)
   [PASS] J5 S3 counts[E] (512/512)
   [PASS] J6 S3 offsets[E+1] (513/513)
   [PASS] J7 S3 perm_src/perm_expert（稳定计数排序） (1280/1280)
   [PASS] J8 S3 inv_slot[t,k] = 该 (t,k) 在 permuted 序里的位置 (640/640)
   [PASS] J9 S4 xsorted[pos] == xnorm[perm_src[pos]]（逐字节） (1638400/1638400)
== 报告项 9 条
   S3 Σt_e                                              640 (期望 m*TOPK = 640)
   logits max|Δ|                                        2.4163e-08
   logits 容差占用（max |Δ|/tol）                             0.0016
   min 10/11 名间隔（reference）                             6.7040e-06
   tie-risk 行数（gap ≤ 4×tol）                             5 / 64
   weights max|Δ|                                       1.2713e-08
   sgate max|Δ|                                         1.1560e-09
   logits 行内跨专家极差（min over rows）                        3.6254e-02
   sgate 跨行极差                                           4.4248e-03
== guard 7 条：全绿
   [OK ] G7 S3 的跨核覆盖成立（多写者 + m 足够） (nAiv=56, m=64)
   [OK ] G1 logits 行内跨专家非常量（极差 > 1e-3） 
   [OK ] G2 logits 跨行非常量（行 0 与行 m-1 不相等） 
   [OK ] G3 ids 全在 [0, E) 且行内互异 
   [OK ] G4 weights 行和为 1（±1e-5） 
   [OK ] G5 权重非退化（行内不是单一 1.0 全给第一名） 
   [OK ] G6 sgate 跨行非常量 
RESULT: PASS
mutant-judge-3-rc=0
== restore check ==
restored_sha256=e7167e4b5f87aab331a73e083923051270e126f887a62f84b17dd51ce26f9ec5
git_status_after_restore= M m15_layer_loop/m15_moe_prefill.h 
 m15_layer_loop/m15_moe_prefill.h | 28 ++++++++++++++++------------
 1 file changed, 16 insertions(+), 12 deletions(-)
== 结论 ==
mutant_judge_red_count=0 / 3
MUTANT DID NOT BITE in 3 runs：缺屏障的实现在这 3 次里判据全绿。
  这是一条**真读数**（不许含糊成判据不敏感）：本竞态是时序相关的，N 次没撞上
  不等于判据不敏感 —— 判据对读到错 ids这件事的敏感性由负向对照 V5 直接见证
  （V5 只改 ids 一行，J1/J1b/J5–J9 立刻变红，见 evidence/negctl.log）。
