# m26_moe_prefill 变异档（MUT_MODE=no_barrier_wide）：删掉 ig.Run() 之前的全体 AIV 屏障（= r2 的 P1-1 那一条），跑 3 次
#   no_barrier      = 只删屏障（观察真实时序）
#   no_barrier_wide = 再让非 0 号 AIV 在其 topk 前自旋（**人为**拉宽竞态窗，只为定位读不到陈旧值是窗口问题还是判据问题）
date=2026-10-04T08:54:21+00:00
tip=ef2e670c2bcac44b19769a73c9a6012741e0d7d2
source_before_mutant_sha256=e7167e4b5f87aab331a73e083923051270e126f887a62f84b17dd51ce26f9ec5
== 变异前后**只差这一处**的证明（备份 vs 变异后，全量输出）==
--- /tmp/m118_hdr_zhGe7p.h	2026-10-04 08:54:21.954681805 +0000
+++ /workspace/ascend_mega_kernel/.tower/worktrees/wt-118/m15_layer_loop/m15_moe_prefill.h	2026-10-04 08:54:21.968681805 +0000
@@ -1226,4 +1226,5 @@
         if (sl >= 2u) {                                       // S2b：top-k（等 AIC 的 mmad logits）
             AscendC::CrossCoreWaitFlag<M15PFR::PFR_CC_MODE2, PIPE_MTE2>(M15PFR::PFR_FLAG_M2_RING[0]);
+            if (bid != 0u) { for (uint32_t s_ = 0; s_ < 20000u; ++s_) { AscendC::PipeBarrier<PIPE_ALL>(); } }
             topk.Run(bid, nAiv);
             // **全体 AIV 屏障，必须在 `ig.Run()` 之前**（r1 复审 P1-1）：S3 由 AIV0 独占并
@@ -1235,5 +1236,5 @@
             //   这是**新引入**的跨核依赖，必须显式补屏障。
             // wait 挂 PIPE_S：读者是标量 GM 读；set 侧是 MTE3（drain 落盘）。
-            BarrierAivStep<PIPE_S>(1);
+            // [MUTANT] r2 的 ig.Run() 前屏障被删（仅本变异档）
             if (isPrimary) {                                  // S3：索引生成（AIV0 单核）
                 ig.Run();
source_after_mutant_sha256=caa728beb52c2310ce6a516862eb29f038e24740c6c817df65902dcb55ec1396
mutant build rc=0
-- npu-smi (in-lock) --
+========+==================+===============+=====================================================+
| 0      | Ascend950PR      | OK            | 266.2       64                0     / 0             |
|        |                  | 0000:61:00.0  | 0           0    / 0          5468  / 131072        |
+========+==================+===============+=====================================================+
+---------------------------+---------------+-----------------------------------------------------+
| NPU ID                    | Process id    | Process name             | Process memory(MB)       |
+===========================+===============+=====================================================+
| No running processes found in NPU 0                                                             |
+===========================+===============+=====================================================+
-- device error report --
	NPU ID                         : 0
	Health Status                  : OK
	Error Code                     : NA
	Error Information              : NA

-- mutant run 1 --
G3 max |sum(topk_w) - 1| = 1.192e-07
G4 ws tail still poisoned: 64/64 bytes
HARNESS: green
mutant-run-1-rc=0
-- mutant run 2 --
G3 max |sum(topk_w) - 1| = 1.192e-07
G4 ws tail still poisoned: 64/64 bytes
HARNESS: green
mutant-run-2-rc=0
-- mutant run 3 --
G3 max |sum(topk_w) - 1| = 1.192e-07
G4 ws tail still poisoned: 64/64 bytes
HARNESS: green
mutant-run-3-rc=0
-- /tmp/m26_mut 的 dump 目录（判据前先看清楚谁在）--
/tmp/m26_mut/m26_out_mut1
/tmp/m26_mut/m26_out_mut2
/tmp/m26_mut/m26_out_mut3
== mutant judge #1（期望 rc=1）==
== 判定项 10 条：5 PASS / 5 FAIL（判定元素 1676047，超界 1640878）
   [PASS] J1 topk_ids（safe 行；59/64 行） (590/590)
   [PASS] J1b topk_ids 的**集合**（全部行：忽略列内顺序） (640/640)
   [PASS] J2 router_logits（T3） (32768/32768)
   [PASS] J3 sgate 裸点积（T3） (64/64)
   [PASS] J4 topk_weights（T3，梯度上界） (640/640)
   [FAIL] J5 S3 counts[E] (461/512)
   [FAIL] J6 S3 offsets[E+1] (5/513)
   [FAIL] J7 S3 perm_src/perm_expert（稳定计数排序） (0/1280)
   [FAIL] J8 S3 inv_slot[t,k] = 该 (t,k) 在 permuted 序里的位置 (1/640)
   [FAIL] J9 S4 xsorted[pos] == xnorm[perm_src[pos]]（逐字节） (0/1638400)
== 报告项 9 条
   S3 Σt_e                                              20 (期望 m*TOPK = 640)
   logits max|Δ|                                        2.4163e-08
   logits 容差占用（max |Δ|/tol）                             0.0016
   min 10/11 名间隔（reference）                             6.7040e-06
   tie-risk 行数（gap ≤ 4×tol）                             5 / 64
   weights max|Δ|                                       1.2713e-08
   sgate max|Δ|                                         1.1560e-09
   logits 行内跨专家极差（min over rows）                        3.6254e-02
   sgate 跨行极差                                           4.4248e-03
== guard 7 条：全绿
   [OK ] G7 S3 的跨核覆盖成立（多写者 + m 足够） (nAiv=56, m=64)
   [OK ] G1 logits 行内跨专家非常量（极差 > 1e-3） 
   [OK ] G2 logits 跨行非常量（行 0 与行 m-1 不相等） 
   [OK ] G3 ids 全在 [0, E) 且行内互异 
   [OK ] G4 weights 行和为 1（±1e-5） 
   [OK ] G5 权重非退化（行内不是单一 1.0 全给第一名） 
   [OK ] G6 sgate 跨行非常量 
RESULT: FAIL
mutant-judge-1-rc=1
== mutant judge #2（期望 rc=1）==
== 判定项 10 条：5 PASS / 5 FAIL（判定元素 1676047，超界 1640878）
   [PASS] J1 topk_ids（safe 行；59/64 行） (590/590)
   [PASS] J1b topk_ids 的**集合**（全部行：忽略列内顺序） (640/640)
   [PASS] J2 router_logits（T3） (32768/32768)
   [PASS] J3 sgate 裸点积（T3） (64/64)
   [PASS] J4 topk_weights（T3，梯度上界） (640/640)
   [FAIL] J5 S3 counts[E] (461/512)
   [FAIL] J6 S3 offsets[E+1] (5/513)
   [FAIL] J7 S3 perm_src/perm_expert（稳定计数排序） (0/1280)
   [FAIL] J8 S3 inv_slot[t,k] = 该 (t,k) 在 permuted 序里的位置 (1/640)
   [FAIL] J9 S4 xsorted[pos] == xnorm[perm_src[pos]]（逐字节） (0/1638400)
== 报告项 9 条
   S3 Σt_e                                              20 (期望 m*TOPK = 640)
   logits max|Δ|                                        2.4163e-08
   logits 容差占用（max |Δ|/tol）                             0.0016
   min 10/11 名间隔（reference）                             6.7040e-06
   tie-risk 行数（gap ≤ 4×tol）                             5 / 64
   weights max|Δ|                                       1.2713e-08
   sgate max|Δ|                                         1.1560e-09
   logits 行内跨专家极差（min over rows）                        3.6254e-02
   sgate 跨行极差                                           4.4248e-03
== guard 7 条：全绿
   [OK ] G7 S3 的跨核覆盖成立（多写者 + m 足够） (nAiv=56, m=64)
   [OK ] G1 logits 行内跨专家非常量（极差 > 1e-3） 
   [OK ] G2 logits 跨行非常量（行 0 与行 m-1 不相等） 
   [OK ] G3 ids 全在 [0, E) 且行内互异 
   [OK ] G4 weights 行和为 1（±1e-5） 
   [OK ] G5 权重非退化（行内不是单一 1.0 全给第一名） 
   [OK ] G6 sgate 跨行非常量 
RESULT: FAIL
mutant-judge-2-rc=1
== mutant judge #3（期望 rc=1）==
== 判定项 10 条：5 PASS / 5 FAIL（判定元素 1676047，超界 1640878）
   [PASS] J1 topk_ids（safe 行；59/64 行） (590/590)
   [PASS] J1b topk_ids 的**集合**（全部行：忽略列内顺序） (640/640)
   [PASS] J2 router_logits（T3） (32768/32768)
   [PASS] J3 sgate 裸点积（T3） (64/64)
   [PASS] J4 topk_weights（T3，梯度上界） (640/640)
   [FAIL] J5 S3 counts[E] (461/512)
   [FAIL] J6 S3 offsets[E+1] (5/513)
   [FAIL] J7 S3 perm_src/perm_expert（稳定计数排序） (0/1280)
   [FAIL] J8 S3 inv_slot[t,k] = 该 (t,k) 在 permuted 序里的位置 (1/640)
   [FAIL] J9 S4 xsorted[pos] == xnorm[perm_src[pos]]（逐字节） (0/1638400)
== 报告项 9 条
   S3 Σt_e                                              20 (期望 m*TOPK = 640)
   logits max|Δ|                                        2.4163e-08
   logits 容差占用（max |Δ|/tol）                             0.0016
   min 10/11 名间隔（reference）                             6.7040e-06
   tie-risk 行数（gap ≤ 4×tol）                             5 / 64
   weights max|Δ|                                       1.2713e-08
   sgate max|Δ|                                         1.1560e-09
   logits 行内跨专家极差（min over rows）                        3.6254e-02
   sgate 跨行极差                                           4.4248e-03
== guard 7 条：全绿
   [OK ] G7 S3 的跨核覆盖成立（多写者 + m 足够） (nAiv=56, m=64)
   [OK ] G1 logits 行内跨专家非常量（极差 > 1e-3） 
   [OK ] G2 logits 跨行非常量（行 0 与行 m-1 不相等） 
   [OK ] G3 ids 全在 [0, E) 且行内互异 
   [OK ] G4 weights 行和为 1（±1e-5） 
   [OK ] G5 权重非退化（行内不是单一 1.0 全给第一名） 
   [OK ] G6 sgate 跨行非常量 
RESULT: FAIL
mutant-judge-3-rc=1
== restore check ==
restored_sha256=e7167e4b5f87aab331a73e083923051270e126f887a62f84b17dd51ce26f9ec5
git_status_after_restore= M m15_layer_loop/m15_moe_prefill.h 
 m15_layer_loop/m15_moe_prefill.h | 28 ++++++++++++++++------------
 1 file changed, 16 insertions(+), 12 deletions(-)
== 结论 ==
mutant_judge_red_count=3 / 3
MUTANT BITE: CONFIRMED（3/3 次变红 ⇒ J5–J9 对这道屏障敏感）
