== run router: m=64 --stage 2 ==
-- npu-smi (in-lock) --
+========+==================+===============+=====================================================+
| 0      | Ascend950PR      | OK            | 268.9       68                0     / 0             |
|        |                  | 0000:61:00.0  | 0           0    / 0          5467  / 131072        |
+========+==================+===============+=====================================================+
+---------------------------+---------------+-----------------------------------------------------+
| NPU ID                    | Process id    | Process name             | Process memory(MB)       |
+===========================+===============+=====================================================+
| No running processes found in NPU 0                                                             |
+===========================+===============+=====================================================+
G1 logits[0,64) poison/NaN=0, rows with spread>1e-3: 64/64
G2 ids out-of-range=0, in-row duplicates=0
G3 max |sum(topk_w) - 1| = 1.192e-07
G4 ws tail still poisoned: 64/64 bytes
HARNESS: green
run-router-rc=0
== run chain: m=64 --stage 3 ==
-- npu-smi (in-lock) --
+========+==================+===============+=====================================================+
| 0      | Ascend950PR      | OK            | 268.7       67                0     / 0             |
|        |                  | 0000:61:00.0  | 0           0    / 0          5467  / 131072        |
+========+==================+===============+=====================================================+
+---------------------------+---------------+-----------------------------------------------------+
| NPU ID                    | Process id    | Process name             | Process memory(MB)       |
+===========================+===============+=====================================================+
| No running processes found in NPU 0                                                             |
+===========================+===============+=====================================================+
G1 logits[0,64) poison/NaN=0, rows with spread>1e-3: 64/64
G2 ids out-of-range=0, in-row duplicates=0
G3 max |sum(topk_w) - 1| = 1.192e-07
G4 ws tail still poisoned: 64/64 bytes
HARNESS: green
run-chain-rc=0
== run router_m1: m=1 --stage 2 ==
-- npu-smi (in-lock) --
+========+==================+===============+=====================================================+
| 0      | Ascend950PR      | OK            | 270.2       68                0     / 0             |
|        |                  | 0000:61:00.0  | 0           0    / 0          5467  / 131072        |
+========+==================+===============+=====================================================+
+---------------------------+---------------+-----------------------------------------------------+
| NPU ID                    | Process id    | Process name             | Process memory(MB)       |
+===========================+===============+=====================================================+
| No running processes found in NPU 0                                                             |
+===========================+===============+=====================================================+
G1 logits[0,1) poison/NaN=0, rows with spread>1e-3: 1/1
G2 ids out-of-range=0, in-row duplicates=0
G3 max |sum(topk_w) - 1| = 0.000e+00
G4 ws tail still poisoned: 64/64 bytes
HARNESS: green
run-router_m1-rc=0
== run chain_m1: m=1 --stage 3 ==
-- npu-smi (in-lock) --
+========+==================+===============+=====================================================+
| 0      | Ascend950PR      | OK            | 269.4       67                0     / 0             |
|        |                  | 0000:61:00.0  | 0           0    / 0          5467  / 131072        |
+========+==================+===============+=====================================================+
+---------------------------+---------------+-----------------------------------------------------+
| NPU ID                    | Process id    | Process name             | Process memory(MB)       |
+===========================+===============+=====================================================+
| No running processes found in NPU 0                                                             |
+===========================+===============+=====================================================+
G1 logits[0,1) poison/NaN=0, rows with spread>1e-3: 1/1
G2 ids out-of-range=0, in-row duplicates=0
G3 max |sum(topk_w) - 1| = 0.000e+00
G4 ws tail still poisoned: 64/64 bytes
HARNESS: green
run-chain_m1-rc=0
