[M2] K=640  m=1   seed=0 inf=0 : PASS (qx 320 B, scale 20 B, bit-exact)
[M2] K=640  m=2   seed=0 inf=0 : PASS (qx 640 B, scale 40 B, bit-exact)
[M2] K=640  m=17  seed=0 inf=0 : PASS (qx 5440 B, scale 340 B, bit-exact)
[M2] K=640  m=128 seed=0 inf=0 : PASS (qx 40960 B, scale 2560 B, bit-exact)
[M2] K=640  m=256 seed=0 inf=0 : PASS (qx 81920 B, scale 5120 B, bit-exact)
[M2] K=640  m=1   seed=1 inf=0 : PASS (qx 320 B, scale 20 B, bit-exact)
[M2] K=640  m=2   seed=1 inf=0 : PASS (qx 640 B, scale 40 B, bit-exact)
[M2] K=640  m=17  seed=1 inf=0 : PASS (qx 5440 B, scale 340 B, bit-exact)
[M2] K=640  m=128 seed=1 inf=0 : PASS (qx 40960 B, scale 2560 B, bit-exact)
[M2] K=640  m=256 seed=1 inf=0 : PASS (qx 81920 B, scale 5120 B, bit-exact)
[M2] K=640  m=1   seed=2 inf=0 : PASS (qx 320 B, scale 20 B, bit-exact)
[M2] K=640  m=2   seed=2 inf=0 : PASS (qx 640 B, scale 40 B, bit-exact)
[M2] K=640  m=17  seed=2 inf=0 : PASS (qx 5440 B, scale 340 B, bit-exact)
[M2] K=640  m=128 seed=2 inf=0 : PASS (qx 40960 B, scale 2560 B, bit-exact)
[M2] K=640  m=256 seed=2 inf=0 : PASS (qx 81920 B, scale 5120 B, bit-exact)
[M2] K=640  m=1   seed=3 inf=0 : PASS (qx 320 B, scale 20 B, bit-exact)
[M2] K=640  m=2   seed=3 inf=0 : PASS (qx 640 B, scale 40 B, bit-exact)
[M2] K=640  m=17  seed=3 inf=0 : PASS (qx 5440 B, scale 340 B, bit-exact)
[M2] K=640  m=128 seed=3 inf=0 : PASS (qx 40960 B, scale 2560 B, bit-exact)
[M2] K=640  m=256 seed=3 inf=0 : PASS (qx 81920 B, scale 5120 B, bit-exact)
[M2] K=640  m=1   seed=4 inf=0 : PASS (qx 320 B, scale 20 B, bit-exact)
[M2] K=640  m=2   seed=4 inf=0 : PASS (qx 640 B, scale 40 B, bit-exact)
[M2] K=640  m=17  seed=4 inf=0 : PASS (qx 5440 B, scale 340 B, bit-exact)
[M2] K=640  m=128 seed=4 inf=0 : PASS (qx 40960 B, scale 2560 B, bit-exact)
[M2] K=640  m=256 seed=4 inf=0 : PASS (qx 81920 B, scale 5120 B, bit-exact)
[M2] K=2560 m=1   seed=0 inf=0 : PASS (qx 1280 B, scale 80 B, bit-exact)
[M2] K=2560 m=2   seed=0 inf=0 : PASS (qx 2560 B, scale 160 B, bit-exact)
[M2] K=2560 m=17  seed=0 inf=0 : PASS (qx 21760 B, scale 1360 B, bit-exact)
[M2] K=2560 m=128 seed=0 inf=0 : PASS (qx 163840 B, scale 10240 B, bit-exact)
[M2] K=2560 m=256 seed=0 inf=0 : PASS (qx 327680 B, scale 20480 B, bit-exact)
[M2] K=2560 m=1   seed=1 inf=0 : PASS (qx 1280 B, scale 80 B, bit-exact)
[M2] K=2560 m=2   seed=1 inf=0 : PASS (qx 2560 B, scale 160 B, bit-exact)
[M2] K=2560 m=17  seed=1 inf=0 : PASS (qx 21760 B, scale 1360 B, bit-exact)
[M2] K=2560 m=128 seed=1 inf=0 : PASS (qx 163840 B, scale 10240 B, bit-exact)
[M2] K=2560 m=256 seed=1 inf=0 : PASS (qx 327680 B, scale 20480 B, bit-exact)
[M2] K=2560 m=1   seed=2 inf=0 : PASS (qx 1280 B, scale 80 B, bit-exact)
[M2] K=2560 m=2   seed=2 inf=0 : PASS (qx 2560 B, scale 160 B, bit-exact)
[M2] K=2560 m=17  seed=2 inf=0 : PASS (qx 21760 B, scale 1360 B, bit-exact)
[M2] K=2560 m=128 seed=2 inf=0 : PASS (qx 163840 B, scale 10240 B, bit-exact)
[M2] K=2560 m=256 seed=2 inf=0 : PASS (qx 327680 B, scale 20480 B, bit-exact)
[M2] K=2560 m=1   seed=3 inf=0 : PASS (qx 1280 B, scale 80 B, bit-exact)
[M2] K=2560 m=2   seed=3 inf=0 : PASS (qx 2560 B, scale 160 B, bit-exact)
[M2] K=2560 m=17  seed=3 inf=0 : PASS (qx 21760 B, scale 1360 B, bit-exact)
[M2] K=2560 m=128 seed=3 inf=0 : PASS (qx 163840 B, scale 10240 B, bit-exact)
[M2] K=2560 m=256 seed=3 inf=0 : PASS (qx 327680 B, scale 20480 B, bit-exact)
[M2] K=2560 m=1   seed=4 inf=0 : PASS (qx 1280 B, scale 80 B, bit-exact)
[M2] K=2560 m=2   seed=4 inf=0 : PASS (qx 2560 B, scale 160 B, bit-exact)
[M2] K=2560 m=17  seed=4 inf=0 : PASS (qx 21760 B, scale 1360 B, bit-exact)
[M2] K=2560 m=128 seed=4 inf=0 : PASS (qx 163840 B, scale 10240 B, bit-exact)
[M2] K=2560 m=256 seed=4 inf=0 : PASS (qx 327680 B, scale 20480 B, bit-exact)
[M2] K=640  m=1   seed=0 inf=1 : PASS (qx 320 B, scale 20 B, bit-exact)
[M2]   inf=1 注入组=5/组总=20 device scale=0xFF 5 组（参考 5），注入组 nibble 非零 0/160（参考 0；修复前应为 ±6 饱和码）
[M2] K=640  m=17  seed=0 inf=1 : PASS (qx 5440 B, scale 340 B, bit-exact)
[M2]   inf=1 注入组=85/组总=340 device scale=0xFF 85 组（参考 85），注入组 nibble 非零 0/2720（参考 0；修复前应为 ±6 饱和码）
[M2] K=640  m=256 seed=0 inf=1 : PASS (qx 81920 B, scale 5120 B, bit-exact)
[M2]   inf=1 注入组=1280/组总=5120 device scale=0xFF 1280 组（参考 1280），注入组 nibble 非零 0/40960（参考 0；修复前应为 ±6 饱和码）
[M2] K=640  m=1   seed=1 inf=1 : PASS (qx 320 B, scale 20 B, bit-exact)
[M2]   inf=1 注入组=5/组总=20 device scale=0xFF 5 组（参考 5），注入组 nibble 非零 0/160（参考 0；修复前应为 ±6 饱和码）
[M2] K=640  m=17  seed=1 inf=1 : PASS (qx 5440 B, scale 340 B, bit-exact)
[M2]   inf=1 注入组=85/组总=340 device scale=0xFF 85 组（参考 85），注入组 nibble 非零 0/2720（参考 0；修复前应为 ±6 饱和码）
[M2] K=640  m=256 seed=1 inf=1 : PASS (qx 81920 B, scale 5120 B, bit-exact)
[M2]   inf=1 注入组=1280/组总=5120 device scale=0xFF 1280 组（参考 1280），注入组 nibble 非零 0/40960（参考 0；修复前应为 ±6 饱和码）
[M2] K=640  m=1   seed=2 inf=1 : PASS (qx 320 B, scale 20 B, bit-exact)
[M2]   inf=1 注入组=5/组总=20 device scale=0xFF 5 组（参考 5），注入组 nibble 非零 0/160（参考 0；修复前应为 ±6 饱和码）
[M2] K=640  m=17  seed=2 inf=1 : PASS (qx 5440 B, scale 340 B, bit-exact)
[M2]   inf=1 注入组=85/组总=340 device scale=0xFF 85 组（参考 85），注入组 nibble 非零 0/2720（参考 0；修复前应为 ±6 饱和码）
[M2] K=640  m=256 seed=2 inf=1 : PASS (qx 81920 B, scale 5120 B, bit-exact)
[M2]   inf=1 注入组=1280/组总=5120 device scale=0xFF 1280 组（参考 1280），注入组 nibble 非零 0/40960（参考 0；修复前应为 ±6 饱和码）
[M2] K=2560 m=1   seed=0 inf=1 : PASS (qx 1280 B, scale 80 B, bit-exact)
[M2]   inf=1 注入组=20/组总=80 device scale=0xFF 20 组（参考 20），注入组 nibble 非零 0/640（参考 0；修复前应为 ±6 饱和码）
[M2] K=2560 m=17  seed=0 inf=1 : PASS (qx 21760 B, scale 1360 B, bit-exact)
[M2]   inf=1 注入组=340/组总=1360 device scale=0xFF 340 组（参考 340），注入组 nibble 非零 0/10880（参考 0；修复前应为 ±6 饱和码）
[M2] K=2560 m=256 seed=0 inf=1 : PASS (qx 327680 B, scale 20480 B, bit-exact)
[M2]   inf=1 注入组=5120/组总=20480 device scale=0xFF 5120 组（参考 5120），注入组 nibble 非零 0/163840（参考 0；修复前应为 ±6 饱和码）
[M2] K=2560 m=1   seed=1 inf=1 : PASS (qx 1280 B, scale 80 B, bit-exact)
[M2]   inf=1 注入组=20/组总=80 device scale=0xFF 20 组（参考 20），注入组 nibble 非零 0/640（参考 0；修复前应为 ±6 饱和码）
[M2] K=2560 m=17  seed=1 inf=1 : PASS (qx 21760 B, scale 1360 B, bit-exact)
[M2]   inf=1 注入组=340/组总=1360 device scale=0xFF 340 组（参考 340），注入组 nibble 非零 0/10880（参考 0；修复前应为 ±6 饱和码）
[M2] K=2560 m=256 seed=1 inf=1 : PASS (qx 327680 B, scale 20480 B, bit-exact)
[M2]   inf=1 注入组=5120/组总=20480 device scale=0xFF 5120 组（参考 5120），注入组 nibble 非零 0/163840（参考 0；修复前应为 ±6 饱和码）
[M2] K=2560 m=1   seed=2 inf=1 : PASS (qx 1280 B, scale 80 B, bit-exact)
[M2]   inf=1 注入组=20/组总=80 device scale=0xFF 20 组（参考 20），注入组 nibble 非零 0/640（参考 0；修复前应为 ±6 饱和码）
[M2] K=2560 m=17  seed=2 inf=1 : PASS (qx 21760 B, scale 1360 B, bit-exact)
[M2]   inf=1 注入组=340/组总=1360 device scale=0xFF 340 组（参考 340），注入组 nibble 非零 0/10880（参考 0；修复前应为 ±6 饱和码）
[M2] K=2560 m=256 seed=2 inf=1 : PASS (qx 327680 B, scale 20480 B, bit-exact)
[M2]   inf=1 注入组=5120/组总=20480 device scale=0xFF 5120 组（参考 5120），注入组 nibble 非零 0/163840（参考 0；修复前应为 ±6 饱和码）
[M2] K=640  m=1   seed=0 inf=2 : PASS (qx 320 B, scale 20 B, bit-exact)
[M2]   inf=2 注入组=5/组总=20 device scale=0xFF 5 组（参考 5），注入组 nibble 非零 0/160（参考 0；修复前应为 ±6 饱和码）
[M2] K=640  m=17  seed=0 inf=2 : PASS (qx 5440 B, scale 340 B, bit-exact)
[M2]   inf=2 注入组=85/组总=340 device scale=0xFF 85 组（参考 85），注入组 nibble 非零 0/2720（参考 0；修复前应为 ±6 饱和码）
[M2] K=640  m=256 seed=0 inf=2 : PASS (qx 81920 B, scale 5120 B, bit-exact)
[M2]   inf=2 注入组=1280/组总=5120 device scale=0xFF 1280 组（参考 1280），注入组 nibble 非零 0/40960（参考 0；修复前应为 ±6 饱和码）
[M2] K=640  m=1   seed=1 inf=2 : PASS (qx 320 B, scale 20 B, bit-exact)
[M2]   inf=2 注入组=5/组总=20 device scale=0xFF 5 组（参考 5），注入组 nibble 非零 0/160（参考 0；修复前应为 ±6 饱和码）
[M2] K=640  m=17  seed=1 inf=2 : PASS (qx 5440 B, scale 340 B, bit-exact)
[M2]   inf=2 注入组=85/组总=340 device scale=0xFF 85 组（参考 85），注入组 nibble 非零 0/2720（参考 0；修复前应为 ±6 饱和码）
[M2] K=640  m=256 seed=1 inf=2 : PASS (qx 81920 B, scale 5120 B, bit-exact)
[M2]   inf=2 注入组=1280/组总=5120 device scale=0xFF 1280 组（参考 1280），注入组 nibble 非零 0/40960（参考 0；修复前应为 ±6 饱和码）
[M2] K=640  m=1   seed=2 inf=2 : PASS (qx 320 B, scale 20 B, bit-exact)
[M2]   inf=2 注入组=5/组总=20 device scale=0xFF 5 组（参考 5），注入组 nibble 非零 0/160（参考 0；修复前应为 ±6 饱和码）
[M2] K=640  m=17  seed=2 inf=2 : PASS (qx 5440 B, scale 340 B, bit-exact)
[M2]   inf=2 注入组=85/组总=340 device scale=0xFF 85 组（参考 85），注入组 nibble 非零 0/2720（参考 0；修复前应为 ±6 饱和码）
[M2] K=640  m=256 seed=2 inf=2 : PASS (qx 81920 B, scale 5120 B, bit-exact)
[M2]   inf=2 注入组=1280/组总=5120 device scale=0xFF 1280 组（参考 1280），注入组 nibble 非零 0/40960（参考 0；修复前应为 ±6 饱和码）
[M2] K=2560 m=1   seed=0 inf=2 : PASS (qx 1280 B, scale 80 B, bit-exact)
[M2]   inf=2 注入组=20/组总=80 device scale=0xFF 20 组（参考 20），注入组 nibble 非零 0/640（参考 0；修复前应为 ±6 饱和码）
[M2] K=2560 m=17  seed=0 inf=2 : PASS (qx 21760 B, scale 1360 B, bit-exact)
[M2]   inf=2 注入组=340/组总=1360 device scale=0xFF 340 组（参考 340），注入组 nibble 非零 0/10880（参考 0；修复前应为 ±6 饱和码）
[M2] K=2560 m=256 seed=0 inf=2 : PASS (qx 327680 B, scale 20480 B, bit-exact)
[M2]   inf=2 注入组=5120/组总=20480 device scale=0xFF 5120 组（参考 5120），注入组 nibble 非零 0/163840（参考 0；修复前应为 ±6 饱和码）
[M2] K=2560 m=1   seed=1 inf=2 : PASS (qx 1280 B, scale 80 B, bit-exact)
[M2]   inf=2 注入组=20/组总=80 device scale=0xFF 20 组（参考 20），注入组 nibble 非零 0/640（参考 0；修复前应为 ±6 饱和码）
[M2] K=2560 m=17  seed=1 inf=2 : PASS (qx 21760 B, scale 1360 B, bit-exact)
[M2]   inf=2 注入组=340/组总=1360 device scale=0xFF 340 组（参考 340），注入组 nibble 非零 0/10880（参考 0；修复前应为 ±6 饱和码）
[M2] K=2560 m=256 seed=1 inf=2 : PASS (qx 327680 B, scale 20480 B, bit-exact)
[M2]   inf=2 注入组=5120/组总=20480 device scale=0xFF 5120 组（参考 5120），注入组 nibble 非零 0/163840（参考 0；修复前应为 ±6 饱和码）
[M2] K=2560 m=1   seed=2 inf=2 : PASS (qx 1280 B, scale 80 B, bit-exact)
[M2]   inf=2 注入组=20/组总=80 device scale=0xFF 20 组（参考 20），注入组 nibble 非零 0/640（参考 0；修复前应为 ±6 饱和码）
[M2] K=2560 m=17  seed=2 inf=2 : PASS (qx 21760 B, scale 1360 B, bit-exact)
[M2]   inf=2 注入组=340/组总=1360 device scale=0xFF 340 组（参考 340），注入组 nibble 非零 0/10880（参考 0；修复前应为 ±6 饱和码）
[M2] K=2560 m=256 seed=2 inf=2 : PASS (qx 327680 B, scale 20480 B, bit-exact)
[M2]   inf=2 注入组=5120/组总=20480 device scale=0xFF 5120 组（参考 5120），注入组 nibble 非零 0/163840（参考 0；修复前应为 ±6 饱和码）
[M2] K=640  m=1   seed=0 inf=3 : PASS (qx 320 B, scale 20 B, bit-exact)
[M2]   inf=3 注入组=5/组总=20 device scale=0xFF 5 组（参考 5），注入组 nibble 非零 0/160（参考 0；修复前应为 ±6 饱和码）
[M2] K=640  m=17  seed=0 inf=3 : PASS (qx 5440 B, scale 340 B, bit-exact)
[M2]   inf=3 注入组=85/组总=340 device scale=0xFF 85 组（参考 85），注入组 nibble 非零 0/2720（参考 0；修复前应为 ±6 饱和码）
[M2] K=640  m=256 seed=0 inf=3 : PASS (qx 81920 B, scale 5120 B, bit-exact)
[M2]   inf=3 注入组=1280/组总=5120 device scale=0xFF 1280 组（参考 1280），注入组 nibble 非零 0/40960（参考 0；修复前应为 ±6 饱和码）
[M2] K=640  m=1   seed=1 inf=3 : PASS (qx 320 B, scale 20 B, bit-exact)
[M2]   inf=3 注入组=5/组总=20 device scale=0xFF 5 组（参考 5），注入组 nibble 非零 0/160（参考 0；修复前应为 ±6 饱和码）
[M2] K=640  m=17  seed=1 inf=3 : PASS (qx 5440 B, scale 340 B, bit-exact)
[M2]   inf=3 注入组=85/组总=340 device scale=0xFF 85 组（参考 85），注入组 nibble 非零 0/2720（参考 0；修复前应为 ±6 饱和码）
[M2] K=640  m=256 seed=1 inf=3 : PASS (qx 81920 B, scale 5120 B, bit-exact)
[M2]   inf=3 注入组=1280/组总=5120 device scale=0xFF 1280 组（参考 1280），注入组 nibble 非零 0/40960（参考 0；修复前应为 ±6 饱和码）
[M2] K=640  m=1   seed=2 inf=3 : PASS (qx 320 B, scale 20 B, bit-exact)
[M2]   inf=3 注入组=5/组总=20 device scale=0xFF 5 组（参考 5），注入组 nibble 非零 0/160（参考 0；修复前应为 ±6 饱和码）
[M2] K=640  m=17  seed=2 inf=3 : PASS (qx 5440 B, scale 340 B, bit-exact)
[M2]   inf=3 注入组=85/组总=340 device scale=0xFF 85 组（参考 85），注入组 nibble 非零 0/2720（参考 0；修复前应为 ±6 饱和码）
[M2] K=640  m=256 seed=2 inf=3 : PASS (qx 81920 B, scale 5120 B, bit-exact)
[M2]   inf=3 注入组=1280/组总=5120 device scale=0xFF 1280 组（参考 1280），注入组 nibble 非零 0/40960（参考 0；修复前应为 ±6 饱和码）
[M2] K=2560 m=1   seed=0 inf=3 : PASS (qx 1280 B, scale 80 B, bit-exact)
[M2]   inf=3 注入组=20/组总=80 device scale=0xFF 20 组（参考 20），注入组 nibble 非零 0/640（参考 0；修复前应为 ±6 饱和码）
[M2] K=2560 m=17  seed=0 inf=3 : PASS (qx 21760 B, scale 1360 B, bit-exact)
[M2]   inf=3 注入组=340/组总=1360 device scale=0xFF 340 组（参考 340），注入组 nibble 非零 0/10880（参考 0；修复前应为 ±6 饱和码）
[M2] K=2560 m=256 seed=0 inf=3 : PASS (qx 327680 B, scale 20480 B, bit-exact)
[M2]   inf=3 注入组=5120/组总=20480 device scale=0xFF 5120 组（参考 5120），注入组 nibble 非零 0/163840（参考 0；修复前应为 ±6 饱和码）
[M2] K=2560 m=1   seed=1 inf=3 : PASS (qx 1280 B, scale 80 B, bit-exact)
[M2]   inf=3 注入组=20/组总=80 device scale=0xFF 20 组（参考 20），注入组 nibble 非零 0/640（参考 0；修复前应为 ±6 饱和码）
[M2] K=2560 m=17  seed=1 inf=3 : PASS (qx 21760 B, scale 1360 B, bit-exact)
[M2]   inf=3 注入组=340/组总=1360 device scale=0xFF 340 组（参考 340），注入组 nibble 非零 0/10880（参考 0；修复前应为 ±6 饱和码）
[M2] K=2560 m=256 seed=1 inf=3 : PASS (qx 327680 B, scale 20480 B, bit-exact)
[M2]   inf=3 注入组=5120/组总=20480 device scale=0xFF 5120 组（参考 5120），注入组 nibble 非零 0/163840（参考 0；修复前应为 ±6 饱和码）
[M2] K=2560 m=1   seed=2 inf=3 : PASS (qx 1280 B, scale 80 B, bit-exact)
[M2]   inf=3 注入组=20/组总=80 device scale=0xFF 20 组（参考 20），注入组 nibble 非零 0/640（参考 0；修复前应为 ±6 饱和码）
[M2] K=2560 m=17  seed=2 inf=3 : PASS (qx 21760 B, scale 1360 B, bit-exact)
[M2]   inf=3 注入组=340/组总=1360 device scale=0xFF 340 组（参考 340），注入组 nibble 非零 0/10880（参考 0；修复前应为 ±6 饱和码）
[M2] K=2560 m=256 seed=2 inf=3 : PASS (qx 327680 B, scale 20480 B, bit-exact)
[M2]   inf=3 注入组=5120/组总=20480 device scale=0xFF 5120 组（参考 5120），注入组 nibble 非零 0/163840（参考 0；修复前应为 ±6 饱和码）
[M2] ===== ALL PASS =====
