# m18_gdn_prefill：audit_readme_numbers.py 读数归档（M172 行号重同步后重新生成）

WHERE：M172 把 README §4.8 对 check_ref.py 的行号引用改成 tip 真值后，在**当前** README 上重跑，
       解释器 `/usr/local/python3.12.13/bin/python3`。
PROVENANCE：本文件与 evidence/m166_readme_number_audit.md 由同一轮运行生成，
README.md sha256 = `92deb466ac939c004003792a1db50c4048e016b112d6097b122d2c33d49e28b4`（657 行；`split("\n")`=658 / PART2=337）。
**若 README 再改动（哪怕只改一个字符），本读数即陈旧，需重生成。**
WHY：M166 复审 r2 记了一处非阻塞 nit —— `check_ref.py` 因新增 `import shutil`（+1 行），
     README §4.8 里指向 tip 的行号整体后移 1 未同步（且 `m166_same_style_scan.log` 已写 267 与
     README 的 `:266` 自相矛盾）。M172 只重同步这些行号文本，不改任何读数数值，然后在最终 README 上重生成合格证。
纪律：零设备；不触碰 M56 那三份归档合格证（readme_number_audit*.md / readme_number_audit_readings.log）。

## A1 —— 正式合格证（期望 rc=0、77/77、PART3 0）
$ cd <m18_gdn_prefill> && python3 audit_readme_numbers.py
```
  [note] build/*_probe.bin 不存在（dump 不入库）⇒ 跳过交叉见证
  [note] 交叉见证不可得 ⇒ 仅靠 probe_geometry.txt 归档值（该值本身已带 dump sha256 出处）
wrote /workspace/ascend_mega_kernel/.tower/worktrees/wt-172/m18_gdn_prefill/evidence/readme_number_audit.md
RESULT: OK (compared 77/77 claims (archive 50 / recomputed 25 / constants 2), 0 failed, 0 unverified (local), 0 unverified (external))
PART1 断言 77 条（归档 50 / 真重算 25 / 常量一致性 2）/ 比较 77 / 失败 0 / 没得比 0；PART2 337 行；PART3 待裁定 0 行
rcA1=0
```
（正式合格证另存为 evidence/m166_readme_number_audit.md，即上面这次运行写的 `readme_number_audit.md` 的副本。）

## B —— 负向对照 A+B（期望：两组有效、脚本自身 rc=0）
$ python3 audit_readme_numbers.py --negative-control
```
NEGATIVE-CONTROL A（扰动）: §4.7 gqa3 run1（4640.499 → 9999.999）
  rc=1（期望 1）；点名失败项=['§4.7 gqa3 run1']（期望恰为 [§4.7 gqa3 run1]）⇒ 对照有效
NEGATIVE-CONTROL B（缺输入）: 强制 probe_geometry.txt 缺失
  rc=2（期望 2，即 NOT CERTIFIED）；ε 合计行=('不可得（输入缺失）', 'UNVERIFIED')（期望 UNVERIFIED，不是 PASS）⇒ 对照有效
  未发合格证文案：是
rcB=0
```

## C —— 缺输入读数（期望 rc=2、NOT CERTIFIED）
$ python3 audit_readme_numbers.py --no-geometry
```
  [note] **`--no-geometry`**：强制几何量归档缺失（负向对照 · 缺输入读数），产物不覆盖正式合格证。
  [note] probe_geometry.txt 缺失或无法解析 ⇒ ‖A‖∞/κ∞/ε 断言 UNVERIFIED
  [note] build/*_probe.bin 不存在（dump 不入库）⇒ 跳过交叉见证
wrote /workspace/ascend_mega_kernel/.tower/worktrees/wt-172/m18_gdn_prefill/evidence/readme_number_audit_no_geometry.md
RESULT: NOT CERTIFIED (compared 71/77 claims (archive 50 / recomputed 20 / constants 1), 0 failed, 6 unverified (local), 0 unverified (external))
  [unverified] §4.2 ε 合计 ← 计算输入缺失（键 eps_sum）
  [unverified] §4.2 κ∞ = ‖(I+A)⁻¹‖∞ ← 计算输入缺失（键 kappa_inf）
  [unverified] §4.2 ‖A‖∞（说明 Neumann 界不适用） ← 计算输入缺失（键 A_inf）
  [unverified] §4.2 ‖A‖∞（Neumann 界不适用） ← 计算输入缺失（键 A_inf）
  [unverified] §4.2 κ∞ ← 计算输入缺失（键 kappa_inf）
  [unverified] §4.2 ε 取值 ← 常量 eps_used 未定义
PART1 断言 77 条（归档 50 / 真重算 20 / 常量一致性 1）/ 比较 71 / 失败 0 / 没得比 6；PART2 337 行；PART3 待裁定 0 行
rcC=2
```
