[M23] mix(1,2) launch: nblk(AIC)=28 → AIV 线程数=56；slot=753664 B；scratch=21102592 B
[M23] m1       H=48 T=1    blk=28 : 0.067 ms  (o[0..3]=0.000000 0.000000 0.000000 0.000000, dump ok)
[M23][FAIL] H=48 T=4097 launch/sync error 507015 : EZ9999: Inner Error!
EZ9999[PID: 484922] 2026-09-27-10:18:03.612.531 (EZ9999):  The error from device(chipId:0, dieId:0), serial number is 1230, there is an aicore error exception, core id is 0, error code = 171, dump info: pc start: 0x120041000000, current: 0x120041000594, sc error info: 0xffffffffffff, su error info: 0xfbbddff31d34ffee,0xfd74f2afd800ffff, mte error info: 0x13d10000000202ce, vec error info: 0, cube error info: 0, l1 error info: 0x15900001893, aic error mask: 0x395856, para base: 0x120000200000, mte error: 0, aic cond: 0.
The extend info: errcode:(171) errorStr: A multi-bit ECC error occurs when fixpipe reads L0C. See the RAS alarm handling. subErrType: 0x4.
For details, see the troubleshooting document on the Ascend official website. Search for the keyword "AI Core Error".[FUNC:ProcessDavidStarsCoreErrorInfo][FILE:device_error_proc_c.cc][LINE:716]
TraceBack (most recent call last):
       The error from device(chipId:0, dieId:0), serial number is 1230, there is an aicore error exception, core id is 1, error code = 171, dump info: pc start: 0x120041000000, current: 0x120041000828, sc error info: 0xffffffffffff, su error info: 0xffbfffdf1aacfefd,0x73f9f55bf800dfff, mte error info: 0x13d15000000202ce, vec error info: 0, cube error info: 0, l1 error info: 0x1f400007087, aic error mask: 0x395856, para base: 0x120000200000, mte error: 0, aic cond: 0.
The extend info: errcode:(171) errorStr: A multi-bit ECC error occurs when fixpipe reads L0C. See the RAS alarm handling. subErrType: 0x4.
For details, see the troubleshooting document on the Ascend official website. Search for the keyword "AI Core Error".[FUNC:ProcessDavidStarsCoreErrorInfo][FILE:device_error_proc_c.cc][LINE:716]
       The error from device(chipId:0, dieId:0), serial number is 1230, there is an aicore error exception, core id is 2, error code = 171, dump info: pc start: 0x120041000000, current: 0x1200410004bc, sc error info: 0xffffffffffff, su error info: 0xbfbdffff184cdde5,0xffd7d4cdf000ffdf, mte error info: 0x13d1a000000202ce, vec error info: 0, cube error info: 0, l1 error info: 0x2040000848f, aic error mask: 0x395856, para base: 0x120000200000, mte error: 0, aic cond: 0.
The extend info: errcode:(171) errorStr: A multi-bit ECC error occurs when fixpipe reads L0C. See the RAS alarm handling. subErrType: 0x4.
For details, see the troubleshooting document on the Ascend official website. Search for the keyword "AI Core Error".[FUNC:ProcessDavidStarsCoreErrorInfo][FILE:device_error_proc_c.cc][LINE:716]
       The error from device(chipId:0, dieId:0), serial number is 1230, there is an aicore error exception, core id is 3, error code = 0, dump info: pc start: 0x120041000000, current: 0x1200410005cc, sc error info: 0xffffffffffff, su error info: 0xaff7fe791e04cfff,0xddddfd069800efbf, mte error info: 0x13d1f000000202ce, vec error info: 0, cube error info: 0, l1 error info: 0x29700001897, aic error mask: 0x395856, para base: 0x120000200000, mte error: 0, aic cond: 0.
The extend info: errcode:(0) errorStr: timeout or trap error. subErrType: 0x4.
For details, see the troubleshooting document on the Ascend official website. Search for the keyword "AI Core Error".[FUNC:ProcessDavidStarsCoreErrorInfo][FILE:device_error_proc_c.cc][LINE:716]
       The error from device(chipId:0, dieId:0), serial number is 1230, there is an aicore error exception, core id is 4, error code = 0, dump info: pc start: 0x120041000000, current: 0x120041000788, sc error info: 0xffffffffffff, su error info: 0xcbbf7ffe0eeedaf7,0x6bfe3559f000dfef, mte error info: 0x13d24000000202ce, vec error info: 0, cube error info: 0, l1 error info: 0x2970000148f, aic error mask: 0x395856, para base: 0x120000200000, mte error: 0, aic cond: 0.
The extend info: errcode:(0) errorStr: timeout or trap error. subErrType: 0x4.
For details, see the troubleshooting document on the Ascend official website. Search for the keyword "AI Core Error".[FUNC:ProcessDavidStarsCoreErrorInfo][FILE:device_error_proc_c.cc][LINE:716]
       The error from device(chipId:0, dieId:0), serial number is 1230, there is an aicore error exception, core id is 5, error code = 171, dump info: pc start: 0x120041000000, current: 0x120041000594, sc error info: 0xffffffffffff, su error info: 0xffff7ffe0b9e9fce,0x4ffdef7ef800fffd, mte error info: 0x13d29000000202ce, vec error info: 0, cube error info: 0, l1 error info: 0x15900001893, aic error mask: 0x395856, para base: 0x120000200000, mte error: 0, aic cond: 0.
The extend info: errcode:(171) errorStr: A multi-bit ECC error occurs when fixpipe reads L0C. See the RAS alarm handling. subErrType: 0x4.
For details, see the troubleshooting document on the Ascend official website. Search for the keyword "AI Core Error".[FUNC:ProcessDavidStarsCoreErrorInfo][FILE:device_error_proc_c.cc][LINE:716]
       The error from device(chipId:0, dieId:0), serial number is 1230, there is an aicore error exception, core id is 6, error code = 171, dump info: pc start: 0x120041000000, current: 0x120041000594, sc error info: 0xffffffffffff, su error info: 0xff9ffff31fba0ff8,0xdff07cefb800bffb, mte error info: 0x13d2e000000202ce, vec error info: 0, cube error info: 0, l1 error info: 0x15900001811, aic error mask: 0x395856, para base: 0x120000200000, mte error: 0, aic cond: 0.
The extend info: errcode:(171) errorStr: A multi-bit ECC error occurs when fixpipe reads L0C. See the RAS alarm handling. subErrType: 0x4.
For details, see the troubleshooting document on the Ascend official website. Search for the keyword "AI Core Error".[FUNC:ProcessDavidStarsCoreErrorInfo][FILE:device_error_proc_c.cc][LINE:716]
       The error from device(chipId:0, dieId:0), serial number is 1230, there is an aicore error exception, core id is 7, error code = 0, dump info: pc start: 0x120041000000, current: 0x120041000788, sc error info: 0xffffffffffff, su error info: 0xffbffeff1fb8dfef,0x9fcd6f5378005fff, mte error info: 0x13d33000000202ce, vec error info: 0, cube error info: 0, l1 error info: 0x24e00001892, aic error mask: 0x395856, para base: 0x120000200000, mte error: 0, aic cond: 0.
The extend info: errcode:(0) errorStr: timeout or trap error. subErrType: 0x4.
For details, see the troubleshooting document on the Ascend official website. Search for the keyword "AI Core Error".[FUNC:ProcessDavidStarsCoreErrorInfo][FILE:device_error_proc_c.cc][LINE:716]
       The error from device(chipId:0, dieId:0), serial number is 1230, there is an aicore error exception, core id is 8, error code = 0, dump info: pc start: 0x120041000000, current: 0x120041000788, sc error info: 0xffffffffffff, su error info: 0xffff7f9b11e6fe6d,0xdecddfc4e800ffef, mte error info: 0x13d38000000202ce, vec error info: 0, cube error info: 0, l1 error info: 0x28c00001892, aic error mask: 0x395856, para base: 0x120000200000, mte error: 0, aic cond: 0.
The extend info: errcode:(0) errorStr: timeout or trap error. subErrType: 0x4.
For details, see the troubleshooting document on the Ascend official website. Search for the keyword "AI Core Error".[FUNC:ProcessDavidStarsCoreErrorInfo][FILE:device_error_proc_c.cc][LINE:716]
       The error from device(chipId:0, dieId:0), serial number is 1230, there is an aicore error exception, core id is 9, error code = 0, dump info: pc start: 0x120041000000, current: 0x120041000788, sc error info: 0xffffffffffff, su error info: 0xf7ffffee14763f9f,0xf6eec5f8b800ffff, mte error info: 0x13d3d000000202ce, vec error info: 0, cube error info: 0, l1 error info: 0x32400001408, aic error mask: 0x395856, para base: 0x120000200000, mte error: 0, aic cond: 0.
The extend info: errcode:(0) errorStr: timeout or trap error. subErrType: 0x4.
For details, see the troubleshooting document on the Ascend official website. Search for the keyword "AI Core Error".[FUNC:ProcessDavidStarsCoreErrorInfo][FILE:device_error_proc_c.cc][LINE:716]
       The error from device(chipId:0, dieId:0), serial number is 1230, there is an aicore error exception, core id is 12, error code = 171, dump info: pc start: 0x120041000000, current: 0x1200410004bc, sc error info: 0xffffffffffff, su error info: 0xdfff6ffe1ba4df5f,0xc7ccd1ddf800ffef, mte error info: 0x13d42000000202ce, vec error info: 0, cube error info: 0, l1 error info: 0x20400008087, aic error mask: 0x395856, para base: 0x120000200000, mte error: 0, aic cond: 0.
The extend info: errcode:(171) errorStr: A multi-bit ECC error occurs when fixpipe reads L0C. See the RAS alarm handling. subErrType: 0x4.
For details, see the troubleshooting document on the Ascend official website. Search for the keyword "AI Core Error".[FUNC:ProcessDavidStarsCoreErrorInfo][FILE:device_error_proc_c.cc][LINE:716]
       The error from device(chipId:0, dieId:0), serial number is 1230, there is an aicore error exception, core id is 13, error code = 171, dump info: pc start: 0x120041000000, current: 0x120041000594, sc error info: 0xffffffffffff, su error info: 0xfffdffff1430cf9f,0xd5fc7ddff000ffef, mte error info: 0x13d47000000202ce, vec error info: 0, cube error info: 0, l1 error info: 0x15900001005, aic error mask: 0x395856, para base: 0x120000200000, mte error: 0, aic cond: 0.
The extend info: errcode:(171) errorStr: A multi-bit ECC error occurs when fixpipe reads L0C. See the RAS alarm handling. subErrType: 0x4.
For details, see the troubleshooting document on the Ascend official website. Search for the keyword "AI Core Error".[FUNC:ProcessDavidStarsCoreErrorInfo][FILE:device_error_proc_c.cc][LINE:716]
       The error from device(chipId:0, dieId:0), serial number is 1230, there is an aicore error exception, core id is 14, error code = 171, dump info: pc start: 0x120041000000, current: 0x120041000594, sc error info: 0xffffffffffff, su error info: 0xf5fdb75f0638ebe6,0xeed7f59df800bfca, mte error info: 0x13d4c000000202ce, vec error info: 0, cube error info: 0, l1 error info: 0x15900001893, aic error mask: 0x395856, para base: 0x120000200000, mte error: 0, aic cond: 0.
The extend info: errcode:(171) errorStr: A multi-bit ECC error occurs when fixpipe reads L0C. See the RAS alarm handling. subErrType: 0x4.
For details, see the troubleshooting document on the Ascend official website. Search for the keyword "AI Core Error".[FUNC:ProcessDavidStarsCoreErrorInfo][FILE:device_error_proc_c.cc][LINE:716]
       The error from device(chipId:0, dieId:0), serial number is 1230, there is an aicore error exception, core id is 15, error code = 171, dump info: pc start: 0x120041000000, current: 0x120041000594, sc error info: 0xffffffffffff, su error info: 0xfffdff7b09befffe,0xf5deddf5e800fdff, mte error info: 0x13d51000000202ce, vec error info: 0, cube error info: 0, l1 error info: 0x15900001815, aic error mask: 0x395856, para base: 0x120000200000, mte error: 0, aic cond: 0.
The extend info: errcode:(171) errorStr: A multi-bit ECC error occurs when fixpipe reads L0C. See the RAS alarm handling. subErrType: 0x4.
For details, see the troubleshooting document on the Ascend official website. Search for the keyword "AI Core Error".[FUNC:ProcessDavidStarsCoreErrorInfo][FILE:device_error_proc_c.cc][LINE:716]
       The error from device(chipId:0, dieId:0), serial number is 1230, there is an aicore error exception, core id is 18, error code = 171, dump info: pc start: 0x120041000000, current: 0x120041000594, sc error info: 0xffffffffffff, su error info: 0xbfbeffee013a3bde,0xed4237d47800bfff, mte error info: 0x13d56000000202ce, vec error info: 0, cube error info: 0, l1 error info: 0x15900001892, aic error mask: 0x395856, para base: 0x120000200000, mte error: 0, aic cond: 0.
The extend info: errcode:(171) errorStr: A multi-bit ECC error occurs when fixpipe reads L0C. See the RAS alarm handling. subErrType: 0x4.
For details, see the troubleshooting document on the Ascend official website. Search for the keyword "AI Core Error".[FUNC:ProcessDavidStarsCoreErrorInfo][FILE:device_error_proc_c.cc][LINE:716]
       The error from device(chipId:0, dieId:0), serial number is 1230, there is an aicore error exception, core id is 19, error code = 171, dump info: pc start: 0x120041000000, current: 0x120041000828, sc error info: 0xffffffffffff, su error info: 0x7f7fafef1bacefff,0xfdc9f4cbf800feff, mte error info: 0x13d5b000000202ce, vec error info: 0, cube error info: 0, l1 error info: 0x2040000b087, aic error mask: 0x395856, para base: 0x120000200000, mte error: 0, aic cond: 0.
The extend info: errcode:(171) errorStr: A multi-bit ECC error occurs when fixpipe reads L0C. See the RAS alarm handling. subErrType: 0x4.
For details, see the troubleshooting document on the Ascend official website. Search for the keyword "AI Core Error".[FUNC:ProcessDavidStarsCoreErrorInfo][FILE:device_error_proc_c.cc][LINE:716]
       The error from device(chipId:0, dieId:0), serial number is 1230, there is an aicore error exception, core id is 20, error code = 0, dump info: pc start: 0x120041000000, current: 0x1200410005cc, sc error info: 0xffffffffffff, su error info: 0xffffffff1a7cfefe,0xdf89fd19a000fb7f, mte error info: 0x13d60000000202ce, vec error info: 0, cube error info: 0, l1 error info: 0x1f600001815, aic error mask: 0x395856, para base: 0x120000200000, mte error: 0, aic cond: 0.
The extend info: errcode:(0) errorStr: timeout or trap error. subErrType: 0x4.
For details, see the troubleshooting document on the Ascend official website. Search for the keyword "AI Core Error".[FUNC:ProcessDavidStarsCoreErrorInfo][FILE:device_error_proc_c.cc][LINE:716]
       The error from device(chipId:0, dieId:0), serial number is 1230, there is an aicore error exception, core id is 22, error code = 171, dump info: pc start: 0x120041000000, current: 0x120041000828, sc error info: 0xffffffffffff, su error info: 0xefff7ff91adc9ffe,0xfe734d95f800ef7f, mte error info: 0x13d65000000202ce, vec error info: 0, cube error info: 0, l1 error info: 0x1f400004c1c, aic error mask: 0x395856, para base: 0x120000200000, mte error: 0, aic cond: 0.
The extend info: errcode:(171) errorStr: A multi-bit ECC error occurs when fixpipe reads L0C. See the RAS alarm handling. subErrType: 0x4.
For details, see the troubleshooting document on the Ascend official website. Search for the keyword "AI Core Error".[FUNC:ProcessDavidStarsCoreErrorInfo][FILE:device_error_proc_c.cc][LINE:716]
       The error from device(chipId:0, dieId:0), serial number is 1230, there is an aicore error exception, core id is 23, error code = 171, dump info: pc start: 0x120041000000, current: 0x120041000594, sc error info: 0xffffffffffff, su error info: 0xfffff4ff0fda0cf8,0xee4d7ffee000ffff, mte error info: 0x13d6a000000202ce, vec error info: 0, cube error info: 0, l1 error info: 0x15900001810, aic error mask: 0x395856, para base: 0x120000200000, mte error: 0, aic cond: 0.
The extend info: errcode:(171) errorStr: A multi-bit ECC error occurs when fixpipe reads L0C. See the RAS alarm handling. subErrType: 0x4.
For details, see the troubleshooting document on the Ascend official website. Search for the keyword "AI Core Error".[FUNC:ProcessDavidStarsCoreErrorInfo][FILE:device_error_proc_c.cc][LINE:716]
       The error from device(chipId:0, dieId:0), serial number is 1230, there is an aicore error exception, core id is 24, error code = 171, dump info: pc start: 0x120041000000, current: 0x120041000828, sc error info: 0xffffffffffff, su error info: 0xfebffff70df8d7c8,0xd3cf9efff800bffb, mte error info: 0x13d6f000000202ce, vec error info: 0, cube error info: 0, l1 error info: 0x1f40000448e, aic error mask: 0x395856, para base: 0x120000200000, mte error: 0, aic cond: 0.
The extend info: errcode:(171) errorStr: A multi-bit ECC error occurs when fixpipe reads L0C. See the RAS alarm handling. subErrType: 0x4.
For details, see the troubleshooting document on the Ascend official website. Search for the keyword "AI Core Error".[FUNC:ProcessDavidStarsCoreErrorInfo][FILE:device_error_proc_c.cc][LINE:716]
       The error from device(chipId:0, dieId:0), serial number is 1230, there is an aicore error exception, core id is 25, error code = 171, dump info: pc start: 0x120041000000, current: 0x120041000828, sc error info: 0xffffffffffff, su error info: 0xfbbff7fb1d2effbf,0x97ff7dd77000f7bf, mte error info: 0x13d74000000202ce, vec error info: 0, cube error info: 0, l1 error info: 0x1f400004c1d, aic error mask: 0x395856, para base: 0x120000200000, mte error: 0, aic cond: 0.
The extend info: errcode:(171) errorStr: A multi-bit ECC error occurs when fixpipe reads L0C. See the RAS alarm handling. subErrType: 0x4.
For details, see the troubleshooting document on the Ascend official website. Search for the keyword "AI Core Error".[FUNC:ProcessDavidStarsCoreErrorInfo][FILE:device_error_proc_c.cc][LINE:716]
       The error from device(chipId:0, dieId:0), serial number is 1230, there is an aicore error exception, core id is 26, error code = 171, dump info: pc start: 0x120041000000, current: 0x120041000828, sc error info: 0xffffffffffff, su error info: 0xfff7fbff11fadebe,0xdddd71c4f800fffa, mte error info: 0x13d79000000202ce, vec error info: 0, cube error info: 0, l1 error info: 0x1f400005087, aic error mask: 0x395856, para base: 0x120000200000, mte error: 0, aic cond: 0.
The extend info: errcode:(171) errorStr: A multi-bit ECC error occurs when fixpipe reads L0C. See the RAS alarm handling. subErrType: 0x4.
For details, see the troubleshooting document on the Ascend official website. Search for the keyword "AI Core Error".[FUNC:ProcessDavidStarsCoreErrorInfo][FILE:device_error_proc_c.cc][LINE:716]
       The error from device(chipId:0, dieId:0), serial number is 1230, there is an aicore error exception, core id is 27, error code = 171, dump info: pc start: 0x120041000000, current: 0x120041000828, sc error info: 0xffffffffffff, su error info: 0xf7ff27ff1dfaf774,0x7415e7d5d800fdf7, mte error info: 0x13d7e000000202ce, vec error info: 0, cube error info: 0, l1 error info: 0x2040000b48b, aic error mask: 0x395856, para base: 0x120000200000, mte error: 0, aic cond: 0.
The extend info: errcode:(171) errorStr: A multi-bit ECC error occurs when fixpipe reads L0C. See the RAS alarm handling. subErrType: 0x4.
For details, see the troubleshooting document on the Ascend official website. Search for the keyword "AI Core Error".[FUNC:ProcessDavidStarsCoreErrorInfo][FILE:device_error_proc_c.cc][LINE:716]
       The error from device(chipId:0, dieId:0), serial number is 1230, there is an aicore error exception, core id is 28, error code = 171, dump info: pc start: 0x120041000000, current: 0x120041000594, sc error info: 0xffffffffffff, su error info: 0xffffff53068aefcf,0x7f4f6dccf800fbfb, mte error info: 0x13d83000000202ce, vec error info: 0, cube error info: 0, l1 error info: 0x15900001810, aic error mask: 0x395856, para base: 0x120000200000, mte error: 0, aic cond: 0.
The extend info: errcode:(171) errorStr: A multi-bit ECC error occurs when fixpipe reads L0C. See the RAS alarm handling. subErrType: 0x4.
For details, see the troubleshooting document on the Ascend official website. Search for the keyword "AI Core Error".[FUNC:ProcessDavidStarsCoreErrorInfo][FILE:device_error_proc_c.cc][LINE:716]
       The error from device(chipId:0, dieId:0), serial number is 1231, there is an aivec error exception, core id is 0, error code = 0, dump info: pc start: 0x120041000900, current: 0x120041001390, sc error info: 0xffffffffffff, su error info: 0xeffbd7fd0fd83a0b,0xc00000585800eeb9, mte error info: 0x8508d800000235cb, vec error info: 0x410062180031126e, cube error info: 0, l1 error info: 0, aic error mask: 0x395856, para base: 0x120000200000, mte error: 0, aic cond: 0.
The extend info: errcode:(0) errorStr: timeout or trap error. subErrType: 0x4.
For details, see the troubleshooting document on the Ascend official website. Search for the keyword "AI Core Error".[FUNC:ProcessDavidStarsCoreErrorInfo][FILE:device_error_proc_c.cc][LINE:716]
       The error from device(chipId:0, dieId:0), serial number is 1231, there is an aivec error exception, core id is 1, error code = 0, dump info: pc start: 0x120041000900, current: 0x120041001390, sc error info: 0xffffffffffff, su error info: 0xbbfff7ff2c9a0158,0xc0000058b8009c72, mte error info: 0x8508e00000020043, vec error info: 0x410062180031126e, cube error info: 0, l1 error info: 0, aic error mask: 0x395856, para base: 0x120000200000, mte error: 0, aic cond: 0.
The extend info: errcode:(0) errorStr: timeout or trap error. subErrType: 0x4.
For details, see the troubleshooting document on the Ascend official website. Search for the keyword "AI Core Error".[FUNC:ProcessDavidStarsCoreErrorInfo][FILE:device_error_proc_c.cc][LINE:716]
       The error from device(chipId:0, dieId:0), serial number is 1231, there is an aivec error exception, core id is 2, error code = 0, dump info: pc start: 0x120041000900, current: 0x1200410014bc, sc error info: 0xffffffffffff, su error info: 0xda9635af2bbe334c,0xc0000058f8005eba, mte error info: 0x8508e81000020043, vec error info: 0x410062180031126e, cube error info: 0, l1 error info: 0, aic error mask: 0x395856, para base: 0x120000200000, mte error: 0, aic cond: 0.
The extend info: errcode:(0) errorStr: timeout or trap error. subErrType: 0x4.
For details, see the troubleshooting document on the Ascend official website. Search for the keyword "AI Core Error".[FUNC:ProcessDavidStarsCoreErrorInfo][FILE:device_error_proc_c.cc][LINE:716]
       The error from device(chipId:0, dieId:0), serial number is 1231, there is an aivec error exception, core id is 3, error code = 0, dump info: pc start: 0x120041000900, current: 0x1200410014bc, sc error info: 0xffffffffffff, su error info: 0xffd7df7e1fe2334c,0xc000005878009396, mte error info: 0x8508f00000020043, vec error info: 0x410062180031126e, cube error info: 0, l1 error info: 0, aic error mask: 0x395856, para base: 0x120000200000, mte error: 0, aic cond: 0.
The extend info: errcode:(0) errorStr: timeout or trap error. subErrType: 0x4.
For details, see the troubleshooting document on the Ascend official website. Search for the keyword "AI Core Error".[FUNC:ProcessDavidStarsCoreErrorInfo][FILE:device_error_proc_c.cc][LINE:716]
       The error from device(chipId:0, dieId:0), serial number is 1231, there is an aivec error exception, core id is 4, error code = 0, dump info: pc start: 0x120041000900, current: 0x1200410014bc, sc error info: 0xffffffffffff, su error info: 0xffffbb3f1eec334c,0xc0000058e800fff3, mte error info: 0x8508f80000020043, vec error info: 0x410062180031126e, cube error info: 0, l1 error info: 0, aic error mask: 0x395856, para base: 0x120000200000, mte error: 0, aic cond: 0.
The extend info: errcode:(0) errorStr: timeout or trap error. subErrType: 0x4.
For details, see the troubleshooting document on the Ascend official website. Search for the keyword "AI Core Error".[FUNC:ProcessDavidStarsCoreErrorInfo][FILE:device_error_proc_c.cc][LINE:716]
       The error from device(chipId:0, dieId:0), serial number is 1231, there is an aivec error exception, core id is 5, error code = 0, dump info: pc start: 0x120041000900, current: 0x1200410014bc, sc error info: 0xffffffffffff, su error info: 0xddd7bff114fc334c,0xc0000058f0005dd9, mte error info: 0x8509000000020043, vec error info: 0x410062180031126e, cube error info: 0, l1 error info: 0, aic error mask: 0x395856, para base: 0x120000200000, mte error: 0, aic cond: 0.
The extend info: errcode:(0) errorStr: timeout or trap error. subErrType: 0x4.
For details, see the troubleshooting document on the Ascend official website. Search for the keyword "AI Core Error".[FUNC:ProcessDavidStarsCoreErrorInfo][FILE:device_error_proc_c.cc][LINE:716]
       The error from device(chipId:0, dieId:0), serial number is 1231, there is an aivec error exception, core id is 6, error code = 0, dump info: pc start: 0x120041000900, current: 0x120041001390, sc error info: 0xffffffffffff, su error info: 0x96ffa7b12aea334c,0xc00000584800fbfb, mte error info: 0x8509080000020043, vec error info: 0x410062180031126e, cube error info: 0, l1 error info: 0, aic error mask: 0x395856, para base: 0x120000200000, mte error: 0, aic cond: 0.
The extend info: errcode:(0) errorStr: timeout or trap error. subErrType: 0x4.
For details, see the troubleshooting document on the Ascend official website. Search for the keyword "AI Core Error".[FUNC:ProcessDavidStarsCoreErrorInfo][FILE:device_error_proc_c.cc][LINE:716]
       The error from device(chipId:0, dieId:0), serial number is 1231, there is an aivec error exception, core id is 7, error code = 0, dump info: pc start: 0x120041000900, current: 0x120041001390, sc error info: 0xffffffffffff, su error info: 0x95df5fbc193e334c,0xc0000058e000dfae, mte error info: 0x8509100000020043, vec error info: 0x410062180031126e, cube error info: 0, l1 error info: 0, aic error mask: 0x395856, para base: 0x120000200000, mte error: 0, aic cond: 0.
The extend info: errcode:(0) errorStr: timeout or trap error. subErrType: 0x4.
For details, see the troubleshooting document on the Ascend official website. Search for the keyword "AI Core Error".[FUNC:ProcessDavidStarsCoreErrorInfo][FILE:device_error_proc_c.cc][LINE:716]
       The error from device(chipId:0, dieId:0), serial number is 1231, there is an aivec error exception, core id is 8, error code = 0, dump info: pc start: 0x120041000900, current: 0x120041001390, sc error info: 0xffffffffffff, su error info: 0xf797b3ef2bdc334c,0xc000005868003f74, mte error info: 0x8509187000020043, vec error info: 0x410062180031126e, cube error info: 0, l1 error info: 0, aic error mask: 0x395856, para base: 0x120000200000, mte error: 0, aic cond: 0.
The extend info: errcode:(0) errorStr: timeout or trap error. subErrType: 0x4.
For details, see the troubleshooting document on the Ascend official website. Search for the keyword "AI Core Error".[FUNC:ProcessDavidStarsCoreErrorInfo][FILE:device_error_proc_c.cc][LINE:716]
       The error from device(chipId:0, dieId:0), serial number is 1231, there is an aivec error exception, core id is 9, error code = 0, dump info: pc start: 0x120041000900, current: 0x120041001390, sc error info: 0xffffffffffff, su error info: 0x7ef7f6ec35be334c,0xc00000587800fdfe, mte error info: 0x8509200000020043, vec error info: 0x410062180031126e, cube error info: 0, l1 error info: 0, aic error mask: 0x395856, para base: 0x120000200000, mte error: 0, aic cond: 0.
The extend info: errcode:(0) errorStr: timeout or trap error. subErrType: 0x4.
For details, see the troubleshooting document on the Ascend official website. Search for the keyword "AI Core Error".[FUNC:ProcessDavidStarsCoreErrorInfo][FILE:device_error_proc_c.cc][LINE:716]
       The error from device(chipId:0, dieId:0), serial number is 1231, there is an aivec error exception, core id is 10, error code = 0, dump info: pc start: 0x120041000900, current: 0x120041001390, sc error info: 0xffffffffffff, su error info: 0xffd7a3d02af8334c,0xc0000058c800bfae, mte error info: 0x8509281000020043, vec error info: 0x410062180031126e, cube error info: 0, l1 error info: 0, aic error mask: 0x395856, para base: 0x120000200000, mte error: 0, aic cond: 0.
The extend info: errcode:(0) errorStr: timeout or trap error. subErrType: 0x4.
For details, see the troubleshooting document on the Ascend official website. Search for the keyword "AI Core Error".[FUNC:ProcessDavidStarsCoreErrorInfo][FILE:device_error_proc_c.cc][LINE:716]
       The error from device(chipId:0, dieId:0), serial number is 1231, there is an aivec error exception, core id is 11, error code = 0, dump info: pc start: 0x120041000900, current: 0x120041001390, sc error info: 0xffffffffffff, su error info: 0xc4fffffd01fe334c,0xc0000058f00026fb, mte error info: 0x8509300000020043, vec error info: 0x410062180031126e, cube error info: 0, l1 error info: 0, aic error mask: 0x395856, para base: 0x120000200000, mte error: 0, aic cond: 0.
The extend info: errcode:(0) errorStr: timeout or trap error. subErrType: 0x4.
For details, see the troubleshooting document on the Ascend official website. Search for the keyword "AI Core Error".[FUNC:ProcessDavidStarsCoreErrorInfo][FILE:device_error_proc_c.cc][LINE:716]
       The error from device(chipId:0, dieId:0), serial number is 1231, there is an aivec error exception, core id is 12, error code = 0, dump info: pc start: 0x120041000900, current: 0x120041001390, sc error info: 0xffffffffffff, su error info: 0x7f1ca5a5328e334c,0xc0000058c8004b70, mte error info: 0x8509380000020043, vec error info: 0x410062180031126e, cube error info: 0, l1 error info: 0, aic error mask: 0x395856, para base: 0x120000200000, mte error: 0, aic cond: 0.
The extend info: errcode:(0) errorStr: timeout or trap error. subErrType: 0x4.
For details, see the troubleshooting document on the Ascend official website. Search for the keyword "AI Core Error".[FUNC:ProcessDavidStarsCoreErrorInfo][FILE:device_error_proc_c.cc][LINE:716]
       The error from device(chipId:0, dieId:0), serial number is 1231, there is an aivec error exception, core id is 13, error code = 0, dump info: pc start: 0x120041000900, current: 0x120041001390, sc error info: 0xffffffffffff, su error info: 0xa3777bf919fc334c,0xc00000582000bdff, mte error info: 0x8509400000020043, vec error info: 0x410062180031126e, cube error info: 0, l1 error info: 0, aic error mask: 0x395856, para base: 0x120000200000, mte error: 0, aic cond: 0.
The extend info: errcode:(0) errorStr: timeout or trap error. subErrType: 0x4.
For details, see the troubleshooting document on the Ascend official website. Search for the keyword "AI Core Error".[FUNC:ProcessDavidStarsCoreErrorInfo][FILE:device_error_proc_c.cc][LINE:716]
       The error from device(chipId:0, dieId:0), serial number is 1231, there is an aivec error exception, core id is 14, error code = 0, dump info: pc start: 0x120041000900, current: 0x1200410014bc, sc error info: 0xffffffffffff, su error info: 0xc64f375f2f0c334c,0x81efff7fc800843e, mte error info: 0x8509480000020043, vec error info: 0x410062180031126e, cube error info: 0, l1 error info: 0, aic error mask: 0x395856, para base: 0x120000200000, mte error: 0, aic cond: 0.
The extend info: errcode:(0) errorStr: timeout or trap error. subErrType: 0x4.
For details, see the troubleshooting document on the Ascend official website. Search for the keyword "AI Core Error".[FUNC:ProcessDavidStarsCoreErrorInfo][FILE:device_error_proc_c.cc][LINE:716]
       The error from device(chipId:0, dieId:0), serial number is 1231, there is an aivec error exception, core id is 15, error code = 0, dump info: pc start: 0x120041000900, current: 0x1200410014bc, sc error info: 0xffffffffffff, su error info: 0x34fffbfe3a2c334c,0xdbfd67df0000ddfe, mte error info: 0x8509500000020043, vec error info: 0x410062180031126e, cube error info: 0, l1 error info: 0, aic error mask: 0x395856, para base: 0x120000200000, mte error: 0, aic cond: 0.
The extend info: errcode:(0) errorStr: timeout or trap error. subErrType: 0x4.
For details, see the troubleshooting document on the Ascend official website. Search for the keyword "AI Core Error".[FUNC:ProcessDavidStarsCoreErrorInfo][FILE:device_error_proc_c.cc][LINE:716]
       The error from device(chipId:0, dieId:0), serial number is 1231, there is an aivec error exception, core id is 16, error code = 0, dump info: pc start: 0x120041000900, current: 0x1200410014bc, sc error info: 0xffffffffffff, su error info: 0xbfce6ff529fc334c,0x147cf7732800fa3f, mte error info: 0x8509581000020043, vec error info: 0x410062180031126e, cube error info: 0, l1 error info: 0, aic error mask: 0x395856, para base: 0x120000200000, mte error: 0, aic cond: 0.
The extend info: errcode:(0) errorStr: timeout or trap error. subErrType: 0x4.
For details, see the troubleshooting document on the Ascend official website. Search for the keyword "AI Core Error".[FUNC:ProcessDavidStarsCoreErrorInfo][FILE:device_error_proc_c.cc][LINE:716]
       The error from device(chipId:0, dieId:0), serial number is 1231, there is an aivec error exception, core id is 17, error code = 0, dump info: pc start: 0x120041000900, current: 0x1200410014bc, sc error info: 0xffffffffffff, su error info: 0x6fffbfff3938334c,0xbdfcc9e8f800fd7f, mte error info: 0x8509600000020043, vec error info: 0x410062180031126e, cube error info: 0, l1 error info: 0, aic error mask: 0x395856, para base: 0x120000200000, mte error: 0, aic cond: 0.
The extend info: errcode:(0) errorStr: timeout or trap error. subErrType: 0x4.
For details, see the troubleshooting document on the Ascend official website. Search for the keyword "AI Core Error".[FUNC:ProcessDavidStarsCoreErrorInfo][FILE:device_error_proc_c.cc][LINE:716]
       The error from device(chipId:0, dieId:0), serial number is 1231, there is an aivec error exception, core id is 18, error code = 0, dump info: pc start: 0x120041000900, current: 0x120041001390, sc error info: 0xffffffffffff, su error info: 0xdba3fa9c23e0334c,0xf87fe5fc7800bf28, mte error info: 0x8509684000020043, vec error info: 0x410062180031126e, cube error info: 0, l1 error info: 0, aic error mask: 0x395856, para base: 0x120000200000, mte error: 0, aic cond: 0.
The extend info: errcode:(0) errorStr: timeout or trap error. subErrType: 0x4.
For details, see the troubleshooting document on the Ascend official website. Search for the keyword "AI Core Error".[FUNC:ProcessDavidStarsCoreErrorInfo][FILE:device_error_proc_c.cc][LINE:716]
       The error from device(chipId:0, dieId:0), serial number is 1231, there is an aivec error exception, core id is 19, error code = 0, dump info: pc start: 0x120041000900, current: 0x120041001390, sc error info: 0xffffffffffff, su error info: 0xf66fdbb805b8334c,0xab276a1e2000dddb, mte error info: 0x8509700000020043, vec error info: 0x410062180031126e, cube error info: 0, l1 error info: 0, aic error mask: 0x395856, para base: 0x120000200000, mte error: 0, aic cond: 0.
The extend info: errcode:(0) errorStr: timeout or trap error. subErrType: 0x4.
For details, see the troubleshooting document on the Ascend official website. Search for the keyword "AI Core Error".[FUNC:ProcessDavidStarsCoreErrorInfo][FILE:device_error_proc_c.cc][LINE:716]
       The error from device(chipId:0, dieId:0), serial number is 1231, there is an aivec error exception, core id is 24, error code = 0, dump info: pc start: 0x120041000900, current: 0x1200410014bc, sc error info: 0xffffffffffff, su error info: 0xfdf78fab1d7c334c,0x5c56f3ddf8004ff0, mte error info: 0x8509780000020043, vec error info: 0x410062180031126e, cube error info: 0, l1 error info: 0, aic error mask: 0x395856, para base: 0x120000200000, mte error: 0, aic cond: 0.
The extend info: errcode:(0) errorStr: timeout or trap error. subErrType: 0x4.
For details, see the troubleshooting document on the Ascend official website. Search for the keyword "AI Core Error".[FUNC:ProcessDavidStarsCoreErrorInfo][FILE:device_error_proc_c.cc][LINE:716]
       The error from device(chipId:0, dieId:0), serial number is 1231, there is an aivec error exception, core id is 25, error code = 0, dump info: pc start: 0x120041000900, current: 0x1200410014bc, sc error info: 0xffffffffffff, su error info: 0x7a9daffc3bba334c,0x65d05736b8001774, mte error info: 0x8509801000020043, vec error info: 0x410062180031126e, cube error info: 0, l1 error info: 0, aic error mask: 0x395856, para base: 0x120000200000, mte error: 0, aic cond: 0.
The extend info: errcode:(0) errorStr: timeout or trap error. subErrType: 0x4.
For details, see the troubleshooting document on the Ascend official website. Search for the keyword "AI Core Error".[FUNC:ProcessDavidStarsCoreErrorInfo][FILE:device_error_proc_c.cc][LINE:716]
       The error from device(chipId:0, dieId:0), serial number is 1231, there is an aivec error exception, core id is 26, error code = 0, dump info: pc start: 0x120041000900, current: 0x120041001390, sc error info: 0xffffffffffff, su error info: 0xf9aab8ee3bba334c,0x7dfff759c000f6db, mte error info: 0x8509880000020043, vec error info: 0x410062180031126e, cube error info: 0, l1 error info: 0, aic error mask: 0x395856, para base: 0x120000200000, mte error: 0, aic cond: 0.
The extend info: errcode:(0) errorStr: timeout or trap error. subErrType: 0x4.
For details, see the troubleshooting document on the Ascend official website. Search for the keyword "AI Core Error".[FUNC:ProcessDavidStarsCoreErrorInfo][FILE:device_error_proc_c.cc][LINE:716]
       The error from device(chipId:0, dieId:0), serial number is 1231, there is an aivec error exception, core id is 27, error code = 0, dump info: pc start: 0x120041000900, current: 0x120041001390, sc error info: 0xffffffffffff, su error info: 0xfffbff1c3478334c,0x2174cd067000977f, mte error info: 0x8509901000020043, vec error info: 0x410062180031126e, cube error info: 0, l1 error info: 0, aic error mask: 0x395856, para base: 0x120000200000, mte error: 0, aic cond: 0.
The extend info: errcode:(0) errorStr: timeout or trap error. subErrType: 0x4.
For details, see the troubleshooting document on the Ascend official website. Search for the keyword "AI Core Error".[FUNC:ProcessDavidStarsCoreErrorInfo][FILE:device_error_proc_c.cc][LINE:716]
       The error from device(chipId:0, dieId:0), serial number is 1231, there is an aivec error exception, core id is 28, error code = 0, dump info: pc start: 0x120041000900, current: 0x120041001390, sc error info: 0xffffffffffff, su error info: 0xbfffb7fc203e33e4,0x9dfce95cf000defe, mte error info: 0x8509980000020043, vec error info: 0x410062180031126e, cube error info: 0, l1 error info: 0, aic error mask: 0x395856, para base: 0x120000200000, mte error: 0, aic cond: 0.
The extend info: errcode:(0) errorStr: timeout or trap error. subErrType: 0x4.
For details, see the troubleshooting document on the Ascend official website. Search for the keyword "AI Core Error".[FUNC:ProcessDavidStarsCoreErrorInfo][FILE:device_error_proc_c.cc][LINE:716]
       The error from device(chipId:0, dieId:0), serial number is 1231, there is an aivec error exception, core id is 29, error code = 0, dump info: pc start: 0x120041000900, current: 0x120041001390, sc error info: 0xffffffffffff, su error info: 0xaebe3f1d3ffc33e4,0x959076d97800dfda, mte error info: 0x8509a02000020043, vec error info: 0x410062180031126e, cube error info: 0, l1 error info: 0, aic error mask: 0x395856, para base: 0x120000200000, mte error: 0, aic cond: 0.
The extend info: errcode:(0) errorStr: timeout or trap error. subErrType: 0x4.
For details, see the troubleshooting document on the Ascend official website. Search for the keyword "AI Core Error".[FUNC:ProcessDavidStarsCoreErrorInfo][FILE:device_error_proc_c.cc][LINE:716]
       The error from device(chipId:0, dieId:0), serial number is 1231, there is an aivec error exception, core id is 30, error code = 0, dump info: pc start: 0x120041000900, current: 0x120041001390, sc error info: 0xffffffffffff, su error info: 0x2ffaf1ec33fe33e4,0xeeb5f7fad800df9e, mte error info: 0x8509a80000020043, vec error info: 0x410062180031126e, cube error info: 0, l1 error info: 0, aic error mask: 0x395856, para base: 0x120000200000, mte error: 0, aic cond: 0.
The extend info: errcode:(0) errorStr: timeout or trap error. subErrType: 0x4.
For details, see the troubleshooting document on the Ascend official website. Search for the keyword "AI Core Error".[FUNC:ProcessDavidStarsCoreErrorInfo][FILE:device_error_proc_c.cc][LINE:716]
       The error from device(chipId:0, dieId:0), serial number is 1231, there is an aivec error exception, core id is 31, error code = 0, dump info: pc start: 0x120041000900, current: 0x120041001390, sc error info: 0xffffffffffff, su error info: 0xaeefefad2ffa3484,0x77f77f76e8001fff, mte error info: 0x8509b00000020043, vec error info: 0x410062180031126e, cube error info: 0, l1 error info: 0, aic error mask: 0x395856, para base: 0x120000200000, mte error: 0, aic cond: 0.
The extend info: errcode:(0) errorStr: timeout or trap error. subErrType: 0x4.
For details, see the troubleshooting document on the Ascend official website. Search for the keyword "AI Core Error".[FUNC:ProcessDavidStarsCoreErrorInfo][FILE:device_error_proc_c.cc][LINE:716]
       The error from device(chipId:0, dieId:0), serial number is 1231, there is an aivec error exception, core id is 36, error code = 0, dump info: pc start: 0x120041000900, current: 0x120041001390, sc error info: 0xffffffffffff, su error info: 0xbf5f7fe72bdc3484,0xc00000580800f58e, mte error info: 0x8509b80000020043, vec error info: 0x410062180031126e, cube error info: 0, l1 error info: 0, aic error mask: 0x395856, para base: 0x120000200000, mte error: 0, aic cond: 0.
The extend info: errcode:(0) errorStr: timeout or trap error. subErrType: 0x4.
For details, see the troubleshooting document on the Ascend official website. Search for the keyword "AI Core Error".[FUNC:ProcessDavidStarsCoreErrorInfo][FILE:device_error_proc_c.cc][LINE:716]
       The error from device(chipId:0, dieId:0), serial number is 1231, there is an aivec error exception, core id is 37, error code = 0, dump info: pc start: 0x120041000900, current: 0x120041001390, sc error info: 0xffffffffffff, su error info: 0xf27c777c16883484,0xc0000058b0006ff9, mte error info: 0x8509c00000020043, vec error info: 0x410062180031126e, cube error info: 0, l1 error info: 0, aic error mask: 0x395856, para base: 0x120000200000, mte error: 0, aic cond: 0.
The extend info: errcode:(0) errorStr: timeout or trap error. subErrType: 0x4.
For details, see the troubleshooting document on the Ascend official website. Search for the keyword "AI Core Error".[FUNC:ProcessDavidStarsCoreErrorInfo][FILE:device_error_proc_c.cc][LINE:716]
       The error from device(chipId:0, dieId:0), serial number is 1231, there is an aivec error exception, core id is 38, error code = 0, dump info: pc start: 0x120041000900, current: 0x1200410014bc, sc error info: 0xffffffffffff, su error info: 0xfcd7dff73bfa3484,0xc0000058c000ff0f, mte error info: 0x8509c80000020043, vec error info: 0x410062180031126e, cube error info: 0, l1 error info: 0, aic error mask: 0x395856, para base: 0x120000200000, mte error: 0, aic cond: 0.
The extend info: errcode:(0) errorStr: timeout or trap error. subErrType: 0x4.
For details, see the troubleshooting document on the Ascend official website. Search for the keyword "AI Core Error".[FUNC:ProcessDavidStarsCoreErrorInfo][FILE:device_error_proc_c.cc][LINE:716]
       The error from device(chipId:0, dieId:0), serial number is 1231, there is an aivec error exception, core id is 39, error code = 0, dump info: pc start: 0x120041000900, current: 0x1200410014bc, sc error info: 0xffffffffffff, su error info: 0xfe7f6f65112834fa,0xc00000587000bf7e, mte error info: 0x8509d00000020043, vec error info: 0x410062180031126e, cube error info: 0, l1 error info: 0, aic error mask: 0x395856, para base: 0x120000200000, mte error: 0, aic cond: 0.
The extend info: errcode:(0) errorStr: timeout or trap error. subErrType: 0x4.
For details, see the troubleshooting document on the Ascend official website. Search for the keyword "AI Core Error".[FUNC:ProcessDavidStarsCoreErrorInfo][FILE:device_error_proc_c.cc][LINE:716]
       The error from device(chipId:0, dieId:0), serial number is 1231, there is an aivec error exception, core id is 40, error code = 0, dump info: pc start: 0x120041000900, current: 0x120041001390, sc error info: 0xffffffffffff, su error info: 0xbfdff3c70bfa01de,0xc0000058f800fffc, mte error info: 0x8509d81000020043, vec error info: 0x410062180031126e, cube error info: 0, l1 error info: 0, aic error mask: 0x395856, para base: 0x120000200000, mte error: 0, aic cond: 0.
The extend info: errcode:(0) errorStr: timeout or trap error. subErrType: 0x4.
For details, see the troubleshooting document on the Ascend official website. Search for the keyword "AI Core Error".[FUNC:ProcessDavidStarsCoreErrorInfo][FILE:device_error_proc_c.cc][LINE:716]
       The error from device(chipId:0, dieId:0), serial number is 1231, there is an aivec error exception, core id is 41, error code = 0, dump info: pc start: 0x120041000900, current: 0x120041001390, sc error info: 0xffffffffffff, su error info: 0xffef7eff3bf201de,0xc000005818005f69, mte error info: 0x8509e00000020043, vec error info: 0x410062180031126e, cube error info: 0, l1 error info: 0, aic error mask: 0x395856, para base: 0x120000200000, mte error: 0, aic cond: 0.
The extend info: errcode:(0) errorStr: timeout or trap error. subErrType: 0x4.
For details, see the troubleshooting document on the Ascend official website. Search for the keyword "AI Core Error".[FUNC:ProcessDavidStarsCoreErrorInfo][FILE:device_error_proc_c.cc][LINE:716]
       The error from device(chipId:0, dieId:0), serial number is 1231, there is an aivec error exception, core id is 44, error code = 0, dump info: pc start: 0x120041000900, current: 0x1200410014bc, sc error info: 0xffffffffffff, su error info: 0xbfd3dbc539ba01de,0xc0000058780076cb, mte error info: 0x8509e80000020043, vec error info: 0x410062180031126e, cube error info: 0, l1 error info: 0, aic error mask: 0x395856, para base: 0x120000200000, mte error: 0, aic cond: 0.
The extend info: errcode:(0) errorStr: timeout or trap error. subErrType: 0x4.
For details, see the troubleshooting document on the Ascend official website. Search for the keyword "AI Core Error".[FUNC:ProcessDavidStarsCoreErrorInfo][FILE:device_error_proc_c.cc][LINE:716]
       The error from device(chipId:0, dieId:0), serial number is 1231, there is an aivec error exception, core id is 45, error code = 0, dump info: pc start: 0x120041000900, current: 0x1200410014bc, sc error info: 0xffffffffffff, su error info: 0xf8de2bb52bea01de,0xc00000587800c9df, mte error info: 0x8509f00000020043, vec error info: 0x410062180031126e, cube error info: 0, l1 error info: 0, aic error mask: 0x395856, para base: 0x120000200000, mte error: 0, aic cond: 0.
The extend info: errcode:(0) errorStr: timeout or trap error. subErrType: 0x4.
For details, see the troubleshooting document on the Ascend official website. Search for the keyword "AI Core Error".[FUNC:ProcessDavidStarsCoreErrorInfo][FILE:device_error_proc_c.cc][LINE:716]
       The error from device(chipId:0, dieId:0), serial number is 1231, there is an aivec error exception, core id is 46, error code = 0, dump info: pc start: 0x120041000900, current: 0x120041001390, sc error info: 0xffffffffffff, su error info: 0xd792babf3ffc01de,0xc0000058f800fef3, mte error info: 0x8509f82000020043, vec error info: 0x410062180031126e, cube error info: 0, l1 error info: 0, aic error mask: 0x395856, para base: 0x120000200000, mte error: 0, aic cond: 0.
The extend info: errcode:(0) errorStr: timeout or trap error. subErrType: 0x4.
For details, see the troubleshooting document on the Ascend official website. Search for the keyword "AI Core Error".[FUNC:ProcessDavidStarsCoreErrorInfo][FILE:device_error_proc_c.cc][LINE:716]
       The error from device(chipId:0, dieId:0), serial number is 1231, there is an aivec error exception, core id is 47, error code = 0, dump info: pc start: 0x120041000900, current: 0x120041001390, sc error info: 0xffffffffffff, su error info: 0xd7fb579f392e01de,0xc0000058e000cbde, mte error info: 0x850a000000020043, vec error info: 0x410062180031126e, cube error info: 0, l1 error info: 0, aic error mask: 0x395856, para base: 0x120000200000, mte error: 0, aic cond: 0.
The extend info: errcode:(0) errorStr: timeout or trap error. subErrType: 0x4.
For details, see the troubleshooting document on the Ascend official website. Search for the keyword "AI Core Error".[FUNC:ProcessDavidStarsCoreErrorInfo][FILE:device_error_proc_c.cc][LINE:716]
       The error from device(chipId:0, dieId:0), serial number is 1231, there is an aivec error exception, core id is 48, error code = 0, dump info: pc start: 0x120041000900, current: 0x1200410014bc, sc error info: 0xffffffffffff, su error info: 0x7ffff5702fe601de,0xc0000058d800eeff, mte error info: 0x850a080000020043, vec error info: 0x410062180031126e, cube error info: 0, l1 error info: 0, aic error mask: 0x395856, para base: 0x120000200000, mte error: 0, aic cond: 0.
The extend info: errcode:(0) errorStr: timeout or trap error. subErrType: 0x4.
For details, see the troubleshooting document on the Ascend official website. Search for the keyword "AI Core Error".[FUNC:ProcessDavidStarsCoreErrorInfo][FILE:device_error_proc_c.cc][LINE:716]
       The error from device(chipId:0, dieId:0), serial number is 1231, there is an aivec error exception, core id is 49, error code = 0, dump info: pc start: 0x120041000900, current: 0x1200410014bc, sc error info: 0xffffffffffff, su error info: 0xff9b312e30da01de,0xc00000587000b957, mte error info: 0x850a103000020043, vec error info: 0x410062180031126e, cube error info: 0, l1 error info: 0, aic error mask: 0x395856, para base: 0x120000200000, mte error: 0, aic cond: 0.
The extend info: errcode:(0) errorStr: timeout or trap error. subErrType: 0x4.
For details, see the troubleshooting document on the Ascend official website. Search for the keyword "AI Core Error".[FUNC:ProcessDavidStarsCoreErrorInfo][FILE:device_error_proc_c.cc][LINE:716]
       The error from device(chipId:0, dieId:0), serial number is 1231, there is an aivec error exception, core id is 50, error code = 0, dump info: pc start: 0x120041000900, current: 0x1200410014bc, sc error info: 0xffffffffffff, su error info: 0x5aeaffff19bc01de,0xc0000058e000b8b2, mte error info: 0x850a180000020043, vec error info: 0x410062180031126e, cube error info: 0, l1 error info: 0, aic error mask: 0x395856, para base: 0x120000200000, mte error: 0, aic cond: 0.
The extend info: errcode:(0) errorStr: timeout or trap error. subErrType: 0x4.
For details, see the troubleshooting document on the Ascend official website. Search for the keyword "AI Core Error".[FUNC:ProcessDavidStarsCoreErrorInfo][FILE:device_error_proc_c.cc][LINE:716]
       The error from device(chipId:0, dieId:0), serial number is 1231, there is an aivec error exception, core id is 51, error code = 0, dump info: pc start: 0x120041000900, current: 0x1200410014bc, sc error info: 0xffffffffffff, su error info: 0x38f87e3a1c9c01de,0xc000005870005ffe, mte error info: 0x850a200000020043, vec error info: 0x410062180031126e, cube error info: 0, l1 error info: 0, aic error mask: 0x395856, para base: 0x120000200000, mte error: 0, aic cond: 0.
The extend info: errcode:(0) errorStr: timeout or trap error. subErrType: 0x4.
For details, see the troubleshooting document on the Ascend official website. Search for the keyword "AI Core Error".[FUNC:ProcessDavidStarsCoreErrorInfo][FILE:device_error_proc_c.cc][LINE:716]
       The error from device(chipId:0, dieId:0), serial number is 1231, there is an aivec error exception, core id is 52, error code = 0, dump info: pc start: 0x120041000900, current: 0x1200410014bc, sc error info: 0xffffffffffff, su error info: 0xe8f2ef6d2fb201de,0xe4eb70d17000fc4f, mte error info: 0x850a280000020043, vec error info: 0x410062180031126e, cube error info: 0, l1 error info: 0, aic error mask: 0x395856, para base: 0x120000200000, mte error: 0, aic cond: 0.
The extend info: errcode:(0) errorStr: timeout or trap error. subErrType: 0x4.
For details, see the troubleshooting document on the Ascend official website. Search for the keyword "AI Core Error".[FUNC:ProcessDavidStarsCoreErrorInfo][FILE:device_error_proc_c.cc][LINE:716]
       The error from device(chipId:0, dieId:0), serial number is 1231, there is an aivec error exception, core id is 53, error code = 0, dump info: pc start: 0x120041000900, current: 0x1200410014bc, sc error info: 0xffffffffffff, su error info: 0x6ef555e43bca01de,0x4ec06ae4f800ffdf, mte error info: 0x850a300000020043, vec error info: 0x410062180031126e, cube error info: 0, l1 error info: 0, aic error mask: 0x395856, para base: 0x120000200000, mte error: 0, aic cond: 0.
The extend info: errcode:(0) errorStr: timeout or trap error. subErrType: 0x4.
For details, see the troubleshooting document on the Ascend official website. Search for the keyword "AI Core Error".[FUNC:ProcessDavidStarsCoreErrorInfo][FILE:device_error_proc_c.cc][LINE:716]
       The error from device(chipId:0, dieId:0), serial number is 1231, there is an aivec error exception, core id is 54, error code = 0, dump info: pc start: 0x120041000900, current: 0x1200410014bc, sc error info: 0xffffffffffff, su error info: 0xdb3bfad639c401de,0x77fddd9fe8007ffc, mte error info: 0x850a380000020043, vec error info: 0x410062180031126e, cube error info: 0, l1 error info: 0, aic error mask: 0x395856, para base: 0x120000200000, mte error: 0, aic cond: 0.
The extend info: errcode:(0) errorStr: timeout or trap error. subErrType: 0x4.
For details, see the troubleshooting document on the Ascend official website. Search for the keyword "AI Core Error".[FUNC:ProcessDavidStarsCoreErrorInfo][FILE:device_error_proc_c.cc][LINE:716]
       The error from device(chipId:0, dieId:0), serial number is 1231, there is an aivec error exception, core id is 55, error code = 0, dump info: pc start: 0x120041000900, current: 0x1200410014bc, sc error info: 0xffffffffffff, su error info: 0x6d7edfbc3bfc01de,0xf1dfd6f7f000dfff, mte error info: 0x850a402000020043, vec error info: 0x410062180031126e, cube error info: 0, l1 error info: 0, aic error mask: 0x395856, para base: 0x120000200000, mte error: 0, aic cond: 0.
The extend info: errcode:(0) errorStr: timeout or trap error. subErrType: 0x4.
For details, see the troubleshooting document on the Ascend official website. Search for the keyword "AI Core Error".[FUNC:ProcessDavidStarsCoreErrorInfo][FILE:device_error_proc_c.cc][LINE:716]
       The error from device(chipId:0, dieId:0), serial number is 1231, there is an aivec error exception, core id is 56, error code = 0, dump info: pc start: 0x120041000900, current: 0x120041001390, sc error info: 0xffffffffffff, su error info: 0xe4fa32553abe01de,0xde6515fec800bb1b, mte error info: 0x850a480000020043, vec error info: 0x410062180031126e, cube error info: 0, l1 error info: 0, aic error mask: 0x395856, para base: 0x120000200000, mte error: 0, aic cond: 0.
The extend info: errcode:(0) errorStr: timeout or trap error. subErrType: 0x4.
For details, see the troubleshooting document on the Ascend official website. Search for the keyword "AI Core Error".[FUNC:ProcessDavidStarsCoreErrorInfo][FILE:device_error_proc_c.cc][LINE:716]
       The error from device(chipId:0, dieId:0), serial number is 1231, there is an aivec error exception, core id is 57, error code = 0, dump info: pc start: 0x120041000900, current: 0x120041001390, sc error info: 0xffffffffffff, su error info: 0xffb5ffdf298e01de,0x5fa58f9f0000ee9d, mte error info: 0x850a500000020043, vec error info: 0x410062180031126e, cube error info: 0, l1 error info: 0, aic error mask: 0x395856, para base: 0x120000200000, mte error: 0, aic cond: 0.
The extend info: errcode:(0) errorStr: timeout or trap error. subErrType: 0x4.
For details, see the troubleshooting document on the Ascend official website. Search for the keyword "AI Core Error".[FUNC:ProcessDavidStarsCoreErrorInfo][FILE:device_error_proc_c.cc][LINE:716]
       An error occurred in the kernel task, retCode=0x26, [aicore exception].[FUNC:PreCheckTaskErr][FILE:davinci_kernel_task.cc][LINE:1262]
       AI Core kernel task execution failed, retCode=0x26.[FUNC:GetError][FILE:stream.cc][LINE:1746]
       [AIC_INFO] after execute:args print end[FUNC:GetError][FILE:stream.cc][LINE:1746]
       [AIC_INFO] after execute:(no result)[FUNC:GetError][FILE:stream.cc][LINE:1746]
       [DFX_INFO]AI Core kernel execution failed, device_id=0, stream_id=61, report_stream_id=61, task_id=1, flip_num=0, fault kernel_name=_Z22m23_gdn_prefill_kernelPhS_S_S_S_S_S_S_S_jjjjf, fault kernel info ext=none, program id=0, hash=5595008166116059354.[FUNC:GetError][FILE:stream.cc][LINE:1746]
       rtStreamSynchronize execution failed, reason=aicore exception[FUNC:FuncErrorReason][FILE:error_message_manage.cc][LINE:69]

[M23] ===== FAILURES PRESENT（数值判据请运行 check_ref.py）=====
