[M23] mix(1,2) launch: nblk(AIC)=28 → AIV 线程数=56；slot=753664 B；scratch=21102592 B
[M23] M15GP_ONLY_P4097=(unset) ⇒ 本次跑 case [0, 2)
[M23] M15GP_ONLY_M=65 ⇒ 单 case 运行（H=48, T=65）
[M23][FAIL] H=48 T=65 launch/sync error 507015 : EZ9999: Inner Error!
EZ9999[PID: 24323] 2026-09-27-11:52:52.629.961 (EZ9999):  The error from device(chipId:0, dieId:0), serial number is 1254, there is an aicore error exception, core id is 7, error code = 171, dump info: pc start: 0x120041000000, current: 0x1200410005d4, sc error info: 0xffffffffffff, su error info: 0xffbffeff1fb8dfef,0x9fcd6f5378005fff, mte error info: 0x13d33000000202ce, vec error info: 0, cube error info: 0, l1 error info: 0x32400006810, aic error mask: 0x395856, para base: 0x120000200000, mte error: 0, aic cond: 0.
The extend info: errcode:(171) errorStr: A multi-bit ECC error occurs when fixpipe reads L0C. See the RAS alarm handling. subErrType: 0x4.
For details, see the troubleshooting document on the Ascend official website. Search for the keyword "AI Core Error".[FUNC:ProcessDavidStarsCoreErrorInfo][FILE:device_error_proc_c.cc][LINE:716]
TraceBack (most recent call last):
       The error from device(chipId:0, dieId:0), serial number is 1254, there is an aicore error exception, core id is 8, error code = 171, dump info: pc start: 0x120041000000, current: 0x1200410005d4, sc error info: 0xffffffffffff, su error info: 0xffff7f9b11e6fe6d,0xdecddfc4e800ffef, mte error info: 0x13d38000000202ce, vec error info: 0, cube error info: 0, l1 error info: 0x3240000640c, aic error mask: 0x395856, para base: 0x120000200000, mte error: 0, aic cond: 0.
The extend info: errcode:(171) errorStr: A multi-bit ECC error occurs when fixpipe reads L0C. See the RAS alarm handling. subErrType: 0x4.
For details, see the troubleshooting document on the Ascend official website. Search for the keyword "AI Core Error".[FUNC:ProcessDavidStarsCoreErrorInfo][FILE:device_error_proc_c.cc][LINE:716]
       The error from device(chipId:0, dieId:0), serial number is 1254, there is an aicore error exception, core id is 12, error code = 171, dump info: pc start: 0x120041000000, current: 0x1200410005d4, sc error info: 0xffffffffffff, su error info: 0xdfff6ffe1ba4df5f,0xc7ccd1ddf800ffef, mte error info: 0x13d42000000202ce, vec error info: 0, cube error info: 0, l1 error info: 0x32400006005, aic error mask: 0x395856, para base: 0x120000200000, mte error: 0, aic cond: 0.
The extend info: errcode:(171) errorStr: A multi-bit ECC error occurs when fixpipe reads L0C. See the RAS alarm handling. subErrType: 0x4.
For details, see the troubleshooting document on the Ascend official website. Search for the keyword "AI Core Error".[FUNC:ProcessDavidStarsCoreErrorInfo][FILE:device_error_proc_c.cc][LINE:716]
       The error from device(chipId:0, dieId:0), serial number is 1254, there is an aicore error exception, core id is 19, error code = 171, dump info: pc start: 0x120041000000, current: 0x1200410005d4, sc error info: 0xffffffffffff, su error info: 0x7f7fafef1bacefff,0xfdc9f4cbf800feff, mte error info: 0x13d5b000000202ce, vec error info: 0, cube error info: 0, l1 error info: 0x32400006c1d, aic error mask: 0x395856, para base: 0x120000200000, mte error: 0, aic cond: 0.
The extend info: errcode:(171) errorStr: A multi-bit ECC error occurs when fixpipe reads L0C. See the RAS alarm handling. subErrType: 0x4.
For details, see the troubleshooting document on the Ascend official website. Search for the keyword "AI Core Error".[FUNC:ProcessDavidStarsCoreErrorInfo][FILE:device_error_proc_c.cc][LINE:716]
       The error from device(chipId:0, dieId:0), serial number is 1254, there is an aicore error exception, core id is 28, error code = 171, dump info: pc start: 0x120041000000, current: 0x1200410005d4, sc error info: 0xffffffffffff, su error info: 0xffffff53068aefcf,0x7f4f6dccf800fbfb, mte error info: 0x13d83000000202ce, vec error info: 0, cube error info: 0, l1 error info: 0x32400006000, aic error mask: 0x395856, para base: 0x120000200000, mte error: 0, aic cond: 0.
The extend info: errcode:(171) errorStr: A multi-bit ECC error occurs when fixpipe reads L0C. See the RAS alarm handling. subErrType: 0x4.
For details, see the troubleshooting document on the Ascend official website. Search for the keyword "AI Core Error".[FUNC:ProcessDavidStarsCoreErrorInfo][FILE:device_error_proc_c.cc][LINE:716]
       The error from device(chipId:0, dieId:0), serial number is 1255, there is an aivec error exception, core id is 14, error code = 0, dump info: pc start: 0x120041000d00, current: 0x120041001c14, sc error info: 0xffffffffffff, su error info: 0xc64f375f2f0c334c,0x81efff7fc800843e, mte error info: 0x8509480000020043, vec error info: 0x410062180031126e, cube error info: 0, l1 error info: 0, aic error mask: 0x395856, para base: 0x120000200000, mte error: 0, aic cond: 0.
The extend info: errcode:(0) errorStr: timeout or trap error. subErrType: 0x4.
For details, see the troubleshooting document on the Ascend official website. Search for the keyword "AI Core Error".[FUNC:ProcessDavidStarsCoreErrorInfo][FILE:device_error_proc_c.cc][LINE:716]
       The error from device(chipId:0, dieId:0), serial number is 1255, there is an aivec error exception, core id is 15, error code = 0, dump info: pc start: 0x120041000d00, current: 0x120041001c14, sc error info: 0xffffffffffff, su error info: 0x34fffbfe3a2c334c,0xdbfd67df0000ddfe, mte error info: 0x8509500000020043, vec error info: 0x410062180031126e, cube error info: 0, l1 error info: 0, aic error mask: 0x395856, para base: 0x120000200000, mte error: 0, aic cond: 0.
The extend info: errcode:(0) errorStr: timeout or trap error. subErrType: 0x4.
For details, see the troubleshooting document on the Ascend official website. Search for the keyword "AI Core Error".[FUNC:ProcessDavidStarsCoreErrorInfo][FILE:device_error_proc_c.cc][LINE:716]
       The error from device(chipId:0, dieId:0), serial number is 1255, there is an aivec error exception, core id is 16, error code = 0, dump info: pc start: 0x120041000d00, current: 0x120041001c14, sc error info: 0xffffffffffff, su error info: 0xbfce6ff529fc334c,0x147cf7732800fa3f, mte error info: 0x8509581000020043, vec error info: 0x410062180031126e, cube error info: 0, l1 error info: 0, aic error mask: 0x395856, para base: 0x120000200000, mte error: 0, aic cond: 0.
The extend info: errcode:(0) errorStr: timeout or trap error. subErrType: 0x4.
For details, see the troubleshooting document on the Ascend official website. Search for the keyword "AI Core Error".[FUNC:ProcessDavidStarsCoreErrorInfo][FILE:device_error_proc_c.cc][LINE:716]
       The error from device(chipId:0, dieId:0), serial number is 1255, there is an aivec error exception, core id is 17, error code = 0, dump info: pc start: 0x120041000d00, current: 0x120041001c14, sc error info: 0xffffffffffff, su error info: 0x6fffbfff3938334c,0xbdfcc9e8f800fd7f, mte error info: 0x8509600000020043, vec error info: 0x410062180031126e, cube error info: 0, l1 error info: 0, aic error mask: 0x395856, para base: 0x120000200000, mte error: 0, aic cond: 0.
The extend info: errcode:(0) errorStr: timeout or trap error. subErrType: 0x4.
For details, see the troubleshooting document on the Ascend official website. Search for the keyword "AI Core Error".[FUNC:ProcessDavidStarsCoreErrorInfo][FILE:device_error_proc_c.cc][LINE:716]
       The error from device(chipId:0, dieId:0), serial number is 1255, there is an aivec error exception, core id is 24, error code = 0, dump info: pc start: 0x120041000d00, current: 0x120041001c14, sc error info: 0xffffffffffff, su error info: 0xfdf78fab1d7c334c,0x5c56f3ddf8004ff0, mte error info: 0x8509780000020043, vec error info: 0x410062180031126e, cube error info: 0, l1 error info: 0, aic error mask: 0x395856, para base: 0x120000200000, mte error: 0, aic cond: 0.
The extend info: errcode:(0) errorStr: timeout or trap error. subErrType: 0x4.
For details, see the troubleshooting document on the Ascend official website. Search for the keyword "AI Core Error".[FUNC:ProcessDavidStarsCoreErrorInfo][FILE:device_error_proc_c.cc][LINE:716]
       The error from device(chipId:0, dieId:0), serial number is 1255, there is an aivec error exception, core id is 25, error code = 0, dump info: pc start: 0x120041000d00, current: 0x120041001c14, sc error info: 0xffffffffffff, su error info: 0x7a9daffc3bba334c,0x65d05736b8001774, mte error info: 0x8509801000020043, vec error info: 0x410062180031126e, cube error info: 0, l1 error info: 0, aic error mask: 0x395856, para base: 0x120000200000, mte error: 0, aic cond: 0.
The extend info: errcode:(0) errorStr: timeout or trap error. subErrType: 0x4.
For details, see the troubleshooting document on the Ascend official website. Search for the keyword "AI Core Error".[FUNC:ProcessDavidStarsCoreErrorInfo][FILE:device_error_proc_c.cc][LINE:716]
       The error from device(chipId:0, dieId:0), serial number is 1255, there is an aivec error exception, core id is 38, error code = 0, dump info: pc start: 0x120041000d00, current: 0x120041001c14, sc error info: 0xffffffffffff, su error info: 0xfcd7dff73bfa3484,0xc0000058c000ff0f, mte error info: 0x8509c80000020043, vec error info: 0x410062180031126e, cube error info: 0, l1 error info: 0, aic error mask: 0x395856, para base: 0x120000200000, mte error: 0, aic cond: 0.
The extend info: errcode:(0) errorStr: timeout or trap error. subErrType: 0x4.
For details, see the troubleshooting document on the Ascend official website. Search for the keyword "AI Core Error".[FUNC:ProcessDavidStarsCoreErrorInfo][FILE:device_error_proc_c.cc][LINE:716]
       The error from device(chipId:0, dieId:0), serial number is 1255, there is an aivec error exception, core id is 39, error code = 0, dump info: pc start: 0x120041000d00, current: 0x120041001c14, sc error info: 0xffffffffffff, su error info: 0xfe7f6f65112834fa,0xc00000587000bf7e, mte error info: 0x8509d00000020043, vec error info: 0x410062180031126e, cube error info: 0, l1 error info: 0, aic error mask: 0x395856, para base: 0x120000200000, mte error: 0, aic cond: 0.
The extend info: errcode:(0) errorStr: timeout or trap error. subErrType: 0x4.
For details, see the troubleshooting document on the Ascend official website. Search for the keyword "AI Core Error".[FUNC:ProcessDavidStarsCoreErrorInfo][FILE:device_error_proc_c.cc][LINE:716]
       The error from device(chipId:0, dieId:0), serial number is 1255, there is an aivec error exception, core id is 56, error code = 0, dump info: pc start: 0x120041000d00, current: 0x120041001c14, sc error info: 0xffffffffffff, su error info: 0xe4fa32553abe01de,0xde6515fec800bb1b, mte error info: 0x850a480000020043, vec error info: 0x410062180031126e, cube error info: 0, l1 error info: 0, aic error mask: 0x395856, para base: 0x120000200000, mte error: 0, aic cond: 0.
The extend info: errcode:(0) errorStr: timeout or trap error. subErrType: 0x4.
For details, see the troubleshooting document on the Ascend official website. Search for the keyword "AI Core Error".[FUNC:ProcessDavidStarsCoreErrorInfo][FILE:device_error_proc_c.cc][LINE:716]
       The error from device(chipId:0, dieId:0), serial number is 1255, there is an aivec error exception, core id is 57, error code = 0, dump info: pc start: 0x120041000d00, current: 0x120041001c14, sc error info: 0xffffffffffff, su error info: 0xffb5ffdf298e01de,0x5fa58f9f0000ee9d, mte error info: 0x850a500000020043, vec error info: 0x410062180031126e, cube error info: 0, l1 error info: 0, aic error mask: 0x395856, para base: 0x120000200000, mte error: 0, aic cond: 0.
The extend info: errcode:(0) errorStr: timeout or trap error. subErrType: 0x4.
For details, see the troubleshooting document on the Ascend official website. Search for the keyword "AI Core Error".[FUNC:ProcessDavidStarsCoreErrorInfo][FILE:device_error_proc_c.cc][LINE:716]
       An error occurred in the kernel task, retCode=0x26, [aicore exception].[FUNC:PreCheckTaskErr][FILE:davinci_kernel_task.cc][LINE:1262]
       AI Core kernel task execution failed, retCode=0x26.[FUNC:GetError][FILE:stream.cc][LINE:1746]
       [AIC_INFO] after execute:args print end[FUNC:GetError][FILE:stream.cc][LINE:1746]
       [AIC_INFO] after execute:(no result)[FUNC:GetError][FILE:stream.cc][LINE:1746]
       [DFX_INFO]AI Core kernel execution failed, device_id=0, stream_id=61, report_stream_id=61, task_id=0, flip_num=0, fault kernel_name=_Z22m23_gdn_prefill_kernelPhS_S_S_S_S_S_S_S_jjjjf, fault kernel info ext=none, program id=0, hash=14524871675639631671.[FUNC:GetError][FILE:stream.cc][LINE:1746]
       rtStreamSynchronize execution failed, reason=aicore exception[FUNC:FuncErrorReason][FILE:error_message_manage.cc][LINE:69]

[M23] ===== FAILURES PRESENT =====
