[M23] mix(1,2) launch: nblk(AIC)=28 → AIV 线程数=56；slot=753664 B；scratch=21102592 B
[M23] M15GP_ONLY_P4097=(unset) ⇒ 本次跑 case [0, 2)
[M23] M15GP_ONLY_M=128 ⇒ 单 case 运行（H=48, T=128）
[M23][FAIL] H=48 T=128 launch/sync error 507015 : EZ9999: Inner Error!
EZ9999[PID: 24446] 2026-09-27-11:52:59.487.038 (EZ9999):  The error from device(chipId:0, dieId:0), serial number is 1256, there is an aicore error exception, core id is 3, error code = 171, dump info: pc start: 0x120041000000, current: 0x12004100013c, sc error info: 0xffffffffffff, su error info: 0xaff7fe791e04cfff,0xddddfd069800efbf, mte error info: 0x13d1f000000202ce, vec error info: 0, cube error info: 0, l1 error info: 0x32400001408, aic error mask: 0x395856, para base: 0x120000200000, mte error: 0, aic cond: 0.
The extend info: errcode:(171) errorStr: A multi-bit ECC error occurs when fixpipe reads L0C. See the RAS alarm handling. subErrType: 0x4.
For details, see the troubleshooting document on the Ascend official website. Search for the keyword "AI Core Error".[FUNC:ProcessDavidStarsCoreErrorInfo][FILE:device_error_proc_c.cc][LINE:716]
TraceBack (most recent call last):
       The error from device(chipId:0, dieId:0), serial number is 1256, there is an aicore error exception, core id is 4, error code = 171, dump info: pc start: 0x120041000000, current: 0x120041000970, sc error info: 0xffffffffffff, su error info: 0xcbbf7ffe0eeedaf7,0x6bfe3559f000dfef, mte error info: 0x13d24000000202ce, vec error info: 0, cube error info: 0, l1 error info: 0x24e00001c9f, aic error mask: 0x395856, para base: 0x120000200000, mte error: 0, aic cond: 0.
The extend info: errcode:(171) errorStr: A multi-bit ECC error occurs when fixpipe reads L0C. See the RAS alarm handling. subErrType: 0x4.
For details, see the troubleshooting document on the Ascend official website. Search for the keyword "AI Core Error".[FUNC:ProcessDavidStarsCoreErrorInfo][FILE:device_error_proc_c.cc][LINE:716]
       The error from device(chipId:0, dieId:0), serial number is 1256, there is an aicore error exception, core id is 8, error code = 171, dump info: pc start: 0x120041000000, current: 0x12004100013c, sc error info: 0xffffffffffff, su error info: 0xffff7f9b11e6fe6d,0xdecddfc4e800ffef, mte error info: 0x13d38000000202ce, vec error info: 0, cube error info: 0, l1 error info: 0x32400001815, aic error mask: 0x395856, para base: 0x120000200000, mte error: 0, aic cond: 0.
The extend info: errcode:(171) errorStr: A multi-bit ECC error occurs when fixpipe reads L0C. See the RAS alarm handling. subErrType: 0x4.
For details, see the troubleshooting document on the Ascend official website. Search for the keyword "AI Core Error".[FUNC:ProcessDavidStarsCoreErrorInfo][FILE:device_error_proc_c.cc][LINE:716]
       The error from device(chipId:0, dieId:0), serial number is 1256, there is an aicore error exception, core id is 12, error code = 171, dump info: pc start: 0x120041000000, current: 0x12004100013c, sc error info: 0xffffffffffff, su error info: 0xdfff6ffe1ba4df5f,0xc7ccd1ddf800ffef, mte error info: 0x13d42000000202ce, vec error info: 0, cube error info: 0, l1 error info: 0x3240000148e, aic error mask: 0x395856, para base: 0x120000200000, mte error: 0, aic cond: 0.
The extend info: errcode:(171) errorStr: A multi-bit ECC error occurs when fixpipe reads L0C. See the RAS alarm handling. subErrType: 0x4.
For details, see the troubleshooting document on the Ascend official website. Search for the keyword "AI Core Error".[FUNC:ProcessDavidStarsCoreErrorInfo][FILE:device_error_proc_c.cc][LINE:716]
       The error from device(chipId:0, dieId:0), serial number is 1256, there is an aicore error exception, core id is 13, error code = 171, dump info: pc start: 0x120041000000, current: 0x120041000970, sc error info: 0xffffffffffff, su error info: 0xfffdffff1430cf9f,0xd5fc7ddff000ffef, mte error info: 0x13d47000000202ce, vec error info: 0, cube error info: 0, l1 error info: 0x24e00005811, aic error mask: 0x395856, para base: 0x120000200000, mte error: 0, aic cond: 0.
The extend info: errcode:(171) errorStr: A multi-bit ECC error occurs when fixpipe reads L0C. See the RAS alarm handling. subErrType: 0x4.
For details, see the troubleshooting document on the Ascend official website. Search for the keyword "AI Core Error".[FUNC:ProcessDavidStarsCoreErrorInfo][FILE:device_error_proc_c.cc][LINE:716]
       The error from device(chipId:0, dieId:0), serial number is 1256, there is an aicore error exception, core id is 14, error code = 171, dump info: pc start: 0x120041000000, current: 0x1200410005d4, sc error info: 0xffffffffffff, su error info: 0xf5fdb75f0638ebe6,0xeed7f59df800bfca, mte error info: 0x13d4c000000202ce, vec error info: 0, cube error info: 0, l1 error info: 0x32400006814, aic error mask: 0x395856, para base: 0x120000200000, mte error: 0, aic cond: 0.
The extend info: errcode:(171) errorStr: A multi-bit ECC error occurs when fixpipe reads L0C. See the RAS alarm handling. subErrType: 0x4.
For details, see the troubleshooting document on the Ascend official website. Search for the keyword "AI Core Error".[FUNC:ProcessDavidStarsCoreErrorInfo][FILE:device_error_proc_c.cc][LINE:716]
       The error from device(chipId:0, dieId:0), serial number is 1256, there is an aicore error exception, core id is 23, error code = 171, dump info: pc start: 0x120041000000, current: 0x12004100013c, sc error info: 0xffffffffffff, su error info: 0xfffff4ff0fda0cf8,0xee4d7ffee000ffff, mte error info: 0x13d6a000000202ce, vec error info: 0, cube error info: 0, l1 error info: 0x32400001000, aic error mask: 0x395856, para base: 0x120000200000, mte error: 0, aic cond: 0.
The extend info: errcode:(171) errorStr: A multi-bit ECC error occurs when fixpipe reads L0C. See the RAS alarm handling. subErrType: 0x4.
For details, see the troubleshooting document on the Ascend official website. Search for the keyword "AI Core Error".[FUNC:ProcessDavidStarsCoreErrorInfo][FILE:device_error_proc_c.cc][LINE:716]
       The error from device(chipId:0, dieId:0), serial number is 1256, there is an aicore error exception, core id is 25, error code = 171, dump info: pc start: 0x120041000000, current: 0x1200410005d4, sc error info: 0xffffffffffff, su error info: 0xfbbff7fb1d2effbf,0x97ff7dd77000f7bf, mte error info: 0x13d74000000202ce, vec error info: 0, cube error info: 0, l1 error info: 0x32400006087, aic error mask: 0x395856, para base: 0x120000200000, mte error: 0, aic cond: 0.
The extend info: errcode:(171) errorStr: A multi-bit ECC error occurs when fixpipe reads L0C. See the RAS alarm handling. subErrType: 0x4.
For details, see the troubleshooting document on the Ascend official website. Search for the keyword "AI Core Error".[FUNC:ProcessDavidStarsCoreErrorInfo][FILE:device_error_proc_c.cc][LINE:716]
       The error from device(chipId:0, dieId:0), serial number is 1257, there is an aivec error exception, core id is 6, error code = 0, dump info: pc start: 0x120041000d00, current: 0x120041000eb0, sc error info: 0xffffffffffff, su error info: 0x96ffa7b12aea334c,0xc00000584800fbfb, mte error info: 0x8509080000020043, vec error info: 0x410062180031126e, cube error info: 0, l1 error info: 0, aic error mask: 0x395856, para base: 0x120000200000, mte error: 0, aic cond: 0.
The extend info: errcode:(0) errorStr: timeout or trap error. subErrType: 0x4.
For details, see the troubleshooting document on the Ascend official website. Search for the keyword "AI Core Error".[FUNC:ProcessDavidStarsCoreErrorInfo][FILE:device_error_proc_c.cc][LINE:716]
       The error from device(chipId:0, dieId:0), serial number is 1257, there is an aivec error exception, core id is 7, error code = 0, dump info: pc start: 0x120041000d00, current: 0x120041000eb0, sc error info: 0xffffffffffff, su error info: 0x95df5fbc193e334c,0xc0000058e000dfae, mte error info: 0x8509100000020043, vec error info: 0x410062180031126e, cube error info: 0, l1 error info: 0, aic error mask: 0x395856, para base: 0x120000200000, mte error: 0, aic cond: 0.
The extend info: errcode:(0) errorStr: timeout or trap error. subErrType: 0x4.
For details, see the troubleshooting document on the Ascend official website. Search for the keyword "AI Core Error".[FUNC:ProcessDavidStarsCoreErrorInfo][FILE:device_error_proc_c.cc][LINE:716]
       The error from device(chipId:0, dieId:0), serial number is 1257, there is an aivec error exception, core id is 8, error code = 0, dump info: pc start: 0x120041000d00, current: 0x120041000ea0, sc error info: 0xffffffffffff, su error info: 0xf797b3ef2bdc334c,0xc000005868003f74, mte error info: 0x8509187000020043, vec error info: 0x410062180031126e, cube error info: 0, l1 error info: 0, aic error mask: 0x395856, para base: 0x120000200000, mte error: 0, aic cond: 0.
The extend info: errcode:(0) errorStr: timeout or trap error. subErrType: 0x4.
For details, see the troubleshooting document on the Ascend official website. Search for the keyword "AI Core Error".[FUNC:ProcessDavidStarsCoreErrorInfo][FILE:device_error_proc_c.cc][LINE:716]
       The error from device(chipId:0, dieId:0), serial number is 1257, there is an aivec error exception, core id is 9, error code = 0, dump info: pc start: 0x120041000d00, current: 0x120041000ea0, sc error info: 0xffffffffffff, su error info: 0x7ef7f6ec35be334c,0xc00000587800fdfe, mte error info: 0x8509200000020043, vec error info: 0x410062180031126e, cube error info: 0, l1 error info: 0, aic error mask: 0x395856, para base: 0x120000200000, mte error: 0, aic cond: 0.
The extend info: errcode:(0) errorStr: timeout or trap error. subErrType: 0x4.
For details, see the troubleshooting document on the Ascend official website. Search for the keyword "AI Core Error".[FUNC:ProcessDavidStarsCoreErrorInfo][FILE:device_error_proc_c.cc][LINE:716]
       The error from device(chipId:0, dieId:0), serial number is 1257, there is an aivec error exception, core id is 16, error code = 0, dump info: pc start: 0x120041000d00, current: 0x120041000eb0, sc error info: 0xffffffffffff, su error info: 0xbfce6ff529fc334c,0x147cf7732800fa3f, mte error info: 0x8509581000020043, vec error info: 0x410062180031126e, cube error info: 0, l1 error info: 0, aic error mask: 0x395856, para base: 0x120000200000, mte error: 0, aic cond: 0.
The extend info: errcode:(0) errorStr: timeout or trap error. subErrType: 0x4.
For details, see the troubleshooting document on the Ascend official website. Search for the keyword "AI Core Error".[FUNC:ProcessDavidStarsCoreErrorInfo][FILE:device_error_proc_c.cc][LINE:716]
       The error from device(chipId:0, dieId:0), serial number is 1257, there is an aivec error exception, core id is 17, error code = 0, dump info: pc start: 0x120041000d00, current: 0x120041000eb0, sc error info: 0xffffffffffff, su error info: 0x6fffbfff3938334c,0xbdfcc9e8f800fd7f, mte error info: 0x8509600000020043, vec error info: 0x410062180031126e, cube error info: 0, l1 error info: 0, aic error mask: 0x395856, para base: 0x120000200000, mte error: 0, aic cond: 0.
The extend info: errcode:(0) errorStr: timeout or trap error. subErrType: 0x4.
For details, see the troubleshooting document on the Ascend official website. Search for the keyword "AI Core Error".[FUNC:ProcessDavidStarsCoreErrorInfo][FILE:device_error_proc_c.cc][LINE:716]
       The error from device(chipId:0, dieId:0), serial number is 1257, there is an aivec error exception, core id is 24, error code = 0, dump info: pc start: 0x120041000d00, current: 0x120041000eb0, sc error info: 0xffffffffffff, su error info: 0xfdf78fab1d7c334c,0x5c56f3ddf8004ff0, mte error info: 0x8509780000020043, vec error info: 0x410062180031126e, cube error info: 0, l1 error info: 0, aic error mask: 0x395856, para base: 0x120000200000, mte error: 0, aic cond: 0.
The extend info: errcode:(0) errorStr: timeout or trap error. subErrType: 0x4.
For details, see the troubleshooting document on the Ascend official website. Search for the keyword "AI Core Error".[FUNC:ProcessDavidStarsCoreErrorInfo][FILE:device_error_proc_c.cc][LINE:716]
       The error from device(chipId:0, dieId:0), serial number is 1257, there is an aivec error exception, core id is 25, error code = 0, dump info: pc start: 0x120041000d00, current: 0x120041000eb0, sc error info: 0xffffffffffff, su error info: 0x7a9daffc3bba334c,0x65d05736b8001774, mte error info: 0x8509801000020043, vec error info: 0x410062180031126e, cube error info: 0, l1 error info: 0, aic error mask: 0x395856, para base: 0x120000200000, mte error: 0, aic cond: 0.
The extend info: errcode:(0) errorStr: timeout or trap error. subErrType: 0x4.
For details, see the troubleshooting document on the Ascend official website. Search for the keyword "AI Core Error".[FUNC:ProcessDavidStarsCoreErrorInfo][FILE:device_error_proc_c.cc][LINE:716]
       The error from device(chipId:0, dieId:0), serial number is 1257, there is an aivec error exception, core id is 26, error code = 0, dump info: pc start: 0x120041000d00, current: 0x120041000ea0, sc error info: 0xffffffffffff, su error info: 0xf9aab8ee3bba334c,0x7dfff759c000f6db, mte error info: 0x8509880000020043, vec error info: 0x410062180031126e, cube error info: 0, l1 error info: 0, aic error mask: 0x395856, para base: 0x120000200000, mte error: 0, aic cond: 0.
The extend info: errcode:(0) errorStr: timeout or trap error. subErrType: 0x4.
For details, see the troubleshooting document on the Ascend official website. Search for the keyword "AI Core Error".[FUNC:ProcessDavidStarsCoreErrorInfo][FILE:device_error_proc_c.cc][LINE:716]
       The error from device(chipId:0, dieId:0), serial number is 1257, there is an aivec error exception, core id is 27, error code = 0, dump info: pc start: 0x120041000d00, current: 0x120041000ea0, sc error info: 0xffffffffffff, su error info: 0xfffbff1c3478334c,0x2174cd067000977f, mte error info: 0x8509901000020043, vec error info: 0x410062180031126e, cube error info: 0, l1 error info: 0, aic error mask: 0x395856, para base: 0x120000200000, mte error: 0, aic cond: 0.
The extend info: errcode:(0) errorStr: timeout or trap error. subErrType: 0x4.
For details, see the troubleshooting document on the Ascend official website. Search for the keyword "AI Core Error".[FUNC:ProcessDavidStarsCoreErrorInfo][FILE:device_error_proc_c.cc][LINE:716]
       The error from device(chipId:0, dieId:0), serial number is 1257, there is an aivec error exception, core id is 28, error code = 0, dump info: pc start: 0x120041000d00, current: 0x120041001c14, sc error info: 0xffffffffffff, su error info: 0xbfffb7fc203e33e4,0x9dfce95cf000defe, mte error info: 0x8509980000020043, vec error info: 0x410062180031126e, cube error info: 0, l1 error info: 0, aic error mask: 0x395856, para base: 0x120000200000, mte error: 0, aic cond: 0.
The extend info: errcode:(0) errorStr: timeout or trap error. subErrType: 0x4.
For details, see the troubleshooting document on the Ascend official website. Search for the keyword "AI Core Error".[FUNC:ProcessDavidStarsCoreErrorInfo][FILE:device_error_proc_c.cc][LINE:716]
       The error from device(chipId:0, dieId:0), serial number is 1257, there is an aivec error exception, core id is 29, error code = 0, dump info: pc start: 0x120041000d00, current: 0x120041001c14, sc error info: 0xffffffffffff, su error info: 0xaebe3f1d3ffc33e4,0x959076d97800dfda, mte error info: 0x8509a02000020043, vec error info: 0x410062180031126e, cube error info: 0, l1 error info: 0, aic error mask: 0x395856, para base: 0x120000200000, mte error: 0, aic cond: 0.
The extend info: errcode:(0) errorStr: timeout or trap error. subErrType: 0x4.
For details, see the troubleshooting document on the Ascend official website. Search for the keyword "AI Core Error".[FUNC:ProcessDavidStarsCoreErrorInfo][FILE:device_error_proc_c.cc][LINE:716]
       The error from device(chipId:0, dieId:0), serial number is 1257, there is an aivec error exception, core id is 46, error code = 0, dump info: pc start: 0x120041000d00, current: 0x120041000eb0, sc error info: 0xffffffffffff, su error info: 0xd792babf3ffc01de,0xc0000058f800fef3, mte error info: 0x8509f82000020043, vec error info: 0x410062180031126e, cube error info: 0, l1 error info: 0, aic error mask: 0x395856, para base: 0x120000200000, mte error: 0, aic cond: 0.
The extend info: errcode:(0) errorStr: timeout or trap error. subErrType: 0x4.
For details, see the troubleshooting document on the Ascend official website. Search for the keyword "AI Core Error".[FUNC:ProcessDavidStarsCoreErrorInfo][FILE:device_error_proc_c.cc][LINE:716]
       The error from device(chipId:0, dieId:0), serial number is 1257, there is an aivec error exception, core id is 47, error code = 0, dump info: pc start: 0x120041000d00, current: 0x120041000eb0, sc error info: 0xffffffffffff, su error info: 0xd7fb579f392e01de,0xc0000058e000cbde, mte error info: 0x850a000000020043, vec error info: 0x410062180031126e, cube error info: 0, l1 error info: 0, aic error mask: 0x395856, para base: 0x120000200000, mte error: 0, aic cond: 0.
The extend info: errcode:(0) errorStr: timeout or trap error. subErrType: 0x4.
For details, see the troubleshooting document on the Ascend official website. Search for the keyword "AI Core Error".[FUNC:ProcessDavidStarsCoreErrorInfo][FILE:device_error_proc_c.cc][LINE:716]
       The error from device(chipId:0, dieId:0), serial number is 1257, there is an aivec error exception, core id is 50, error code = 0, dump info: pc start: 0x120041000d00, current: 0x120041001c14, sc error info: 0xffffffffffff, su error info: 0x5aeaffff19bc01de,0xc0000058e000b8b2, mte error info: 0x850a180000020043, vec error info: 0x410062180031126e, cube error info: 0, l1 error info: 0, aic error mask: 0x395856, para base: 0x120000200000, mte error: 0, aic cond: 0.
The extend info: errcode:(0) errorStr: timeout or trap error. subErrType: 0x4.
For details, see the troubleshooting document on the Ascend official website. Search for the keyword "AI Core Error".[FUNC:ProcessDavidStarsCoreErrorInfo][FILE:device_error_proc_c.cc][LINE:716]
       The error from device(chipId:0, dieId:0), serial number is 1257, there is an aivec error exception, core id is 51, error code = 0, dump info: pc start: 0x120041000d00, current: 0x120041001c14, sc error info: 0xffffffffffff, su error info: 0x38f87e3a1c9c01de,0xc000005870005ffe, mte error info: 0x850a200000020043, vec error info: 0x410062180031126e, cube error info: 0, l1 error info: 0, aic error mask: 0x395856, para base: 0x120000200000, mte error: 0, aic cond: 0.
The extend info: errcode:(0) errorStr: timeout or trap error. subErrType: 0x4.
For details, see the troubleshooting document on the Ascend official website. Search for the keyword "AI Core Error".[FUNC:ProcessDavidStarsCoreErrorInfo][FILE:device_error_proc_c.cc][LINE:716]
       An error occurred in the kernel task, retCode=0x26, [aicore exception].[FUNC:PreCheckTaskErr][FILE:davinci_kernel_task.cc][LINE:1262]
       AI Core kernel task execution failed, retCode=0x26.[FUNC:GetError][FILE:stream.cc][LINE:1746]
       [AIC_INFO] after execute:args print end[FUNC:GetError][FILE:stream.cc][LINE:1746]
       [AIC_INFO] after execute:(no result)[FUNC:GetError][FILE:stream.cc][LINE:1746]
       [DFX_INFO]AI Core kernel execution failed, device_id=0, stream_id=61, report_stream_id=61, task_id=0, flip_num=0, fault kernel_name=_Z22m23_gdn_prefill_kernelPhS_S_S_S_S_S_S_S_jjjjf, fault kernel info ext=none, program id=0, hash=14524871675639631671.[FUNC:GetError][FILE:stream.cc][LINE:1746]
       rtStreamSynchronize execution failed, reason=aicore exception[FUNC:FuncErrorReason][FILE:error_message_manage.cc][LINE:69]

[M23] ===== FAILURES PRESENT =====
