[M23] mix(1,2) launch: nblk(AIC)=28 → AIV 线程数=56；slot=753664 B；scratch=21102592 B
[M23] M15GP_ONLY_P4097=(unset) ⇒ 本次跑 case [0, 2)
[M23] M15GP_ONLY_M=4097 ⇒ 单 case 运行（H=48, T=4097）
[M23][FAIL] H=48 T=4097 launch/sync error 507015 : EZ9999: Inner Error!
EZ9999[PID: 25177] 2026-09-27-11:53:42.583.661 (EZ9999):  The error from device(chipId:0, dieId:0), serial number is 1268, there is an aicore error exception, core id is 0, error code = 171, dump info: pc start: 0x120041000000, current: 0x120041000a80, sc error info: 0xffffffffffff, su error info: 0xfbbddff31d34ffee,0xfd74f2afd800ffff, mte error info: 0x13d10000000202ce, vec error info: 0, cube error info: 0, l1 error info: 0x29700001893, aic error mask: 0x395856, para base: 0x120000200000, mte error: 0, aic cond: 0.
The extend info: errcode:(171) errorStr: A multi-bit ECC error occurs when fixpipe reads L0C. See the RAS alarm handling. subErrType: 0x4.
For details, see the troubleshooting document on the Ascend official website. Search for the keyword "AI Core Error".[FUNC:ProcessDavidStarsCoreErrorInfo][FILE:device_error_proc_c.cc][LINE:716]
TraceBack (most recent call last):
       The error from device(chipId:0, dieId:0), serial number is 1268, there is an aicore error exception, core id is 1, error code = 171, dump info: pc start: 0x120041000000, current: 0x120041000a80, sc error info: 0xffffffffffff, su error info: 0xffbfffdf1aacfefd,0x73f9f55bf800dfff, mte error info: 0x13d15000000202ce, vec error info: 0, cube error info: 0, l1 error info: 0x29700001815, aic error mask: 0x395856, para base: 0x120000200000, mte error: 0, aic cond: 0.
The extend info: errcode:(171) errorStr: A multi-bit ECC error occurs when fixpipe reads L0C. See the RAS alarm handling. subErrType: 0x4.
For details, see the troubleshooting document on the Ascend official website. Search for the keyword "AI Core Error".[FUNC:ProcessDavidStarsCoreErrorInfo][FILE:device_error_proc_c.cc][LINE:716]
       The error from device(chipId:0, dieId:0), serial number is 1268, there is an aicore error exception, core id is 2, error code = 171, dump info: pc start: 0x120041000000, current: 0x120041000970, sc error info: 0xffffffffffff, su error info: 0xbfbdffff184cdde5,0xffd7d4cdf000ffdf, mte error info: 0x13d1a000000202ce, vec error info: 0, cube error info: 0, l1 error info: 0x24e00005897, aic error mask: 0x395856, para base: 0x120000200000, mte error: 0, aic cond: 0.
The extend info: errcode:(171) errorStr: A multi-bit ECC error occurs when fixpipe reads L0C. See the RAS alarm handling. subErrType: 0x4.
For details, see the troubleshooting document on the Ascend official website. Search for the keyword "AI Core Error".[FUNC:ProcessDavidStarsCoreErrorInfo][FILE:device_error_proc_c.cc][LINE:716]
       The error from device(chipId:0, dieId:0), serial number is 1268, there is an aicore error exception, core id is 3, error code = 171, dump info: pc start: 0x120041000000, current: 0x120041000870, sc error info: 0xffffffffffff, su error info: 0xaff7fe791e04cfff,0xddddfd069800efbf, mte error info: 0x13d1f000000202ce, vec error info: 0, cube error info: 0, l1 error info: 0x20300002087, aic error mask: 0x395856, para base: 0x120000200000, mte error: 0, aic cond: 0.
The extend info: errcode:(171) errorStr: A multi-bit ECC error occurs when fixpipe reads L0C. See the RAS alarm handling. subErrType: 0x4.
For details, see the troubleshooting document on the Ascend official website. Search for the keyword "AI Core Error".[FUNC:ProcessDavidStarsCoreErrorInfo][FILE:device_error_proc_c.cc][LINE:716]
       The error from device(chipId:0, dieId:0), serial number is 1268, there is an aicore error exception, core id is 4, error code = 0, dump info: pc start: 0x120041000000, current: 0x1200410005c4, sc error info: 0xffffffffffff, su error info: 0xcbbf7ffe0eeedaf7,0x6bfe3559f000dfef, mte error info: 0x13d24000000202ce, vec error info: 0, cube error info: 0, l1 error info: 0x20300005409, aic error mask: 0x395856, para base: 0x120000200000, mte error: 0, aic cond: 0.
The extend info: errcode:(0) errorStr: timeout or trap error. subErrType: 0x4.
For details, see the troubleshooting document on the Ascend official website. Search for the keyword "AI Core Error".[FUNC:ProcessDavidStarsCoreErrorInfo][FILE:device_error_proc_c.cc][LINE:716]
       The error from device(chipId:0, dieId:0), serial number is 1268, there is an aicore error exception, core id is 5, error code = 0, dump info: pc start: 0x120041000000, current: 0x1200410005c4, sc error info: 0xffffffffffff, su error info: 0xffff7ffe0b9e9fce,0x4ffdef7ef800fffd, mte error info: 0x13d29000000202ce, vec error info: 0, cube error info: 0, l1 error info: 0x29700001893, aic error mask: 0x395856, para base: 0x120000200000, mte error: 0, aic cond: 0.
The extend info: errcode:(0) errorStr: timeout or trap error. subErrType: 0x4.
For details, see the troubleshooting document on the Ascend official website. Search for the keyword "AI Core Error".[FUNC:ProcessDavidStarsCoreErrorInfo][FILE:device_error_proc_c.cc][LINE:716]
       The error from device(chipId:0, dieId:0), serial number is 1268, there is an aicore error exception, core id is 6, error code = 171, dump info: pc start: 0x120041000000, current: 0x120041000a80, sc error info: 0xffffffffffff, su error info: 0xff9ffff31fba0ff8,0xdff07cefb800bffb, mte error info: 0x13d2e000000202ce, vec error info: 0, cube error info: 0, l1 error info: 0x29700001810, aic error mask: 0x395856, para base: 0x120000200000, mte error: 0, aic cond: 0.
The extend info: errcode:(171) errorStr: A multi-bit ECC error occurs when fixpipe reads L0C. See the RAS alarm handling. subErrType: 0x4.
For details, see the troubleshooting document on the Ascend official website. Search for the keyword "AI Core Error".[FUNC:ProcessDavidStarsCoreErrorInfo][FILE:device_error_proc_c.cc][LINE:716]
       The error from device(chipId:0, dieId:0), serial number is 1268, there is an aicore error exception, core id is 7, error code = 171, dump info: pc start: 0x120041000000, current: 0x120041000970, sc error info: 0xffffffffffff, su error info: 0xffbffeff1fb8dfef,0x9fcd6f5378005fff, mte error info: 0x13d33000000202ce, vec error info: 0, cube error info: 0, l1 error info: 0x24e00005811, aic error mask: 0x395856, para base: 0x120000200000, mte error: 0, aic cond: 0.
The extend info: errcode:(171) errorStr: A multi-bit ECC error occurs when fixpipe reads L0C. See the RAS alarm handling. subErrType: 0x4.
For details, see the troubleshooting document on the Ascend official website. Search for the keyword "AI Core Error".[FUNC:ProcessDavidStarsCoreErrorInfo][FILE:device_error_proc_c.cc][LINE:716]
       The error from device(chipId:0, dieId:0), serial number is 1268, there is an aicore error exception, core id is 8, error code = 171, dump info: pc start: 0x120041000000, current: 0x120041000870, sc error info: 0xffffffffffff, su error info: 0xffff7f9b11e6fe6d,0xdecddfc4e800ffef, mte error info: 0x13d38000000202ce, vec error info: 0, cube error info: 0, l1 error info: 0x20300002087, aic error mask: 0x395856, para base: 0x120000200000, mte error: 0, aic cond: 0.
The extend info: errcode:(171) errorStr: A multi-bit ECC error occurs when fixpipe reads L0C. See the RAS alarm handling. subErrType: 0x4.
For details, see the troubleshooting document on the Ascend official website. Search for the keyword "AI Core Error".[FUNC:ProcessDavidStarsCoreErrorInfo][FILE:device_error_proc_c.cc][LINE:716]
       The error from device(chipId:0, dieId:0), serial number is 1268, there is an aicore error exception, core id is 9, error code = 171, dump info: pc start: 0x120041000000, current: 0x120041000a80, sc error info: 0xffffffffffff, su error info: 0xf7ffffee14763f9f,0xf6eec5f8b800ffff, mte error info: 0x13d3d000000202ce, vec error info: 0, cube error info: 0, l1 error info: 0x29700001811, aic error mask: 0x395856, para base: 0x120000200000, mte error: 0, aic cond: 0.
The extend info: errcode:(171) errorStr: A multi-bit ECC error occurs when fixpipe reads L0C. See the RAS alarm handling. subErrType: 0x4.
For details, see the troubleshooting document on the Ascend official website. Search for the keyword "AI Core Error".[FUNC:ProcessDavidStarsCoreErrorInfo][FILE:device_error_proc_c.cc][LINE:716]
       The error from device(chipId:0, dieId:0), serial number is 1268, there is an aicore error exception, core id is 12, error code = 171, dump info: pc start: 0x120041000000, current: 0x120041000870, sc error info: 0xffffffffffff, su error info: 0xdfff6ffe1ba4df5f,0xc7ccd1ddf800ffef, mte error info: 0x13d42000000202ce, vec error info: 0, cube error info: 0, l1 error info: 0x20300003c1d, aic error mask: 0x395856, para base: 0x120000200000, mte error: 0, aic cond: 0.
The extend info: errcode:(171) errorStr: A multi-bit ECC error occurs when fixpipe reads L0C. See the RAS alarm handling. subErrType: 0x4.
For details, see the troubleshooting document on the Ascend official website. Search for the keyword "AI Core Error".[FUNC:ProcessDavidStarsCoreErrorInfo][FILE:device_error_proc_c.cc][LINE:716]
       The error from device(chipId:0, dieId:0), serial number is 1268, there is an aicore error exception, core id is 13, error code = 0, dump info: pc start: 0x120041000000, current: 0x1200410005c4, sc error info: 0xffffffffffff, su error info: 0xfffdffff1430cf9f,0xd5fc7ddff000ffef, mte error info: 0x13d47000000202ce, vec error info: 0, cube error info: 0, l1 error info: 0x32400001004, aic error mask: 0x395856, para base: 0x120000200000, mte error: 0, aic cond: 0.
The extend info: errcode:(0) errorStr: timeout or trap error. subErrType: 0x4.
For details, see the troubleshooting document on the Ascend official website. Search for the keyword "AI Core Error".[FUNC:ProcessDavidStarsCoreErrorInfo][FILE:device_error_proc_c.cc][LINE:716]
       The error from device(chipId:0, dieId:0), serial number is 1268, there is an aicore error exception, core id is 14, error code = 171, dump info: pc start: 0x120041000000, current: 0x1200410005d4, sc error info: 0xffffffffffff, su error info: 0xf5fdb75f0638ebe6,0xeed7f59df800bfca, mte error info: 0x13d4c000000202ce, vec error info: 0, cube error info: 0, l1 error info: 0x32400006004, aic error mask: 0x395856, para base: 0x120000200000, mte error: 0, aic cond: 0.
The extend info: errcode:(171) errorStr: A multi-bit ECC error occurs when fixpipe reads L0C. See the RAS alarm handling. subErrType: 0x4.
For details, see the troubleshooting document on the Ascend official website. Search for the keyword "AI Core Error".[FUNC:ProcessDavidStarsCoreErrorInfo][FILE:device_error_proc_c.cc][LINE:716]
       The error from device(chipId:0, dieId:0), serial number is 1268, there is an aicore error exception, core id is 15, error code = 171, dump info: pc start: 0x120041000000, current: 0x120041000870, sc error info: 0xffffffffffff, su error info: 0xfffdff7b09befffe,0xf5deddf5e800fdff, mte error info: 0x13d51000000202ce, vec error info: 0, cube error info: 0, l1 error info: 0x2030000048f, aic error mask: 0x395856, para base: 0x120000200000, mte error: 0, aic cond: 0.
The extend info: errcode:(171) errorStr: A multi-bit ECC error occurs when fixpipe reads L0C. See the RAS alarm handling. subErrType: 0x4.
For details, see the troubleshooting document on the Ascend official website. Search for the keyword "AI Core Error".[FUNC:ProcessDavidStarsCoreErrorInfo][FILE:device_error_proc_c.cc][LINE:716]
       The error from device(chipId:0, dieId:0), serial number is 1268, there is an aicore error exception, core id is 18, error code = 0, dump info: pc start: 0x120041000000, current: 0x1200410005c4, sc error info: 0xffffffffffff, su error info: 0xbfbeffee013a3bde,0xed4237d47800bfff, mte error info: 0x13d56000000202ce, vec error info: 0, cube error info: 0, l1 error info: 0x32400006815, aic error mask: 0x395856, para base: 0x120000200000, mte error: 0, aic cond: 0.
The extend info: errcode:(0) errorStr: timeout or trap error. subErrType: 0x4.
For details, see the troubleshooting document on the Ascend official website. Search for the keyword "AI Core Error".[FUNC:ProcessDavidStarsCoreErrorInfo][FILE:device_error_proc_c.cc][LINE:716]
       The error from device(chipId:0, dieId:0), serial number is 1268, there is an aicore error exception, core id is 19, error code = 171, dump info: pc start: 0x120041000000, current: 0x1200410005d4, sc error info: 0xffffffffffff, su error info: 0x7f7fafef1bacefff,0xfdc9f4cbf800feff, mte error info: 0x13d5b000000202ce, vec error info: 0, cube error info: 0, l1 error info: 0x32400001087, aic error mask: 0x395856, para base: 0x120000200000, mte error: 0, aic cond: 0.
The extend info: errcode:(171) errorStr: A multi-bit ECC error occurs when fixpipe reads L0C. See the RAS alarm handling. subErrType: 0x4.
For details, see the troubleshooting document on the Ascend official website. Search for the keyword "AI Core Error".[FUNC:ProcessDavidStarsCoreErrorInfo][FILE:device_error_proc_c.cc][LINE:716]
       The error from device(chipId:0, dieId:0), serial number is 1268, there is an aicore error exception, core id is 20, error code = 171, dump info: pc start: 0x120041000000, current: 0x120041000970, sc error info: 0xffffffffffff, su error info: 0xffffffff1a7cfefe,0xdf89fd19a000fb7f, mte error info: 0x13d60000000202ce, vec error info: 0, cube error info: 0, l1 error info: 0x24e00005810, aic error mask: 0x395856, para base: 0x120000200000, mte error: 0, aic cond: 0.
The extend info: errcode:(171) errorStr: A multi-bit ECC error occurs when fixpipe reads L0C. See the RAS alarm handling. subErrType: 0x4.
For details, see the troubleshooting document on the Ascend official website. Search for the keyword "AI Core Error".[FUNC:ProcessDavidStarsCoreErrorInfo][FILE:device_error_proc_c.cc][LINE:716]
       The error from device(chipId:0, dieId:0), serial number is 1268, there is an aicore error exception, core id is 22, error code = 171, dump info: pc start: 0x120041000000, current: 0x120041000870, sc error info: 0xffffffffffff, su error info: 0xefff7ff91adc9ffe,0xfe734d95f800ef7f, mte error info: 0x13d65000000202ce, vec error info: 0, cube error info: 0, l1 error info: 0x20300003000, aic error mask: 0x395856, para base: 0x120000200000, mte error: 0, aic cond: 0.
The extend info: errcode:(171) errorStr: A multi-bit ECC error occurs when fixpipe reads L0C. See the RAS alarm handling. subErrType: 0x4.
For details, see the troubleshooting document on the Ascend official website. Search for the keyword "AI Core Error".[FUNC:ProcessDavidStarsCoreErrorInfo][FILE:device_error_proc_c.cc][LINE:716]
       The error from device(chipId:0, dieId:0), serial number is 1268, there is an aicore error exception, core id is 23, error code = 171, dump info: pc start: 0x120041000000, current: 0x120041000870, sc error info: 0xffffffffffff, su error info: 0xfffff4ff0fda0cf8,0xee4d7ffee000ffff, mte error info: 0x13d6a000000202ce, vec error info: 0, cube error info: 0, l1 error info: 0x20300007897, aic error mask: 0x395856, para base: 0x120000200000, mte error: 0, aic cond: 0.
The extend info: errcode:(171) errorStr: A multi-bit ECC error occurs when fixpipe reads L0C. See the RAS alarm handling. subErrType: 0x4.
For details, see the troubleshooting document on the Ascend official website. Search for the keyword "AI Core Error".[FUNC:ProcessDavidStarsCoreErrorInfo][FILE:device_error_proc_c.cc][LINE:716]
       The error from device(chipId:0, dieId:0), serial number is 1268, there is an aicore error exception, core id is 24, error code = 171, dump info: pc start: 0x120041000000, current: 0x1200410005d4, sc error info: 0xffffffffffff, su error info: 0xfebffff70df8d7c8,0xd3cf9efff800bffb, mte error info: 0x13d6f000000202ce, vec error info: 0, cube error info: 0, l1 error info: 0x32400001408, aic error mask: 0x395856, para base: 0x120000200000, mte error: 0, aic cond: 0.
The extend info: errcode:(171) errorStr: A multi-bit ECC error occurs when fixpipe reads L0C. See the RAS alarm handling. subErrType: 0x4.
For details, see the troubleshooting document on the Ascend official website. Search for the keyword "AI Core Error".[FUNC:ProcessDavidStarsCoreErrorInfo][FILE:device_error_proc_c.cc][LINE:716]
       The error from device(chipId:0, dieId:0), serial number is 1268, there is an aicore error exception, core id is 25, error code = 0, dump info: pc start: 0x120041000000, current: 0x1200410005c4, sc error info: 0xffffffffffff, su error info: 0xfbbff7fb1d2effbf,0x97ff7dd77000f7bf, mte error info: 0x13d74000000202ce, vec error info: 0, cube error info: 0, l1 error info: 0x29700001810, aic error mask: 0x395856, para base: 0x120000200000, mte error: 0, aic cond: 0.
The extend info: errcode:(0) errorStr: timeout or trap error. subErrType: 0x4.
For details, see the troubleshooting document on the Ascend official website. Search for the keyword "AI Core Error".[FUNC:ProcessDavidStarsCoreErrorInfo][FILE:device_error_proc_c.cc][LINE:716]
       The error from device(chipId:0, dieId:0), serial number is 1268, there is an aicore error exception, core id is 26, error code = 0, dump info: pc start: 0x120041000000, current: 0x1200410005c4, sc error info: 0xffffffffffff, su error info: 0xfff7fbff11fadebe,0xdddd71c4f800fffa, mte error info: 0x13d79000000202ce, vec error info: 0, cube error info: 0, l1 error info: 0x3240000640c, aic error mask: 0x395856, para base: 0x120000200000, mte error: 0, aic cond: 0.
The extend info: errcode:(0) errorStr: timeout or trap error. subErrType: 0x4.
For details, see the troubleshooting document on the Ascend official website. Search for the keyword "AI Core Error".[FUNC:ProcessDavidStarsCoreErrorInfo][FILE:device_error_proc_c.cc][LINE:716]
       The error from device(chipId:0, dieId:0), serial number is 1268, there is an aicore error exception, core id is 27, error code = 171, dump info: pc start: 0x120041000000, current: 0x120041000970, sc error info: 0xffffffffffff, su error info: 0xf7ff27ff1dfaf774,0x7415e7d5d800fdf7, mte error info: 0x13d7e000000202ce, vec error info: 0, cube error info: 0, l1 error info: 0x24e00001811, aic error mask: 0x395856, para base: 0x120000200000, mte error: 0, aic cond: 0.
The extend info: errcode:(171) errorStr: A multi-bit ECC error occurs when fixpipe reads L0C. See the RAS alarm handling. subErrType: 0x4.
For details, see the troubleshooting document on the Ascend official website. Search for the keyword "AI Core Error".[FUNC:ProcessDavidStarsCoreErrorInfo][FILE:device_error_proc_c.cc][LINE:716]
       The error from device(chipId:0, dieId:0), serial number is 1268, there is an aicore error exception, core id is 28, error code = 171, dump info: pc start: 0x120041000000, current: 0x1200410005d4, sc error info: 0xffffffffffff, su error info: 0xffffff53068aefcf,0x7f4f6dccf800fbfb, mte error info: 0x13d83000000202ce, vec error info: 0, cube error info: 0, l1 error info: 0x3240000140c, aic error mask: 0x395856, para base: 0x120000200000, mte error: 0, aic cond: 0.
The extend info: errcode:(171) errorStr: A multi-bit ECC error occurs when fixpipe reads L0C. See the RAS alarm handling. subErrType: 0x4.
For details, see the troubleshooting document on the Ascend official website. Search for the keyword "AI Core Error".[FUNC:ProcessDavidStarsCoreErrorInfo][FILE:device_error_proc_c.cc][LINE:716]
       An error occurred in the kernel task, retCode=0x26, [aicore exception].[FUNC:PreCheckTaskErr][FILE:davinci_kernel_task.cc][LINE:1262]
       AI Core kernel task execution failed, retCode=0x26.[FUNC:GetError][FILE:stream.cc][LINE:1746]
       [AIC_INFO] after execute:args print end[FUNC:GetError][FILE:stream.cc][LINE:1746]
       [AIC_INFO] after execute:(no result)[FUNC:GetError][FILE:stream.cc][LINE:1746]
       [DFX_INFO]AI Core kernel execution failed, device_id=0, stream_id=61, report_stream_id=61, task_id=0, flip_num=0, fault kernel_name=_Z22m23_gdn_prefill_kernelPhS_S_S_S_S_S_S_S_jjjjf, fault kernel info ext=none, program id=0, hash=14524871675639631671.[FUNC:GetError][FILE:stream.cc][LINE:1746]
       rtStreamSynchronize execution failed, reason=aicore exception[FUNC:FuncErrorReason][FILE:error_message_manage.cc][LINE:69]

[M23] ===== FAILURES PRESENT =====
