[M23] mix(1,2) launch: nblk(AIC)=28 → AIV 线程数=56；slot=753664 B；scratch=21102592 B
[M23] M15GP_ONLY_P4097=(unset) ⇒ 本次跑 case [0, 2)
[M23] M15GP_ONLY_M=26 ⇒ 单 case 运行（H=48, T=26）
[M23][FAIL] H=48 T=26 launch/sync error 507015 : EZ9999: Inner Error!
EZ9999[PID: 26314] 2026-09-27-11:54:48.213.054 (EZ9999):  The error from device(chipId:0, dieId:0), serial number is 1270, there is an aicore error exception, core id is 27, error code = 171, dump info: pc start: 0x120041000000, current: 0x120041000a80, sc error info: 0xffffffffffff, su error info: 0xf7ff27ff1dfaf774,0x7415e7d5d800fdf7, mte error info: 0x13d7e000000202ce, vec error info: 0, cube error info: 0, l1 error info: 0x29700004c1c, aic error mask: 0x395856, para base: 0x120000200000, mte error: 0, aic cond: 0.
The extend info: errcode:(171) errorStr: A multi-bit ECC error occurs when fixpipe reads L0C. See the RAS alarm handling. subErrType: 0x4.
For details, see the troubleshooting document on the Ascend official website. Search for the keyword "AI Core Error".[FUNC:ProcessDavidStarsCoreErrorInfo][FILE:device_error_proc_c.cc][LINE:716]
TraceBack (most recent call last):
       The error from device(chipId:0, dieId:0), serial number is 1271, there is an aivec error exception, core id is 54, error code = 0, dump info: pc start: 0x120041000d00, current: 0x120041000ea0, sc error info: 0xffffffffffff, su error info: 0xdb3bfad639c401de,0x77fddd9fe8007ffc, mte error info: 0x850a380000020043, vec error info: 0x410062180031126e, cube error info: 0, l1 error info: 0, aic error mask: 0x395856, para base: 0x120000200000, mte error: 0, aic cond: 0.
The extend info: errcode:(0) errorStr: timeout or trap error. subErrType: 0x4.
For details, see the troubleshooting document on the Ascend official website. Search for the keyword "AI Core Error".[FUNC:ProcessDavidStarsCoreErrorInfo][FILE:device_error_proc_c.cc][LINE:716]
       The error from device(chipId:0, dieId:0), serial number is 1271, there is an aivec error exception, core id is 55, error code = 0, dump info: pc start: 0x120041000d00, current: 0x120041000ea0, sc error info: 0xffffffffffff, su error info: 0x6d7edfbc3bfc01de,0xf1dfd6f7f000dfff, mte error info: 0x850a402000020043, vec error info: 0x410062180031126e, cube error info: 0, l1 error info: 0, aic error mask: 0x395856, para base: 0x120000200000, mte error: 0, aic cond: 0.
The extend info: errcode:(0) errorStr: timeout or trap error. subErrType: 0x4.
For details, see the troubleshooting document on the Ascend official website. Search for the keyword "AI Core Error".[FUNC:ProcessDavidStarsCoreErrorInfo][FILE:device_error_proc_c.cc][LINE:716]
       An error occurred in the kernel task, retCode=0x26, [aicore exception].[FUNC:PreCheckTaskErr][FILE:davinci_kernel_task.cc][LINE:1262]
       AI Core kernel task execution failed, retCode=0x26.[FUNC:GetError][FILE:stream.cc][LINE:1746]
       [AIC_INFO] after execute:args print end[FUNC:GetError][FILE:stream.cc][LINE:1746]
       [AIC_INFO] after execute:(no result)[FUNC:GetError][FILE:stream.cc][LINE:1746]
       [DFX_INFO]AI Core kernel execution failed, device_id=0, stream_id=61, report_stream_id=61, task_id=0, flip_num=0, fault kernel_name=_Z22m23_gdn_prefill_kernelPhS_S_S_S_S_S_S_S_jjjjf, fault kernel info ext=none, program id=0, hash=14524871675639631671.[FUNC:GetError][FILE:stream.cc][LINE:1746]
       rtStreamSynchronize execution failed, reason=aicore exception[FUNC:FuncErrorReason][FILE:error_message_manage.cc][LINE:69]

[M23] ===== FAILURES PRESENT =====
