[M23] mix(1,2) launch: nblk(AIC)=28 → AIV 线程数=56；slot=753664 B；scratch=21102592 B
[M23] M15GP_ONLY_P4097=(unset) ⇒ 本次跑 case [0, 2)
[M23] M15GP_ONLY_M=64 ⇒ 单 case 运行（H=48, T=64）
[M23][FAIL] H=48 T=64 launch/sync error 507015 : EZ9999: Inner Error!
EZ9999[PID: 24217] 2026-09-27-11:52:45.656.282 (EZ9999):  The error from device(chipId:0, dieId:0), serial number is 1252, there is an aicore error exception, core id is 0, error code = 171, dump info: pc start: 0x120041000000, current: 0x120041000a80, sc error info: 0xffffffffffff, su error info: 0xfbbddff31d34ffee,0xfd74f2afd800ffff, mte error info: 0x13d10000000202ce, vec error info: 0, cube error info: 0, l1 error info: 0x29700007087, aic error mask: 0x395856, para base: 0x120000200000, mte error: 0, aic cond: 0.
The extend info: errcode:(171) errorStr: A multi-bit ECC error occurs when fixpipe reads L0C. See the RAS alarm handling. subErrType: 0x4.
For details, see the troubleshooting document on the Ascend official website. Search for the keyword "AI Core Error".[FUNC:ProcessDavidStarsCoreErrorInfo][FILE:device_error_proc_c.cc][LINE:716]
TraceBack (most recent call last):
       The error from device(chipId:0, dieId:0), serial number is 1252, there is an aicore error exception, core id is 6, error code = 171, dump info: pc start: 0x120041000000, current: 0x12004100013c, sc error info: 0xffffffffffff, su error info: 0xff9ffff31fba0ff8,0xdff07cefb800bffb, mte error info: 0x13d2e000000202ce, vec error info: 0, cube error info: 0, l1 error info: 0x32400006814, aic error mask: 0x395856, para base: 0x120000200000, mte error: 0, aic cond: 0.
The extend info: errcode:(171) errorStr: A multi-bit ECC error occurs when fixpipe reads L0C. See the RAS alarm handling. subErrType: 0x4.
For details, see the troubleshooting document on the Ascend official website. Search for the keyword "AI Core Error".[FUNC:ProcessDavidStarsCoreErrorInfo][FILE:device_error_proc_c.cc][LINE:716]
       The error from device(chipId:0, dieId:0), serial number is 1252, there is an aicore error exception, core id is 7, error code = 171, dump info: pc start: 0x120041000000, current: 0x12004100013c, sc error info: 0xffffffffffff, su error info: 0xffbffeff1fb8dfef,0x9fcd6f5378005fff, mte error info: 0x13d33000000202ce, vec error info: 0, cube error info: 0, l1 error info: 0x32400006896, aic error mask: 0x395856, para base: 0x120000200000, mte error: 0, aic cond: 0.
The extend info: errcode:(171) errorStr: A multi-bit ECC error occurs when fixpipe reads L0C. See the RAS alarm handling. subErrType: 0x4.
For details, see the troubleshooting document on the Ascend official website. Search for the keyword "AI Core Error".[FUNC:ProcessDavidStarsCoreErrorInfo][FILE:device_error_proc_c.cc][LINE:716]
       The error from device(chipId:0, dieId:0), serial number is 1252, there is an aicore error exception, core id is 13, error code = 171, dump info: pc start: 0x120041000000, current: 0x12004100013c, sc error info: 0xffffffffffff, su error info: 0xfffdffff1430cf9f,0xd5fc7ddff000ffef, mte error info: 0x13d47000000202ce, vec error info: 0, cube error info: 0, l1 error info: 0x32400006409, aic error mask: 0x395856, para base: 0x120000200000, mte error: 0, aic cond: 0.
The extend info: errcode:(171) errorStr: A multi-bit ECC error occurs when fixpipe reads L0C. See the RAS alarm handling. subErrType: 0x4.
For details, see the troubleshooting document on the Ascend official website. Search for the keyword "AI Core Error".[FUNC:ProcessDavidStarsCoreErrorInfo][FILE:device_error_proc_c.cc][LINE:716]
       The error from device(chipId:0, dieId:0), serial number is 1252, there is an aicore error exception, core id is 19, error code = 171, dump info: pc start: 0x120041000000, current: 0x12004100013c, sc error info: 0xffffffffffff, su error info: 0x7f7fafef1bacefff,0xfdc9f4cbf800feff, mte error info: 0x13d5b000000202ce, vec error info: 0, cube error info: 0, l1 error info: 0x32400006408, aic error mask: 0x395856, para base: 0x120000200000, mte error: 0, aic cond: 0.
The extend info: errcode:(171) errorStr: A multi-bit ECC error occurs when fixpipe reads L0C. See the RAS alarm handling. subErrType: 0x4.
For details, see the troubleshooting document on the Ascend official website. Search for the keyword "AI Core Error".[FUNC:ProcessDavidStarsCoreErrorInfo][FILE:device_error_proc_c.cc][LINE:716]
       The error from device(chipId:0, dieId:0), serial number is 1253, there is an aivec error exception, core id is 0, error code = 0, dump info: pc start: 0x120041000d00, current: 0x120041000ea0, sc error info: 0xffffffffffff, su error info: 0xeffbd7fd0fd83980,0xc00000585800eeb9, mte error info: 0x8508d800000235cb, vec error info: 0x410062180031126e, cube error info: 0, l1 error info: 0, aic error mask: 0x395856, para base: 0x120000200000, mte error: 0, aic cond: 0.
The extend info: errcode:(0) errorStr: timeout or trap error. subErrType: 0x4.
For details, see the troubleshooting document on the Ascend official website. Search for the keyword "AI Core Error".[FUNC:ProcessDavidStarsCoreErrorInfo][FILE:device_error_proc_c.cc][LINE:716]
       The error from device(chipId:0, dieId:0), serial number is 1253, there is an aivec error exception, core id is 1, error code = 0, dump info: pc start: 0x120041000d00, current: 0x120041000ea0, sc error info: 0xffffffffffff, su error info: 0xbbfff7ff2c9a0158,0xc0000058b8009c72, mte error info: 0x8508e00000020043, vec error info: 0x410062180031126e, cube error info: 0, l1 error info: 0, aic error mask: 0x395856, para base: 0x120000200000, mte error: 0, aic cond: 0.
The extend info: errcode:(0) errorStr: timeout or trap error. subErrType: 0x4.
For details, see the troubleshooting document on the Ascend official website. Search for the keyword "AI Core Error".[FUNC:ProcessDavidStarsCoreErrorInfo][FILE:device_error_proc_c.cc][LINE:716]
       The error from device(chipId:0, dieId:0), serial number is 1253, there is an aivec error exception, core id is 12, error code = 0, dump info: pc start: 0x120041000d00, current: 0x120041000eb0, sc error info: 0xffffffffffff, su error info: 0x7f1ca5a5328e334c,0xc0000058c8004b70, mte error info: 0x8509380000020043, vec error info: 0x410062180031126e, cube error info: 0, l1 error info: 0, aic error mask: 0x395856, para base: 0x120000200000, mte error: 0, aic cond: 0.
The extend info: errcode:(0) errorStr: timeout or trap error. subErrType: 0x4.
For details, see the troubleshooting document on the Ascend official website. Search for the keyword "AI Core Error".[FUNC:ProcessDavidStarsCoreErrorInfo][FILE:device_error_proc_c.cc][LINE:716]
       The error from device(chipId:0, dieId:0), serial number is 1253, there is an aivec error exception, core id is 13, error code = 0, dump info: pc start: 0x120041000d00, current: 0x120041000eb0, sc error info: 0xffffffffffff, su error info: 0xa3777bf919fc334c,0xc00000582000bdff, mte error info: 0x8509400000020043, vec error info: 0x410062180031126e, cube error info: 0, l1 error info: 0, aic error mask: 0x395856, para base: 0x120000200000, mte error: 0, aic cond: 0.
The extend info: errcode:(0) errorStr: timeout or trap error. subErrType: 0x4.
For details, see the troubleshooting document on the Ascend official website. Search for the keyword "AI Core Error".[FUNC:ProcessDavidStarsCoreErrorInfo][FILE:device_error_proc_c.cc][LINE:716]
       The error from device(chipId:0, dieId:0), serial number is 1253, there is an aivec error exception, core id is 14, error code = 0, dump info: pc start: 0x120041000d00, current: 0x120041000eb0, sc error info: 0xffffffffffff, su error info: 0xc64f375f2f0c334c,0x81efff7fc800843e, mte error info: 0x8509480000020043, vec error info: 0x410062180031126e, cube error info: 0, l1 error info: 0, aic error mask: 0x395856, para base: 0x120000200000, mte error: 0, aic cond: 0.
The extend info: errcode:(0) errorStr: timeout or trap error. subErrType: 0x4.
For details, see the troubleshooting document on the Ascend official website. Search for the keyword "AI Core Error".[FUNC:ProcessDavidStarsCoreErrorInfo][FILE:device_error_proc_c.cc][LINE:716]
       The error from device(chipId:0, dieId:0), serial number is 1253, there is an aivec error exception, core id is 15, error code = 0, dump info: pc start: 0x120041000d00, current: 0x120041000eb0, sc error info: 0xffffffffffff, su error info: 0x34fffbfe3a2c334c,0xdbfd67df0000ddfe, mte error info: 0x8509500000020043, vec error info: 0x410062180031126e, cube error info: 0, l1 error info: 0, aic error mask: 0x395856, para base: 0x120000200000, mte error: 0, aic cond: 0.
The extend info: errcode:(0) errorStr: timeout or trap error. subErrType: 0x4.
For details, see the troubleshooting document on the Ascend official website. Search for the keyword "AI Core Error".[FUNC:ProcessDavidStarsCoreErrorInfo][FILE:device_error_proc_c.cc][LINE:716]
       The error from device(chipId:0, dieId:0), serial number is 1253, there is an aivec error exception, core id is 26, error code = 0, dump info: pc start: 0x120041000d00, current: 0x120041000eb0, sc error info: 0xffffffffffff, su error info: 0xf9aab8ee3bba334c,0x7dfff759c000f6db, mte error info: 0x8509880000020043, vec error info: 0x410062180031126e, cube error info: 0, l1 error info: 0, aic error mask: 0x395856, para base: 0x120000200000, mte error: 0, aic cond: 0.
The extend info: errcode:(0) errorStr: timeout or trap error. subErrType: 0x4.
For details, see the troubleshooting document on the Ascend official website. Search for the keyword "AI Core Error".[FUNC:ProcessDavidStarsCoreErrorInfo][FILE:device_error_proc_c.cc][LINE:716]
       The error from device(chipId:0, dieId:0), serial number is 1253, there is an aivec error exception, core id is 27, error code = 0, dump info: pc start: 0x120041000d00, current: 0x120041000eb0, sc error info: 0xffffffffffff, su error info: 0xfffbff1c3478334c,0x2174cd067000977f, mte error info: 0x8509901000020043, vec error info: 0x410062180031126e, cube error info: 0, l1 error info: 0, aic error mask: 0x395856, para base: 0x120000200000, mte error: 0, aic cond: 0.
The extend info: errcode:(0) errorStr: timeout or trap error. subErrType: 0x4.
For details, see the troubleshooting document on the Ascend official website. Search for the keyword "AI Core Error".[FUNC:ProcessDavidStarsCoreErrorInfo][FILE:device_error_proc_c.cc][LINE:716]
       The error from device(chipId:0, dieId:0), serial number is 1253, there is an aivec error exception, core id is 38, error code = 0, dump info: pc start: 0x120041000d00, current: 0x120041000eb0, sc error info: 0xffffffffffff, su error info: 0xfcd7dff73bfa3484,0xc0000058c000ff0f, mte error info: 0x8509c80000020043, vec error info: 0x410062180031126e, cube error info: 0, l1 error info: 0, aic error mask: 0x395856, para base: 0x120000200000, mte error: 0, aic cond: 0.
The extend info: errcode:(0) errorStr: timeout or trap error. subErrType: 0x4.
For details, see the troubleshooting document on the Ascend official website. Search for the keyword "AI Core Error".[FUNC:ProcessDavidStarsCoreErrorInfo][FILE:device_error_proc_c.cc][LINE:716]
       The error from device(chipId:0, dieId:0), serial number is 1253, there is an aivec error exception, core id is 39, error code = 0, dump info: pc start: 0x120041000d00, current: 0x120041000eb0, sc error info: 0xffffffffffff, su error info: 0xfe7f6f65112834fa,0xc00000587000bf7e, mte error info: 0x8509d00000020043, vec error info: 0x410062180031126e, cube error info: 0, l1 error info: 0, aic error mask: 0x395856, para base: 0x120000200000, mte error: 0, aic cond: 0.
The extend info: errcode:(0) errorStr: timeout or trap error. subErrType: 0x4.
For details, see the troubleshooting document on the Ascend official website. Search for the keyword "AI Core Error".[FUNC:ProcessDavidStarsCoreErrorInfo][FILE:device_error_proc_c.cc][LINE:716]
       An error occurred in the kernel task, retCode=0x26, [aicore exception].[FUNC:PreCheckTaskErr][FILE:davinci_kernel_task.cc][LINE:1262]
       AI Core kernel task execution failed, retCode=0x26.[FUNC:GetError][FILE:stream.cc][LINE:1746]
       [AIC_INFO] after execute:args print end[FUNC:GetError][FILE:stream.cc][LINE:1746]
       [AIC_INFO] after execute:(no result)[FUNC:GetError][FILE:stream.cc][LINE:1746]
       [DFX_INFO]AI Core kernel execution failed, device_id=0, stream_id=61, report_stream_id=61, task_id=0, flip_num=0, fault kernel_name=_Z22m23_gdn_prefill_kernelPhS_S_S_S_S_S_S_S_jjjjf, fault kernel info ext=none, program id=0, hash=14524871675639631671.[FUNC:GetError][FILE:stream.cc][LINE:1746]
       rtStreamSynchronize execution failed, reason=aicore exception[FUNC:FuncErrorReason][FILE:error_message_manage.cc][LINE:69]

[M23] ===== FAILURES PRESENT =====
