# M26 real-topology tier: E=512, topK=10, m=8, seed=20260928 (hidden=2560, moe_inter=640)
# Generated by: /usr/local/python3.12.13/bin/python3.12 gen_dataset.py --groups real
# Wall time: 2m12s (idle box) / 2m55s (with other agents running); total tensor bytes:
#   1343062304 B = 1.2509 GiB = 1280.8 MiB
#
# sha256 of every tensor in data/real (from the committed manifest.json; the bins
# themselves are not committed — regenerate and compare against these digests, or
# simply run selfcheck.py --real, which regenerates and compares manifests byte-wise):
9ff34fa237ddbd6f9181e85da68476cbcc385ae884b743cc6ea154a11222f201         40960  x.bin
431abdd7f722598d14ad79acc0332c9d872d0fa901dffa81ef4a464d47badbda       2621440  router_weight.bin
384637e57d47ec25d2d3f5e9da52414dea83ebbf6e1e8148bc8f0ff005972fd5          5120  shared_expert_gate_weight.bin
3f84606370017c35ac414045a9e9544f0d03d0b00f8b9541010ee24e1d710f14         40960  x_res.bin
f166e73871bd6fb89da103adee00bb43e2bbe4b38948886817d1598243c73198          5120  gamma1.bin
bff307b5840d9a3648c166382bd0300f21bfc1cee093a20f5c58c86e5ad0dc6d          5120  gamma2.bin
96845e5f78e36c48f20d6950beae5c19898c57fbe33c240834302c735300e76e     838860800  experts.gate_up_proj.bin
59a81208fd8b66305ca1edf0decf21603fa0f598be0a6e56d062949ed5b99855      52428800  experts.gate_up_proj.weight_scale.bin
89e9374979546deddd43a7a824d680f9872a23d25df403c65fb09017c951aa5d     419430400  experts.down_proj.bin
9d7a5c5af47bc7811f4c6f9c7865e85f59e89aa2246859de39f534a205aa84ec      26214400  experts.down_proj.weight_scale.bin
3bb779daaeee8fe70f408468815f032052b621ba26169b6faeb04bba4e0cfdff        819200  shared_expert.gate_proj.bin
61effef3186cdd8c707f5cdfb265e0dc83f610c3bcf4c2dc5e7b162c71e04444         51200  shared_expert.gate_proj.weight_scale.bin
7d0bfd3774965b3bfc7449112527d3202f2752acc3fe73750a67c837a10132ab        819200  shared_expert.up_proj.bin
0f4d0ae47b871f7b97ac4bbfd024a262af9aa4710d3ee7b53b86326706c1023d         51200  shared_expert.up_proj.weight_scale.bin
564c015a4415aee53dad69ebdf18f53476d9cf947e6e19896fb4ff0129fc748e        819200  shared_expert.down_proj.bin
9842e89248246c65d618ababf71d7d82966e90bc21a8b2ead942973cdd740c0a         51200  shared_expert.down_proj.weight_scale.bin
c08649ace732c1b59da0fd891d987138733f7dc251a368f082d0e205b7f0cb21         16384  router_logits.bin
2ce461086eafe3f3e666ada3c778b4cbbb9e56a9dc8286dc30a6803dea26fe84            32  shared_gate_logits.bin
5e524631f3a99688289012c6a0b2806421604f060de73dbad0e64419fc0868d3           320  topk_ids.bin
e92aa7687f83a5c514de3c57201a15c2fc11f0dc94310c7a1d4da0d594366665           320  topk_weights.bin
a2d26ba70e4ca7cf52bd20830fca111ccc61e9fe21a7d4ff66aec9e9602e0994           320  perm_src_token.bin
ae6d70e286c836d6857780e2486ec5e1dce736b7635660956960ebfbea2073ed           320  perm_expert.bin
72efbd612f91550c94d4742c9d4c8589b02d515dba94aa1f4a732c23f0765d1f          2048  expert_token_counts.bin
92c28cee874a1272d017cda5e5bd7cf992038cf0a05a0da4c053ed0e2c041ef8        409600  x_sorted.bin
8e54cc20d6d21a895b5859ac10ba6c22e5e8d8f6f5952ecd9dfbb1089b83b230         40960  routed_output.bin
266389a7ea41de5f6f0b308f663e9c5d34262eb9a07cfc3e45c4359923cf7e0b         40960  shared_output.bin
3d3524d4c04f28b6503a2164de416a3a80d821bc71b3e22a700f44918f910d30         40960  moe_output.bin
88c06fc49cf82f57ad8dd9f001f14eee9eda1207bcce7432b2e22afd0a742f86         40960  x_norm1.bin
01575732746b41b6b078ef829450482054bb60720fd5e1180d50db029afe9443         81920  res1.bin
84da48b21e7daeb5869db324ac40716ee667856ce0ee6a6192fcad0d010d7147         40960  y_final.bin
17fcfc0308d1b7023721a621c19090f90cdc077f7ba333db5811b2194b9566eb         81920  res2.bin
#
# qaware/{floor,ceil} per-tensor sha256 are in their own manifests
# (data/real/qaware/<rule>/manifest.json).
