	HBM Usage Rate(%)              : 4
	Aicore Usage Rate(%)           : 0
	Aicore Freq(MHZ)               : 1650
[M25FA] aicNum=28 nBlk=1 mode=core
[M25FA] pre-launch m=64 posBase=0 ctx=64 nBlk=1
[M25FA] launched, waiting sync
[AIC Block 0/1] [FA2] AIC B begin
[AIC Block 0/1] [FA2] AIC P in L0A
[AIC Block 0/1] [FA2] AIC V in L1
[AIC Block 0/1] [FA2] AIC PV fixp done
[AIC Block 0/1] [FA2] AIC B begin
[AIV Block 0/2] [FA2] AIV tail enter
[AIV Block 0/2] [FA2] AIV tail h2=0 V-acq
[AIV Block 0/2] [FA2] AIV tail h2=0 norm done
[AIV Block 0/2] [FA2] AIV tail h2=0 dma done
[AIV Block 0/2] [FA2] AIV tail h2=1 V-acq
[AIV Block 0/2] [FA2] AIV tail h2=1 norm done
[AIV Block 0/2] [FA2] AIV tail h2=1 dma done
[AIV Block 0/2] [FA2] AIV tail enter
[AIV Block 0/2] [FA2] AIV tail h2=0 V-acq
[AIV Block 0/2] [FA2] AIV tail h2=0 norm done
[AIV Block 0/2] [FA2] AIV tail h2=0 dma done
[AIV Block 0/2] [FA2] AIV tail h2=1 V-acq
[AIV Block 0/2] [FA2] AIV tail h2=1 norm done
[AIV Block 0/2] [FA2] AIV tail h2=1 dma done
[AIV Block 0/2] [FA2] AIV tail enter
[AIV Block 0/2] [FA2] AIV tail h2=0 V-acq
[AIV Block 0/2] [FA2] AIV tail h2=0 norm done
[AIV Block 0/2] [FA2] AIV tail h2=0 dma done
[AIV Block 0/2] [FA2] AIV tail h2=1 V-acq
[AIV Block 0/2] [FA2] AIV tail h2=1 norm done
[AIV Block 1/2] [FA2] AIV tail enter
[AIV Block 1/2] [FA2] AIV tail h2=0 V-acq
[AIV Block 1/2] [FA2] AIV tail h2=0 norm done
[AIV Block 1/2] [FA2] AIV tail h2=0 dma done
[AIV Block 1/2] [FA2] AIV tail h2=1 V-acq
[AIV Block 1/2] [FA2] AIV tail h2=1 norm done
[AIV Block 1/2] [FA2] AIV tail h2=1 dma done
[AIV Block 1/2] [FA2] AIV tail enter
[AIV Block 1/2] [FA2] AIV tail h2=0 V-acq
[AIV Block 1/2] [FA2] AIV tail h2=0 norm done
[AIV Block 1/2] [FA2] AIV tail h2=0 dma done
[AIV Block 1/2] [FA2] AIV tail h2=1 V-acq
[AIV Block 1/2] [FA2] AIV tail h2=1 norm done
[AIV Block 1/2] [FA2] AIV tail h2=1 dma done
[AIV Block 1/2] [FA2] AIV tail enter
[AIV Block 1/2] [FA2] AIV tail h2=0 V-acq
[AIV Block 1/2] [FA2] AIV tail h2=0 norm done
[AIV Block 1/2] [FA2] AIV tail h2=0 dma done
[AIV Block 1/2] [FA2] AIV tail h2=1 V-acq
[AIV Block 1/2] [FA2] AIV tail h2=1 norm done
EXIT_FG=124
