	HBM Usage Rate(%)              : 3
	Aicore Usage Rate(%)           : 0
	Aicore Freq(MHZ)               : 1650
[M25FA] aicNum=28 nBlk=1 mode=core
[M25FA] pre-launch m=64 posBase=0 ctx=64 nBlk=1
[M25FA] launched, waiting sync
[AIC Block 0/1] [FAP] AIC 0 enter nWork=24 nBlk=1
[AIC Block 0/1] [FAP] AIC prologue done nTiles=1 nb0=4
[AIC Block 0/1] [FAP] AIC t=0 begin
[AIC Block 0/1] [FAP] AIC t=0 S_FREE ok
[AIC Block 0/1] [FAP] AIC t=0 S_RDY set
[AIC Block 0/1] [FAP] AIC t=0 P0+PV_FREE ok
[AIC Block 0/1] [FAP] AIC t=0 PV_RDY set
[AIC Block 0/1] [FAP] AIC WI 0 done
[AIC Block 0/1] [FAP] AIC prologue done nTiles=1 nb0=4
[AIC Block 0/1] [FAP] AIC t=0 begin
[AIC Block 0/1] [FAP] AIC t=0 S_FREE ok
[AIC Block 0/1] [FAP] AIC t=0 S_RDY set
[AIC Block 0/1] [FAP] AIC t=0 P0+PV_FREE ok
[AIV Block 0/2] [FAP] AIV 0 enter nWork=24 nBlk=1
[AIV Block 0/2] [FAP] AIV t=0 S_RDY ok
[AIV Block 0/2] [FAP] AIV t=0 softmax+S_FREE
[AIV Block 0/2] [FAP] AIV t=0 P0 set
[AIV Block 0/2] [FAP] AIV t=0 PV_RDY ok
[AIV Block 0/2] [FAP] AIV datacopy done
[AIV Block 0/2] [FAP] AIV WI 0 done
[AIV Block 0/2] [FAP] AIV t=0 S_RDY ok
[AIV Block 0/2] [FAP] AIV t=0 softmax+S_FREE
[AIV Block 0/2] [FAP] AIV t=0 P0 set
[AIV Block 0/2] [FAP] AIV t=0 PV_RDY ok
[AIV Block 0/2] [FAP] AIV datacopy done
[AIV Block 0/2] [FAP] AIV WI 1 done
[AIV Block 0/2] [FAP] AIV t=0 S_RDY ok
[AIV Block 0/2] [FAP] AIV t=0 softmax+S_FREE
[AIV Block 0/2] [FAP] AIV t=0 P0 set
[AIV Block 0/2] [FAP] AIV t=0 PV_RDY ok
[AIV Block 1/2] [FAP] AIV 1 enter nWork=24 nBlk=1
[AIV Block 1/2] [FAP] AIV t=0 S_RDY ok
[AIV Block 1/2] [FAP] AIV t=0 softmax+S_FREE
[AIV Block 1/2] [FAP] AIV t=0 P0 set
[AIV Block 1/2] [FAP] AIV t=0 PV_RDY ok
[AIV Block 1/2] [FAP] AIV datacopy done
[AIV Block 1/2] [FAP] AIV WI 0 done
[AIV Block 1/2] [FAP] AIV t=0 S_RDY ok
[AIV Block 1/2] [FAP] AIV t=0 softmax+S_FREE
[AIV Block 1/2] [FAP] AIV t=0 P0 set
[AIV Block 1/2] [FAP] AIV t=0 PV_RDY ok
[AIV Block 1/2] [FAP] AIV datacopy done
[AIV Block 1/2] [FAP] AIV WI 1 done
[AIV Block 1/2] [FAP] AIV t=0 S_RDY ok
[AIV Block 1/2] [FAP] AIV t=0 softmax+S_FREE
[AIV Block 1/2] [FAP] AIV t=0 P0 set
[AIV Block 1/2] [FAP] AIV t=0 PV_RDY ok
EXIT_C=124
