[in-lock] Sun Oct  4 07:57:40 UTC 2026
| NPU ID                    | Process id    | Process name             | Process memory(MB)       |
+===========================+===============+=====================================================+
| No running processes found in NPU 0                                                             |
+===========================+===============+=====================================================+
[m15ple] M85 PLE 独立 kernel | aic=28 aiv=56 | out=/tmp/m124_out_new data=m15_layer_loop/ple/data neg=0
[m15ple] A    ① ids: 10 tok × 16 head, dev_range_fail=0 -> A_ids.bin
[m15ple] B    ① ids: 2 tok × 16 head, dev_range_fail=0 -> B_ids.bin
[m15ple] body ②③④⑤: stage_mask=15 n_tok=2 table_rows=1470 dev_fail=0
[m15ple] ===== kernel-side OK =====
rc=0
--- 设备错误报告（npu-smi）---
| 0      | Ascend950PR      | OK            | 202.9       65                0     / 0             |
|        |                  | 0000:61:00.0  | 0           0    / 0          5240  / 131072        |
+========+==================+===============+=====================================================+
+---------------------------+---------------+-----------------------------------------------------+
| NPU ID                    | Process id    | Process name             | Process memory(MB)       |
+===========================+===============+=====================================================+
| No running processes found in NPU 0                                                             |
+===========================+===============+=====================================================+
[out-lock] Sun Oct  4 07:57:49 UTC 2026
