[M164] == m164_Pf.gdn ==  m=1 mut=0
[M164]   (1) transpose o  bit-diff 0/6144
[M164]   (2) z pack      bit-diff 0/6144
[M164]   (3) S5 y        finite-bad 0/6144 worstRel=0 (tol 1e-02) nan-pattern-mismatch 0
[M164]   (4) S6 out      finite-bad 0/2560 worst(tol-ratio)=0.0788 nan-pattern-mismatch 0
[M164]   (a) hcAttnOut   0xCD16 residue 0, differs-from-hostsynth 2560/2560
[M164]   expectation: clean: o/z bit-exact, S5/S6 finite-T3 + nan-pattern pass -> OK
[M164] == m164_Pf.gdn_mut1 ==  m=1 mut=0
[M164]   (1) transpose o  bit-diff 0/6144
[M164]   (2) z pack      bit-diff 0/6144
[M164]   (3) S5 y        finite-bad 0/6144 worstRel=0 (tol 1e-02) nan-pattern-mismatch 0
[M164]   (4) S6 out      finite-bad 0/2560 worst(tol-ratio)=0.0844 nan-pattern-mismatch 0
[M164]   (a) hcAttnOut   0xCD16 residue 0, differs-from-hostsynth 2559/2560
[M164]   expectation: clean: o/z bit-exact, S5/S6 finite-T3 + nan-pattern pass -> OK
[M164] == m164_Pf.prolog_mut1 ==  m=1 mut=0
[M164]   (1) transpose o  bit-diff 0/6144
[M164]   (2) z pack      bit-diff 0/6144
[M164]   (3) S5 y        finite-bad 0/6144 worstRel=0 (tol 1e-02) nan-pattern-mismatch 0
[M164]   (4) S6 out      finite-bad 0/2560 worst(tol-ratio)=0.0788 nan-pattern-mismatch 0
[M164]   (a) hcAttnOut   0xCD16 residue 0, differs-from-hostsynth 2560/2560
[M164]   expectation: clean: o/z bit-exact, S5/S6 finite-T3 + nan-pattern pass -> OK
[M164] == m164_Pf.prolog_mut2 ==  m=1 mut=0
[M164]   (1) transpose o  bit-diff 0/6144
[M164]   (2) z pack      bit-diff 0/6144
[M164]   (3) S5 y        finite-bad 0/6144 worstRel=0 (tol 1e-02) nan-pattern-mismatch 0
[M164]   (4) S6 out      finite-bad 0/2560 worst(tol-ratio)=0.0788 nan-pattern-mismatch 0
[M164]   (a) hcAttnOut   0xCD16 residue 0, differs-from-hostsynth 2560/2560
[M164]   expectation: clean: o/z bit-exact, S5/S6 finite-T3 + nan-pattern pass -> OK
[M164] == m164_Pf.prolog_mut3 ==  m=1 mut=0
[M164]   (1) transpose o  bit-diff 0/6144
[M164]   (2) z pack      bit-diff 0/6144
[M164]   (3) S5 y        finite-bad 0/6144 worstRel=0 (tol 1e-02) nan-pattern-mismatch 0
[M164]   (4) S6 out      finite-bad 0/2560 worst(tol-ratio)=0.137 nan-pattern-mismatch 0
[M164]   (a) hcAttnOut   0xCD16 residue 0, differs-from-hostsynth 2556/2560
[M164]   expectation: clean: o/z bit-exact, S5/S6 finite-T3 + nan-pattern pass -> OK
[M164] == check_epilog: ALL PASS ==
