== /workspace/ascend_mega_kernel/.tower/worktrees/wt-169/m15_layer_loop/evidence/m169_whole_layer_4phase/dumps_m4097_p15_links ==
  [S2 m151_s2_Pf.gdn] a@b^T: PASS (bit-exact 67502321/67518560 = 0.999759, T3 超界 0, max|Δ|=1.562e-02)
  [S2 m151_s2_Pf.gdn_mut1] a@b^T: PASS (bit-exact 67502321/67518560 = 0.999759, T3 超界 0, max|Δ|=1.562e-02)
  [S2 m151_s2_Pf.prolog_mut1] a@b^T: PASS (bit-exact 67502321/67518560 = 0.999759, T3 超界 0, max|Δ|=1.562e-02)
  [S2 m151_s2_Pf.prolog_mut2] a@b^T: PASS (bit-exact 67502321/67518560 = 0.999759, T3 超界 0, max|Δ|=1.562e-02)
  [S2 m151_s2_Pf.prolog_mut3] a@b^T: FAIL (bit-exact 814098/67518560 = 0.012057, T3 超界 46413615, max|Δ|=7.598e+00)
[/workspace/ascend_mega_kernel/.tower/worktrees/wt-169/m15_layer_loop/evidence/m169_whole_layer_4phase/dumps_m4097_p15_links/m151_s3_Pf.gdn/m9mt_m4097_b56_mut0_] m=4097 blk=56 mut=0 qs=0 state=PASS qpad=PASS kpad=PASS gpad=PASS bpad=PASS
[/workspace/ascend_mega_kernel/.tower/worktrees/wt-169/m15_layer_loop/evidence/m169_whole_layer_4phase/dumps_m4097_p15_links/m151_s3_Pf.gdn/m9mt_m4097_b56_mut0_] q   : PASS maxRelDiff=5.610e-07 maxAbsDiff=2.980e-07
[/workspace/ascend_mega_kernel/.tower/worktrees/wt-169/m15_layer_loop/evidence/m169_whole_layer_4phase/dumps_m4097_p15_links/m151_s3_Pf.gdn/m9mt_m4097_b56_mut0_] k   : PASS maxRelDiff=5.155e-07 maxAbsDiff=2.384e-07
[/workspace/ascend_mega_kernel/.tower/worktrees/wt-169/m15_layer_loop/evidence/m169_whole_layer_4phase/dumps_m4097_p15_links/m151_s3_Pf.gdn/m9mt_m4097_b56_mut0_] v   : PASS maxRelDiff=3.494e-07 maxAbsDiff=2.384e-07
[/workspace/ascend_mega_kernel/.tower/worktrees/wt-169/m15_layer_loop/evidence/m169_whole_layer_4phase/dumps_m4097_p15_links/m151_s3_Pf.gdn/m9mt_m4097_b56_mut0_] g   : PASS maxRelDiff=1.575e-03 maxAbsDiff=1.907e-05
[/workspace/ascend_mega_kernel/.tower/worktrees/wt-169/m15_layer_loop/evidence/m169_whole_layer_4phase/dumps_m4097_p15_links/m151_s3_Pf.gdn/m9mt_m4097_b56_mut0_] beta: PASS maxRelDiff=1.818e-07 maxAbsDiff=1.192e-07
[/workspace/ascend_mega_kernel/.tower/worktrees/wt-169/m15_layer_loop/evidence/m169_whole_layer_4phase/dumps_m4097_p15_links/m151_s3_Pf.gdn_mut1/m9mt_m4097_b56_mut0_] m=4097 blk=56 mut=0 qs=0 state=PASS qpad=PASS kpad=PASS gpad=PASS bpad=PASS
[/workspace/ascend_mega_kernel/.tower/worktrees/wt-169/m15_layer_loop/evidence/m169_whole_layer_4phase/dumps_m4097_p15_links/m151_s3_Pf.gdn_mut1/m9mt_m4097_b56_mut0_] q   : PASS maxRelDiff=5.610e-07 maxAbsDiff=2.980e-07
[/workspace/ascend_mega_kernel/.tower/worktrees/wt-169/m15_layer_loop/evidence/m169_whole_layer_4phase/dumps_m4097_p15_links/m151_s3_Pf.gdn_mut1/m9mt_m4097_b56_mut0_] k   : PASS maxRelDiff=5.155e-07 maxAbsDiff=2.384e-07
[/workspace/ascend_mega_kernel/.tower/worktrees/wt-169/m15_layer_loop/evidence/m169_whole_layer_4phase/dumps_m4097_p15_links/m151_s3_Pf.gdn_mut1/m9mt_m4097_b56_mut0_] v   : PASS maxRelDiff=3.494e-07 maxAbsDiff=2.384e-07
[/workspace/ascend_mega_kernel/.tower/worktrees/wt-169/m15_layer_loop/evidence/m169_whole_layer_4phase/dumps_m4097_p15_links/m151_s3_Pf.gdn_mut1/m9mt_m4097_b56_mut0_] g   : PASS maxRelDiff=1.575e-03 maxAbsDiff=1.907e-05
[/workspace/ascend_mega_kernel/.tower/worktrees/wt-169/m15_layer_loop/evidence/m169_whole_layer_4phase/dumps_m4097_p15_links/m151_s3_Pf.gdn_mut1/m9mt_m4097_b56_mut0_] beta: PASS maxRelDiff=1.818e-07 maxAbsDiff=1.192e-07
[/workspace/ascend_mega_kernel/.tower/worktrees/wt-169/m15_layer_loop/evidence/m169_whole_layer_4phase/dumps_m4097_p15_links/m151_s3_Pf.prolog_mut1/m9mt_m4097_b56_mut1_] m=4097 blk=56 mut=1 qs=0 state=FAIL qpad=PASS kpad=PASS gpad=PASS bpad=PASS
[/workspace/ascend_mega_kernel/.tower/worktrees/wt-169/m15_layer_loop/evidence/m169_whole_layer_4phase/dumps_m4097_p15_links/m151_s3_Pf.prolog_mut1/m9mt_m4097_b56_mut1_] q   : FAIL maxRelDiff=1.242e+05 maxAbsDiff=1.703e+00
    worst at (np.int64(11), np.int64(1287), np.int64(3)): got -1.45029828e-01 expect 1.67960607e-07
[/workspace/ascend_mega_kernel/.tower/worktrees/wt-169/m15_layer_loop/evidence/m169_whole_layer_4phase/dumps_m4097_p15_links/m151_s3_Pf.prolog_mut1/m9mt_m4097_b56_mut1_] k   : FAIL maxRelDiff=2.441e+05 maxAbsDiff=1.463e+00
    worst at (np.int64(2), np.int64(454), np.int64(69)): got 3.71300548e-01 expect 5.20819924e-07
[/workspace/ascend_mega_kernel/.tower/worktrees/wt-169/m15_layer_loop/evidence/m169_whole_layer_4phase/dumps_m4097_p15_links/m151_s3_Pf.prolog_mut1/m9mt_m4097_b56_mut1_] v   : FAIL maxRelDiff=3.176e+04 maxAbsDiff=8.412e-01
    worst at (np.int64(1), np.int64(2249), np.int64(20)): got 7.52965361e-02 expect -1.37090490e-06
[/workspace/ascend_mega_kernel/.tower/worktrees/wt-169/m15_layer_loop/evidence/m169_whole_layer_4phase/dumps_m4097_p15_links/m151_s3_Pf.prolog_mut1/m9mt_m4097_b56_mut1_] g   : PASS maxRelDiff=1.575e-03 maxAbsDiff=1.907e-05
[/workspace/ascend_mega_kernel/.tower/worktrees/wt-169/m15_layer_loop/evidence/m169_whole_layer_4phase/dumps_m4097_p15_links/m151_s3_Pf.prolog_mut1/m9mt_m4097_b56_mut1_] beta: PASS maxRelDiff=1.818e-07 maxAbsDiff=1.192e-07
    [NEGATIVE] S3 m151_s3_Pf.prolog_mut1 如预期变红 ✓
[/workspace/ascend_mega_kernel/.tower/worktrees/wt-169/m15_layer_loop/evidence/m169_whole_layer_4phase/dumps_m4097_p15_links/m151_s3_Pf.prolog_mut2/m9mt_m4097_b56_mut2_] m=4097 blk=56 mut=2 qs=0 state=PASS qpad=FAIL kpad=FAIL gpad=PASS bpad=PASS
[/workspace/ascend_mega_kernel/.tower/worktrees/wt-169/m15_layer_loop/evidence/m169_whole_layer_4phase/dumps_m4097_p15_links/m151_s3_Pf.prolog_mut2/m9mt_m4097_b56_mut2_] q   : PASS maxRelDiff=5.610e-07 maxAbsDiff=2.980e-07
[/workspace/ascend_mega_kernel/.tower/worktrees/wt-169/m15_layer_loop/evidence/m169_whole_layer_4phase/dumps_m4097_p15_links/m151_s3_Pf.prolog_mut2/m9mt_m4097_b56_mut2_] k   : PASS maxRelDiff=5.155e-07 maxAbsDiff=2.384e-07
[/workspace/ascend_mega_kernel/.tower/worktrees/wt-169/m15_layer_loop/evidence/m169_whole_layer_4phase/dumps_m4097_p15_links/m151_s3_Pf.prolog_mut2/m9mt_m4097_b56_mut2_] v   : PASS maxRelDiff=3.494e-07 maxAbsDiff=2.384e-07
[/workspace/ascend_mega_kernel/.tower/worktrees/wt-169/m15_layer_loop/evidence/m169_whole_layer_4phase/dumps_m4097_p15_links/m151_s3_Pf.prolog_mut2/m9mt_m4097_b56_mut2_] g   : PASS maxRelDiff=1.575e-03 maxAbsDiff=1.907e-05
[/workspace/ascend_mega_kernel/.tower/worktrees/wt-169/m15_layer_loop/evidence/m169_whole_layer_4phase/dumps_m4097_p15_links/m151_s3_Pf.prolog_mut2/m9mt_m4097_b56_mut2_] beta: PASS maxRelDiff=1.818e-07 maxAbsDiff=1.192e-07
    [NEGATIVE] S3 m151_s3_Pf.prolog_mut2 如预期变红 ✓
[/workspace/ascend_mega_kernel/.tower/worktrees/wt-169/m15_layer_loop/evidence/m169_whole_layer_4phase/dumps_m4097_p15_links/m151_s3_Pf.prolog_mut3/m9mt_m4097_b56_mut3_] m=4097 blk=56 mut=3 qs=0 state=PASS qpad=PASS kpad=PASS gpad=PASS bpad=PASS
[/workspace/ascend_mega_kernel/.tower/worktrees/wt-169/m15_layer_loop/evidence/m169_whole_layer_4phase/dumps_m4097_p15_links/m151_s3_Pf.prolog_mut3/m9mt_m4097_b56_mut3_] q   : PASS maxRelDiff=5.110e-07 maxAbsDiff=2.384e-07
[/workspace/ascend_mega_kernel/.tower/worktrees/wt-169/m15_layer_loop/evidence/m169_whole_layer_4phase/dumps_m4097_p15_links/m151_s3_Pf.prolog_mut3/m9mt_m4097_b56_mut3_] k   : PASS maxRelDiff=5.366e-07 maxAbsDiff=2.980e-07
[/workspace/ascend_mega_kernel/.tower/worktrees/wt-169/m15_layer_loop/evidence/m169_whole_layer_4phase/dumps_m4097_p15_links/m151_s3_Pf.prolog_mut3/m9mt_m4097_b56_mut3_] v   : PASS maxRelDiff=3.494e-07 maxAbsDiff=4.768e-07
[/workspace/ascend_mega_kernel/.tower/worktrees/wt-169/m15_layer_loop/evidence/m169_whole_layer_4phase/dumps_m4097_p15_links/m151_s3_Pf.prolog_mut3/m9mt_m4097_b56_mut3_] g   : PASS maxRelDiff=1.888e-03 maxAbsDiff=1.907e-05
[/workspace/ascend_mega_kernel/.tower/worktrees/wt-169/m15_layer_loop/evidence/m169_whole_layer_4phase/dumps_m4097_p15_links/m151_s3_Pf.prolog_mut3/m9mt_m4097_b56_mut3_] beta: PASS maxRelDiff=1.818e-07 maxAbsDiff=1.192e-07
== check_prolog: ALL PASS ==
