=== lock acquired 2026-10-04T14:37:27Z ===
--- npu-smi info (in lock) ---
+-------------------------------------------------------------------------------------------------+
| npu-smi 25.7.rc1.10                              Version: 25.7.rc1.10                           |
+--------+------------------+---------------+-----------------------------------------------------+
| NPU ID | Name             | Health        | Power(W)    Temp(C)           Hugepages-Usage(page) |
|        |                  | Bus-Id        | NPU Util(%) Memory-Usage(MB)  HBM-Usage(MB)         |
+========+==================+===============+=====================================================+
| 0      | Ascend950PR      | OK            | 195.2       56                0     / 0             |
|        |                  | 0000:61:00.0  | 0           0    / 0          5241  / 131072        |
+========+==================+===============+=====================================================+
+---------------------------+---------------+-----------------------------------------------------+
| NPU ID                    | Process id    | Process name             | Process memory(MB)       |
+===========================+===============+=====================================================+
| No running processes found in NPU 0                                                             |
+===========================+===============+=====================================================+
--- npu-smi rc=0 ---
--- command (verbatim) ---
timeout 240 env M15_LAYERS=2 M15_PLE_WIRE=1 ./m15_layer_loop/build/m15_layer_loop m15_layer_loop/weights_manifest.txt chain 
--- binary output ---
[m15] M25 48 层循环骨架：层类型 3:1（每 4 层 1 个 full attention 占位直通）；本次跑前 2 层，token 3，reps 10，权重=checkpoint，dump=关
[m15] 层类型模式（config.json: full_attention_interval=4, num_hidden_layers=48）： 36 GDN + 12 attention（与 config 逐层一致）
[m15] 核配置：28 AIC + 56 AIV（blockDim=28，__mix__(1,2)，核数由 API 获取）
[m15] device 缓冲：weights 4174.15 MB（36 层 × 115.95 MB）+ states 115.5 MB + ws 5.3 MB + MoE 权重 628.4 MB（48 层 × 13.09 MB）+ 融合 ws 12.94 MB（GDN 5.26 + MoE 7.69）
[m15] M58 hc 缓冲：权重 1318.63 MB（49 槽 × 26.91 MB/槽；49 = 48 个层槽（每层 2 个边界子槽 × 13.46 MB）+ 1 个全局 mixer 槽，该槽只用到 13.13 MB（norm+down+up），槽 stride 仍为 26.91 MB）+ hc ws 452.71 MB（52 槽 × 8.71 MB/槽 = 每层 2 块 + 3 块 scratch + 1 块全局 mixer ws）
[m15] M65 层链缓冲：pending BO 双缓冲 0.66 MB（2 块 × 327680 B）；三态入口平面复用 hc_hin
[m15] M82 attention cache 平面（跨 12 个 attention 层长寿，按第 k 层编址 k=0..11）：主 KV 101.06 MB（12 层 × 8.421 MB/层 = 257 页/层 × 32768 B）；compressed 3.16 MB（12 层 × 0.263 MB/层 = 1028 行/层 × 256 B）；raw ring 0.01344 MB（12 层 × 1120 B = 4 行/层 × 280 B）；packed 33.63 MB（4097 行 × 8208 B，**层间复用一块**）
[m15] 权重装载完成（真实 checkpoint 切片）：前 2 层内 2 个 GDN 层，4174.15 MB → device，耗时 4465.0 ms
[m15] MoE 段权重装载完成（真实 checkpoint 4 专家切片 + 真实共享专家）：2 层 × 13.09 MB = 26.2 MB → device，耗时 626.9 ms
[m15] hc 段权重装载完成（真实 checkpoint（hc 权重不量化、原样消费））：本 run H2D 3 槽 × 26.91 MB/槽 = 80.7 MB（2 个层槽，每层 2 个边界子槽 × 13.46 MB，+ 1 个全局 mixer 槽）；权重区分配 49 槽 × 26.91 MB/槽 = 1318.6 MB → device，耗时 1392.8 ms
[m15] sha256 自检（NIST 向量："abc" 与 1e6×'a'）：PASS

[m15] ===== 权重来源校验（review P2-1：in_proj/out_proj 独立字节级来源）=====
[m15]   W.src.L00 PASS (slot_ref=逐字节一致 in_proj=逐字节一致 out_proj=逐字节一致)
[m15]        in_proj  slot sha256=4be850f53b884949b3b9cb74675f0066d78e53e1ff3a58b117dcda5d125c205d  ckpt-source sha256=4be850f53b884949b3b9cb74675f0066d78e53e1ff3a58b117dcda5d125c205d
[m15]        out_proj slot sha256=61faf46f03e25a68c83cd45860b97bb50d834b30a200474b1a4d3de1aae5bcfe  ckpt-source sha256=61faf46f03e25a68c83cd45860b97bb50d834b30a200474b1a4d3de1aae5bcfe
[m15]   W.src.L01 PASS (slot_ref=逐字节一致 in_proj=逐字节一致 out_proj=逐字节一致)
[m15]        in_proj  slot sha256=7f1a59c50b2c5cc8f5b5d6faff984ea80f76210a90bd28579f60887be90d9249  ckpt-source sha256=7f1a59c50b2c5cc8f5b5d6faff984ea80f76210a90bd28579f60887be90d9249
[m15]        out_proj slot sha256=6718f11ec1b33d23be15e7bc83d84723f4ddff7cf485d015bfcff43d296a8034  ckpt-source sha256=6718f11ec1b33d23be15e7bc83d84723f4ddff7cf485d015bfcff43d296a8034
[m15] 权重来源校验（对照 checkpoint 独立来源）：2 个 GDN 层，slot 逐字节 2 / in_proj 2 / out_proj 2；耗时 1855.5 ms

[m15] ===== MoE 段权重来源校验（独立 pread vs 设备槽位，逐字节 + sha256）=====
[m15]   M.wsrc.L00                     PASS  slot sha256 dev=131543a0cb7956e72e5091c93a963296666fbc674ce8d5dda5510a08b4428714 ckpt=131543a0cb7956e72e5091c93a963296666fbc674ce8d5dda5510a08b4428714
[m15]   M.wsrc.L01                     PASS  slot sha256 dev=b235d8ad9ff6697bcc2cfe6b9299339325c7168cd6bdb55c2366155571e08c42 ckpt=b235d8ad9ff6697bcc2cfe6b9299339325c7168cd6bdb55c2366155571e08c42
[m15]   MoE 权重来源：2 层逐字节一致（slot 13.092 MB/层）
[m15]   Hc.ws.L00                      PASS (逐字节一致, n=26910720)
[m15]   Hc.ws.L01                      PASS (逐字节一致, n=26910720)
[m15] hc 段权重来源判据：2 层 × 2 边界，逐字节 memcmp（含注入行 [4,16) 全零见证）

[m15] ===== 验证 Ch：48 层链走四相位入口（每层一次启动；m=1，层数 2）=====
[m15]   段序：hc(attn) → 子层段 → hc(mlp) → MoE（层 1 另把 H1 拆成 combine-only → PLE 占位 → mix-only）；层间零拷贝搬 H/BO/IJ 三条长寿状态
[m15]   PLE 打断点 = 开（M15_CHAIN_PLE=1；关掉只用于 msprof 的 A/B）
[m15]   Ch.wsrc.gm                     PASS (逐字节一致, n=26910720)
[m15]   全局 mixer 权重来源：3 个张量（norm/down/up）+ 注入区 16 行全零见证，逐字节 memcmp（26910720 字节）
[m15][WARN] H_PleArgsOf：M15_PLE_WIRE=1 但 PLE 装载路径未跑过（pleWDev=0x120077600000 pleTableDev=(nil)）⇒ 层 1 的 PLE 接线被门控关闭（退化为空操作）；M15_PLE_WIRE 只应在 runs=plewire 档打开
[m15]   pass 1：2 层链跑通（一次启动/层；层 1 走 PLE 打断点（H1 拆成五段））
[m15][DISCLOSE] 层 1 的 PLE 段**未实现**（空操作，见 m15_layer_kernel.h §3b）：本段验证的是打断点的结构与它的舍入点判据，**不是** PLE 的数值。
[m15]   手工路径：逐层 4 段独立启动（hc#1 → 子层段 → hc#2 → MoE）与链逐字节对拍（PLE 层另加 combine-only 与单次 combine_and_mix 参考各一次 ⇒ 该层 6 次启动）
[m15]   Ch.h1blk.L00                   PASS (逐字节一致, n=5120)
[m15]   Ch.h1inj.L00                   PASS (逐字节一致, n=648)
[m15]   Ch.sub.L00                     PASS (逐字节一致, n=5120)
[m15]   Ch.h2hcp.L00                   PASS (逐字节一致, n=20480)
[m15]   Ch.h2blk.L00                   PASS (逐字节一致, n=5120)
[m15]   Ch.h2inj.L00                   PASS (逐字节一致, n=8)
[m15]   Ch.bo.L00                      PASS (逐字节一致, n=5120)
[m15]   Ch.h1hcp.L01                   PASS (逐字节一致, n=20480)
[m15]   Ch.ple.bf16.L01                PASS (逐字节一致, n=20480)
[m15]   Ch.ple.single.L01              PASS (逐字节一致, n=5120)
[m15]   Ch.h1blk.L01                   PASS (逐字节一致, n=5120)
[m15]   Ch.h1inj.L01                   PASS (逐字节一致, n=648)
[m15]   Ch.sub.L01                     PASS (逐字节一致, n=5120)
[m15]   Ch.h2hcp.L01                   PASS (逐字节一致, n=20480)
[m15]   Ch.h2blk.L01                   PASS (逐字节一致, n=5120)
[m15]   Ch.h2inj.L01                   PASS (逐字节一致, n=8)
[m15]   Ch.bo.L01                      PASS (逐字节一致, n=5120)
[m15][WARN] H_PleArgsOf：M15_PLE_WIRE=1 但 PLE 装载路径未跑过（pleWDev=0x120077600000 pleTableDev=(nil)）⇒ 层 1 的 PLE 接线被门控关闭（退化为空操作）；M15_PLE_WIRE 只应在 runs=plewire 档打开
[m15]   Ch.detH.L00                    PASS (逐字节一致, n=20480)
[m15]   Ch.detBO.L00                   PASS (逐字节一致, n=5120)
[m15]   Ch.detIJ.L00                   PASS (逐字节一致, n=8)
[m15]   Ch.detH.L01                    PASS (逐字节一致, n=20480)
[m15]   Ch.detBO.L01                   PASS (逐字节一致, n=5120)
[m15]   Ch.detIJ.L01                   PASS (逐字节一致, n=8)
[m15]   Ch.det.gm_multi                PASS (逐字节一致, n=20480)
[m15]   Ch.det.gm_sample               PASS (逐字节一致, n=5120)
[m15][WARN] H_PleArgsOf：M15_PLE_WIRE=1 但 PLE 装载路径未跑过（pleWDev=0x120077600000 pleTableDev=(nil)）⇒ 层 1 的 PLE 接线被门控关闭（退化为空操作）；M15_PLE_WIRE 只应在 runs=plewire 档打开
[m15]   Ch.pert.lastH                  PASS (与输入不同，非恒等)
[m15]   Ch.pert.gm                     PASS (与输入不同，非恒等)
[m15]   Ch.pert.gmmerge                PASS (与输入不同，非恒等)
[m15]   Ch.nonid.L00                   PASS (与输入不同，非恒等)
[m15]   Ch.moe.L00                     PASS (与输入不同，非恒等)
[m15]   Ch.blks.L00                    PASS (与输入不同，非恒等)
[m15]   Ch.finite.L00                  PASS (bf16 有限：NaN/Inf 0/10240)
[m15]   Ch.nonid.L01                   PASS (与输入不同，非恒等)
[m15]   Ch.moe.L01                     PASS (与输入不同，非恒等)
[m15]   Ch.blks.L01                    PASS (与输入不同，非恒等)
[m15]   Ch.finite.L01                  PASS (bf16 有限：NaN/Inf 0/10240)
[m15]   Ch.gm.multi                    PASS (与输入不同，非恒等)
[m15]   Ch.gm.sample                   PASS (bf16 有限：NaN/Inf 0/2560)
[m15]   Ch.gm.sample_nonconst          PASS (非常量)
[m15]   Ch.fp.L00                      PASS (跨层三态指纹互异，n=25608 字节)
[m15]   Ch.fp.L01                      PASS (跨层三态指纹互异，n=25608 字节)
[m15]   ④ 与 M39 官方单层参考对拍需要 M15_DUMP=1（本次未落盘 ⇒ 该条为 SKIPPED，不计入判定项）
[m15] 验证 Ch：本段判定项 42 条 + guard 3 条（累计 checks 48 / guards 6 / fails 0）

[m15] 判据分账：权重来源 4（GDN+MoE）+ 2（hc）+ A 0 + B 0 + C 0 + M1 0 + M2 0 + H 0 + Ch 42 + Pw 0 + Kv 0 + Prolog 0 + AttnWire 0 + Pf 0 = 48 条判定项（聚合判据按 1 条计；口径见 README §3/§3.7）
[m15]   ④ 与 M39 官方单层参考对拍的判据**不在这个数里**：它在 `check_chain_ref.py`（torch，独立三态退出码与计数），由本程序的 dump 驱动；运行方式见 README。
[m15] guard：6 条（恒真前置断言，**不计入判定项**）：sha256 工具自检 1 + hc 注入行 [4,16) 全零 2 + 参考链锚点非空 0 + M65 链 3 + 其余 0
[m15] ===== ALL PASS（checks=48, guards=6, fails=0）=====
exit=0
