=== lock acquired 2026-10-04T14:38:31Z ===
--- npu-smi info (in lock) ---
+-------------------------------------------------------------------------------------------------+
| npu-smi 25.7.rc1.10                              Version: 25.7.rc1.10                           |
+--------+------------------+---------------+-----------------------------------------------------+
| NPU ID | Name             | Health        | Power(W)    Temp(C)           Hugepages-Usage(page) |
|        |                  | Bus-Id        | NPU Util(%) Memory-Usage(MB)  HBM-Usage(MB)         |
+========+==================+===============+=====================================================+
| 0      | Ascend950PR      | OK            | 194.9       54                0     / 0             |
|        |                  | 0000:61:00.0  | 0           0    / 0          5241  / 131072        |
+========+==================+===============+=====================================================+
+---------------------------+---------------+-----------------------------------------------------+
| NPU ID                    | Process id    | Process name             | Process memory(MB)       |
+===========================+===============+=====================================================+
| No running processes found in NPU 0                                                             |
+===========================+===============+=====================================================+
--- npu-smi rc=0 ---
--- command (verbatim) ---
timeout 240 env M15_LAYERS=2 M15_PLE_WIRE=1 ./m15_layer_loop/build/m15_layer_loop m15_layer_loop/weights_manifest.txt chain 
--- binary output ---
[m15] M25 48 层循环骨架：层类型 3:1（每 4 层 1 个 full attention 占位直通）；本次跑前 2 层，token 3，reps 10，权重=checkpoint，dump=关
[m15] 层类型模式（config.json: full_attention_interval=4, num_hidden_layers=48）： 36 GDN + 12 attention（与 config 逐层一致）
[m15] 核配置：28 AIC + 56 AIV（blockDim=28，__mix__(1,2)，核数由 API 获取）
[m15] device 缓冲：weights 4174.15 MB（36 层 × 115.95 MB）+ states 115.5 MB + ws 5.3 MB + MoE 权重 628.4 MB（48 层 × 13.09 MB）+ 融合 ws 12.94 MB（GDN 5.26 + MoE 7.69）
[m15] M58 hc 缓冲：权重 1318.63 MB（49 槽 × 26.91 MB/槽；49 = 48 个层槽（每层 2 个边界子槽 × 13.46 MB）+ 1 个全局 mixer 槽，该槽只用到 13.13 MB（norm+down+up），槽 stride 仍为 26.91 MB）+ hc ws 452.71 MB（52 槽 × 8.71 MB/槽 = 每层 2 块 + 3 块 scratch + 1 块全局 mixer ws）
[m15] M65 层链缓冲：pending BO 双缓冲 0.66 MB（2 块 × 327680 B）；三态入口平面复用 hc_hin
[m15] M82 attention cache 平面（跨 12 个 attention 层长寿，按第 k 层编址 k=0..11）：主 KV 101.06 MB（12 层 × 8.421 MB/层 = 257 页/层 × 32768 B）；compressed 3.16 MB（12 层 × 0.263 MB/层 = 1028 行/层 × 256 B）；raw ring 0.01344 MB（12 层 × 1120 B = 4 行/层 × 280 B）；packed 33.63 MB（4097 行 × 8208 B，**层间复用一块**）
[m15] 权重装载完成（真实 checkpoint 切片）：前 2 层内 2 个 GDN 层，4174.15 MB → device，耗时 4455.3 ms
[m15] MoE 段权重装载完成（真实 checkpoint 4 专家切片 + 真实共享专家）：2 层 × 13.09 MB = 26.2 MB → device，耗时 697.6 ms
[m15] hc 段权重装载完成（真实 checkpoint（hc 权重不量化、原样消费））：本 run H2D 3 槽 × 26.91 MB/槽 = 80.7 MB（2 个层槽，每层 2 个边界子槽 × 13.46 MB，+ 1 个全局 mixer 槽）；权重区分配 49 槽 × 26.91 MB/槽 = 1318.6 MB → device，耗时 1305.1 ms
[m15] sha256 自检（NIST 向量："abc" 与 1e6×'a'）：PASS

[m15] ===== 权重来源校验（review P2-1：in_proj/out_proj 独立字节级来源）=====
[m15]   W.src.L00 PASS (slot_ref=逐字节一致 in_proj=逐字节一致 out_proj=逐字节一致)
[m15]        in_proj  slot sha256=4be850f53b884949b3b9cb74675f0066d78e53e1ff3a58b117dcda5d125c205d  ckpt-source sha256=4be850f53b884949b3b9cb74675f0066d78e53e1ff3a58b117dcda5d125c205d
[m15]        out_proj slot sha256=61faf46f03e25a68c83cd45860b97bb50d834b30a200474b1a4d3de1aae5bcfe  ckpt-source sha256=61faf46f03e25a68c83cd45860b97bb50d834b30a200474b1a4d3de1aae5bcfe
[m15]   W.src.L01 PASS (slot_ref=逐字节一致 in_proj=逐字节一致 out_proj=逐字节一致)
[m15]        in_proj  slot sha256=7f1a59c50b2c5cc8f5b5d6faff984ea80f76210a90bd28579f60887be90d9249  ckpt-source sha256=7f1a59c50b2c5cc8f5b5d6faff984ea80f76210a90bd28579f60887be90d9249
[m15]        out_proj slot sha256=6718f11ec1b33d23be15e7bc83d84723f4ddff7cf485d015bfcff43d296a8034  ckpt-source sha256=6718f11ec1b33d23be15e7bc83d84723f4ddff7cf485d015bfcff43d296a8034
[m15] 权重来源校验（对照 checkpoint 独立来源）：2 个 GDN 层，slot 逐字节 2 / in_proj 2 / out_proj 2；耗时 1854.9 ms

[m15] ===== MoE 段权重来源校验（独立 pread vs 设备槽位，逐字节 + sha256）=====
[m15]   M.wsrc.L00                     PASS  slot sha256 dev=131543a0cb7956e72e5091c93a963296666fbc674ce8d5dda5510a08b4428714 ckpt=131543a0cb7956e72e5091c93a963296666fbc674ce8d5dda5510a08b4428714
[m15]   M.wsrc.L01                     PASS  slot sha256 dev=b235d8ad9ff6697bcc2cfe6b9299339325c7168cd6bdb55c2366155571e08c42 ckpt=b235d8ad9ff6697bcc2cfe6b9299339325c7168cd6bdb55c2366155571e08c42
[m15]   MoE 权重来源：2 层逐字节一致（slot 13.092 MB/层）
[m15]   Hc.ws.L00                      PASS (逐字节一致, n=26910720)
[m15]   Hc.ws.L01                      PASS (逐字节一致, n=26910720)
[m15] hc 段权重来源判据：2 层 × 2 边界，逐字节 memcmp（含注入行 [4,16) 全零见证）

[m15] ===== 验证 Ch：48 层链走四相位入口（每层一次启动；m=1，层数 2）=====
[m15]   段序：hc(attn) → 子层段 → hc(mlp) → MoE（层 1 另把 H1 拆成 combine-only → PLE 占位 → mix-only）；层间零拷贝搬 H/BO/IJ 三条长寿状态
[m15]   PLE 打断点 = 开（M15_CHAIN_PLE=1；关掉只用于 msprof 的 A/B）
[m15]   Ch.wsrc.gm                     PASS (逐字节一致, n=26910720)
[m15]   全局 mixer 权重来源：3 个张量（norm/down/up）+ 注入区 16 行全零见证，逐字节 memcmp（26910720 字节）
[m15][FAIL] sync after ch_layer failed (err 507015): EZ9999: Inner Error!
EZ9999[PID: 567310] 2026-10-04-14:38:43.001.070 (EZ9999):  The error from device(chipId:0, dieId:0), serial number is 65, there is an aicore error exception, core id is 0, error code = 0, dump info: pc start: 0x12004100aabc, current: 0x12004100b31c, sc error info: 0xffffffffffff, su error info: 0xfbfddffb1d34091b,0xfd74f2add800ffff, mte error info: 0xaa01f58000020bd8, vec error info: 0, cube error info: 0, l1 error info: 0xffbf000eff7e, aic error mask: 0x395856, para base: 0x120000200000, mte error: 0, aic cond: 0.
The extend info: errcode:(0) errorStr: timeout or trap error. subErrType: 0x4.
For details, see the troubleshooting document on the Ascend official website. Search for the keyword "AI Core Error".[FUNC:ProcessDavidStarsCoreErrorInfo][FILE:device_error_proc_c.cc][LINE:716]
TraceBack (most recent call last):
       The error from device(chipId:0, dieId:0), serial number is 65, there is an aicore error exception, core id is 1, error code = 0, dump info: pc start: 0x12004100aabc, current: 0x12004100b31c, sc error info: 0xffffffffffff, su error info: 0xffbfffdf1aac040d,0x73f9f5dbf800dfff, mte error info: 0xaa03858000020bd8, vec error info: 0, cube error info: 0, l1 error info: 0xdd9f0012ec43, aic error mask: 0x395856, para base: 0x120000200000, mte error: 0, aic cond: 0.
The extend info: errcode:(0) errorStr: timeout or trap error. subErrType: 0x4.
For details, see the troubleshooting document on the Ascend official website. Search for the keyword "AI Core Error".[FUNC:ProcessDavidStarsCoreErrorInfo][FILE:device_error_proc_c.cc][LINE:716]
       The error from device(chipId:0, dieId:0), serial number is 65, there is an aicore error exception, core id is 2, error code = 0, dump info: pc start: 0x12004100aabc, current: 0x12004100b31c, sc error info: 0xffffffffffff, su error info: 0xbfbdffff184c040d,0xffd7d5cdf000ffdf, mte error info: 0xaa05158000020bd8, vec error info: 0, cube error info: 0, l1 error info: 0xf9fb000ff4ef, aic error mask: 0x395856, para base: 0x120000200000, mte error: 0, aic cond: 0.
The extend info: errcode:(0) errorStr: timeout or trap error. subErrType: 0x4.
For details, see the troubleshooting document on the Ascend official website. Search for the keyword "AI Core Error".[FUNC:ProcessDavidStarsCoreErrorInfo][FILE:device_error_proc_c.cc][LINE:716]
       The error from device(chipId:0, dieId:0), serial number is 65, there is an aicore error exception, core id is 3, error code = 0, dump info: pc start: 0x12004100aabc, current: 0x12004100b31c, sc error info: 0xffffffffffff, su error info: 0xaff7fe791e00040d,0xddddfdc69800efbf, mte error info: 0xf7fafd470006ae0f, vec error info: 0, cube error info: 0, l1 error info: 0xf7a3001a6ffe, aic error mask: 0x395856, para base: 0x120000200000, mte error: 0, aic cond: 0.
The extend info: errcode:(0) errorStr: timeout or trap error. subErrType: 0x4.
For details, see the troubleshooting document on the Ascend official website. Search for the keyword "AI Core Error".[FUNC:ProcessDavidStarsCoreErrorInfo][FILE:device_error_proc_c.cc][LINE:716]
       The error from device(chipId:0, dieId:0), serial number is 65, there is an aicore error exception, core id is 4, error code = 0, dump info: pc start: 0x12004100aabc, current: 0x12004100b31c, sc error info: 0xffffffffffff, su error info: 0xcbbf7ffe0eee040d,0x6bfe7559f000dfef, mte error info: 0x71cff7590006c80e, vec error info: 0, cube error info: 0, l1 error info: 0x2fff000f4ddb, aic error mask: 0x395856, para base: 0x120000200000, mte error: 0, aic cond: 0.
The extend info: errcode:(0) errorStr: timeout or trap error. subErrType: 0x4.
For details, see the troubleshooting document on the Ascend official website. Search for the keyword "AI Core Error".[FUNC:ProcessDavidStarsCoreErrorInfo][FILE:device_error_proc_c.cc][LINE:716]
       The error from device(chipId:0, dieId:0), serial number is 65, there is an aicore error exception, core id is 5, error code = 0, dump info: pc start: 0x12004100aabc, current: 0x12004100b31c, sc error info: 0xffffffffffff, su error info: 0xffff7ffc0b9e040d,0x4ffdef6ef800fffd, mte error info: 0x2ff88c4f0006cfff, vec error info: 0, cube error info: 0, l1 error info: 0xf0ab00169ef7, aic error mask: 0x395856, para base: 0x120000200000, mte error: 0, aic cond: 0.
The extend info: errcode:(0) errorStr: timeout or trap error. subErrType: 0x4.
For details, see the troubleshooting document on the Ascend official website. Search for the keyword "AI Core Error".[FUNC:ProcessDavidStarsCoreErrorInfo][FILE:device_error_proc_c.cc][LINE:716]
       The error from device(chipId:0, dieId:0), serial number is 65, there is an aicore error exception, core id is 6, error code = 0, dump info: pc start: 0x12004100aabc, current: 0x12004100b31c, sc error info: 0xffffffffffff, su error info: 0xff9ffffb1fba040d,0xdfe07cef9800bffb, mte error info: 0x72ae2cf60002af5b, vec error info: 0, cube error info: 0, l1 error info: 0xfebf0015dfec, aic error mask: 0x395856, para base: 0x120000200000, mte error: 0, aic cond: 0.
The extend info: errcode:(0) errorStr: timeout or trap error. subErrType: 0x4.
For details, see the troubleshooting document on the Ascend official website. Search for the keyword "AI Core Error".[FUNC:ProcessDavidStarsCoreErrorInfo][FILE:device_error_proc_c.cc][LINE:716]
       The error from device(chipId:0, dieId:0), serial number is 65, there is an aicore error exception, core id is 7, error code = 0, dump info: pc start: 0x12004100aabc, current: 0x12004100b31c, sc error info: 0xffffffffffff, su error info: 0xffbffeff1f32040d,0x9fcd7f5378005ffd, mte error info: 0x3fffefdb0005fffe, vec error info: 0, cube error info: 0, l1 error info: 0xbbd70004c59c, aic error mask: 0x395856, para base: 0x120000200000, mte error: 0, aic cond: 0.
The extend info: errcode:(0) errorStr: timeout or trap error. subErrType: 0x4.
For details, see the troubleshooting document on the Ascend official website. Search for the keyword "AI Core Error".[FUNC:ProcessDavidStarsCoreErrorInfo][FILE:device_error_proc_c.cc][LINE:716]
       The error from device(chipId:0, dieId:0), serial number is 65, there is an aicore error exception, core id is 8, error code = 0, dump info: pc start: 0x12004100aabc, current: 0x12004100b334, sc error info: 0xffffffffffff, su error info: 0xffff7f9b11ee040d,0xdecddfc4e800dfef, mte error info: 0xd7adb5f700038ffc, vec error info: 0, cube error info: 0, l1 error info: 0x1fbf001ffde4, aic error mask: 0x395856, para base: 0x120000200000, mte error: 0, aic cond: 0.
The extend info: errcode:(0) errorStr: timeout or trap error. subErrType: 0x4.
For details, see the troubleshooting document on the Ascend official website. Search for the keyword "AI Core Error".[FUNC:ProcessDavidStarsCoreErrorInfo][FILE:device_error_proc_c.cc][LINE:716]
       The error from device(chipId:0, dieId:0), serial number is 65, there is an aicore error exception, core id is 9, error code = 0, dump info: pc start: 0x12004100aabc, current: 0x12004100b334, sc error info: 0xffffffffffff, su error info: 0xffffffee1456040d,0xf6fcc5f0b800f7ff, mte error info: 0xbf3f3cfc0007ebf5, vec error info: 0, cube error info: 0, l1 error info: 0xdbdc0015bd5f, aic error mask: 0x395856, para base: 0x120000200000, mte error: 0, aic cond: 0.
The extend info: errcode:(0) errorStr: timeout or trap error. subErrType: 0x4.
For details, see the troubleshooting document on the Ascend official website. Search for the keyword "AI Core Error".[FUNC:ProcessDavidStarsCoreErrorInfo][FILE:device_error_proc_c.cc][LINE:716]
       The error from device(chipId:0, dieId:0), serial number is 65, there is an aicore error exception, core id is 12, error code = 0, dump info: pc start: 0x12004100aabc, current: 0x12004100b334, sc error info: 0xffffffffffff, su error info: 0xdfff6ffe1ba4040d,0xc7ccd1ddf800ffef, mte error info: 0xbe7bd6a300076bdf, vec error info: 0, cube error info: 0, l1 error info: 0x5df900074d7a, aic error mask: 0x395856, para base: 0x120000200000, mte error: 0, aic cond: 0.
The extend info: errcode:(0) errorStr: timeout or trap error. subErrType: 0x4.
For details, see the troubleshooting document on the Ascend official website. Search for the keyword "AI Core Error".[FUNC:ProcessDavidStarsCoreErrorInfo][FILE:device_error_proc_c.cc][LINE:716]
       The error from device(chipId:0, dieId:0), serial number is 65, there is an aicore error exception, core id is 13, error code = 0, dump info: pc start: 0x12004100aabc, current: 0x12004100b334, sc error info: 0xffffffffffff, su error info: 0xfffdffff1010040d,0xd5fc7ddff000ffef, mte error info: 0x1f1f10230000de30, vec error info: 0, cube error info: 0, l1 error info: 0x7f900095f4f, aic error mask: 0x395856, para base: 0x120000200000, mte error: 0, aic cond: 0.
The extend info: errcode:(0) errorStr: timeout or trap error. subErrType: 0x4.
For details, see the troubleshooting document on the Ascend official website. Search for the keyword "AI Core Error".[FUNC:ProcessDavidStarsCoreErrorInfo][FILE:device_error_proc_c.cc][LINE:716]
       The error from device(chipId:0, dieId:0), serial number is 65, there is an aicore error exception, core id is 14, error code = 0, dump info: pc start: 0x12004100aabc, current: 0x12004100b334, sc error info: 0xffffffffffff, su error info: 0xf5fdbf5f163c040d,0xeed7f59df800bfca, mte error info: 0x8bae68ef000367bd, vec error info: 0, cube error info: 0, l1 error info: 0xfc98001d5244, aic error mask: 0x395856, para base: 0x120000200000, mte error: 0, aic cond: 0.
The extend info: errcode:(0) errorStr: timeout or trap error. subErrType: 0x4.
For details, see the troubleshooting document on the Ascend official website. Search for the keyword "AI Core Error".[FUNC:ProcessDavidStarsCoreErrorInfo][FILE:device_error_proc_c.cc][LINE:716]
       The error from device(chipId:0, dieId:0), serial number is 65, there is an aicore error exception, core id is 15, error code = 0, dump info: pc start: 0x12004100aabc, current: 0x12004100b334, sc error info: 0xffffffffffff, su error info: 0xfffddf7b09be040d,0xf5deddf5e800fdff, mte error info: 0xf1ee77f90001bfdb, vec error info: 0, cube error info: 0, l1 error info: 0xfeef001f3ff4, aic error mask: 0x395856, para base: 0x120000200000, mte error: 0, aic cond: 0.
The extend info: errcode:(0) errorStr: timeout or trap error. subErrType: 0x4.
For details, see the troubleshooting document on the Ascend official website. Search for the keyword "AI Core Error".[FUNC:ProcessDavidStarsCoreErrorInfo][FILE:device_error_proc_c.cc][LINE:716]
       The error from device(chipId:0, dieId:0), serial number is 65, there is an aicore error exception, core id is 18, error code = 0, dump info: pc start: 0x12004100aabc, current: 0x12004100b334, sc error info: 0xffffffffffff, su error info: 0xbfbeffee013a040d,0xed4237d47800bfff, mte error info: 0xc10cbe0f00073f7f, vec error info: 0, cube error info: 0, l1 error info: 0x3eb9001275ee, aic error mask: 0x395856, para base: 0x120000200000, mte error: 0, aic cond: 0.
The extend info: errcode:(0) errorStr: timeout or trap error. subErrType: 0x4.
For details, see the troubleshooting document on the Ascend official website. Search for the keyword "AI Core Error".[FUNC:ProcessDavidStarsCoreErrorInfo][FILE:device_error_proc_c.cc][LINE:716]
       The error from device(chipId:0, dieId:0), serial number is 65, there is an aicore error exception, core id is 19, error code = 0, dump info: pc start: 0x12004100aabc, current: 0x12004100b334, sc error info: 0xffffffffffff, su error info: 0x7f7fafef1bac040d,0xffc9f4cbf800feff, mte error info: 0xdd75becf00073e7e, vec error info: 0, cube error info: 0, l1 error info: 0x9efb00037f1b, aic error mask: 0x395856, para base: 0x120000200000, mte error: 0, aic cond: 0.
The extend info: errcode:(0) errorStr: timeout or trap error. subErrType: 0x4.
For details, see the troubleshooting document on the Ascend official website. Search for the keyword "AI Core Error".[FUNC:ProcessDavidStarsCoreErrorInfo][FILE:device_error_proc_c.cc][LINE:716]
       The error from device(chipId:0, dieId:0), serial number is 65, there is an aicore error exception, core id is 20, error code = 0, dump info: pc start: 0x12004100aabc, current: 0x12004100b334, sc error info: 0xffffffffffff, su error info: 0xfff7ffff1b7e040d,0xdf89dd19a000fb7f, mte error info: 0xf35fa4e80006fdab, vec error info: 0, cube error info: 0, l1 error info: 0xffbf001957f3, aic error mask: 0x395856, para base: 0x120000200000, mte error: 0, aic cond: 0.
The extend info: errcode:(0) errorStr: timeout or trap error. subErrType: 0x4.
For details, see the troubleshooting document on the Ascend official website. Search for the keyword "AI Core Error".[FUNC:ProcessDavidStarsCoreErrorInfo][FILE:device_error_proc_c.cc][LINE:716]
       The error from device(chipId:0, dieId:0), serial number is 65, there is an aicore error exception, core id is 22, error code = 0, dump info: pc start: 0x12004100aabc, current: 0x12004100b334, sc error info: 0xffffffffffff, su error info: 0xeffd7ffb1adc040d,0xdf734d95f800ef7f, mte error info: 0xa30ec4ed0006a59f, vec error info: 0, cube error info: 0, l1 error info: 0xfab7000ffdef, aic error mask: 0x395856, para base: 0x120000200000, mte error: 0, aic cond: 0.
The extend info: errcode:(0) errorStr: timeout or trap error. subErrType: 0x4.
For details, see the troubleshooting document on the Ascend official website. Search for the keyword "AI Core Error".[FUNC:ProcessDavidStarsCoreErrorInfo][FILE:device_error_proc_c.cc][LINE:716]
       The error from device(chipId:0, dieId:0), serial number is 65, there is an aicore error exception, core id is 23, error code = 0, dump info: pc start: 0x12004100aabc, current: 0x12004100b334, sc error info: 0xffffffffffff, su error info: 0xfffff6ff0bda040d,0xee4d7feee000ffff, mte error info: 0xe9f2e57e0006fbcb, vec error info: 0, cube error info: 0, l1 error info: 0xbdbb0017fc55, aic error mask: 0x395856, para base: 0x120000200000, mte error: 0, aic cond: 0.
The extend info: errcode:(0) errorStr: timeout or trap error. subErrType: 0x4.
For details, see the troubleshooting document on the Ascend official website. Search for the keyword "AI Core Error".[FUNC:ProcessDavidStarsCoreErrorInfo][FILE:device_error_proc_c.cc][LINE:716]
       The error from device(chipId:0, dieId:0), serial number is 65, there is an aicore error exception, core id is 24, error code = 0, dump info: pc start: 0x12004100aabc, current: 0x12004100b334, sc error info: 0xffffffffffff, su error info: 0xfebffff71df8040d,0xd3cf9efff000fffb, mte error info: 0xbfff9cdd0006ef6e, vec error info: 0, cube error info: 0, l1 error info: 0x967a0015f588, aic error mask: 0x395856, para base: 0x120000200000, mte error: 0, aic cond: 0.
The extend info: errcode:(0) errorStr: timeout or trap error. subErrType: 0x4.
For details, see the troubleshooting document on the Ascend official website. Search for the keyword "AI Core Error".[FUNC:ProcessDavidStarsCoreErrorInfo][FILE:device_error_proc_c.cc][LINE:716]
       The error from device(chipId:0, dieId:0), serial number is 65, there is an aicore error exception, core id is 25, error code = 0, dump info: pc start: 0x12004100aabc, current: 0x12004100b334, sc error info: 0xffffffffffff, su error info: 0xfbbff7fb1d2e040d,0x97ff7dd77000f7bf, mte error info: 0xfdecf5640003edf7, vec error info: 0, cube error info: 0, l1 error info: 0xdd510014d1cf, aic error mask: 0x395856, para base: 0x120000200000, mte error: 0, aic cond: 0.
The extend info: errcode:(0) errorStr: timeout or trap error. subErrType: 0x4.
For details, see the troubleshooting document on the Ascend official website. Search for the keyword "AI Core Error".[FUNC:ProcessDavidStarsCoreErrorInfo][FILE:device_error_proc_c.cc][LINE:716]
       The error from device(chipId:0, dieId:0), serial number is 65, there is an aicore error exception, core id is 26, error code = 0, dump info: pc start: 0x12004100aabc, current: 0x12004100b334, sc error info: 0xffffffffffff, su error info: 0xfff7fbff11fa040d,0xdddd71c4f800fffa, mte error info: 0x5b8fa6570006faff, vec error info: 0, cube error info: 0, l1 error info: 0xbfdf00139f90, aic error mask: 0x395856, para base: 0x120000200000, mte error: 0, aic cond: 0.
The extend info: errcode:(0) errorStr: timeout or trap error. subErrType: 0x4.
For details, see the troubleshooting document on the Ascend official website. Search for the keyword "AI Core Error".[FUNC:ProcessDavidStarsCoreErrorInfo][FILE:device_error_proc_c.cc][LINE:716]
       The error from device(chipId:0, dieId:0), serial number is 65, there is an aicore error exception, core id is 27, error code = 0, dump info: pc start: 0x12004100aabc, current: 0x12004100b334, sc error info: 0xffffffffffff, su error info: 0xf7ff27ff1dfa040d,0x7415e7d5d800fdf6, mte error info: 0x6dd4c8da0001dabb, vec error info: 0, cube error info: 0, l1 error info: 0xbd7c00177def, aic error mask: 0x395856, para base: 0x120000200000, mte error: 0, aic cond: 0.
The extend info: errcode:(0) errorStr: timeout or trap error. subErrType: 0x4.
For details, see the troubleshooting document on the Ascend official website. Search for the keyword "AI Core Error".[FUNC:ProcessDavidStarsCoreErrorInfo][FILE:device_error_proc_c.cc][LINE:716]
       The error from device(chipId:0, dieId:0), serial number is 65, there is an aicore error exception, core id is 28, error code = 0, dump info: pc start: 0x12004100aabc, current: 0x12004100b334, sc error info: 0xffffffffffff, su error info: 0xffbfff53068a040d,0x7f4f6dccf800fbfb, mte error info: 0xaaddbb490006fffc, vec error info: 0, cube error info: 0, l1 error info: 0x9f93000edffc, aic error mask: 0x395856, para base: 0x120000200000, mte error: 0, aic cond: 0.
The extend info: errcode:(0) errorStr: timeout or trap error. subErrType: 0x4.
For details, see the troubleshooting document on the Ascend official website. Search for the keyword "AI Core Error".[FUNC:ProcessDavidStarsCoreErrorInfo][FILE:device_error_proc_c.cc][LINE:716]
       The error from device(chipId:0, dieId:0), serial number is 65, there is an aicore error exception, core id is 29, error code = 0, dump info: pc start: 0x12004100aabc, current: 0x12004100b334, sc error info: 0xffffffffffff, su error info: 0x7ffdfe9b1936040d,0xff835051f800ffef, mte error info: 0x3ba9dd8d0003ffbf, vec error info: 0, cube error info: 0, l1 error info: 0x159b00053f68, aic error mask: 0x395856, para base: 0x120000200000, mte error: 0, aic cond: 0.
The extend info: errcode:(0) errorStr: timeout or trap error. subErrType: 0x4.
For details, see the troubleshooting document on the Ascend official website. Search for the keyword "AI Core Error".[FUNC:ProcessDavidStarsCoreErrorInfo][FILE:device_error_proc_c.cc][LINE:716]
       The error from device(chipId:0, dieId:0), serial number is 65, there is an aicore error exception, core id is 30, error code = 0, dump info: pc start: 0x12004100aabc, current: 0x12004100b334, sc error info: 0xffffffffffff, su error info: 0xffbacf7319fa040d,0xcf5ef355f800fdff, mte error info: 0x1f947aff0006fffd, vec error info: 0, cube error info: 0, l1 error info: 0xddff0016ed8e, aic error mask: 0x395856, para base: 0x120000200000, mte error: 0, aic cond: 0.
The extend info: errcode:(0) errorStr: timeout or trap error. subErrType: 0x4.
For details, see the troubleshooting document on the Ascend official website. Search for the keyword "AI Core Error".[FUNC:ProcessDavidStarsCoreErrorInfo][FILE:device_error_proc_c.cc][LINE:716]
       The error from device(chipId:0, dieId:0), serial number is 65, there is an aicore error exception, core id is 31, error code = 0, dump info: pc start: 0x12004100aabc, current: 0x12004100b334, sc error info: 0xffffffffffff, su error info: 0xfffdf6f70ef2040d,0xd1c5583ff800fff6, mte error info: 0xbadf5df50004e7ef, vec error info: 0, cube error info: 0, l1 error info: 0x5edf000cf3ec, aic error mask: 0x395856, para base: 0x120000200000, mte error: 0, aic cond: 0.
The extend info: errcode:(0) errorStr: timeout or trap error. subErrType: 0x4.
For details, see the troubleshooting document on the Ascend official website. Search for the keyword "AI Core Error".[FUNC:ProcessDavidStarsCoreErrorInfo][FILE:device_error_proc_c.cc][LINE:716]
       The error from device(chipId:0, dieId:0), serial number is 65, there is an aicore error exception, core id is 32, error code = 0, dump info: pc start: 0x12004100aabc, current: 0x12004100b334, sc error info: 0xffffffffffff, su error info: 0xffbfbfff01a0040d,0xcdfdc5dd7800fdff, mte error info: 0x51ac3e7e00073df5, vec error info: 0, cube error info: 0, l1 error info: 0xbabf001d2186, aic error mask: 0x395856, para base: 0x120000200000, mte error: 0, aic cond: 0.
The extend info: errcode:(0) errorStr: timeout or trap error. subErrType: 0x4.
For details, see the troubleshooting document on the Ascend official website. Search for the keyword "AI Core Error".[FUNC:ProcessDavidStarsCoreErrorInfo][FILE:device_error_proc_c.cc][LINE:716]
       The error from device(chipId:0, dieId:0), serial number is 66, there is an aivec error exception, core id is 0, error code = 95, dump info: pc start: 0x1200410342a8, current: 0x120041037308, sc error info: 0xffffffffffff, su error info: 0xefdb97ed0fd85d70,0xdfdfbad45800eeb9, mte error info: 0x2dcbd, vec error info: 0xb9757f5c007af60e, cube error info: 0, l1 error info: 0, aic error mask: 0x395856, para base: 0x120000200000, mte error: 0x80000000, aic cond: 0.
The extend info: errcode:(95) errorStr: The DDR address of the MTE instruction is out of range. subErrType: 0x4.
For details, see the troubleshooting document on the Ascend official website. Search for the keyword "AI Core Error".[FUNC:ProcessDavidStarsCoreErrorInfo][FILE:device_error_proc_c.cc][LINE:716]
       The error from device(chipId:0, dieId:0), serial number is 66, there is an aivec error exception, core id is 1, error code = 95, dump info: pc start: 0x1200410342a8, current: 0x120041037308, sc error info: 0xffffffffffff, su error info: 0xbafff7ff2c9a12f4,0x967edfedb8009c32, mte error info: 0x2dcbd, vec error info: 0x977bef4005effee, cube error info: 0, l1 error info: 0, aic error mask: 0x395856, para base: 0x120000200000, mte error: 0x80000000, aic cond: 0.
The extend info: errcode:(95) errorStr: The DDR address of the MTE instruction is out of range. subErrType: 0x4.
For details, see the troubleshooting document on the Ascend official website. Search for the keyword "AI Core Error".[FUNC:ProcessDavidStarsCoreErrorInfo][FILE:device_error_proc_c.cc][LINE:716]
       The error from device(chipId:0, dieId:0), serial number is 66, there is an aivec error exception, core id is 2, error code = 95, dump info: pc start: 0x1200410342a8, current: 0x120041037308, sc error info: 0xffffffffffff, su error info: 0xda9635af3bba12f4,0x9c5fc73ff8005eba, mte error info: 0x2dcbd, vec error info: 0x71b5e3700075f9fe, cube error info: 0, l1 error info: 0, aic error mask: 0x395856, para base: 0x120000200000, mte error: 0x80000000, aic cond: 0.
The extend info: errcode:(95) errorStr: The DDR address of the MTE instruction is out of range. subErrType: 0x4.
For details, see the troubleshooting document on the Ascend official website. Search for the keyword "AI Core Error".[FUNC:ProcessDavidStarsCoreErrorInfo][FILE:device_error_proc_c.cc][LINE:716]
       The error from device(chipId:0, dieId:0), serial number is 66, there is an aivec error exception, core id is 3, error code = 95, dump info: pc start: 0x1200410342a8, current: 0x120041037308, sc error info: 0xffffffffffff, su error info: 0xffd7d77e1fe212f4,0x79c79fd478009796, mte error info: 0x2dcbd, vec error info: 0xc7c3ba1e003d63ff, cube error info: 0, l1 error info: 0, aic error mask: 0x395856, para base: 0x120000200000, mte error: 0x80000000, aic cond: 0.
The extend info: errcode:(95) errorStr: The DDR address of the MTE instruction is out of range. subErrType: 0x4.
For details, see the troubleshooting document on the Ascend official website. Search for the keyword "AI Core Error".[FUNC:ProcessDavidStarsCoreErrorInfo][FILE:device_error_proc_c.cc][LINE:716]
       The error from device(chipId:0, dieId:0), serial number is 66, there is an aivec error exception, core id is 4, error code = 95, dump info: pc start: 0x1200410342a8, current: 0x120041037308, sc error info: 0xffffffffffff, su error info: 0xfffebb3f1eec12f4,0xd76feffee800bff3, mte error info: 0x2dcbd, vec error info: 0xff97fbfc0075f7fd, cube error info: 0, l1 error info: 0, aic error mask: 0x395856, para base: 0x120000200000, mte error: 0x80000000, aic cond: 0.
The extend info: errcode:(95) errorStr: The DDR address of the MTE instruction is out of range. subErrType: 0x4.
For details, see the troubleshooting document on the Ascend official website. Search for the keyword "AI Core Error".[FUNC:ProcessDavidStarsCoreErrorInfo][FILE:device_error_proc_c.cc][LINE:716]
       The error from device(chipId:0, dieId:0), serial number is 66, there is an aivec error exception, core id is 5, error code = 95, dump info: pc start: 0x1200410342a8, current: 0x120041037308, sc error info: 0xffffffffffff, su error info: 0xddf7aff134fc12f4,0x70f87bcef00055d9, mte error info: 0x2dcbd, vec error info: 0xffdab98d007ff14d, cube error info: 0, l1 error info: 0, aic error mask: 0x395856, para base: 0x120000200000, mte error: 0x80000000, aic cond: 0.
The extend info: errcode:(95) errorStr: The DDR address of the MTE instruction is out of range. subErrType: 0x4.
For details, see the troubleshooting document on the Ascend official website. Search for the keyword "AI Core Error".[FUNC:ProcessDavidStarsCoreErrorInfo][FILE:device_error_proc_c.cc][LINE:716]
       The error from device(chipId:0, dieId:0), serial number is 66, there is an aivec error exception, core id is 6, error code = 95, dump info: pc start: 0x1200410342a8, current: 0x120041037308, sc error info: 0xffffffffffff, su error info: 0x96ffa7b12aea12f4,0xedcd40dc4800fbfb, mte error info: 0x2dcbd, vec error info: 0x6f3737cc0077df8d, cube error info: 0, l1 error info: 0, aic error mask: 0x395856, para base: 0x120000200000, mte error: 0x80000000, aic cond: 0.
The extend info: errcode:(95) errorStr: The DDR address of the MTE instruction is out of range. subErrType: 0x4.
For details, see the troubleshooting document on the Ascend official website. Search for the keyword "AI Core Error".[FUNC:ProcessDavidStarsCoreErrorInfo][FILE:device_error_proc_c.cc][LINE:716]
       The error from device(chipId:0, dieId:0), serial number is 66, there is an aivec error exception, core id is 7, error code = 95, dump info: pc start: 0x1200410342a8, current: 0x120041037308, sc error info: 0xffffffffffff, su error info: 0x95df5fbc193e12f4,0x496eef66e000dfae, mte error info: 0x2dcbd, vec error info: 0xbdddf2cd007f6fc4, cube error info: 0, l1 error info: 0, aic error mask: 0x395856, para base: 0x120000200000, mte error: 0x80000000, aic cond: 0.
The extend info: errcode:(95) errorStr: The DDR address of the MTE instruction is out of range. subErrType: 0x4.
For details, see the troubleshooting document on the Ascend official website. Search for the keyword "AI Core Error".[FUNC:ProcessDavidStarsCoreErrorInfo][FILE:device_error_proc_c.cc][LINE:716]
       The error from device(chipId:0, dieId:0), serial number is 66, there is an aivec error exception, core id is 8, error code = 95, dump info: pc start: 0x1200410342a8, current: 0x120041037308, sc error info: 0xffffffffffff, su error info: 0xf797b3ed29dc12f4,0xecddefff68003f74, mte error info: 0x2dcbd, vec error info: 0x8fe6fdfe007ff95f, cube error info: 0, l1 error info: 0, aic error mask: 0x395856, para base: 0x120000200000, mte error: 0x80000000, aic cond: 0.
The extend info: errcode:(95) errorStr: The DDR address of the MTE instruction is out of range. subErrType: 0x4.
For details, see the troubleshooting document on the Ascend official website. Search for the keyword "AI Core Error".[FUNC:ProcessDavidStarsCoreErrorInfo][FILE:device_error_proc_c.cc][LINE:716]
       The error from device(chipId:0, dieId:0), serial number is 66, there is an aivec error exception, core id is 9, error code = 95, dump info: pc start: 0x1200410342a8, current: 0x120041037308, sc error info: 0xffffffffffff, su error info: 0x7ef7f6ec35be12f4,0x797cf5f67800fdfe, mte error info: 0x2dcbd, vec error info: 0xf73dfcff0078def9, cube error info: 0, l1 error info: 0, aic error mask: 0x395856, para base: 0x120000200000, mte error: 0x80000000, aic cond: 0.
The extend info: errcode:(95) errorStr: The DDR address of the MTE instruction is out of range. subErrType: 0x4.
For details, see the troubleshooting document on the Ascend official website. Search for the keyword "AI Core Error".[FUNC:ProcessDavidStarsCoreErrorInfo][FILE:device_error_proc_c.cc][LINE:716]
       The error from device(chipId:0, dieId:0), serial number is 66, there is an aivec error exception, core id is 10, error code = 95, dump info: pc start: 0x1200410342a8, current: 0x120041037308, sc error info: 0xffffffffffff, su error info: 0xefd383d12af812f4,0xee6ff3dbc8003feb, mte error info: 0x2dcbd, vec error info: 0x1337ffcf007fb97d, cube error info: 0, l1 error info: 0, aic error mask: 0x395856, para base: 0x120000200000, mte error: 0x80000000, aic cond: 0.
The extend info: errcode:(95) errorStr: The DDR address of the MTE instruction is out of range. subErrType: 0x4.
For details, see the troubleshooting document on the Ascend official website. Search for the keyword "AI Core Error".[FUNC:ProcessDavidStarsCoreErrorInfo][FILE:device_error_proc_c.cc][LINE:716]
       The error from device(chipId:0, dieId:0), serial number is 66, there is an aivec error exception, core id is 11, error code = 95, dump info: pc start: 0x1200410342a8, current: 0x120041037308, sc error info: 0xffffffffffff, su error info: 0xc4fffff921ce12f4,0x71ffcbcbf00027fb, mte error info: 0x2dcbd, vec error info: 0x1d5ebbd700799ebd, cube error info: 0, l1 error info: 0, aic error mask: 0x395856, para base: 0x120000200000, mte error: 0x80000000, aic cond: 0.
The extend info: errcode:(95) errorStr: The DDR address of the MTE instruction is out of range. subErrType: 0x4.
For details, see the troubleshooting document on the Ascend official website. Search for the keyword "AI Core Error".[FUNC:ProcessDavidStarsCoreErrorInfo][FILE:device_error_proc_c.cc][LINE:716]
       The error from device(chipId:0, dieId:0), serial number is 66, there is an aivec error exception, core id is 12, error code = 95, dump info: pc start: 0x1200410342a8, current: 0x120041037308, sc error info: 0xffffffffffff, su error info: 0x7f1ca5a532be12f4,0xde7cedddc8004b70, mte error info: 0x2dcbd, vec error info: 0x7fe7f8ed0079f727, cube error info: 0, l1 error info: 0, aic error mask: 0x395856, para base: 0x120000200000, mte error: 0x80000000, aic cond: 0.
The extend info: errcode:(95) errorStr: The DDR address of the MTE instruction is out of range. subErrType: 0x4.
For details, see the troubleshooting document on the Ascend official website. Search for the keyword "AI Core Error".[FUNC:ProcessDavidStarsCoreErrorInfo][FILE:device_error_proc_c.cc][LINE:716]
       The error from device(chipId:0, dieId:0), serial number is 66, there is an aivec error exception, core id is 13, error code = 95, dump info: pc start: 0x1200410342a8, current: 0x120041037308, sc error info: 0xffffffffffff, su error info: 0xa3777bf919fc12f4,0x5dfbeaff2800bdff, mte error info: 0x2dcbd, vec error info: 0xf73e8fff005fbdd3, cube error info: 0, l1 error info: 0, aic error mask: 0x395856, para base: 0x120000200000, mte error: 0x80000000, aic cond: 0.
The extend info: errcode:(95) errorStr: The DDR address of the MTE instruction is out of range. subErrType: 0x4.
For details, see the troubleshooting document on the Ascend official website. Search for the keyword "AI Core Error".[FUNC:ProcessDavidStarsCoreErrorInfo][FILE:device_error_proc_c.cc][LINE:716]
       The error from device(chipId:0, dieId:0), serial number is 66, there is an aivec error exception, core id is 14, error code = 95, dump info: pc start: 0x1200410342a8, current: 0x120041037308, sc error info: 0xffffffffffff, su error info: 0xce4f375f2f0c12f4,0xc5ef7f7fe800c43e, mte error info: 0x2dcbd, vec error info: 0x5175baee002eff6a, cube error info: 0, l1 error info: 0, aic error mask: 0x395856, para base: 0x120000200000, mte error: 0x80000000, aic cond: 0.
The extend info: errcode:(95) errorStr: The DDR address of the MTE instruction is out of range. subErrType: 0x4.
For details, see the troubleshooting document on the Ascend official website. Search for the keyword "AI Core Error".[FUNC:ProcessDavidStarsCoreErrorInfo][FILE:device_error_proc_c.cc][LINE:716]
       The error from device(chipId:0, dieId:0), serial number is 66, there is an aivec error exception, core id is 15, error code = 95, dump info: pc start: 0x1200410342a8, current: 0x120041037308, sc error info: 0xffffffffffff, su error info: 0x74fffbfe3a2c12f4,0xdbff67df0800ddfe, mte error info: 0x2dcbd, vec error info: 0x7563a57700797f93, cube error info: 0, l1 error info: 0, aic error mask: 0x395856, para base: 0x120000200000, mte error: 0x80000000, aic cond: 0.
The extend info: errcode:(95) errorStr: The DDR address of the MTE instruction is out of range. subErrType: 0x4.
For details, see the troubleshooting document on the Ascend official website. Search for the keyword "AI Core Error".[FUNC:ProcessDavidStarsCoreErrorInfo][FILE:device_error_proc_c.cc][LINE:716]
       The error from device(chipId:0, dieId:0), serial number is 66, there is an aivec error exception, core id is 16, error code = 0, dump info: pc start: 0x1200410342a8, current: 0x120041037570, sc error info: 0xffffffffffff, su error info: 0xbfcc6ff529bc12f4,0x147cf7712800fa3f, mte error info: 0xa0000025541, vec error info: 0xe7c7e3cf003efe0f, cube error info: 0, l1 error info: 0, aic error mask: 0x395856, para base: 0x120000200000, mte error: 0, aic cond: 0.
The extend info: errcode:(0) errorStr: timeout or trap error. subErrType: 0x4.
For details, see the troubleshooting document on the Ascend official website. Search for the keyword "AI Core Error".[FUNC:ProcessDavidStarsCoreErrorInfo][FILE:device_error_proc_c.cc][LINE:716]
       The error from device(chipId:0, dieId:0), serial number is 66, there is an aivec error exception, core id is 17, error code = 0, dump info: pc start: 0x1200410342a8, current: 0x120041037570, sc error info: 0xffffffffffff, su error info: 0x6fefbfff393812f4,0xbdf4c9e9f800fd7b, mte error info: 0xb2000025541, vec error info: 0xbffafdd7007fc457, cube error info: 0, l1 error info: 0, aic error mask: 0x395856, para base: 0x120000200000, mte error: 0, aic cond: 0.
The extend info: errcode:(0) errorStr: timeout or trap error. subErrType: 0x4.
For details, see the troubleshooting document on the Ascend official website. Search for the keyword "AI Core Error".[FUNC:ProcessDavidStarsCoreErrorInfo][FILE:device_error_proc_c.cc][LINE:716]
       The error from device(chipId:0, dieId:0), serial number is 66, there is an aivec error exception, core id is 18, error code = 0, dump info: pc start: 0x1200410342a8, current: 0x120041037570, sc error info: 0xffffffffffff, su error info: 0xd3a3fe9c23e012f4,0xf87fe5fc7800bf28, mte error info: 0xb4000025541, vec error info: 0xf9f7297800776efd, cube error info: 0, l1 error info: 0, aic error mask: 0x395856, para base: 0x120000200000, mte error: 0, aic cond: 0.
The extend info: errcode:(0) errorStr: timeout or trap error. subErrType: 0x4.
For details, see the troubleshooting document on the Ascend official website. Search for the keyword "AI Core Error".[FUNC:ProcessDavidStarsCoreErrorInfo][FILE:device_error_proc_c.cc][LINE:716]
       The error from device(chipId:0, dieId:0), serial number is 66, there is an aivec error exception, core id is 19, error code = 0, dump info: pc start: 0x1200410342a8, current: 0x120041037570, sc error info: 0xffffffffffff, su error info: 0xe66fdb3805b812f4,0xab076a1e20009ddb, mte error info: 0x20000025548, vec error info: 0xf7fffcd2001cfe73, cube error info: 0, l1 error info: 0, aic error mask: 0x395856, para base: 0x120000200000, mte error: 0, aic cond: 0.
The extend info: errcode:(0) errorStr: timeout or trap error. subErrType: 0x4.
For details, see the troubleshooting document on the Ascend official website. Search for the keyword "AI Core Error".[FUNC:ProcessDavidStarsCoreErrorInfo][FILE:device_error_proc_c.cc][LINE:716]
       The error from device(chipId:0, dieId:0), serial number is 66, there is an aivec error exception, core id is 24, error code = 0, dump info: pc start: 0x1200410342a8, current: 0x120041037570, sc error info: 0xffffffffffff, su error info: 0xfdf78feb1dfe12f4,0x5c76f3ddf8006ff0, mte error info: 0xd0000025541, vec error info: 0x779ff2d6006ff875, cube error info: 0, l1 error info: 0, aic error mask: 0x395856, para base: 0x120000200000, mte error: 0, aic cond: 0.
The extend info: errcode:(0) errorStr: timeout or trap error. subErrType: 0x4.
For details, see the troubleshooting document on the Ascend official website. Search for the keyword "AI Core Error".[FUNC:ProcessDavidStarsCoreErrorInfo][FILE:device_error_proc_c.cc][LINE:716]
       The error from device(chipId:0, dieId:0), serial number is 66, there is an aivec error exception, core id is 25, error code = 0, dump info: pc start: 0x1200410342a8, current: 0x120041037570, sc error info: 0xffffffffffff, su error info: 0x7a9daffc1b9a12f4,0x6dc05536b8001774, mte error info: 0xd2000025541, vec error info: 0xf7fff3ff003efddf, cube error info: 0, l1 error info: 0, aic error mask: 0x395856, para base: 0x120000200000, mte error: 0, aic cond: 0.
The extend info: errcode:(0) errorStr: timeout or trap error. subErrType: 0x4.
For details, see the troubleshooting document on the Ascend official website. Search for the keyword "AI Core Error".[FUNC:ProcessDavidStarsCoreErrorInfo][FILE:device_error_proc_c.cc][LINE:716]
       The error from device(chipId:0, dieId:0), serial number is 66, there is an aivec error exception, core id is 26, error code = 0, dump info: pc start: 0x1200410342a8, current: 0x120041037570, sc error info: 0xffffffffffff, su error info: 0xf9aab8ee39ba12f4,0x7dfff779c000f6db, mte error info: 0xdc000025541, vec error info: 0x7757ec16004ff317, cube error info: 0, l1 error info: 0, aic error mask: 0x395856, para base: 0x120000200000, mte error: 0, aic cond: 0.
The extend info: errcode:(0) errorStr: timeout or trap error. subErrType: 0x4.
For details, see the troubleshooting document on the Ascend official website. Search for the keyword "AI Core Error".[FUNC:ProcessDavidStarsCoreErrorInfo][FILE:device_error_proc_c.cc][LINE:716]
       The error from device(chipId:0, dieId:0), serial number is 66, there is an aivec error exception, core id is 27, error code = 0, dump info: pc start: 0x1200410342a8, current: 0x120041037570, sc error info: 0xffffffffffff, su error info: 0xfffbff5c247812f4,0x2174c4067000d7ff, mte error info: 0xee000025541, vec error info: 0x7577ff6f001fdd25, cube error info: 0, l1 error info: 0, aic error mask: 0x395856, para base: 0x120000200000, mte error: 0, aic cond: 0.
The extend info: errcode:(0) errorStr: timeout or trap error. subErrType: 0x4.
For details, see the troubleshooting document on the Ascend official website. Search for the keyword "AI Core Error".[FUNC:ProcessDavidStarsCoreErrorInfo][FILE:device_error_proc_c.cc][LINE:716]
       The error from device(chipId:0, dieId:0), serial number is 66, there is an aivec error exception, core id is 28, error code = 0, dump info: pc start: 0x1200410342a8, current: 0x120041037570, sc error info: 0xffffffffffff, su error info: 0xbfffbffd383612f4,0x9dfce95cf000dede, mte error info: 0x25548, vec error info: 0xf67dbfdd002df8fe, cube error info: 0, l1 error info: 0, aic error mask: 0x395856, para base: 0x120000200000, mte error: 0, aic cond: 0.
The extend info: errcode:(0) errorStr: timeout or trap error. subErrType: 0x4.
For details, see the troubleshooting document on the Ascend official website. Search for the keyword "AI Core Error".[FUNC:ProcessDavidStarsCoreErrorInfo][FILE:device_error_proc_c.cc][LINE:716]
       The error from device(chipId:0, dieId:0), serial number is 66, there is an aivec error exception, core id is 29, error code = 0, dump info: pc start: 0x1200410342a8, current: 0x120041037570, sc error info: 0xffffffffffff, su error info: 0xaebe3f1d3ffc12f4,0xd59076d878005ffe, mte error info: 0xfa000025541, vec error info: 0x7337fbd5007dfffb, cube error info: 0, l1 error info: 0, aic error mask: 0x395856, para base: 0x120000200000, mte error: 0, aic cond: 0.
The extend info: errcode:(0) errorStr: timeout or trap error. subErrType: 0x4.
For details, see the troubleshooting document on the Ascend official website. Search for the keyword "AI Core Error".[FUNC:ProcessDavidStarsCoreErrorInfo][FILE:device_error_proc_c.cc][LINE:716]
       The error from device(chipId:0, dieId:0), serial number is 66, there is an aivec error exception, core id is 30, error code = 0, dump info: pc start: 0x1200410342a8, current: 0x120041037570, sc error info: 0xffffffffffff, su error info: 0xaffaf5ef3efa12f4,0xeeb7f7fad800df9e, mte error info: 0x104000025541, vec error info: 0x5dd7f9fd007d3778, cube error info: 0, l1 error info: 0, aic error mask: 0x395856, para base: 0x120000200000, mte error: 0, aic cond: 0.
The extend info: errcode:(0) errorStr: timeout or trap error. subErrType: 0x4.
For details, see the troubleshooting document on the Ascend official website. Search for the keyword "AI Core Error".[FUNC:ProcessDavidStarsCoreErrorInfo][FILE:device_error_proc_c.cc][LINE:716]
       The error from device(chipId:0, dieId:0), serial number is 66, there is an aivec error exception, core id is 31, error code = 0, dump info: pc start: 0x1200410342a8, current: 0x120041037570, sc error info: 0xffffffffffff, su error info: 0x8eefefad2ffa12f4,0xf7f77f76f8001fff, mte error info: 0x116000025541, vec error info: 0xb3f7ef5d007ccdf7, cube error info: 0, l1 error info: 0, aic error mask: 0x395856, para base: 0x120000200000, mte error: 0, aic cond: 0.
The extend info: errcode:(0) errorStr: timeout or trap error. subErrType: 0x4.
For details, see the troubleshooting document on the Ascend official website. Search for the keyword "AI Core Error".[FUNC:ProcessDavidStarsCoreErrorInfo][FILE:device_error_proc_c.cc][LINE:716]
       The error from device(chipId:0, dieId:0), serial number is 66, there is an aivec error exception, core id is 36, error code = 0, dump info: pc start: 0x1200410342a8, current: 0x120041037570, sc error info: 0xffffffffffff, su error info: 0xbf5f7fe72bdc12f4,0x7466767f0800f5de, mte error info: 0x118000025541, vec error info: 0x75ff19f1003cc41d, cube error info: 0, l1 error info: 0, aic error mask: 0x395856, para base: 0x120000200000, mte error: 0, aic cond: 0.
The extend info: errcode:(0) errorStr: timeout or trap error. subErrType: 0x4.
For details, see the troubleshooting document on the Ascend official website. Search for the keyword "AI Core Error".[FUNC:ProcessDavidStarsCoreErrorInfo][FILE:device_error_proc_c.cc][LINE:716]
       The error from device(chipId:0, dieId:0), serial number is 66, there is an aivec error exception, core id is 37, error code = 0, dump info: pc start: 0x1200410342a8, current: 0x120041037570, sc error info: 0xffffffffffff, su error info: 0x727c777c168812f4,0x777c56cfb0006ff9, mte error info: 0x127000025541, vec error info: 0xffc7fbc6003e454d, cube error info: 0, l1 error info: 0, aic error mask: 0x395856, para base: 0x120000200000, mte error: 0, aic cond: 0.
The extend info: errcode:(0) errorStr: timeout or trap error. subErrType: 0x4.
For details, see the troubleshooting document on the Ascend official website. Search for the keyword "AI Core Error".[FUNC:ProcessDavidStarsCoreErrorInfo][FILE:device_error_proc_c.cc][LINE:716]
       The error from device(chipId:0, dieId:0), serial number is 66, there is an aivec error exception, core id is 38, error code = 0, dump info: pc start: 0x1200410342a8, current: 0x120041037570, sc error info: 0xffffffffffff, su error info: 0xfcd7fff73bba12f4,0xb1d37810c000ff0f, mte error info: 0x134000025541, vec error info: 0xbf55a6f900565ff5, cube error info: 0, l1 error info: 0, aic error mask: 0x395856, para base: 0x120000200000, mte error: 0, aic cond: 0.
The extend info: errcode:(0) errorStr: timeout or trap error. subErrType: 0x4.
For details, see the troubleshooting document on the Ascend official website. Search for the keyword "AI Core Error".[FUNC:ProcessDavidStarsCoreErrorInfo][FILE:device_error_proc_c.cc][LINE:716]
       The error from device(chipId:0, dieId:0), serial number is 66, there is an aivec error exception, core id is 39, error code = 0, dump info: pc start: 0x1200410342a8, current: 0x120041037570, sc error info: 0xffffffffffff, su error info: 0xff7f7f65112812f4,0xddf7feff4000b77e, mte error info: 0x136000025541, vec error info: 0x177da6ac007edcfd, cube error info: 0, l1 error info: 0, aic error mask: 0x395856, para base: 0x120000200000, mte error: 0, aic cond: 0.
The extend info: errcode:(0) errorStr: timeout or trap error. subErrType: 0x4.
For details, see the troubleshooting document on the Ascend official website. Search for the keyword "AI Core Error".[FUNC:ProcessDavidStarsCoreErrorInfo][FILE:device_error_proc_c.cc][LINE:716]
       The error from device(chipId:0, dieId:0), serial number is 66, there is an aivec error exception, core id is 40, error code = 0, dump info: pc start: 0x1200410342a8, current: 0x120041037570, sc error info: 0xffffffffffff, su error info: 0x9fcff3c70bf812f4,0xedd7f7d6f8007b7c, mte error info: 0xa23ddfff0006a8f7, vec error info: 0xf7edb55d007dde7c, cube error info: 0, l1 error info: 0, aic error mask: 0x395856, para base: 0x120000200000, mte error: 0, aic cond: 0.
The extend info: errcode:(0) errorStr: timeout or trap error. subErrType: 0x4.
For details, see the troubleshooting document on the Ascend official website. Search for the keyword "AI Core Error".[FUNC:ProcessDavidStarsCoreErrorInfo][FILE:device_error_proc_c.cc][LINE:716]
       The error from device(chipId:0, dieId:0), serial number is 66, there is an aivec error exception, core id is 41, error code = 0, dump info: pc start: 0x1200410342a8, current: 0x120041037570, sc error info: 0xffffffffffff, su error info: 0xffef5ebf3bf212f4,0x6d95c97e18005f69, mte error info: 0x3fbd7bf50003fff3, vec error info: 0xfd7137b9001eddff, cube error info: 0, l1 error info: 0, aic error mask: 0x395856, para base: 0x120000200000, mte error: 0, aic cond: 0.
The extend info: errcode:(0) errorStr: timeout or trap error. subErrType: 0x4.
For details, see the troubleshooting document on the Ascend official website. Search for the keyword "AI Core Error".[FUNC:ProcessDavidStarsCoreErrorInfo][FILE:device_error_proc_c.cc][LINE:716]
       The error from device(chipId:0, dieId:0), serial number is 66, there is an aivec error exception, core id is 44, error code = 0, dump info: pc start: 0x1200410342a8, current: 0x120041037570, sc error info: 0xffffffffffff, su error info: 0xbfffd9d539ba12f4,0x5c6f4fd778007edb, mte error info: 0x94bd8e2500054e87, vec error info: 0xfdd7fb5e0025f5d9, cube error info: 0, l1 error info: 0, aic error mask: 0x395856, para base: 0x120000200000, mte error: 0, aic cond: 0.
The extend info: errcode:(0) errorStr: timeout or trap error. subErrType: 0x4.
For details, see the troubleshooting document on the Ascend official website. Search for the keyword "AI Core Error".[FUNC:ProcessDavidStarsCoreErrorInfo][FILE:device_error_proc_c.cc][LINE:716]
       The error from device(chipId:0, dieId:0), serial number is 66, there is an aivec error exception, core id is 45, error code = 0, dump info: pc start: 0x1200410342a8, current: 0x120041037570, sc error info: 0xffffffffffff, su error info: 0xf8dc2bb539f812f4,0xbe7746f57000ebdf, mte error info: 0x9afee5c60006d9ff, vec error info: 0x1dd99f56003effbc, cube error info: 0, l1 error info: 0, aic error mask: 0x395856, para base: 0x120000200000, mte error: 0, aic cond: 0.
The extend info: errcode:(0) errorStr: timeout or trap error. subErrType: 0x4.
For details, see the troubleshooting document on the Ascend official website. Search for the keyword "AI Core Error".[FUNC:ProcessDavidStarsCoreErrorInfo][FILE:device_error_proc_c.cc][LINE:716]
       The error from device(chipId:0, dieId:0), serial number is 66, there is an aivec error exception, core id is 46, error code = 0, dump info: pc start: 0x1200410342a8, current: 0x120041037570, sc error info: 0xffffffffffff, su error info: 0xd792babf3ffc12f4,0x6cedccfef800fefb, mte error info: 0x3a407cde00067657, vec error info: 0xff33e91e0057e4aa, cube error info: 0, l1 error info: 0, aic error mask: 0x395856, para base: 0x120000200000, mte error: 0, aic cond: 0.
The extend info: errcode:(0) errorStr: timeout or trap error. subErrType: 0x4.
For details, see the troubleshooting document on the Ascend official website. Search for the keyword "AI Core Error".[FUNC:ProcessDavidStarsCoreErrorInfo][FILE:device_error_proc_c.cc][LINE:716]
       The error from device(chipId:0, dieId:0), serial number is 66, there is an aivec error exception, core id is 47, error code = 0, dump info: pc start: 0x1200410342a8, current: 0x120041037570, sc error info: 0xffffffffffff, su error info: 0xd7ff479f392e12f4,0x655ff17de000cbde, mte error info: 0xd6f4c055000187be, vec error info: 0x47fe0bea007f7d6c, cube error info: 0, l1 error info: 0, aic error mask: 0x395856, para base: 0x120000200000, mte error: 0, aic cond: 0.
The extend info: errcode:(0) errorStr: timeout or trap error. subErrType: 0x4.
For details, see the troubleshooting document on the Ascend official website. Search for the keyword "AI Core Error".[FUNC:ProcessDavidStarsCoreErrorInfo][FILE:device_error_proc_c.cc][LINE:716]
       The error from device(chipId:0, dieId:0), serial number is 66, there is an aivec error exception, core id is 48, error code = 0, dump info: pc start: 0x1200410342a8, current: 0x120041037570, sc error info: 0xffffffffffff, su error info: 0x7ffff5702ee612f4,0x9fd1bfdcd800eeff, mte error info: 0x389f8ff5000777f1, vec error info: 0xff7efbdd005f5fd1, cube error info: 0, l1 error info: 0, aic error mask: 0x395856, para base: 0x120000200000, mte error: 0, aic cond: 0.
The extend info: errcode:(0) errorStr: timeout or trap error. subErrType: 0x4.
For details, see the troubleshooting document on the Ascend official website. Search for the keyword "AI Core Error".[FUNC:ProcessDavidStarsCoreErrorInfo][FILE:device_error_proc_c.cc][LINE:716]
       The error from device(chipId:0, dieId:0), serial number is 66, there is an aivec error exception, core id is 49, error code = 0, dump info: pc start: 0x1200410342a8, current: 0x120041037570, sc error info: 0xffffffffffff, su error info: 0xffdbb12e3cda12f4,0x594f8df67000b957, mte error info: 0xd8f0fff20007e3b4, vec error info: 0xb79f5f790077f7f5, cube error info: 0, l1 error info: 0, aic error mask: 0x395856, para base: 0x120000200000, mte error: 0, aic cond: 0.
The extend info: errcode:(0) errorStr: timeout or trap error. subErrType: 0x4.
For details, see the troubleshooting document on the Ascend official website. Search for the keyword "AI Core Error".[FUNC:ProcessDavidStarsCoreErrorInfo][FILE:device_error_proc_c.cc][LINE:716]
       The error from device(chipId:0, dieId:0), serial number is 66, there is an aivec error exception, core id is 50, error code = 0, dump info: pc start: 0x1200410342a8, current: 0x120041037570, sc error info: 0xffffffffffff, su error info: 0x5aeaffff19bc12f4,0xdddc6d71f000b8a2, mte error info: 0xda975fd3000089c6, vec error info: 0x7ff756f60067d0ff, cube error info: 0, l1 error info: 0, aic error mask: 0x395856, para base: 0x120000200000, mte error: 0, aic cond: 0.
The extend info: errcode:(0) errorStr: timeout or trap error. subErrType: 0x4.
For details, see the troubleshooting document on the Ascend official website. Search for the keyword "AI Core Error".[FUNC:ProcessDavidStarsCoreErrorInfo][FILE:device_error_proc_c.cc][LINE:716]
       The error from device(chipId:0, dieId:0), serial number is 66, there is an aivec error exception, core id is 51, error code = 0, dump info: pc start: 0x1200410342a8, current: 0x120041037570, sc error info: 0xffffffffffff, su error info: 0x38d87e3a1c9c12f4,0xd7efec7570005ff8, mte error info: 0xa13698c10007fbff, vec error info: 0xec987ff6003fd70f, cube error info: 0, l1 error info: 0, aic error mask: 0x395856, para base: 0x120000200000, mte error: 0, aic cond: 0.
The extend info: errcode:(0) errorStr: timeout or trap error. subErrType: 0x4.
For details, see the troubleshooting document on the Ascend official website. Search for the keyword "AI Core Error".[FUNC:ProcessDavidStarsCoreErrorInfo][FILE:device_error_proc_c.cc][LINE:716]
       The error from device(chipId:0, dieId:0), serial number is 66, there is an aivec error exception, core id is 52, error code = 0, dump info: pc start: 0x1200410342a8, current: 0x120041037570, sc error info: 0xffffffffffff, su error info: 0xe8b2efed27b212f4,0xe4eb70d17000fc4f, mte error info: 0xfb1c4fbd0004f9ef, vec error info: 0x1dddbbff0053fdd9, cube error info: 0, l1 error info: 0, aic error mask: 0x395856, para base: 0x120000200000, mte error: 0, aic cond: 0.
The extend info: errcode:(0) errorStr: timeout or trap error. subErrType: 0x4.
For details, see the troubleshooting document on the Ascend official website. Search for the keyword "AI Core Error".[FUNC:ProcessDavidStarsCoreErrorInfo][FILE:device_error_proc_c.cc][LINE:716]
       The error from device(chipId:0, dieId:0), serial number is 66, there is an aivec error exception, core id is 53, error code = 0, dump info: pc start: 0x1200410342a8, current: 0x120041037570, sc error info: 0xffffffffffff, su error info: 0x6efd55e41bca12f4,0x4ec06ae4f800ffdf, mte error info: 0x8fb8e2bd0001f9f8, vec error info: 0xf3ddcfac007c57bb, cube error info: 0, l1 error info: 0, aic error mask: 0x395856, para base: 0x120000200000, mte error: 0, aic cond: 0.
The extend info: errcode:(0) errorStr: timeout or trap error. subErrType: 0x4.
For details, see the troubleshooting document on the Ascend official website. Search for the keyword "AI Core Error".[FUNC:ProcessDavidStarsCoreErrorInfo][FILE:device_error_proc_c.cc][LINE:716]
       The error from device(chipId:0, dieId:0), serial number is 66, there is an aivec error exception, core id is 54, error code = 0, dump info: pc start: 0x1200410342a8, current: 0x120041037570, sc error info: 0xffffffffffff, su error info: 0xd33bfad639c412f4,0x77eddd9fc8007ffc, mte error info: 0xbace5f050006fdd7, vec error info: 0xbc7311ef007cfcdc, cube error info: 0, l1 error info: 0, aic error mask: 0x395856, para base: 0x120000200000, mte error: 0, aic cond: 0.
The extend info: errcode:(0) errorStr: timeout or trap error. subErrType: 0x4.
For details, see the troubleshooting document on the Ascend official website. Search for the keyword "AI Core Error".[FUNC:ProcessDavidStarsCoreErrorInfo][FILE:device_error_proc_c.cc][LINE:716]
       The error from device(chipId:0, dieId:0), serial number is 66, there is an aivec error exception, core id is 55, error code = 0, dump info: pc start: 0x1200410342a8, current: 0x120041037570, sc error info: 0xffffffffffff, su error info: 0x7d7edfbc3bfc12f4,0x71dcd6f7f000dfff, mte error info: 0xff9fced50005ff7f, vec error info: 0x774fdb7f005d5dff, cube error info: 0, l1 error info: 0, aic error mask: 0x395856, para base: 0x120000200000, mte error: 0, aic cond: 0.
The extend info: errcode:(0) errorStr: timeout or trap error. subErrType: 0x4.
For details, see the troubleshooting document on the Ascend official website. Search for the keyword "AI Core Error".[FUNC:ProcessDavidStarsCoreErrorInfo][FILE:device_error_proc_c.cc][LINE:716]
       The error from device(chipId:0, dieId:0), serial number is 66, there is an aivec error exception, core id is 56, error code = 0, dump info: pc start: 0x1200410342a8, current: 0x120041037570, sc error info: 0xffffffffffff, su error info: 0xe4da32553abe12f4,0xde6415ffc800bb1b, mte error info: 0x5b175ddd000463ff, vec error info: 0x7dfffb6f003f70fd, cube error info: 0, l1 error info: 0, aic error mask: 0x395856, para base: 0x120000200000, mte error: 0, aic cond: 0.
The extend info: errcode:(0) errorStr: timeout or trap error. subErrType: 0x4.
For details, see the troubleshooting document on the Ascend official website. Search for the keyword "AI Core Error".[FUNC:ProcessDavidStarsCoreErrorInfo][FILE:device_error_proc_c.cc][LINE:716]
       The error from device(chipId:0, dieId:0), serial number is 66, there is an aivec error exception, core id is 57, error code = 0, dump info: pc start: 0x1200410342a8, current: 0x120041037570, sc error info: 0xffffffffffff, su error info: 0xff95ffdf298e12f4,0x5fe58f8f0000ee9d, mte error info: 0xfd99f64d0005c8f5, vec error info: 0xffbdf9d7003e9d53, cube error info: 0, l1 error info: 0, aic error mask: 0x395856, para base: 0x120000200000, mte error: 0, aic cond: 0.
The extend info: errcode:(0) errorStr: timeout or trap error. subErrType: 0x4.
For details, see the troubleshooting document on the Ascend official website. Search for the keyword "AI Core Error".[FUNC:ProcessDavidStarsCoreErrorInfo][FILE:device_error_proc_c.cc][LINE:716]
       The error from device(chipId:0, dieId:0), serial number is 66, there is an aivec error exception, core id is 58, error code = 0, dump info: pc start: 0x1200410342a8, current: 0x120041037570, sc error info: 0xffffffffffff, su error info: 0x3fe99ffc3a7212f4,0xfdf8dcc5d800ef78, mte error info: 0xfa0fef990007e767, vec error info: 0x7d7fb7be006df5d9, cube error info: 0, l1 error info: 0, aic error mask: 0x395856, para base: 0x120000200000, mte error: 0, aic cond: 0.
The extend info: errcode:(0) errorStr: timeout or trap error. subErrType: 0x4.
For details, see the troubleshooting document on the Ascend official website. Search for the keyword "AI Core Error".[FUNC:ProcessDavidStarsCoreErrorInfo][FILE:device_error_proc_c.cc][LINE:716]
       The error from device(chipId:0, dieId:0), serial number is 66, there is an aivec error exception, core id is 59, error code = 0, dump info: pc start: 0x1200410342a8, current: 0x120041037570, sc error info: 0xffffffffffff, su error info: 0xdefbf6bf0aa612f4,0x117d7cc8e8007fbf, mte error info: 0x33f64df50002e66e, vec error info: 0x77bdf7cf00155a64, cube error info: 0, l1 error info: 0, aic error mask: 0x395856, para base: 0x120000200000, mte error: 0, aic cond: 0.
The extend info: errcode:(0) errorStr: timeout or trap error. subErrType: 0x4.
For details, see the troubleshooting document on the Ascend official website. Search for the keyword "AI Core Error".[FUNC:ProcessDavidStarsCoreErrorInfo][FILE:device_error_proc_c.cc][LINE:716]
       The error from device(chipId:0, dieId:0), serial number is 66, there is an aivec error exception, core id is 60, error code = 0, dump info: pc start: 0x1200410342a8, current: 0x120041037570, sc error info: 0xffffffffffff, su error info: 0xddf7fafd2ffe12f4,0xeff9dfaf6000ac7d, mte error info: 0xf0ddb18c0005bfe9, vec error info: 0xff7ecfde007dffff, cube error info: 0, l1 error info: 0, aic error mask: 0x395856, para base: 0x120000200000, mte error: 0, aic cond: 0.
The extend info: errcode:(0) errorStr: timeout or trap error. subErrType: 0x4.
For details, see the troubleshooting document on the Ascend official website. Search for the keyword "AI Core Error".[FUNC:ProcessDavidStarsCoreErrorInfo][FILE:device_error_proc_c.cc][LINE:716]
       The error from device(chipId:0, dieId:0), serial number is 66, there is an aivec error exception, core id is 61, error code = 0, dump info: pc start: 0x1200410342a8, current: 0x120041037570, sc error info: 0xffffffffffff, su error info: 0xb7bfdf7f317a12f4,0xff5cfee0f8007fee, mte error info: 0x7dff3fff00029f7e, vec error info: 0x77ffdfff007fe3fe, cube error info: 0, l1 error info: 0, aic error mask: 0x395856, para base: 0x120000200000, mte error: 0, aic cond: 0.
The extend info: errcode:(0) errorStr: timeout or trap error. subErrType: 0x4.
For details, see the troubleshooting document on the Ascend official website. Search for the keyword "AI Core Error".[FUNC:ProcessDavidStarsCoreErrorInfo][FILE:device_error_proc_c.cc][LINE:716]
       The error from device(chipId:0, dieId:0), serial number is 66, there is an aivec error exception, core id is 62, error code = 0, dump info: pc start: 0x1200410342a8, current: 0x120041037570, sc error info: 0xffffffffffff, su error info: 0x7febc9ed308412f4,0xcfdefd58d000fbff, mte error info: 0x8f14079400017f4f, vec error info: 0xfcf48fdc0055e7ef, cube error info: 0, l1 error info: 0, aic error mask: 0x395856, para base: 0x120000200000, mte error: 0, aic cond: 0.
The extend info: errcode:(0) errorStr: timeout or trap error. subErrType: 0x4.
For details, see the troubleshooting document on the Ascend official website. Search for the keyword "AI Core Error".[FUNC:ProcessDavidStarsCoreErrorInfo][FILE:device_error_proc_c.cc][LINE:716]
       The error from device(chipId:0, dieId:0), serial number is 66, there is an aivec error exception, core id is 63, error code = 0, dump info: pc start: 0x1200410342a8, current: 0x120041037570, sc error info: 0xffffffffffff, su error info: 0xfe4f77fc0d3a12f4,0x98cccff5f800f2ff, mte error info: 0x8ae3968f0007bbfe, vec error info: 0xffdbbff7007f55dc, cube error info: 0, l1 error info: 0, aic error mask: 0x395856, para base: 0x120000200000, mte error: 0, aic cond: 0.
The extend info: errcode:(0) errorStr: timeout or trap error. subErrType: 0x4.
For details, see the troubleshooting document on the Ascend official website. Search for the keyword "AI Core Error".[FUNC:ProcessDavidStarsCoreErrorInfo][FILE:device_error_proc_c.cc][LINE:716]
       The error from device(chipId:0, dieId:0), serial number is 66, there is an aivec error exception, core id is 64, error code = 0, dump info: pc start: 0x1200410342a8, current: 0x120041037570, sc error info: 0xffffffffffff, su error info: 0x98532cac3ff812f4,0x6bfbcff0d80074bf, mte error info: 0xe760798a0007bbfd, vec error info: 0xafee61de007f5f47, cube error info: 0, l1 error info: 0, aic error mask: 0x395856, para base: 0x120000200000, mte error: 0, aic cond: 0.
The extend info: errcode:(0) errorStr: timeout or trap error. subErrType: 0x4.
For details, see the troubleshooting document on the Ascend official website. Search for the keyword "AI Core Error".[FUNC:ProcessDavidStarsCoreErrorInfo][FILE:device_error_proc_c.cc][LINE:716]
       The error from device(chipId:0, dieId:0), serial number is 66, there is an aivec error exception, core id is 65, error code = 0, dump info: pc start: 0x1200410342a8, current: 0x120041037570, sc error info: 0xffffffffffff, su error info: 0xbfff7be436be12f4,0x70cd0e681800bff7, mte error info: 0xf8fdd2ed0007df7a, vec error info: 0xfdbffbf6007ffffb, cube error info: 0, l1 error info: 0, aic error mask: 0x395856, para base: 0x120000200000, mte error: 0, aic cond: 0.
The extend info: errcode:(0) errorStr: timeout or trap error. subErrType: 0x4.
For details, see the troubleshooting document on the Ascend official website. Search for the keyword "AI Core Error".[FUNC:ProcessDavidStarsCoreErrorInfo][FILE:device_error_proc_c.cc][LINE:716]
       An error occurred in the kernel task, retCode=0x26, [aicore exception].[FUNC:PreCheckTaskErr][FILE:davinci_kernel_task.cc][LINE:1262]
       AI Core kernel task execution failed, retCode=0x26.[FUNC:GetError][FILE:stream.cc][LINE:1746]
       [AIC_INFO] after execute:args print end[FUNC:GetError][FILE:stream.cc][LINE:1746]
       [AIC_INFO] after execute:(no result)[FUNC:GetError][FILE:stream.cc][LINE:1746]
       [DFX_INFO]AI Core kernel execution failed, device_id=0, stream_id=61, report_stream_id=61, task_id=1, flip_num=0, fault kernel_name=_ZN4M15L23m15_layer_kernel_gdn_hcEPhS0_S0_S0_S0_S0_S0_S0_S0_S0_S0_S0_S0_S0_S0_S0_S0_S0_S0_S0_S0_S0_S0_S0_S0_S0_S0_S0_S0_S0_S0_S0_S0_S0_S0_S0_S0_S0_S0_S0_S0_S0_jjjjS0_S0_S0_S0_S0_jjjjjS0_S0_S0_S0_S0_S0_S0_S0_S0_jjjjjjjj, fault kernel info ext=none, program id=0, hash=12841692539677581836.[FUNC:GetError][FILE:stream.cc][LINE:1746]
       rtStreamSynchronize execution failed, reason=aicore exception[FUNC:FuncErrorReason][FILE:error_message_manage.cc][LINE:69]


[m15] 判据分账：权重来源 4（GDN+MoE）+ 2（hc）+ A 0 + B 0 + C 0 + M1 0 + M2 0 + H 0 + Ch 0 + Pw 0 + Kv 0 + Prolog 0 + AttnWire 0 + Pf 0 = 7 条判定项（聚合判据按 1 条计；口径见 README §3/§3.7）
[m15]   ④ 与 M39 官方单层参考对拍的判据**不在这个数里**：它在 `check_chain_ref.py`（torch，独立三态退出码与计数），由本程序的 dump 驱动；运行方式见 README。
[m15] guard：5 条（恒真前置断言，**不计入判定项**）：sha256 工具自检 1 + hc 注入行 [4,16) 全零 2 + 参考链锚点非空 0 + M65 链 1 + 其余 1
[m15] ===== FAILURES PRESENT（checks=7, guards=5, fails=1）=====
exit=1
