[M19] AICORE=28 VECTOR=56 numBlocks=28
[M19] A_close_2048   V=2048   pos=8191    closes=1 tail=0 : launch OK
[M19][FAIL] A_close_2048 有效 token 数 260 != 2048
[M19] A_close_2048   自检 FAIL  count=2048 tokens=260
[M19] B_open_2048    V=2048   pos=8193    closes=0 tail=2 : launch OK
[M19][FAIL] B_open_2048 有效 token 数 262 != 2050
[M19] B_open_2048    自检 FAIL  count=2050 tokens=262
[M19] C_small_256    V=256    pos=1023    closes=1 tail=0 : launch OK
[M19][FAIL] C_small_256 有效 token 数 1020 != 1024
[M19] C_small_256    自检 FAIL  count=1024 tokens=1020
[M19] D_max_65536    V=65536  pos=262143  closes=1 tail=0 : launch OK
[M19] D_max_65536    自检 PASS  count=2048 tokens=2048
[M19] ===== FAILURES PRESENT =====
=== round-4 竞态修复后 5 连跑（同一 case 集，逐次一致）===
[M19] A_close_2048   自检 FAIL  count=2048 tokens=260
[M19] B_open_2048    自检 FAIL  count=2050 tokens=262
[M19] C_small_256    自检 FAIL  count=1024 tokens=1020
[M19] D_max_65536    自检 PASS  count=2048 tokens=2048
[M19] A_close_2048   自检 FAIL  count=2048 tokens=260
[M19] B_open_2048    自检 FAIL  count=2050 tokens=262
[M19] C_small_256    自检 FAIL  count=1024 tokens=1020
[M19] D_max_65536    自检 PASS  count=2048 tokens=2048
[M19] A_close_2048   自检 FAIL  count=2048 tokens=260
[M19] B_open_2048    自检 FAIL  count=2050 tokens=262
[M19] C_small_256    自检 FAIL  count=1024 tokens=1020
[M19] D_max_65536    自检 PASS  count=2048 tokens=2048
[M19] A_close_2048   自检 FAIL  count=2048 tokens=260
[M19] B_open_2048    自检 FAIL  count=2050 tokens=262
[M19] C_small_256    自检 FAIL  count=1024 tokens=1020
[M19] D_max_65536    自检 PASS  count=2048 tokens=2048
[M19] A_close_2048   自检 FAIL  count=2048 tokens=256
[M19] B_open_2048    自检 FAIL  count=2050 tokens=258
[M19] C_small_256    自检 FAIL  count=1024 tokens=256
[M19] D_max_65536    自检 PASS  count=2048 tokens=2048
