[A_close_2048] proj   : 与参考 bf16 最大位差 0 （0 = 逐位一致）
[A_close_2048 q] T3: 违反元素 0/512；maxRel(report) 1.473e-01；≤1ulp 比例(report) 50.00%
[A_close_2048 ck] T3: 违反元素 0/128；maxRel(report) 1.230e-01；≤1ulp 比例(report) 85.16%
[A_close_2048 scores] T3: 违反元素 0/2048；maxRel(report) 6.650e-01；≤1ulp 比例(report) 2.34%
[A_close_2048] blocks : 选中 511 个（期望 512），出现次数异常的 block 0，count 列 2048（期望 2048）
[A_close_2048]        : 第 512 大 score = 14.8988，>K 的 block 数 511，漏选 20，越界/低分误选 19
[A_close_2048] tail   : [] 期望 []；padding OK
[B_open_2048] proj   : 与参考 bf16 最大位差 0 （0 = 逐位一致）
[B_open_2048 q] T3: 违反元素 0/512；maxRel(report) 3.186e-02；≤1ulp 比例(report) 50.00%
[B_open_2048 scores] T3: 违反元素 0/2048；maxRel(report) 9.237e-01；≤1ulp 比例(report) 2.20%
[B_open_2048] blocks : 选中 511 个（期望 512），出现次数异常的 block 0，count 列 2050（期望 2050）
[B_open_2048]        : 第 512 大 score = 14.5897，>K 的 block 数 511，漏选 17，越界/低分误选 16
[B_open_2048] tail   : [8192, 8193] 期望 [8192, 8193]；padding OK
[C_small_256] proj   : 与参考 bf16 最大位差 0 （0 = 逐位一致）
[C_small_256 q] T3: 违反元素 0/512；maxRel(report) 3.631e-02；≤1ulp 比例(report) 50.00%
[C_small_256 ck] T3: 违反元素 0/128；maxRel(report) 3.125e-02；≤1ulp 比例(report) 85.94%
[C_small_256 scores] T3: 违反元素 0/256；maxRel(report) 5.304e-02；≤1ulp 比例(report) 0.78%
[C_small_256] blocks : 选中 256 个（期望 256），出现次数异常的 block 0，count 列 1024（期望 1024）
[C_small_256] tail   : [] 期望 []；padding OK
[D_max_65536] proj   : 与参考 bf16 最大位差 0 （0 = 逐位一致）
[D_max_65536 q] T3: 违反元素 0/512；maxRel(report) 4.944e-02；≤1ulp 比例(report) 50.00%
[D_max_65536 ck] T3: 违反元素 0/128；maxRel(report) 2.112e-01；≤1ulp 比例(report) 87.50%
[D_max_65536 scores] T3: 违反元素 0/65536；maxRel(report) 1.419e+28；≤1ulp 比例(report) 0.96%
[D_max_65536] blocks : 选中 511 个（期望 512），出现次数异常的 block 0，count 列 2048（期望 2048）
[D_max_65536]        : 第 512 大 score = 29.5934，>K 的 block 数 511，漏选 99，越界/低分误选 98
[D_max_65536] tail   : [] 期望 []；padding OK
[check_ref] ===== FAILURES PRESENT =====
