	NPU ID                         : 0
	Memory Usage Rate(%)           : 0
	HBM Usage Rate(%)              : 3
	Aicore Usage Rate(%)           : 0
	Aicore Freq(MHZ)               : 1650
	Aicore curFreq(MHZ)            : 100
	Aicore Count                   : 28
	Temperature(C)                 : 55
[M25FA] aicNum=28 nBlk=28 mode=negmask
[M25FA] pre-launch m=1 posBase=4096 ctx=4097 nBlk=28
[M25FA] launched, waiting sync
[M25FA] sync done err=0
[M25FA] mode=negmask   m=1     posBase=4096  ctx=4097  nBlk=28  lane=0 blocks=257 rowsPadded=64
[M25FA] OUT_FNV64=0xff484e01b46a9a95  out_bytes=12288
[M25FA] out[0,0,:4]=-0.005524 -0.010864 -0.003128 0.000319
EXIT_negmask=0
[M25FA] aicNum=28 nBlk=28 mode=negshift
[M25FA] pre-launch m=1 posBase=4096 ctx=4097 nBlk=28
[M25FA] launched, waiting sync
[M25FA] sync done err=0
[M25FA] mode=negshift  m=1     posBase=4096  ctx=4097  nBlk=28  lane=0 blocks=257 rowsPadded=64
[M25FA] OUT_FNV64=0x035ce8c7a8fc5057  out_bytes=12288
[M25FA] out[0,0,:4]=-0.006653 -0.010681 -0.003998 0.000062
EXIT_negshift=0
[M25FA] aicNum=28 nBlk=28 mode=negstart
[M25FA] pre-launch m=1 posBase=4097 ctx=4097 nBlk=28
[M25FA] launched, waiting sync
[M25FA] sync done err=0
[M25FA] mode=negstart  m=1     posBase=4097  ctx=4097  nBlk=28  lane=0 blocks=257 rowsPadded=64
[M25FA] OUT_FNV64=0x5d670fcec91ae773  out_bytes=12288
[M25FA] out[0,0,:4]=-0.005676 -0.011230 -0.003220 0.000328
EXIT_negstart=0
