	NPU ID                         : 0
	Memory Usage Rate(%)           : 0
	HBM Usage Rate(%)              : 3
	Aicore Usage Rate(%)           : 0
	Aicore Freq(MHZ)               : 1650
	Aicore curFreq(MHZ)            : 100
	Aicore Count                   : 28
	Temperature(C)                 : 55
[M25FA] aicNum=28 nBlk=28 mode=negmask
[M25FA] pre-launch m=4097 posBase=0 ctx=4097 nBlk=28
[M25FA] launched, waiting sync
[M25FA] sync done err=0
[M25FA] mode=negmask   m=4097  posBase=0     ctx=4097  nBlk=28  lane=0 blocks=257 rowsPadded=4160
[M25FA] OUT_FNV64=0x25a989a041994a07  out_bytes=50343936
[M25FA] out[0,0,:4]=-0.015503 -0.015747 0.041016 0.002365
EXIT_negmask=0
[M25FA] aicNum=28 nBlk=28 mode=negshift
[M25FA] pre-launch m=4097 posBase=0 ctx=4097 nBlk=28
[M25FA] launched, waiting sync
[M25FA] sync done err=0
[M25FA] mode=negshift  m=4097  posBase=0     ctx=4097  nBlk=28  lane=0 blocks=257 rowsPadded=4160
[M25FA] OUT_FNV64=0x43fcddb2eccaefee  out_bytes=50343936
[M25FA] out[0,0,:4]=-0.925781 -0.867188 -0.648438 -0.894531
EXIT_negshift=0
[M25FA] aicNum=28 nBlk=28 mode=negstart
[M25FA] pre-launch m=4097 posBase=1 ctx=4097 nBlk=28
[M25FA] launched, waiting sync
[M25FA] sync done err=0
[M25FA] mode=negstart  m=4097  posBase=1     ctx=4097  nBlk=28  lane=0 blocks=257 rowsPadded=4160
[M25FA] OUT_FNV64=0x605347283c99ae29  out_bytes=50343936
[M25FA] out[0,0,:4]=0.135742 -0.746094 -0.882812 -0.675781
EXIT_negstart=0
