	NPU ID                         : 0
	Memory Usage Rate(%)           : 0
	HBM Usage Rate(%)              : 3
	Aicore Usage Rate(%)           : 0
	Aicore Freq(MHZ)               : 1650
	Aicore curFreq(MHZ)            : 100
	Aicore Count                   : 28
	Temperature(C)                 : 54
PSTART=1791165453.030485965
1791165454.572490418 [M25FA] aicNum=28 nBlk=28 mode=core
1791165454.573835057 [M25FA] pre-launch m=4097 posBase=0 ctx=4097 nBlk=28
1791165454.574404621 [M25FA] launched, waiting sync
1791165454.575349209 [M25FA] sync done err=0
1791165454.642025320 [M25FA] mode=core      m=4097  posBase=0     ctx=4097  nBlk=28  lane=0 blocks=257 rowsPadded=4160
1791165454.642608776 [M25FA] OUT_FNV64=0x75c3a926b776bcd0  out_bytes=50343936
1791165454.643154104 [M25FA] out[0,0,:4]=0.851562 -0.636719 -0.867188 -0.648438
1791165454.643687936 [M25FA] pre-launch m=1 posBase=4096 ctx=4097 nBlk=28
1791165454.644199613 [M25FA] launched, waiting sync
1791165454.644706424 [M25FA] sync done err=0
1791165459.818502977 [M25FA] mode=core      m=1     posBase=4096  ctx=4097  nBlk=28  lane=0 blocks=257 rowsPadded=64
1791165459.819504360 [M25FA] OUT_FNV64=0x7ab5bbcd1488fe70  out_bytes=12288
1791165459.821416470 [M25FA] out[0,0,:4]=-0.005676 -0.011230 -0.003220 0.000328
PEXIT=0
PEND=1791165459.838966981
