[m15] M25 48 层循环骨架：层类型 3:1（每 4 层 1 个 full attention 占位直通）；本次跑前 48 层，token 3，reps 10，权重=checkpoint，dump=开
[m15] 层类型模式（config.json: full_attention_interval=4, num_hidden_layers=48）： 36 GDN + 12 attention（与 config 逐层一致）
[m15] 核配置：28 AIC + 56 AIV（blockDim=28，__mix__(1,2)，核数由 API 获取）
[m15] device 缓冲：weights 4174.15 MB（36 层 × 115.95 MB）+ states 115.5 MB + ws 5.3 MB
[m15] 权重装载完成（真实 checkpoint 切片）：前 48 层内 36 个 GDN 层，4174.15 MB → device，耗时 4951.8 ms
[m15] sha256 自检（NIST 向量："abc" 与 1e6×'a'）：PASS

[m15] ===== 权重来源校验（review P2-1：in_proj/out_proj 独立字节级来源）=====
[m15]   W.src.L00 PASS (slot_ref=逐字节一致 in_proj=逐字节一致 out_proj=逐字节一致)
[m15]        in_proj  slot sha256=4be850f53b884949b3b9cb74675f0066d78e53e1ff3a58b117dcda5d125c205d  ckpt-source sha256=4be850f53b884949b3b9cb74675f0066d78e53e1ff3a58b117dcda5d125c205d
[m15]        out_proj slot sha256=61faf46f03e25a68c83cd45860b97bb50d834b30a200474b1a4d3de1aae5bcfe  ckpt-source sha256=61faf46f03e25a68c83cd45860b97bb50d834b30a200474b1a4d3de1aae5bcfe
[m15]   W.src.L01 PASS (slot_ref=逐字节一致 in_proj=逐字节一致 out_proj=逐字节一致)
[m15]        in_proj  slot sha256=7f1a59c50b2c5cc8f5b5d6faff984ea80f76210a90bd28579f60887be90d9249  ckpt-source sha256=7f1a59c50b2c5cc8f5b5d6faff984ea80f76210a90bd28579f60887be90d9249
[m15]        out_proj slot sha256=6718f11ec1b33d23be15e7bc83d84723f4ddff7cf485d015bfcff43d296a8034  ckpt-source sha256=6718f11ec1b33d23be15e7bc83d84723f4ddff7cf485d015bfcff43d296a8034
[m15]   W.src.L02 PASS (slot_ref=逐字节一致 in_proj=逐字节一致 out_proj=逐字节一致)
[m15]        in_proj  slot sha256=c3bcf921144e862eddccf7970b7e47de5106716d0ddf4bf542a18cd6ae883bb7  ckpt-source sha256=c3bcf921144e862eddccf7970b7e47de5106716d0ddf4bf542a18cd6ae883bb7
[m15]        out_proj slot sha256=ed42e0885ac9f2b73d0ede58ebdc126e1e9a22278c397e556836102a13bb4613  ckpt-source sha256=ed42e0885ac9f2b73d0ede58ebdc126e1e9a22278c397e556836102a13bb4613
[m15]   W.src.L04 PASS (slot_ref=逐字节一致 in_proj=逐字节一致 out_proj=逐字节一致)
[m15]        in_proj  slot sha256=5e0c066d40326c18f938197c48338df9d1d5132a8bd715860854989406b07e2a  ckpt-source sha256=5e0c066d40326c18f938197c48338df9d1d5132a8bd715860854989406b07e2a
[m15]        out_proj slot sha256=9c1ce966b07544cc46b3750315799c97dffdc97074bee6e08a495c5ffa94483a  ckpt-source sha256=9c1ce966b07544cc46b3750315799c97dffdc97074bee6e08a495c5ffa94483a
[m15]   W.src.L05 PASS (slot_ref=逐字节一致 in_proj=逐字节一致 out_proj=逐字节一致)
[m15]        in_proj  slot sha256=a23abd015d441f9ef5b55ef80a9748b712b92e5c13e48ef130e644b3eb1852b8  ckpt-source sha256=a23abd015d441f9ef5b55ef80a9748b712b92e5c13e48ef130e644b3eb1852b8
[m15]        out_proj slot sha256=c914dd9180a2933e4780f6689e225d7ea9b44d16c80ecf862c92760e73d8e375  ckpt-source sha256=c914dd9180a2933e4780f6689e225d7ea9b44d16c80ecf862c92760e73d8e375
[m15]   W.src.L06 PASS (slot_ref=逐字节一致 in_proj=逐字节一致 out_proj=逐字节一致)
[m15]        in_proj  slot sha256=c2248c9cf3ef7b45d3ab4dea182ffb3b9b82c2e7af12dd09e7eb15d71de89e66  ckpt-source sha256=c2248c9cf3ef7b45d3ab4dea182ffb3b9b82c2e7af12dd09e7eb15d71de89e66
[m15]        out_proj slot sha256=e941947ef26c77ff5063e03563eedf5bcfe42357ff7ed71b8cda1fe4eb7744b4  ckpt-source sha256=e941947ef26c77ff5063e03563eedf5bcfe42357ff7ed71b8cda1fe4eb7744b4
[m15]   W.src.L08 PASS (slot_ref=逐字节一致 in_proj=逐字节一致 out_proj=逐字节一致)
[m15]        in_proj  slot sha256=97a1f31d369ac59b5602fc3b7a8102ec48b8bc3b7c9876b0b3833c5a36365826  ckpt-source sha256=97a1f31d369ac59b5602fc3b7a8102ec48b8bc3b7c9876b0b3833c5a36365826
[m15]        out_proj slot sha256=3652f0ce3e64dac9d1f768e0d9e196635cfde510418c427ccf0e56a90f840798  ckpt-source sha256=3652f0ce3e64dac9d1f768e0d9e196635cfde510418c427ccf0e56a90f840798
[m15]   W.src.L09 PASS (slot_ref=逐字节一致 in_proj=逐字节一致 out_proj=逐字节一致)
[m15]        in_proj  slot sha256=328a18cad7f46021c66c6137907ff00626b936b9c6af6c7107a62fcfd73c4e0c  ckpt-source sha256=328a18cad7f46021c66c6137907ff00626b936b9c6af6c7107a62fcfd73c4e0c
[m15]        out_proj slot sha256=3055ac719dd134a7be532b384d782ebca73c6c718b2823453de26e02994203c9  ckpt-source sha256=3055ac719dd134a7be532b384d782ebca73c6c718b2823453de26e02994203c9
[m15]   W.src.L10 PASS (slot_ref=逐字节一致 in_proj=逐字节一致 out_proj=逐字节一致)
[m15]        in_proj  slot sha256=5ce0077adb5a6cc03c3aba76b7836956a0e2a6413bd4bf996ac79e2537ce542e  ckpt-source sha256=5ce0077adb5a6cc03c3aba76b7836956a0e2a6413bd4bf996ac79e2537ce542e
[m15]        out_proj slot sha256=05111637e656d121f82cef0eb155331f68cbc21c141489b2c94f7d467207097c  ckpt-source sha256=05111637e656d121f82cef0eb155331f68cbc21c141489b2c94f7d467207097c
[m15]   W.src.L12 PASS (slot_ref=逐字节一致 in_proj=逐字节一致 out_proj=逐字节一致)
[m15]        in_proj  slot sha256=214801c9c01f099178ee2eb90650534c3dd6c0529f7a99f2790f7bb2918cce75  ckpt-source sha256=214801c9c01f099178ee2eb90650534c3dd6c0529f7a99f2790f7bb2918cce75
[m15]        out_proj slot sha256=0050f54b7c2829a11141b6e3eb0458c3058b226d5c286bd512e0171b5a3930f9  ckpt-source sha256=0050f54b7c2829a11141b6e3eb0458c3058b226d5c286bd512e0171b5a3930f9
[m15]   W.src.L13 PASS (slot_ref=逐字节一致 in_proj=逐字节一致 out_proj=逐字节一致)
[m15]        in_proj  slot sha256=3048fb07a6c2b2036e5768654334a9cd9642d4ce5421feb6e68523f8888a4159  ckpt-source sha256=3048fb07a6c2b2036e5768654334a9cd9642d4ce5421feb6e68523f8888a4159
[m15]        out_proj slot sha256=618dc185fe4596ff8b78950db12aa182dfa43f46ebb2e9212166f859c436f503  ckpt-source sha256=618dc185fe4596ff8b78950db12aa182dfa43f46ebb2e9212166f859c436f503
[m15]   W.src.L14 PASS (slot_ref=逐字节一致 in_proj=逐字节一致 out_proj=逐字节一致)
[m15]        in_proj  slot sha256=811a70cea3e48cde0c0772efee7cf374cfa30170eb292a1a2adef747514db81a  ckpt-source sha256=811a70cea3e48cde0c0772efee7cf374cfa30170eb292a1a2adef747514db81a
[m15]        out_proj slot sha256=dc8c8df1a81a7b3dc43ebc87a6bcc6e873864f77df9f9c303bbb4c8bb5e7c8be  ckpt-source sha256=dc8c8df1a81a7b3dc43ebc87a6bcc6e873864f77df9f9c303bbb4c8bb5e7c8be
[m15]   W.src.L16 PASS (slot_ref=逐字节一致 in_proj=逐字节一致 out_proj=逐字节一致)
[m15]        in_proj  slot sha256=61fb9584af7b5d3d821826754e2c72d3464b7ce4719dcaa1b414b8c1bf8c514d  ckpt-source sha256=61fb9584af7b5d3d821826754e2c72d3464b7ce4719dcaa1b414b8c1bf8c514d
[m15]        out_proj slot sha256=59b886e5cb3f169274785e2d049597a906d23f52b272acd79a5b45ebfca6bd3b  ckpt-source sha256=59b886e5cb3f169274785e2d049597a906d23f52b272acd79a5b45ebfca6bd3b
[m15]   W.src.L17 PASS (slot_ref=逐字节一致 in_proj=逐字节一致 out_proj=逐字节一致)
[m15]        in_proj  slot sha256=dbd1755fb7a8bbcd90c88e7f7823c8c38a32c93a0071bb88ac21d9a16fe976f0  ckpt-source sha256=dbd1755fb7a8bbcd90c88e7f7823c8c38a32c93a0071bb88ac21d9a16fe976f0
[m15]        out_proj slot sha256=cc1aa36106edb7c909a20f0f855db852659bf4ff5a15e74e29cd72359d224b9a  ckpt-source sha256=cc1aa36106edb7c909a20f0f855db852659bf4ff5a15e74e29cd72359d224b9a
[m15]   W.src.L18 PASS (slot_ref=逐字节一致 in_proj=逐字节一致 out_proj=逐字节一致)
[m15]        in_proj  slot sha256=935a0a23c473c8194b602c2678a98c9f19a066a4f485f4a09c30223cd6446fcb  ckpt-source sha256=935a0a23c473c8194b602c2678a98c9f19a066a4f485f4a09c30223cd6446fcb
[m15]        out_proj slot sha256=b0cab47e6cf34954adc0221fbef1e395474b1617339d12d648c64033d28d723d  ckpt-source sha256=b0cab47e6cf34954adc0221fbef1e395474b1617339d12d648c64033d28d723d
[m15]   W.src.L20 PASS (slot_ref=逐字节一致 in_proj=逐字节一致 out_proj=逐字节一致)
[m15]        in_proj  slot sha256=d8f641e1aaf9afced87b8a36dee072bf320ed4117795af4ed9ed22b953172cfb  ckpt-source sha256=d8f641e1aaf9afced87b8a36dee072bf320ed4117795af4ed9ed22b953172cfb
[m15]        out_proj slot sha256=08a82cdfda8dfd645be7924f505942d55e780b9d2445b092b447b0c2925816ec  ckpt-source sha256=08a82cdfda8dfd645be7924f505942d55e780b9d2445b092b447b0c2925816ec
[m15]   W.src.L21 PASS (slot_ref=逐字节一致 in_proj=逐字节一致 out_proj=逐字节一致)
[m15]        in_proj  slot sha256=37d4446fadc5916871108a7655999e80d985023ba31b24f7863f2e0660b3f4e7  ckpt-source sha256=37d4446fadc5916871108a7655999e80d985023ba31b24f7863f2e0660b3f4e7
[m15]        out_proj slot sha256=7733353cbacc7938a4d11635f20402efa4ac0f6c219745e028801d09b8dcba1f  ckpt-source sha256=7733353cbacc7938a4d11635f20402efa4ac0f6c219745e028801d09b8dcba1f
[m15]   W.src.L22 PASS (slot_ref=逐字节一致 in_proj=逐字节一致 out_proj=逐字节一致)
[m15]        in_proj  slot sha256=7ec52c63ffb5bf1d0d7bcc04b43fa4e21875c65742a634d9273e8c9a371a3f3b  ckpt-source sha256=7ec52c63ffb5bf1d0d7bcc04b43fa4e21875c65742a634d9273e8c9a371a3f3b
[m15]        out_proj slot sha256=609f8a7be7a7f6c4d8185edb13785c88099198195eb25a6a52c37f88f2ff30c6  ckpt-source sha256=609f8a7be7a7f6c4d8185edb13785c88099198195eb25a6a52c37f88f2ff30c6
[m15]   W.src.L24 PASS (slot_ref=逐字节一致 in_proj=逐字节一致 out_proj=逐字节一致)
[m15]        in_proj  slot sha256=edb3777a1c361d4a693153f72638ba5ad0d2c3cf84c37d5b264fffa146baa61c  ckpt-source sha256=edb3777a1c361d4a693153f72638ba5ad0d2c3cf84c37d5b264fffa146baa61c
[m15]        out_proj slot sha256=4244769a401abb5c0005c8aa83b96b4c9db3dfa4f33de794cdfe1a067300028e  ckpt-source sha256=4244769a401abb5c0005c8aa83b96b4c9db3dfa4f33de794cdfe1a067300028e
[m15]   W.src.L25 PASS (slot_ref=逐字节一致 in_proj=逐字节一致 out_proj=逐字节一致)
[m15]        in_proj  slot sha256=9d56e0edb49081ffaf293c164ada0cdb2eb2ca280b7f20e5c68419157f486764  ckpt-source sha256=9d56e0edb49081ffaf293c164ada0cdb2eb2ca280b7f20e5c68419157f486764
[m15]        out_proj slot sha256=14ae226c6f80d3902254d8b59fcd84a1d20c2f91597e4d86e2a1444025890b05  ckpt-source sha256=14ae226c6f80d3902254d8b59fcd84a1d20c2f91597e4d86e2a1444025890b05
[m15]   W.src.L26 PASS (slot_ref=逐字节一致 in_proj=逐字节一致 out_proj=逐字节一致)
[m15]        in_proj  slot sha256=c401e3f64e82561b8e4b3a4555056c5a4f14442ab406a6026fe4ac33f93f7ddb  ckpt-source sha256=c401e3f64e82561b8e4b3a4555056c5a4f14442ab406a6026fe4ac33f93f7ddb
[m15]        out_proj slot sha256=918b7a263987706b5c0741f90e716f56432fe95e0566dbf9ae54895314e88e4a  ckpt-source sha256=918b7a263987706b5c0741f90e716f56432fe95e0566dbf9ae54895314e88e4a
[m15]   W.src.L28 PASS (slot_ref=逐字节一致 in_proj=逐字节一致 out_proj=逐字节一致)
[m15]        in_proj  slot sha256=73d96131fe7933678b0c01ad6fd8d194dc74a1b93cb5eab9b9a223f6805f175a  ckpt-source sha256=73d96131fe7933678b0c01ad6fd8d194dc74a1b93cb5eab9b9a223f6805f175a
[m15]        out_proj slot sha256=98b35deda3fe809993b33cdd386d08d2a94856adc97b057a525bc9b9d8c34881  ckpt-source sha256=98b35deda3fe809993b33cdd386d08d2a94856adc97b057a525bc9b9d8c34881
[m15]   W.src.L29 PASS (slot_ref=逐字节一致 in_proj=逐字节一致 out_proj=逐字节一致)
[m15]        in_proj  slot sha256=d6f42686403d63911729d04c66cb3e43ea4f1580105954ffae35df373b7204ad  ckpt-source sha256=d6f42686403d63911729d04c66cb3e43ea4f1580105954ffae35df373b7204ad
[m15]        out_proj slot sha256=58fe0b5f6a9e67dccc853205d1abdd6134d9fbc463038155bc3e50e50235caf5  ckpt-source sha256=58fe0b5f6a9e67dccc853205d1abdd6134d9fbc463038155bc3e50e50235caf5
[m15]   W.src.L30 PASS (slot_ref=逐字节一致 in_proj=逐字节一致 out_proj=逐字节一致)
[m15]        in_proj  slot sha256=758d5428b0d6fa6b600c05188b43bb9726e979e414a1909670e876523395092d  ckpt-source sha256=758d5428b0d6fa6b600c05188b43bb9726e979e414a1909670e876523395092d
[m15]        out_proj slot sha256=03e513d91e45563f92829bb08ae353f98464aec6088ef029b1126c88911b4daa  ckpt-source sha256=03e513d91e45563f92829bb08ae353f98464aec6088ef029b1126c88911b4daa
[m15]   W.src.L32 PASS (slot_ref=逐字节一致 in_proj=逐字节一致 out_proj=逐字节一致)
[m15]        in_proj  slot sha256=09ef786ce08a91ef869e2e26e8fce728bea84864d852dea5afd7793696d29809  ckpt-source sha256=09ef786ce08a91ef869e2e26e8fce728bea84864d852dea5afd7793696d29809
[m15]        out_proj slot sha256=2a976a93955d147a4326ae771069328ceb06edb6d82bff34f1ad4d6415edd6a0  ckpt-source sha256=2a976a93955d147a4326ae771069328ceb06edb6d82bff34f1ad4d6415edd6a0
[m15]   W.src.L33 PASS (slot_ref=逐字节一致 in_proj=逐字节一致 out_proj=逐字节一致)
[m15]        in_proj  slot sha256=d25718d2648aad3f05e9bc08030ef722a6d43de572f178b3ad48ceb3241fa0fb  ckpt-source sha256=d25718d2648aad3f05e9bc08030ef722a6d43de572f178b3ad48ceb3241fa0fb
[m15]        out_proj slot sha256=5998275244b2aefb95cbb7d7a937ab1b5c2d5acbef5413274eff6de74105a52b  ckpt-source sha256=5998275244b2aefb95cbb7d7a937ab1b5c2d5acbef5413274eff6de74105a52b
[m15]   W.src.L34 PASS (slot_ref=逐字节一致 in_proj=逐字节一致 out_proj=逐字节一致)
[m15]        in_proj  slot sha256=e7983c02fc7313cb899c9296355d568d511a47bf597b95ae7d7e557d45193c14  ckpt-source sha256=e7983c02fc7313cb899c9296355d568d511a47bf597b95ae7d7e557d45193c14
[m15]        out_proj slot sha256=c1806072dc8613d507910e040e777be25c023f8152bfe7cfd4148cc43c64ae38  ckpt-source sha256=c1806072dc8613d507910e040e777be25c023f8152bfe7cfd4148cc43c64ae38
[m15]   W.src.L36 PASS (slot_ref=逐字节一致 in_proj=逐字节一致 out_proj=逐字节一致)
[m15]        in_proj  slot sha256=2a58804633a4df0fa3097c8f9bc339975d8315bdf5785e350f031ab875a5ce42  ckpt-source sha256=2a58804633a4df0fa3097c8f9bc339975d8315bdf5785e350f031ab875a5ce42
[m15]        out_proj slot sha256=fbce590a766bb9ab453f040327958c85718e3b3f80b242f035b66b9c942b2a03  ckpt-source sha256=fbce590a766bb9ab453f040327958c85718e3b3f80b242f035b66b9c942b2a03
[m15]   W.src.L37 PASS (slot_ref=逐字节一致 in_proj=逐字节一致 out_proj=逐字节一致)
[m15]        in_proj  slot sha256=f8f6e28d195c0ef17cd51c830880429c684a92e08475e99fded205d56bd7efd9  ckpt-source sha256=f8f6e28d195c0ef17cd51c830880429c684a92e08475e99fded205d56bd7efd9
[m15]        out_proj slot sha256=2cedf0765434e9db5e1d10ce991fedfc7983a0d65699ddbab75756dc03b922aa  ckpt-source sha256=2cedf0765434e9db5e1d10ce991fedfc7983a0d65699ddbab75756dc03b922aa
[m15]   W.src.L38 PASS (slot_ref=逐字节一致 in_proj=逐字节一致 out_proj=逐字节一致)
[m15]        in_proj  slot sha256=c76d7e8baa92e42c998751f93ffb96d019110a4aaea2e6a75a9f3df142b27e05  ckpt-source sha256=c76d7e8baa92e42c998751f93ffb96d019110a4aaea2e6a75a9f3df142b27e05
[m15]        out_proj slot sha256=0e174be143f5a08bdd143d2bd1b0ef70afe8cc1126b3fe8df0bf8c0ac00d38d6  ckpt-source sha256=0e174be143f5a08bdd143d2bd1b0ef70afe8cc1126b3fe8df0bf8c0ac00d38d6
[m15]   W.src.L40 PASS (slot_ref=逐字节一致 in_proj=逐字节一致 out_proj=逐字节一致)
[m15]        in_proj  slot sha256=d2498af1588e6bb889d12e2e19b831125734b51c2742040cf05ad1d2221abe7a  ckpt-source sha256=d2498af1588e6bb889d12e2e19b831125734b51c2742040cf05ad1d2221abe7a
[m15]        out_proj slot sha256=62cf6f2085129b8714c2fb8abb8190538176699870804f6a02e24a8ae669e2e9  ckpt-source sha256=62cf6f2085129b8714c2fb8abb8190538176699870804f6a02e24a8ae669e2e9
[m15]   W.src.L41 PASS (slot_ref=逐字节一致 in_proj=逐字节一致 out_proj=逐字节一致)
[m15]        in_proj  slot sha256=790abbf7567431fb6058e8e41f55612fbc937f0c737ad2716348d1b828e559c3  ckpt-source sha256=790abbf7567431fb6058e8e41f55612fbc937f0c737ad2716348d1b828e559c3
[m15]        out_proj slot sha256=65a14b03a43bf9d9ec74155172bc486019cada2961adeb3716e73058171d5284  ckpt-source sha256=65a14b03a43bf9d9ec74155172bc486019cada2961adeb3716e73058171d5284
[m15]   W.src.L42 PASS (slot_ref=逐字节一致 in_proj=逐字节一致 out_proj=逐字节一致)
[m15]        in_proj  slot sha256=4aa6a3af33fe55ba48d3477a2cedd6e7e9e702d34b23faeb3009152e51e195ed  ckpt-source sha256=4aa6a3af33fe55ba48d3477a2cedd6e7e9e702d34b23faeb3009152e51e195ed
[m15]        out_proj slot sha256=896ba39aa0d778ac79d91d3d88ad58cdbf5cc47780297ce908314e7cef28dee3  ckpt-source sha256=896ba39aa0d778ac79d91d3d88ad58cdbf5cc47780297ce908314e7cef28dee3
[m15]   W.src.L44 PASS (slot_ref=逐字节一致 in_proj=逐字节一致 out_proj=逐字节一致)
[m15]        in_proj  slot sha256=d1b992cd8ef253e43a17b2f2b884dea929a49209880a8df58ba354dde0a6a497  ckpt-source sha256=d1b992cd8ef253e43a17b2f2b884dea929a49209880a8df58ba354dde0a6a497
[m15]        out_proj slot sha256=db11bc907d528e7e39de828b882f99472ebc2e60a78d609426be943b150355ae  ckpt-source sha256=db11bc907d528e7e39de828b882f99472ebc2e60a78d609426be943b150355ae
[m15]   W.src.L45 PASS (slot_ref=逐字节一致 in_proj=逐字节一致 out_proj=逐字节一致)
[m15]        in_proj  slot sha256=05588b0fac60ff315c7e8314d7c2c6d97a145477136f5a991d7741e25bbf1952  ckpt-source sha256=05588b0fac60ff315c7e8314d7c2c6d97a145477136f5a991d7741e25bbf1952
[m15]        out_proj slot sha256=e81ba24fc4180ea221b38c65371173b1a0f9528326106be55d9ab068f3329ab9  ckpt-source sha256=e81ba24fc4180ea221b38c65371173b1a0f9528326106be55d9ab068f3329ab9
[m15]   W.src.L46 PASS (slot_ref=逐字节一致 in_proj=逐字节一致 out_proj=逐字节一致)
[m15]        in_proj  slot sha256=b6f0c49e31ba26d1c7323539e9f9e02ac9c73f38f89b73253ca2c4e9cd5382db  ckpt-source sha256=b6f0c49e31ba26d1c7323539e9f9e02ac9c73f38f89b73253ca2c4e9cd5382db
[m15]        out_proj slot sha256=12473e2f114b5fba827dbc0a5d7bec3c2dec8da8776989e6ed23b3e73ecd205f  ckpt-source sha256=12473e2f114b5fba827dbc0a5d7bec3c2dec8da8776989e6ed23b3e73ecd205f
[m15] 权重来源校验（对照 checkpoint 独立来源）：36 个 GDN 层，slot 逐字节 36 / in_proj 36 / out_proj 36；耗时 3970.5 ms

[m15] ===== 验证 A：层间组合正确性（48 层循环 vs 单层直接调用，逐字节）=====
[m15]   A.handoff.L00                  PASS (逐字节一致, n=5120)
[m15]   A.direct_y.L00                 PASS (逐字节一致, n=5120)
[m15]   A.direct_ws.L00                PASS (逐字节一致, n=5258240)
[m15]   A.direct_cs.L00                PASS (逐字节一致, n=61440)
[m15]   A.direct_ssm.L00               PASS (逐字节一致, n=3145728)
[m15]   A.handoff.L01                  PASS (逐字节一致, n=5120)
[m15]   A.direct_y.L01                 PASS (逐字节一致, n=5120)
[m15]   A.direct_ws.L01                PASS (逐字节一致, n=5258240)
[m15]   A.direct_cs.L01                PASS (逐字节一致, n=61440)
[m15]   A.direct_ssm.L01               PASS (逐字节一致, n=3145728)
[m15]   A.handoff.L02                  PASS (逐字节一致, n=5120)
[m15]   A.direct_y.L02                 PASS (逐字节一致, n=5120)
[m15]   A.direct_ws.L02                PASS (逐字节一致, n=5258240)
[m15]   A.direct_cs.L02                PASS (逐字节一致, n=61440)
[m15]   A.direct_ssm.L02               PASS (逐字节一致, n=3145728)
[m15]   A.handoff.L03                  PASS (逐字节一致, n=5120)
[m15]   A.direct_y.L03                 PASS (逐字节一致, n=5120)
[m15]   A.attn_passthru.L03            PASS (逐字节一致, n=5120)
[m15]   A.handoff.L04                  PASS (逐字节一致, n=5120)
[m15]   A.direct_y.L04                 PASS (逐字节一致, n=5120)
[m15]   A.direct_ws.L04                PASS (逐字节一致, n=5258240)
[m15]   A.direct_cs.L04                PASS (逐字节一致, n=61440)
[m15]   A.direct_ssm.L04               PASS (逐字节一致, n=3145728)
[m15]   A.handoff.L05                  PASS (逐字节一致, n=5120)
[m15]   A.direct_y.L05                 PASS (逐字节一致, n=5120)
[m15]   A.direct_ws.L05                PASS (逐字节一致, n=5258240)
[m15]   A.direct_cs.L05                PASS (逐字节一致, n=61440)
[m15]   A.direct_ssm.L05               PASS (逐字节一致, n=3145728)
[m15]   A.handoff.L06                  PASS (逐字节一致, n=5120)
[m15]   A.direct_y.L06                 PASS (逐字节一致, n=5120)
[m15]   A.direct_ws.L06                PASS (逐字节一致, n=5258240)
[m15]   A.direct_cs.L06                PASS (逐字节一致, n=61440)
[m15]   A.direct_ssm.L06               PASS (逐字节一致, n=3145728)
[m15]   A.handoff.L07                  PASS (逐字节一致, n=5120)
[m15]   A.direct_y.L07                 PASS (逐字节一致, n=5120)
[m15]   A.attn_passthru.L07            PASS (逐字节一致, n=5120)
[m15]   A.handoff.L08                  PASS (逐字节一致, n=5120)
[m15]   A.direct_y.L08                 PASS (逐字节一致, n=5120)
[m15]   A.direct_ws.L08                PASS (逐字节一致, n=5258240)
[m15]   A.direct_cs.L08                PASS (逐字节一致, n=61440)
[m15]   A.direct_ssm.L08               PASS (逐字节一致, n=3145728)
[m15]   A.handoff.L09                  PASS (逐字节一致, n=5120)
[m15]   A.direct_y.L09                 PASS (逐字节一致, n=5120)
[m15]   A.direct_ws.L09                PASS (逐字节一致, n=5258240)
[m15]   A.direct_cs.L09                PASS (逐字节一致, n=61440)
[m15]   A.direct_ssm.L09               PASS (逐字节一致, n=3145728)
[m15]   A.handoff.L10                  PASS (逐字节一致, n=5120)
[m15]   A.direct_y.L10                 PASS (逐字节一致, n=5120)
[m15]   A.direct_ws.L10                PASS (逐字节一致, n=5258240)
[m15]   A.direct_cs.L10                PASS (逐字节一致, n=61440)
[m15]   A.direct_ssm.L10               PASS (逐字节一致, n=3145728)
[m15]   A.handoff.L11                  PASS (逐字节一致, n=5120)
[m15]   A.direct_y.L11                 PASS (逐字节一致, n=5120)
[m15]   A.attn_passthru.L11            PASS (逐字节一致, n=5120)
[m15]   A.handoff.L12                  PASS (逐字节一致, n=5120)
[m15]   A.direct_y.L12                 PASS (逐字节一致, n=5120)
[m15]   A.direct_ws.L12                PASS (逐字节一致, n=5258240)
[m15]   A.direct_cs.L12                PASS (逐字节一致, n=61440)
[m15]   A.direct_ssm.L12               PASS (逐字节一致, n=3145728)
[m15]   A.handoff.L13                  PASS (逐字节一致, n=5120)
[m15]   A.direct_y.L13                 PASS (逐字节一致, n=5120)
[m15]   A.direct_ws.L13                PASS (逐字节一致, n=5258240)
[m15]   A.direct_cs.L13                PASS (逐字节一致, n=61440)
[m15]   A.direct_ssm.L13               PASS (逐字节一致, n=3145728)
[m15]   A.handoff.L14                  PASS (逐字节一致, n=5120)
[m15]   A.direct_y.L14                 PASS (逐字节一致, n=5120)
[m15]   A.direct_ws.L14                PASS (逐字节一致, n=5258240)
[m15]   A.direct_cs.L14                PASS (逐字节一致, n=61440)
[m15]   A.direct_ssm.L14               PASS (逐字节一致, n=3145728)
[m15]   A.handoff.L15                  PASS (逐字节一致, n=5120)
[m15]   A.direct_y.L15                 PASS (逐字节一致, n=5120)
[m15]   A.attn_passthru.L15            PASS (逐字节一致, n=5120)
[m15]   A.handoff.L16                  PASS (逐字节一致, n=5120)
[m15]   A.direct_y.L16                 PASS (逐字节一致, n=5120)
[m15]   A.direct_ws.L16                PASS (逐字节一致, n=5258240)
[m15]   A.direct_cs.L16                PASS (逐字节一致, n=61440)
[m15]   A.direct_ssm.L16               PASS (逐字节一致, n=3145728)
[m15]   A.handoff.L17                  PASS (逐字节一致, n=5120)
[m15]   A.direct_y.L17                 PASS (逐字节一致, n=5120)
[m15]   A.direct_ws.L17                PASS (逐字节一致, n=5258240)
[m15]   A.direct_cs.L17                PASS (逐字节一致, n=61440)
[m15]   A.direct_ssm.L17               PASS (逐字节一致, n=3145728)
[m15]   A.handoff.L18                  PASS (逐字节一致, n=5120)
[m15]   A.direct_y.L18                 PASS (逐字节一致, n=5120)
[m15]   A.direct_ws.L18                PASS (逐字节一致, n=5258240)
[m15]   A.direct_cs.L18                PASS (逐字节一致, n=61440)
[m15]   A.direct_ssm.L18               PASS (逐字节一致, n=3145728)
[m15]   A.handoff.L19                  PASS (逐字节一致, n=5120)
[m15]   A.direct_y.L19                 PASS (逐字节一致, n=5120)
[m15]   A.attn_passthru.L19            PASS (逐字节一致, n=5120)
[m15]   A.handoff.L20                  PASS (逐字节一致, n=5120)
[m15]   A.direct_y.L20                 PASS (逐字节一致, n=5120)
[m15]   A.direct_ws.L20                PASS (逐字节一致, n=5258240)
[m15]   A.direct_cs.L20                PASS (逐字节一致, n=61440)
[m15]   A.direct_ssm.L20               PASS (逐字节一致, n=3145728)
[m15]   A.handoff.L21                  PASS (逐字节一致, n=5120)
[m15]   A.direct_y.L21                 PASS (逐字节一致, n=5120)
[m15]   A.direct_ws.L21                PASS (逐字节一致, n=5258240)
[m15]   A.direct_cs.L21                PASS (逐字节一致, n=61440)
[m15]   A.direct_ssm.L21               PASS (逐字节一致, n=3145728)
[m15]   A.handoff.L22                  PASS (逐字节一致, n=5120)
[m15]   A.direct_y.L22                 PASS (逐字节一致, n=5120)
[m15]   A.direct_ws.L22                PASS (逐字节一致, n=5258240)
[m15]   A.direct_cs.L22                PASS (逐字节一致, n=61440)
[m15]   A.direct_ssm.L22               PASS (逐字节一致, n=3145728)
[m15]   A.handoff.L23                  PASS (逐字节一致, n=5120)
[m15]   A.direct_y.L23                 PASS (逐字节一致, n=5120)
[m15]   A.attn_passthru.L23            PASS (逐字节一致, n=5120)
[m15]   A.handoff.L24                  PASS (逐字节一致, n=5120)
[m15]   A.direct_y.L24                 PASS (逐字节一致, n=5120)
[m15]   A.direct_ws.L24                PASS (逐字节一致, n=5258240)
[m15]   A.direct_cs.L24                PASS (逐字节一致, n=61440)
[m15]   A.direct_ssm.L24               PASS (逐字节一致, n=3145728)
[m15]   A.handoff.L25                  PASS (逐字节一致, n=5120)
[m15]   A.direct_y.L25                 PASS (逐字节一致, n=5120)
[m15]   A.direct_ws.L25                PASS (逐字节一致, n=5258240)
[m15]   A.direct_cs.L25                PASS (逐字节一致, n=61440)
[m15]   A.direct_ssm.L25               PASS (逐字节一致, n=3145728)
[m15]   A.handoff.L26                  PASS (逐字节一致, n=5120)
[m15]   A.direct_y.L26                 PASS (逐字节一致, n=5120)
[m15]   A.direct_ws.L26                PASS (逐字节一致, n=5258240)
[m15]   A.direct_cs.L26                PASS (逐字节一致, n=61440)
[m15]   A.direct_ssm.L26               PASS (逐字节一致, n=3145728)
[m15]   A.handoff.L27                  PASS (逐字节一致, n=5120)
[m15]   A.direct_y.L27                 PASS (逐字节一致, n=5120)
[m15]   A.attn_passthru.L27            PASS (逐字节一致, n=5120)
[m15]   A.handoff.L28                  PASS (逐字节一致, n=5120)
[m15]   A.direct_y.L28                 PASS (逐字节一致, n=5120)
[m15]   A.direct_ws.L28                PASS (逐字节一致, n=5258240)
[m15]   A.direct_cs.L28                PASS (逐字节一致, n=61440)
[m15]   A.direct_ssm.L28               PASS (逐字节一致, n=3145728)
[m15]   A.handoff.L29                  PASS (逐字节一致, n=5120)
[m15]   A.direct_y.L29                 PASS (逐字节一致, n=5120)
[m15]   A.direct_ws.L29                PASS (逐字节一致, n=5258240)
[m15]   A.direct_cs.L29                PASS (逐字节一致, n=61440)
[m15]   A.direct_ssm.L29               PASS (逐字节一致, n=3145728)
[m15]   A.handoff.L30                  PASS (逐字节一致, n=5120)
[m15]   A.direct_y.L30                 PASS (逐字节一致, n=5120)
[m15]   A.direct_ws.L30                PASS (逐字节一致, n=5258240)
[m15]   A.direct_cs.L30                PASS (逐字节一致, n=61440)
[m15]   A.direct_ssm.L30               PASS (逐字节一致, n=3145728)
[m15]   A.handoff.L31                  PASS (逐字节一致, n=5120)
[m15]   A.direct_y.L31                 PASS (逐字节一致, n=5120)
[m15]   A.attn_passthru.L31            PASS (逐字节一致, n=5120)
[m15]   A.handoff.L32                  PASS (逐字节一致, n=5120)
[m15]   A.direct_y.L32                 PASS (逐字节一致, n=5120)
[m15]   A.direct_ws.L32                PASS (逐字节一致, n=5258240)
[m15]   A.direct_cs.L32                PASS (逐字节一致, n=61440)
[m15]   A.direct_ssm.L32               PASS (逐字节一致, n=3145728)
[m15]   A.handoff.L33                  PASS (逐字节一致, n=5120)
[m15]   A.direct_y.L33                 PASS (逐字节一致, n=5120)
[m15]   A.direct_ws.L33                PASS (逐字节一致, n=5258240)
[m15]   A.direct_cs.L33                PASS (逐字节一致, n=61440)
[m15]   A.direct_ssm.L33               PASS (逐字节一致, n=3145728)
[m15]   A.handoff.L34                  PASS (逐字节一致, n=5120)
[m15]   A.direct_y.L34                 PASS (逐字节一致, n=5120)
[m15]   A.direct_ws.L34                PASS (逐字节一致, n=5258240)
[m15]   A.direct_cs.L34                PASS (逐字节一致, n=61440)
[m15]   A.direct_ssm.L34               PASS (逐字节一致, n=3145728)
[m15]   A.handoff.L35                  PASS (逐字节一致, n=5120)
[m15]   A.direct_y.L35                 PASS (逐字节一致, n=5120)
[m15]   A.attn_passthru.L35            PASS (逐字节一致, n=5120)
[m15]   A.handoff.L36                  PASS (逐字节一致, n=5120)
[m15]   A.direct_y.L36                 PASS (逐字节一致, n=5120)
[m15]   A.direct_ws.L36                PASS (逐字节一致, n=5258240)
[m15]   A.direct_cs.L36                PASS (逐字节一致, n=61440)
[m15]   A.direct_ssm.L36               PASS (逐字节一致, n=3145728)
[m15]   A.handoff.L37                  PASS (逐字节一致, n=5120)
[m15]   A.direct_y.L37                 PASS (逐字节一致, n=5120)
[m15]   A.direct_ws.L37                PASS (逐字节一致, n=5258240)
[m15]   A.direct_cs.L37                PASS (逐字节一致, n=61440)
[m15]   A.direct_ssm.L37               PASS (逐字节一致, n=3145728)
[m15]   A.handoff.L38                  PASS (逐字节一致, n=5120)
[m15]   A.direct_y.L38                 PASS (逐字节一致, n=5120)
[m15]   A.direct_ws.L38                PASS (逐字节一致, n=5258240)
[m15]   A.direct_cs.L38                PASS (逐字节一致, n=61440)
[m15]   A.direct_ssm.L38               PASS (逐字节一致, n=3145728)
[m15]   A.handoff.L39                  PASS (逐字节一致, n=5120)
[m15]   A.direct_y.L39                 PASS (逐字节一致, n=5120)
[m15]   A.attn_passthru.L39            PASS (逐字节一致, n=5120)
[m15]   A.handoff.L40                  PASS (逐字节一致, n=5120)
[m15]   A.direct_y.L40                 PASS (逐字节一致, n=5120)
[m15]   A.direct_ws.L40                PASS (逐字节一致, n=5258240)
[m15]   A.direct_cs.L40                PASS (逐字节一致, n=61440)
[m15]   A.direct_ssm.L40               PASS (逐字节一致, n=3145728)
[m15]   A.handoff.L41                  PASS (逐字节一致, n=5120)
[m15]   A.direct_y.L41                 PASS (逐字节一致, n=5120)
[m15]   A.direct_ws.L41                PASS (逐字节一致, n=5258240)
[m15]   A.direct_cs.L41                PASS (逐字节一致, n=61440)
[m15]   A.direct_ssm.L41               PASS (逐字节一致, n=3145728)
[m15]   A.handoff.L42                  PASS (逐字节一致, n=5120)
[m15]   A.direct_y.L42                 PASS (逐字节一致, n=5120)
[m15]   A.direct_ws.L42                PASS (逐字节一致, n=5258240)
[m15]   A.direct_cs.L42                PASS (逐字节一致, n=61440)
[m15]   A.direct_ssm.L42               PASS (逐字节一致, n=3145728)
[m15]   A.handoff.L43                  PASS (逐字节一致, n=5120)
[m15]   A.direct_y.L43                 PASS (逐字节一致, n=5120)
[m15]   A.attn_passthru.L43            PASS (逐字节一致, n=5120)
[m15]   A.handoff.L44                  PASS (逐字节一致, n=5120)
[m15]   A.direct_y.L44                 PASS (逐字节一致, n=5120)
[m15]   A.direct_ws.L44                PASS (逐字节一致, n=5258240)
[m15]   A.direct_cs.L44                PASS (逐字节一致, n=61440)
[m15]   A.direct_ssm.L44               PASS (逐字节一致, n=3145728)
[m15]   A.handoff.L45                  PASS (逐字节一致, n=5120)
[m15]   A.direct_y.L45                 PASS (逐字节一致, n=5120)
[m15]   A.direct_ws.L45                PASS (逐字节一致, n=5258240)
[m15]   A.direct_cs.L45                PASS (逐字节一致, n=61440)
[m15]   A.direct_ssm.L45               PASS (逐字节一致, n=3145728)
[m15]   A.handoff.L46                  PASS (逐字节一致, n=5120)
[m15]   A.direct_y.L46                 PASS (逐字节一致, n=5120)
[m15]   A.direct_ws.L46                PASS (逐字节一致, n=5258240)
[m15]   A.direct_cs.L46                PASS (逐字节一致, n=61440)
[m15]   A.direct_ssm.L46               PASS (逐字节一致, n=3145728)
[m15]   A.handoff.L47                  PASS (逐字节一致, n=5120)
[m15]   A.direct_y.L47                 PASS (逐字节一致, n=5120)
[m15]   A.attn_passthru.L47            PASS (逐字节一致, n=5120)
[m15] 验证 A：48 层逐字节比对结束，本段判定项 216 条（累计 252），FAIL 0 条

[m15] ===== 验证 B：多 token 状态连续性（3 token × 48 层；conv_state 位级 / ssm_state 1e-5 相对）=====
[m15]   B.cs.L00.t0                        PASS (bf16 位级一致, n=30720)
[m15]   B.ssm.L00.t0                       PASS (rel 1e-05+1e-06; 最差容差占用 0.101, maxAbs 5.364e-07, n=786432)
[m15]   B.ssm_ulp.L00.t0                   (报告) 逐位一致 29.6318%; |exp|>=1e-6 子集: 位级一致 29.6614% / ≤1ulp 54.0528% / max ulp 15320 (n=786432)
[m15]   B.cs_cur.L00.t0                PASS (逐字节一致, n=20480)
[m15]   B.cs.L01.t0                        PASS (bf16 位级一致, n=30720)
[m15]   B.ssm.L01.t0                       PASS (rel 1e-05+1e-06; 最差容差占用 0.098, maxAbs 5.364e-07, n=786432)
[m15]   B.ssm_ulp.L01.t0                   (报告) 逐位一致 32.4980%; |exp|>=1e-6 子集: 位级一致 32.4982% / ≤1ulp 63.3773% / max ulp 12656 (n=786432)
[m15]   B.cs_cur.L01.t0                PASS (逐字节一致, n=20480)
[m15]   B.cs.L02.t0                        PASS (bf16 位级一致, n=30720)
[m15]   B.ssm.L02.t0                       PASS (rel 1e-05+1e-06; 最差容差占用 0.127, maxAbs 6.258e-07, n=786432)
[m15]   B.ssm_ulp.L02.t0                   (报告) 逐位一致 38.2038%; |exp|>=1e-6 子集: 位级一致 38.2048% / ≤1ulp 71.6262% / max ulp 20135 (n=786432)
[m15]   B.cs_cur.L02.t0                PASS (逐字节一致, n=20480)
[m15]   B.t0.attn_passthru.L03         PASS (逐字节一致, n=5120)
[m15]   B.cs.L04.t0                        PASS (bf16 位级一致, n=30720)
[m15]   B.ssm.L04.t0                       PASS (rel 1e-05+1e-06; 最差容差占用 0.058, maxAbs 2.384e-07, n=786432)
[m15]   B.ssm_ulp.L04.t0                   (报告) 逐位一致 39.2234%; |exp|>=1e-6 子集: 位级一致 39.2252% / ≤1ulp 69.7146% / max ulp 24775 (n=786432)
[m15]   B.cs_cur.L04.t0                PASS (逐字节一致, n=20480)
[m15]   B.cs.L05.t0                        PASS (bf16 位级一致, n=30720)
[m15]   B.ssm.L05.t0                       PASS (rel 1e-05+1e-06; 最差容差占用 0.057, maxAbs 2.980e-07, n=786432)
[m15]   B.ssm_ulp.L05.t0                   (报告) 逐位一致 31.8483%; |exp|>=1e-6 子集: 位级一致 31.8529% / ≤1ulp 70.5386% / max ulp 51424 (n=786432)
[m15]   B.cs_cur.L05.t0                PASS (逐字节一致, n=20480)
[m15]   B.cs.L06.t0                        PASS (bf16 位级一致, n=30720)
[m15]   B.ssm.L06.t0                       PASS (rel 1e-05+1e-06; 最差容差占用 0.148, maxAbs 8.345e-07, n=786432)
[m15]   B.ssm_ulp.L06.t0                   (报告) 逐位一致 22.2838%; |exp|>=1e-6 子集: 位级一致 22.2850% / ≤1ulp 51.6812% / max ulp 20474 (n=786432)
[m15]   B.cs_cur.L06.t0                PASS (逐字节一致, n=20480)
[m15]   B.t0.attn_passthru.L07         PASS (逐字节一致, n=5120)
[m15]   B.cs.L08.t0                        PASS (bf16 位级一致, n=30720)
[m15]   B.ssm.L08.t0                       PASS (rel 1e-05+1e-06; 最差容差占用 0.073, maxAbs 3.278e-07, n=786432)
[m15]   B.ssm_ulp.L08.t0                   (报告) 逐位一致 23.3026%; |exp|>=1e-6 子集: 位级一致 23.3027% / ≤1ulp 54.8735% / max ulp 11044 (n=786432)
[m15]   B.cs_cur.L08.t0                PASS (逐字节一致, n=20480)
[m15]   B.cs.L09.t0                        PASS (bf16 位级一致, n=30720)
[m15]   B.ssm.L09.t0                       PASS (rel 1e-05+1e-06; 最差容差占用 0.081, maxAbs 3.576e-07, n=786432)
[m15]   B.ssm_ulp.L09.t0                   (报告) 逐位一致 32.2083%; |exp|>=1e-6 子集: 位级一致 32.2083% / ≤1ulp 61.0696% / max ulp 11323 (n=786432)
[m15]   B.cs_cur.L09.t0                PASS (逐字节一致, n=20480)
[m15]   B.cs.L10.t0                        PASS (bf16 位级一致, n=30720)
[m15]   B.ssm.L10.t0                       PASS (rel 1e-05+1e-06; 最差容差占用 0.168, maxAbs 5.364e-07, n=786432)
[m15]   B.ssm_ulp.L10.t0                   (报告) 逐位一致 29.7515%; |exp|>=1e-6 子集: 位级一致 29.7517% / ≤1ulp 63.2221% / max ulp 16160 (n=786432)
[m15]   B.cs_cur.L10.t0                PASS (逐字节一致, n=20480)
[m15]   B.t0.attn_passthru.L11         PASS (逐字节一致, n=5120)
[m15]   B.cs.L12.t0                        PASS (bf16 位级一致, n=30720)
[m15]   B.ssm.L12.t0                       PASS (rel 1e-05+1e-06; 最差容差占用 0.071, maxAbs 3.576e-07, n=786432)
[m15]   B.ssm_ulp.L12.t0                   (报告) 逐位一致 23.5119%; |exp|>=1e-6 子集: 位级一致 23.5119% / ≤1ulp 52.8342% / max ulp 10997 (n=786432)
[m15]   B.cs_cur.L12.t0                PASS (逐字节一致, n=20480)
[m15]   B.cs.L13.t0                        PASS (bf16 位级一致, n=30720)
[m15]   B.ssm.L13.t0                       PASS (rel 1e-05+1e-06; 最差容差占用 0.063, maxAbs 3.576e-07, n=786432)
[m15]   B.ssm_ulp.L13.t0                   (报告) 逐位一致 25.1053%; |exp|>=1e-6 子集: 位级一致 25.1053% / ≤1ulp 57.4081% / max ulp 33197 (n=786432)
[m15]   B.cs_cur.L13.t0                PASS (逐字节一致, n=20480)
[m15]   B.cs.L14.t0                        PASS (bf16 位级一致, n=30720)
[m15]   B.ssm.L14.t0                       PASS (rel 1e-05+1e-06; 最差容差占用 0.050, maxAbs 2.980e-07, n=786432)
[m15]   B.ssm_ulp.L14.t0                   (报告) 逐位一致 31.3789%; |exp|>=1e-6 子集: 位级一致 31.3791% / ≤1ulp 64.8910% / max ulp 11323 (n=786432)
[m15]   B.cs_cur.L14.t0                PASS (逐字节一致, n=20480)
[m15]   B.t0.attn_passthru.L15         PASS (逐字节一致, n=5120)
[m15]   B.cs.L16.t0                        PASS (bf16 位级一致, n=30720)
[m15]   B.ssm.L16.t0                       PASS (rel 1e-05+1e-06; 最差容差占用 0.070, maxAbs 4.172e-07, n=786432)
[m15]   B.ssm_ulp.L16.t0                   (报告) 逐位一致 36.2699%; |exp|>=1e-6 子集: 位级一致 36.2758% / ≤1ulp 66.8722% / max ulp 25259 (n=786432)
[m15]   B.cs_cur.L16.t0                PASS (逐字节一致, n=20480)
[m15]   B.cs.L17.t0                        PASS (bf16 位级一致, n=30720)
[m15]   B.ssm.L17.t0                       PASS (rel 1e-05+1e-06; 最差容差占用 0.089, maxAbs 5.364e-07, n=786432)
[m15]   B.ssm_ulp.L17.t0                   (报告) 逐位一致 20.9932%; |exp|>=1e-6 子集: 位级一致 20.9932% / ≤1ulp 47.4371% / max ulp 11053 (n=786432)
[m15]   B.cs_cur.L17.t0                PASS (逐字节一致, n=20480)
[m15]   B.cs.L18.t0                        PASS (bf16 位级一致, n=30720)
[m15]   B.ssm.L18.t0                       PASS (rel 1e-05+1e-06; 最差容差占用 0.078, maxAbs 4.470e-07, n=786432)
[m15]   B.ssm_ulp.L18.t0                   (报告) 逐位一致 28.8072%; |exp|>=1e-6 子集: 位级一致 28.8073% / ≤1ulp 59.7893% / max ulp 38382 (n=786432)
[m15]   B.cs_cur.L18.t0                PASS (逐字节一致, n=20480)
[m15]   B.t0.attn_passthru.L19         PASS (逐字节一致, n=5120)
[m15]   B.cs.L20.t0                        PASS (bf16 位级一致, n=30720)
[m15]   B.ssm.L20.t0                       PASS (rel 1e-05+1e-06; 最差容差占用 0.066, maxAbs 2.980e-07, n=786432)
[m15]   B.ssm_ulp.L20.t0                   (报告) 逐位一致 31.1864%; |exp|>=1e-6 子集: 位级一致 31.1865% / ≤1ulp 57.7248% / max ulp 19201 (n=786432)
[m15]   B.cs_cur.L20.t0                PASS (逐字节一致, n=20480)
[m15]   B.cs.L21.t0                        PASS (bf16 位级一致, n=30720)
[m15]   B.ssm.L21.t0                       PASS (rel 1e-05+1e-06; 最差容差占用 0.118, maxAbs 6.258e-07, n=786432)
[m15]   B.ssm_ulp.L21.t0                   (报告) 逐位一致 26.3165%; |exp|>=1e-6 子集: 位级一致 26.3165% / ≤1ulp 53.0359% / max ulp 8683 (n=786432)
[m15]   B.cs_cur.L21.t0                PASS (逐字节一致, n=20480)
[m15]   B.cs.L22.t0                        PASS (bf16 位级一致, n=30720)
[m15]   B.ssm.L22.t0                       PASS (rel 1e-05+1e-06; 最差容差占用 0.145, maxAbs 6.557e-07, n=786432)
[m15]   B.ssm_ulp.L22.t0                   (报告) 逐位一致 27.4399%; |exp|>=1e-6 子集: 位级一致 27.4403% / ≤1ulp 54.7445% / max ulp 14349 (n=786432)
[m15]   B.cs_cur.L22.t0                PASS (逐字节一致, n=20480)
[m15]   B.t0.attn_passthru.L23         PASS (逐字节一致, n=5120)
[m15]   B.cs.L24.t0                        PASS (bf16 位级一致, n=30720)
[m15]   B.ssm.L24.t0                       PASS (rel 1e-05+1e-06; 最差容差占用 0.077, maxAbs 3.576e-07, n=786432)
[m15]   B.ssm_ulp.L24.t0                   (报告) 逐位一致 25.7472%; |exp|>=1e-6 子集: 位级一致 25.7473% / ≤1ulp 57.8363% / max ulp 16804 (n=786432)
[m15]   B.cs_cur.L24.t0                PASS (逐字节一致, n=20480)
[m15]   B.cs.L25.t0                        PASS (bf16 位级一致, n=30720)
[m15]   B.ssm.L25.t0                       PASS (rel 1e-05+1e-06; 最差容差占用 0.087, maxAbs 3.278e-07, n=786432)
[m15]   B.ssm_ulp.L25.t0                   (报告) 逐位一致 30.6516%; |exp|>=1e-6 子集: 位级一致 30.6518% / ≤1ulp 62.2311% / max ulp 7035 (n=786432)
[m15]   B.cs_cur.L25.t0                PASS (逐字节一致, n=20480)
[m15]   B.cs.L26.t0                        PASS (bf16 位级一致, n=30720)
[m15]   B.ssm.L26.t0                       PASS (rel 1e-05+1e-06; 最差容差占用 0.133, maxAbs 5.066e-07, n=786432)
[m15]   B.ssm_ulp.L26.t0                   (报告) 逐位一致 28.0717%; |exp|>=1e-6 子集: 位级一致 28.0719% / ≤1ulp 57.8181% / max ulp 24066 (n=786432)
[m15]   B.cs_cur.L26.t0                PASS (逐字节一致, n=20480)
[m15]   B.t0.attn_passthru.L27         PASS (逐字节一致, n=5120)
[m15]   B.cs.L28.t0                        PASS (bf16 位级一致, n=30720)
[m15]   B.ssm.L28.t0                       PASS (rel 1e-05+1e-06; 最差容差占用 0.068, maxAbs 2.682e-07, n=786432)
[m15]   B.ssm_ulp.L28.t0                   (报告) 逐位一致 24.3572%; |exp|>=1e-6 子集: 位级一致 24.3574% / ≤1ulp 52.8146% / max ulp 74717 (n=786432)
[m15]   B.cs_cur.L28.t0                PASS (逐字节一致, n=20480)
[m15]   B.cs.L29.t0                        PASS (bf16 位级一致, n=30720)
[m15]   B.ssm.L29.t0                       PASS (rel 1e-05+1e-06; 最差容差占用 0.068, maxAbs 3.576e-07, n=786432)
[m15]   B.ssm_ulp.L29.t0                   (报告) 逐位一致 28.4063%; |exp|>=1e-6 子集: 位级一致 28.4064% / ≤1ulp 58.4963% / max ulp 10173 (n=786432)
[m15]   B.cs_cur.L29.t0                PASS (逐字节一致, n=20480)
[m15]   B.cs.L30.t0                        PASS (bf16 位级一致, n=30720)
[m15]   B.ssm.L30.t0                       PASS (rel 1e-05+1e-06; 最差容差占用 0.046, maxAbs 2.682e-07, n=786432)
[m15]   B.ssm_ulp.L30.t0                   (报告) 逐位一致 28.8666%; |exp|>=1e-6 子集: 位级一致 28.8666% / ≤1ulp 63.9091% / max ulp 44300 (n=786432)
[m15]   B.cs_cur.L30.t0                PASS (逐字节一致, n=20480)
[m15]   B.t0.attn_passthru.L31         PASS (逐字节一致, n=5120)
[m15]   B.cs.L32.t0                        PASS (bf16 位级一致, n=30720)
[m15]   B.ssm.L32.t0                       PASS (rel 1e-05+1e-06; 最差容差占用 0.044, maxAbs 1.788e-07, n=786432)
[m15]   B.ssm_ulp.L32.t0                   (报告) 逐位一致 31.1115%; |exp|>=1e-6 子集: 位级一致 31.0983% / ≤1ulp 65.7891% / max ulp 28738 (n=786432)
[m15]   B.cs_cur.L32.t0                PASS (逐字节一致, n=20480)
[m15]   B.cs.L33.t0                        PASS (bf16 位级一致, n=30720)
[m15]   B.ssm.L33.t0                       PASS (rel 1e-05+1e-06; 最差容差占用 0.074, maxAbs 3.874e-07, n=786432)
[m15]   B.ssm_ulp.L33.t0                   (报告) 逐位一致 22.5244%; |exp|>=1e-6 子集: 位级一致 22.5245% / ≤1ulp 54.7994% / max ulp 4006 (n=786432)
[m15]   B.cs_cur.L33.t0                PASS (逐字节一致, n=20480)
[m15]   B.cs.L34.t0                        PASS (bf16 位级一致, n=30720)
[m15]   B.ssm.L34.t0                       PASS (rel 1e-05+1e-06; 最差容差占用 0.088, maxAbs 4.768e-07, n=786432)
[m15]   B.ssm_ulp.L34.t0                   (报告) 逐位一致 36.5302%; |exp|>=1e-6 子集: 位级一致 36.5302% / ≤1ulp 64.9708% / max ulp 8784 (n=786432)
[m15]   B.cs_cur.L34.t0                PASS (逐字节一致, n=20480)
[m15]   B.t0.attn_passthru.L35         PASS (逐字节一致, n=5120)
[m15]   B.cs.L36.t0                        PASS (bf16 位级一致, n=30720)
[m15]   B.ssm.L36.t0                       PASS (rel 1e-05+1e-06; 最差容差占用 0.064, maxAbs 3.576e-07, n=786432)
[m15]   B.ssm_ulp.L36.t0                   (报告) 逐位一致 29.0273%; |exp|>=1e-6 子集: 位级一致 29.0273% / ≤1ulp 65.5262% / max ulp 7448 (n=786432)
[m15]   B.cs_cur.L36.t0                PASS (逐字节一致, n=20480)
[m15]   B.cs.L37.t0                        PASS (bf16 位级一致, n=30720)
[m15]   B.ssm.L37.t0                       PASS (rel 1e-05+1e-06; 最差容差占用 0.102, maxAbs 5.662e-07, n=786432)
[m15]   B.ssm_ulp.L37.t0                   (报告) 逐位一致 25.8395%; |exp|>=1e-6 子集: 位级一致 25.8396% / ≤1ulp 60.5161% / max ulp 12695 (n=786432)
[m15]   B.cs_cur.L37.t0                PASS (逐字节一致, n=20480)
[m15]   B.cs.L38.t0                        PASS (bf16 位级一致, n=30720)
[m15]   B.ssm.L38.t0                       PASS (rel 1e-05+1e-06; 最差容差占用 0.180, maxAbs 8.643e-07, n=786432)
[m15]   B.ssm_ulp.L38.t0                   (报告) 逐位一致 21.4756%; |exp|>=1e-6 子集: 位级一致 21.4768% / ≤1ulp 47.4762% / max ulp 27387 (n=786432)
[m15]   B.cs_cur.L38.t0                PASS (逐字节一致, n=20480)
[m15]   B.t0.attn_passthru.L39         PASS (逐字节一致, n=5120)
[m15]   B.cs.L40.t0                        PASS (bf16 位级一致, n=30720)
[m15]   B.ssm.L40.t0                       PASS (rel 1e-05+1e-06; 最差容差占用 0.043, maxAbs 2.384e-07, n=786432)
[m15]   B.ssm_ulp.L40.t0                   (报告) 逐位一致 39.3412%; |exp|>=1e-6 子集: 位级一致 39.3413% / ≤1ulp 76.5345% / max ulp 17470 (n=786432)
[m15]   B.cs_cur.L40.t0                PASS (逐字节一致, n=20480)
[m15]   B.cs.L41.t0                        PASS (bf16 位级一致, n=30720)
[m15]   B.ssm.L41.t0                       PASS (rel 1e-05+1e-06; 最差容差占用 0.087, maxAbs 5.066e-07, n=786432)
[m15]   B.ssm_ulp.L41.t0                   (报告) 逐位一致 39.5045%; |exp|>=1e-6 子集: 位级一致 39.5045% / ≤1ulp 74.1953% / max ulp 14734 (n=786432)
[m15]   B.cs_cur.L41.t0                PASS (逐字节一致, n=20480)
[m15]   B.cs.L42.t0                        PASS (bf16 位级一致, n=30720)
[m15]   B.ssm.L42.t0                       PASS (rel 1e-05+1e-06; 最差容差占用 0.068, maxAbs 3.576e-07, n=786432)
[m15]   B.ssm_ulp.L42.t0                   (报告) 逐位一致 36.0476%; |exp|>=1e-6 子集: 位级一致 36.0477% / ≤1ulp 64.8952% / max ulp 6679 (n=786432)
[m15]   B.cs_cur.L42.t0                PASS (逐字节一致, n=20480)
[m15]   B.t0.attn_passthru.L43         PASS (逐字节一致, n=5120)
[m15]   B.cs.L44.t0                        PASS (bf16 位级一致, n=30720)
[m15]   B.ssm.L44.t0                       PASS (rel 1e-05+1e-06; 最差容差占用 0.052, maxAbs 2.980e-07, n=786432)
[m15]   B.ssm_ulp.L44.t0                   (报告) 逐位一致 24.7643%; |exp|>=1e-6 子集: 位级一致 24.7644% / ≤1ulp 61.4562% / max ulp 35886 (n=786432)
[m15]   B.cs_cur.L44.t0                PASS (逐字节一致, n=20480)
[m15]   B.cs.L45.t0                        PASS (bf16 位级一致, n=30720)
[m15]   B.ssm.L45.t0                       PASS (rel 1e-05+1e-06; 最差容差占用 0.071, maxAbs 4.172e-07, n=786432)
[m15]   B.ssm_ulp.L45.t0                   (报告) 逐位一致 30.4942%; |exp|>=1e-6 子集: 位级一致 30.4942% / ≤1ulp 60.3260% / max ulp 17706 (n=786432)
[m15]   B.cs_cur.L45.t0                PASS (逐字节一致, n=20480)
[m15]   B.cs.L46.t0                        PASS (bf16 位级一致, n=30720)
[m15]   B.ssm.L46.t0                       PASS (rel 1e-05+1e-06; 最差容差占用 0.094, maxAbs 5.364e-07, n=786432)
[m15]   B.ssm_ulp.L46.t0                   (报告) 逐位一致 36.8721%; |exp|>=1e-6 子集: 位级一致 36.8721% / ≤1ulp 69.5995% / max ulp 4684 (n=786432)
[m15]   B.cs_cur.L46.t0                PASS (逐字节一致, n=20480)
[m15]   B.t0.attn_passthru.L47         PASS (逐字节一致, n=5120)
[m15]   B.cs.L00.t1                        PASS (bf16 位级一致, n=30720)
[m15]   B.ssm.L00.t1                       PASS (rel 1e-05+1e-06; 最差容差占用 0.130, maxAbs 7.749e-07, n=786432)
[m15]   B.ssm_ulp.L00.t1                   (报告) 逐位一致 25.3072%; |exp|>=1e-6 子集: 位级一致 25.2991% / ≤1ulp 56.1692% / max ulp 13638 (n=786432)
[m15]   B.cs_shift.L00.t1              PASS (逐字节一致, n=20480)
[m15]   B.cs_shift2.L00.t1             PASS (逐字节一致, n=20480)
[m15]   B.cs_cur.L00.t1                PASS (逐字节一致, n=20480)
[m15]   B.cs.L01.t1                        PASS (bf16 位级一致, n=30720)
[m15]   B.ssm.L01.t1                       PASS (rel 1e-05+1e-06; 最差容差占用 0.092, maxAbs 4.768e-07, n=786432)
[m15]   B.ssm_ulp.L01.t1                   (报告) 逐位一致 20.1861%; |exp|>=1e-6 子集: 位级一致 20.1864% / ≤1ulp 45.8353% / max ulp 38033 (n=786432)
[m15]   B.cs_shift.L01.t1              PASS (逐字节一致, n=20480)
[m15]   B.cs_shift2.L01.t1             PASS (逐字节一致, n=20480)
[m15]   B.cs_cur.L01.t1                PASS (逐字节一致, n=20480)
[m15]   B.cs.L02.t1                        PASS (bf16 位级一致, n=30720)
[m15]   B.ssm.L02.t1                       PASS (rel 1e-05+1e-06; 最差容差占用 0.121, maxAbs 5.066e-07, n=786432)
[m15]   B.ssm_ulp.L02.t1                   (报告) 逐位一致 30.5537%; |exp|>=1e-6 子集: 位级一致 30.5630% / ≤1ulp 66.6114% / max ulp 26145 (n=786432)
[m15]   B.cs_shift.L02.t1              PASS (逐字节一致, n=20480)
[m15]   B.cs_shift2.L02.t1             PASS (逐字节一致, n=20480)
[m15]   B.cs_cur.L02.t1                PASS (逐字节一致, n=20480)
[m15]   B.t1.attn_passthru.L03         PASS (逐字节一致, n=5120)
[m15]   B.cs.L04.t1                        PASS (bf16 位级一致, n=30720)
[m15]   B.ssm.L04.t1                       PASS (rel 1e-05+1e-06; 最差容差占用 0.070, maxAbs 3.576e-07, n=786432)
[m15]   B.ssm_ulp.L04.t1                   (报告) 逐位一致 24.1453%; |exp|>=1e-6 子集: 位级一致 24.1342% / ≤1ulp 54.1389% / max ulp 14953 (n=786432)
[m15]   B.cs_shift.L04.t1              PASS (逐字节一致, n=20480)
[m15]   B.cs_shift2.L04.t1             PASS (逐字节一致, n=20480)
[m15]   B.cs_cur.L04.t1                PASS (逐字节一致, n=20480)
[m15]   B.cs.L05.t1                        PASS (bf16 位级一致, n=30720)
[m15]   B.ssm.L05.t1                       PASS (rel 1e-05+1e-06; 最差容差占用 0.120, maxAbs 4.172e-07, n=786432)
[m15]   B.ssm_ulp.L05.t1                   (报告) 逐位一致 21.1159%; |exp|>=1e-6 子集: 位级一致 21.1124% / ≤1ulp 53.9100% / max ulp 23722 (n=786432)
[m15]   B.cs_shift.L05.t1              PASS (逐字节一致, n=20480)
[m15]   B.cs_shift2.L05.t1             PASS (逐字节一致, n=20480)
[m15]   B.cs_cur.L05.t1                PASS (逐字节一致, n=20480)
[m15]   B.cs.L06.t1                        PASS (bf16 位级一致, n=30720)
[m15]   B.ssm.L06.t1                       PASS (rel 1e-05+1e-06; 最差容差占用 0.162, maxAbs 8.643e-07, n=786432)
[m15]   B.ssm_ulp.L06.t1                   (报告) 逐位一致 19.3715%; |exp|>=1e-6 子集: 位级一致 19.3658% / ≤1ulp 43.7999% / max ulp 13451 (n=786432)
[m15]   B.cs_shift.L06.t1              PASS (逐字节一致, n=20480)
[m15]   B.cs_shift2.L06.t1             PASS (逐字节一致, n=20480)
[m15]   B.cs_cur.L06.t1                PASS (逐字节一致, n=20480)
[m15]   B.t1.attn_passthru.L07         PASS (逐字节一致, n=5120)
[m15]   B.cs.L08.t1                        PASS (bf16 位级一致, n=30720)
[m15]   B.ssm.L08.t1                       PASS (rel 1e-05+1e-06; 最差容差占用 0.114, maxAbs 5.960e-07, n=786432)
[m15]   B.ssm_ulp.L08.t1                   (报告) 逐位一致 21.6660%; |exp|>=1e-6 子集: 位级一致 21.6660% / ≤1ulp 51.3156% / max ulp 6004 (n=786432)
[m15]   B.cs_shift.L08.t1              PASS (逐字节一致, n=20480)
[m15]   B.cs_shift2.L08.t1             PASS (逐字节一致, n=20480)
[m15]   B.cs_cur.L08.t1                PASS (逐字节一致, n=20480)
[m15]   B.cs.L09.t1                        PASS (bf16 位级一致, n=30720)
[m15]   B.ssm.L09.t1                       PASS (rel 1e-05+1e-06; 最差容差占用 0.120, maxAbs 6.557e-07, n=786432)
[m15]   B.ssm_ulp.L09.t1                   (报告) 逐位一致 23.0695%; |exp|>=1e-6 子集: 位级一致 23.0698% / ≤1ulp 51.7333% / max ulp 69381 (n=786432)
[m15]   B.cs_shift.L09.t1              PASS (逐字节一致, n=20480)
[m15]   B.cs_shift2.L09.t1             PASS (逐字节一致, n=20480)
[m15]   B.cs_cur.L09.t1                PASS (逐字节一致, n=20480)
[m15]   B.cs.L10.t1                        PASS (bf16 位级一致, n=30720)
[m15]   B.ssm.L10.t1                       PASS (rel 1e-05+1e-06; 最差容差占用 0.086, maxAbs 4.172e-07, n=786432)
[m15]   B.ssm_ulp.L10.t1                   (报告) 逐位一致 21.2198%; |exp|>=1e-6 子集: 位级一致 21.2210% / ≤1ulp 48.2172% / max ulp 25643 (n=786432)
[m15]   B.cs_shift.L10.t1              PASS (逐字节一致, n=20480)
[m15]   B.cs_shift2.L10.t1             PASS (逐字节一致, n=20480)
[m15]   B.cs_cur.L10.t1                PASS (逐字节一致, n=20480)
[m15]   B.t1.attn_passthru.L11         PASS (逐字节一致, n=5120)
[m15]   B.cs.L12.t1                        PASS (bf16 位级一致, n=30720)
[m15]   B.ssm.L12.t1                       PASS (rel 1e-05+1e-06; 最差容差占用 0.095, maxAbs 4.172e-07, n=786432)
[m15]   B.ssm_ulp.L12.t1                   (报告) 逐位一致 17.7790%; |exp|>=1e-6 子集: 位级一致 17.7797% / ≤1ulp 44.5836% / max ulp 69066 (n=786432)
[m15]   B.cs_shift.L12.t1              PASS (逐字节一致, n=20480)
[m15]   B.cs_shift2.L12.t1             PASS (逐字节一致, n=20480)
[m15]   B.cs_cur.L12.t1                PASS (逐字节一致, n=20480)
[m15]   B.cs.L13.t1                        PASS (bf16 位级一致, n=30720)
[m15]   B.ssm.L13.t1                       PASS (rel 1e-05+1e-06; 最差容差占用 0.099, maxAbs 5.960e-07, n=786432)
[m15]   B.ssm_ulp.L13.t1                   (报告) 逐位一致 16.8863%; |exp|>=1e-6 子集: 位级一致 16.8863% / ≤1ulp 42.7414% / max ulp 17729 (n=786432)
[m15]   B.cs_shift.L13.t1              PASS (逐字节一致, n=20480)
[m15]   B.cs_shift2.L13.t1             PASS (逐字节一致, n=20480)
[m15]   B.cs_cur.L13.t1                PASS (逐字节一致, n=20480)
[m15]   B.cs.L14.t1                        PASS (bf16 位级一致, n=30720)
[m15]   B.ssm.L14.t1                       PASS (rel 1e-05+1e-06; 最差容差占用 0.070, maxAbs 4.172e-07, n=786432)
[m15]   B.ssm_ulp.L14.t1                   (报告) 逐位一致 22.2982%; |exp|>=1e-6 子集: 位级一致 22.2988% / ≤1ulp 54.7223% / max ulp 26742 (n=786432)
[m15]   B.cs_shift.L14.t1              PASS (逐字节一致, n=20480)
[m15]   B.cs_shift2.L14.t1             PASS (逐字节一致, n=20480)
[m15]   B.cs_cur.L14.t1                PASS (逐字节一致, n=20480)
[m15]   B.t1.attn_passthru.L15         PASS (逐字节一致, n=5120)
[m15]   B.cs.L16.t1                        PASS (bf16 位级一致, n=30720)
[m15]   B.ssm.L16.t1                       PASS (rel 1e-05+1e-06; 最差容差占用 0.119, maxAbs 7.153e-07, n=786432)
[m15]   B.ssm_ulp.L16.t1                   (报告) 逐位一致 24.2133%; |exp|>=1e-6 子集: 位级一致 24.2173% / ≤1ulp 59.8034% / max ulp 10125 (n=786432)
[m15]   B.cs_shift.L16.t1              PASS (逐字节一致, n=20480)
[m15]   B.cs_shift2.L16.t1             PASS (逐字节一致, n=20480)
[m15]   B.cs_cur.L16.t1                PASS (逐字节一致, n=20480)
[m15]   B.cs.L17.t1                        PASS (bf16 位级一致, n=30720)
[m15]   B.ssm.L17.t1                       PASS (rel 1e-05+1e-06; 最差容差占用 0.176, maxAbs 9.835e-07, n=786432)
[m15]   B.ssm_ulp.L17.t1                   (报告) 逐位一致 17.2255%; |exp|>=1e-6 子集: 位级一致 17.2256% / ≤1ulp 40.5763% / max ulp 20788 (n=786432)
[m15]   B.cs_shift.L17.t1              PASS (逐字节一致, n=20480)
[m15]   B.cs_shift2.L17.t1             PASS (逐字节一致, n=20480)
[m15]   B.cs_cur.L17.t1                PASS (逐字节一致, n=20480)
[m15]   B.cs.L18.t1                        PASS (bf16 位级一致, n=30720)
[m15]   B.ssm.L18.t1                       PASS (rel 1e-05+1e-06; 最差容差占用 0.135, maxAbs 7.451e-07, n=786432)
[m15]   B.ssm_ulp.L18.t1                   (报告) 逐位一致 23.1304%; |exp|>=1e-6 子集: 位级一致 23.1306% / ≤1ulp 52.3523% / max ulp 19746 (n=786432)
[m15]   B.cs_shift.L18.t1              PASS (逐字节一致, n=20480)
[m15]   B.cs_shift2.L18.t1             PASS (逐字节一致, n=20480)
[m15]   B.cs_cur.L18.t1                PASS (逐字节一致, n=20480)
[m15]   B.t1.attn_passthru.L19         PASS (逐字节一致, n=5120)
[m15]   B.cs.L20.t1                        PASS (bf16 位级一致, n=30720)
[m15]   B.ssm.L20.t1                       PASS (rel 1e-05+1e-06; 最差容差占用 0.063, maxAbs 2.980e-07, n=786432)
[m15]   B.ssm_ulp.L20.t1                   (报告) 逐位一致 21.6766%; |exp|>=1e-6 子集: 位级一致 21.6767% / ≤1ulp 52.0267% / max ulp 9645 (n=786432)
[m15]   B.cs_shift.L20.t1              PASS (逐字节一致, n=20480)
[m15]   B.cs_shift2.L20.t1             PASS (逐字节一致, n=20480)
[m15]   B.cs_cur.L20.t1                PASS (逐字节一致, n=20480)
[m15]   B.cs.L21.t1                        PASS (bf16 位级一致, n=30720)
[m15]   B.ssm.L21.t1                       PASS (rel 1e-05+1e-06; 最差容差占用 0.202, maxAbs 9.835e-07, n=786432)
[m15]   B.ssm_ulp.L21.t1                   (报告) 逐位一致 21.4158%; |exp|>=1e-6 子集: 位级一致 21.4160% / ≤1ulp 47.5469% / max ulp 20158 (n=786432)
[m15]   B.cs_shift.L21.t1              PASS (逐字节一致, n=20480)
[m15]   B.cs_shift2.L21.t1             PASS (逐字节一致, n=20480)
[m15]   B.cs_cur.L21.t1                PASS (逐字节一致, n=20480)
[m15]   B.cs.L22.t1                        PASS (bf16 位级一致, n=30720)
[m15]   B.ssm.L22.t1                       PASS (rel 1e-05+1e-06; 最差容差占用 0.267, maxAbs 1.073e-06, n=786432)
[m15]   B.ssm_ulp.L22.t1                   (报告) 逐位一致 19.7889%; |exp|>=1e-6 子集: 位级一致 19.7929% / ≤1ulp 46.8669% / max ulp 18025 (n=786432)
[m15]   B.cs_shift.L22.t1              PASS (逐字节一致, n=20480)
[m15]   B.cs_shift2.L22.t1             PASS (逐字节一致, n=20480)
[m15]   B.cs_cur.L22.t1                PASS (逐字节一致, n=20480)
[m15]   B.t1.attn_passthru.L23         PASS (逐字节一致, n=5120)
[m15]   B.cs.L24.t1                        PASS (bf16 位级一致, n=30720)
[m15]   B.ssm.L24.t1                       PASS (rel 1e-05+1e-06; 最差容差占用 0.126, maxAbs 5.364e-07, n=786432)
[m15]   B.ssm_ulp.L24.t1                   (报告) 逐位一致 15.9129%; |exp|>=1e-6 子集: 位级一致 15.9129% / ≤1ulp 40.3205% / max ulp 16516 (n=786432)
[m15]   B.cs_shift.L24.t1              PASS (逐字节一致, n=20480)
[m15]   B.cs_shift2.L24.t1             PASS (逐字节一致, n=20480)
[m15]   B.cs_cur.L24.t1                PASS (逐字节一致, n=20480)
[m15]   B.cs.L25.t1                        PASS (bf16 位级一致, n=30720)
[m15]   B.ssm.L25.t1                       PASS (rel 1e-05+1e-06; 最差容差占用 0.099, maxAbs 5.960e-07, n=786432)
[m15]   B.ssm_ulp.L25.t1                   (报告) 逐位一致 28.3768%; |exp|>=1e-6 子集: 位级一致 28.3779% / ≤1ulp 62.1195% / max ulp 31017 (n=786432)
[m15]   B.cs_shift.L25.t1              PASS (逐字节一致, n=20480)
[m15]   B.cs_shift2.L25.t1             PASS (逐字节一致, n=20480)
[m15]   B.cs_cur.L25.t1                PASS (逐字节一致, n=20480)
[m15]   B.cs.L26.t1                        PASS (bf16 位级一致, n=30720)
[m15]   B.ssm.L26.t1                       PASS (rel 1e-05+1e-06; 最差容差占用 0.143, maxAbs 5.066e-07, n=786432)
[m15]   B.ssm_ulp.L26.t1                   (报告) 逐位一致 25.8766%; |exp|>=1e-6 子集: 位级一致 25.8772% / ≤1ulp 55.5998% / max ulp 57634 (n=786432)
[m15]   B.cs_shift.L26.t1              PASS (逐字节一致, n=20480)
[m15]   B.cs_shift2.L26.t1             PASS (逐字节一致, n=20480)
[m15]   B.cs_cur.L26.t1                PASS (逐字节一致, n=20480)
[m15]   B.t1.attn_passthru.L27         PASS (逐字节一致, n=5120)
[m15]   B.cs.L28.t1                        PASS (bf16 位级一致, n=30720)
[m15]   B.ssm.L28.t1                       PASS (rel 1e-05+1e-06; 最差容差占用 0.102, maxAbs 4.172e-07, n=786432)
[m15]   B.ssm_ulp.L28.t1                   (报告) 逐位一致 20.8448%; |exp|>=1e-6 子集: 位级一致 20.8458% / ≤1ulp 48.6453% / max ulp 33685 (n=786432)
[m15]   B.cs_shift.L28.t1              PASS (逐字节一致, n=20480)
[m15]   B.cs_shift2.L28.t1             PASS (逐字节一致, n=20480)
[m15]   B.cs_cur.L28.t1                PASS (逐字节一致, n=20480)
[m15]   B.cs.L29.t1                        PASS (bf16 位级一致, n=30720)
[m15]   B.ssm.L29.t1                       PASS (rel 1e-05+1e-06; 最差容差占用 0.112, maxAbs 5.066e-07, n=786432)
[m15]   B.ssm_ulp.L29.t1                   (报告) 逐位一致 21.3392%; |exp|>=1e-6 子集: 位级一致 21.3393% / ≤1ulp 53.0174% / max ulp 22613 (n=786432)
[m15]   B.cs_shift.L29.t1              PASS (逐字节一致, n=20480)
[m15]   B.cs_shift2.L29.t1             PASS (逐字节一致, n=20480)
[m15]   B.cs_cur.L29.t1                PASS (逐字节一致, n=20480)
[m15]   B.cs.L30.t1                        PASS (bf16 位级一致, n=30720)
[m15]   B.ssm.L30.t1                       PASS (rel 1e-05+1e-06; 最差容差占用 0.089, maxAbs 5.364e-07, n=786432)
[m15]   B.ssm_ulp.L30.t1                   (报告) 逐位一致 22.8402%; |exp|>=1e-6 子集: 位级一致 22.8407% / ≤1ulp 53.6046% / max ulp 25612 (n=786432)
[m15]   B.cs_shift.L30.t1              PASS (逐字节一致, n=20480)
[m15]   B.cs_shift2.L30.t1             PASS (逐字节一致, n=20480)
[m15]   B.cs_cur.L30.t1                PASS (逐字节一致, n=20480)
[m15]   B.t1.attn_passthru.L31         PASS (逐字节一致, n=5120)
[m15]   B.cs.L32.t1                        PASS (bf16 位级一致, n=30720)
[m15]   B.ssm.L32.t1                       PASS (rel 1e-05+1e-06; 最差容差占用 0.058, maxAbs 2.980e-07, n=786432)
[m15]   B.ssm_ulp.L32.t1                   (报告) 逐位一致 25.4850%; |exp|>=1e-6 子集: 位级一致 25.4855% / ≤1ulp 58.5901% / max ulp 23816 (n=786432)
[m15]   B.cs_shift.L32.t1              PASS (逐字节一致, n=20480)
[m15]   B.cs_shift2.L32.t1             PASS (逐字节一致, n=20480)
[m15]   B.cs_cur.L32.t1                PASS (逐字节一致, n=20480)
[m15]   B.cs.L33.t1                        PASS (bf16 位级一致, n=30720)
[m15]   B.ssm.L33.t1                       PASS (rel 1e-05+1e-06; 最差容差占用 0.084, maxAbs 4.470e-07, n=786432)
[m15]   B.ssm_ulp.L33.t1                   (报告) 逐位一致 20.7467%; |exp|>=1e-6 子集: 位级一致 20.7468% / ≤1ulp 48.2521% / max ulp 45602 (n=786432)
[m15]   B.cs_shift.L33.t1              PASS (逐字节一致, n=20480)
[m15]   B.cs_shift2.L33.t1             PASS (逐字节一致, n=20480)
[m15]   B.cs_cur.L33.t1                PASS (逐字节一致, n=20480)
[m15]   B.cs.L34.t1                        PASS (bf16 位级一致, n=30720)
[m15]   B.ssm.L34.t1                       PASS (rel 1e-05+1e-06; 最差容差占用 0.070, maxAbs 3.576e-07, n=786432)
[m15]   B.ssm_ulp.L34.t1                   (报告) 逐位一致 25.3852%; |exp|>=1e-6 子集: 位级一致 25.3852% / ≤1ulp 57.1947% / max ulp 19757 (n=786432)
[m15]   B.cs_shift.L34.t1              PASS (逐字节一致, n=20480)
[m15]   B.cs_shift2.L34.t1             PASS (逐字节一致, n=20480)
[m15]   B.cs_cur.L34.t1                PASS (逐字节一致, n=20480)
[m15]   B.t1.attn_passthru.L35         PASS (逐字节一致, n=5120)
[m15]   B.cs.L36.t1                        PASS (bf16 位级一致, n=30720)
[m15]   B.ssm.L36.t1                       PASS (rel 1e-05+1e-06; 最差容差占用 0.119, maxAbs 7.153e-07, n=786432)
[m15]   B.ssm_ulp.L36.t1                   (报告) 逐位一致 22.3361%; |exp|>=1e-6 子集: 位级一致 22.3361% / ≤1ulp 52.6854% / max ulp 17342 (n=786432)
[m15]   B.cs_shift.L36.t1              PASS (逐字节一致, n=20480)
[m15]   B.cs_shift2.L36.t1             PASS (逐字节一致, n=20480)
[m15]   B.cs_cur.L36.t1                PASS (逐字节一致, n=20480)
[m15]   B.cs.L37.t1                        PASS (bf16 位级一致, n=30720)
[m15]   B.ssm.L37.t1                       PASS (rel 1e-05+1e-06; 最差容差占用 0.049, maxAbs 2.086e-07, n=786432)
[m15]   B.ssm_ulp.L37.t1                   (报告) 逐位一致 21.0988%; |exp|>=1e-6 子集: 位级一致 21.0991% / ≤1ulp 52.4427% / max ulp 23996 (n=786432)
[m15]   B.cs_shift.L37.t1              PASS (逐字节一致, n=20480)
[m15]   B.cs_shift2.L37.t1             PASS (逐字节一致, n=20480)
[m15]   B.cs_cur.L37.t1                PASS (逐字节一致, n=20480)
[m15]   B.cs.L38.t1                        PASS (bf16 位级一致, n=30720)
[m15]   B.ssm.L38.t1                       PASS (rel 1e-05+1e-06; 最差容差占用 0.212, maxAbs 7.451e-07, n=786432)
[m15]   B.ssm_ulp.L38.t1                   (报告) 逐位一致 17.9248%; |exp|>=1e-6 子集: 位级一致 17.9344% / ≤1ulp 41.7264% / max ulp 4181 (n=786432)
[m15]   B.cs_shift.L38.t1              PASS (逐字节一致, n=20480)
[m15]   B.cs_shift2.L38.t1             PASS (逐字节一致, n=20480)
[m15]   B.cs_cur.L38.t1                PASS (逐字节一致, n=20480)
[m15]   B.t1.attn_passthru.L39         PASS (逐字节一致, n=5120)
[m15]   B.cs.L40.t1                        PASS (bf16 位级一致, n=30720)
[m15]   B.ssm.L40.t1                       PASS (rel 1e-05+1e-06; 最差容差占用 0.073, maxAbs 4.172e-07, n=786432)
[m15]   B.ssm_ulp.L40.t1                   (报告) 逐位一致 28.8338%; |exp|>=1e-6 子集: 位级一致 28.8340% / ≤1ulp 63.6522% / max ulp 11700 (n=786432)
[m15]   B.cs_shift.L40.t1              PASS (逐字节一致, n=20480)
[m15]   B.cs_shift2.L40.t1             PASS (逐字节一致, n=20480)
[m15]   B.cs_cur.L40.t1                PASS (逐字节一致, n=20480)
[m15]   B.cs.L41.t1                        PASS (bf16 位级一致, n=30720)
[m15]   B.ssm.L41.t1                       PASS (rel 1e-05+1e-06; 最差容差占用 0.094, maxAbs 5.066e-07, n=786432)
[m15]   B.ssm_ulp.L41.t1                   (报告) 逐位一致 31.1946%; |exp|>=1e-6 子集: 位级一致 31.1947% / ≤1ulp 67.5077% / max ulp 38597 (n=786432)
[m15]   B.cs_shift.L41.t1              PASS (逐字节一致, n=20480)
[m15]   B.cs_shift2.L41.t1             PASS (逐字节一致, n=20480)
[m15]   B.cs_cur.L41.t1                PASS (逐字节一致, n=20480)
[m15]   B.cs.L42.t1                        PASS (bf16 位级一致, n=30720)
[m15]   B.ssm.L42.t1                       PASS (rel 1e-05+1e-06; 最差容差占用 0.083, maxAbs 4.172e-07, n=786432)
[m15]   B.ssm_ulp.L42.t1                   (报告) 逐位一致 29.3466%; |exp|>=1e-6 子集: 位级一致 29.3466% / ≤1ulp 61.9920% / max ulp 12155 (n=786432)
[m15]   B.cs_shift.L42.t1              PASS (逐字节一致, n=20480)
[m15]   B.cs_shift2.L42.t1             PASS (逐字节一致, n=20480)
[m15]   B.cs_cur.L42.t1                PASS (逐字节一致, n=20480)
[m15]   B.t1.attn_passthru.L43         PASS (逐字节一致, n=5120)
[m15]   B.cs.L44.t1                        PASS (bf16 位级一致, n=30720)
[m15]   B.ssm.L44.t1                       PASS (rel 1e-05+1e-06; 最差容差占用 0.092, maxAbs 5.364e-07, n=786432)
[m15]   B.ssm_ulp.L44.t1                   (报告) 逐位一致 18.5057%; |exp|>=1e-6 子集: 位级一致 18.5059% / ≤1ulp 44.8895% / max ulp 17023 (n=786432)
[m15]   B.cs_shift.L44.t1              PASS (逐字节一致, n=20480)
[m15]   B.cs_shift2.L44.t1             PASS (逐字节一致, n=20480)
[m15]   B.cs_cur.L44.t1                PASS (逐字节一致, n=20480)
[m15]   B.cs.L45.t1                        PASS (bf16 位级一致, n=30720)
[m15]   B.ssm.L45.t1                       PASS (rel 1e-05+1e-06; 最差容差占用 0.139, maxAbs 5.364e-07, n=786432)
[m15]   B.ssm_ulp.L45.t1                   (报告) 逐位一致 26.4712%; |exp|>=1e-6 子集: 位级一致 26.4714% / ≤1ulp 59.4789% / max ulp 193347 (n=786432)
[m15]   B.cs_shift.L45.t1              PASS (逐字节一致, n=20480)
[m15]   B.cs_shift2.L45.t1             PASS (逐字节一致, n=20480)
[m15]   B.cs_cur.L45.t1                PASS (逐字节一致, n=20480)
[m15]   B.cs.L46.t1                        PASS (bf16 位级一致, n=30720)
[m15]   B.ssm.L46.t1                       PASS (rel 1e-05+1e-06; 最差容差占用 0.086, maxAbs 4.768e-07, n=786432)
[m15]   B.ssm_ulp.L46.t1                   (报告) 逐位一致 24.6413%; |exp|>=1e-6 子集: 位级一致 24.6414% / ≤1ulp 57.9180% / max ulp 13053 (n=786432)
[m15]   B.cs_shift.L46.t1              PASS (逐字节一致, n=20480)
[m15]   B.cs_shift2.L46.t1             PASS (逐字节一致, n=20480)
[m15]   B.cs_cur.L46.t1                PASS (逐字节一致, n=20480)
[m15]   B.t1.attn_passthru.L47         PASS (逐字节一致, n=5120)
[m15]   B.cs.L00.t2                        PASS (bf16 位级一致, n=30720)
[m15]   B.ssm.L00.t2                       PASS (rel 1e-05+1e-06; 最差容差占用 0.122, maxAbs 4.768e-07, n=786432)
[m15]   B.ssm_ulp.L00.t2                   (报告) 逐位一致 21.8497%; |exp|>=1e-6 子集: 位级一致 21.8438% / ≤1ulp 50.3365% / max ulp 8624 (n=786432)
[m15]   B.cs_shift.L00.t2              PASS (逐字节一致, n=20480)
[m15]   B.cs_shift2.L00.t2             PASS (逐字节一致, n=20480)
[m15]   B.cs_cur.L00.t2                PASS (逐字节一致, n=20480)
[m15]   B.cs.L01.t2                        PASS (bf16 位级一致, n=30720)
[m15]   B.ssm.L01.t2                       PASS (rel 1e-05+1e-06; 最差容差占用 0.110, maxAbs 6.557e-07, n=786432)
[m15]   B.ssm_ulp.L01.t2                   (报告) 逐位一致 15.6639%; |exp|>=1e-6 子集: 位级一致 15.6656% / ≤1ulp 39.9427% / max ulp 28269 (n=786432)
[m15]   B.cs_shift.L01.t2              PASS (逐字节一致, n=20480)
[m15]   B.cs_shift2.L01.t2             PASS (逐字节一致, n=20480)
[m15]   B.cs_cur.L01.t2                PASS (逐字节一致, n=20480)
[m15]   B.cs.L02.t2                        PASS (bf16 位级一致, n=30720)
[m15]   B.ssm.L02.t2                       PASS (rel 1e-05+1e-06; 最差容差占用 0.075, maxAbs 3.576e-07, n=786432)
[m15]   B.ssm_ulp.L02.t2                   (报告) 逐位一致 25.4031%; |exp|>=1e-6 子集: 位级一致 25.4124% / ≤1ulp 61.1344% / max ulp 104793 (n=786432)
[m15]   B.cs_shift.L02.t2              PASS (逐字节一致, n=20480)
[m15]   B.cs_shift2.L02.t2             PASS (逐字节一致, n=20480)
[m15]   B.cs_cur.L02.t2                PASS (逐字节一致, n=20480)
[m15]   B.t2.attn_passthru.L03         PASS (逐字节一致, n=5120)
[m15]   B.cs.L04.t2                        PASS (bf16 位级一致, n=30720)
[m15]   B.ssm.L04.t2                       PASS (rel 1e-05+1e-06; 最差容差占用 0.119, maxAbs 7.153e-07, n=786432)
[m15]   B.ssm_ulp.L04.t2                   (报告) 逐位一致 25.1016%; |exp|>=1e-6 子集: 位级一致 25.1055% / ≤1ulp 58.7996% / max ulp 69355 (n=786432)
[m15]   B.cs_shift.L04.t2              PASS (逐字节一致, n=20480)
[m15]   B.cs_shift2.L04.t2             PASS (逐字节一致, n=20480)
[m15]   B.cs_cur.L04.t2                PASS (逐字节一致, n=20480)
[m15]   B.cs.L05.t2                        PASS (bf16 位级一致, n=30720)
[m15]   B.ssm.L05.t2                       PASS (rel 1e-05+1e-06; 最差容差占用 0.068, maxAbs 4.172e-07, n=786432)
[m15]   B.ssm_ulp.L05.t2                   (报告) 逐位一致 16.8011%; |exp|>=1e-6 子集: 位级一致 16.8027% / ≤1ulp 43.7175% / max ulp 41400 (n=786432)
[m15]   B.cs_shift.L05.t2              PASS (逐字节一致, n=20480)
[m15]   B.cs_shift2.L05.t2             PASS (逐字节一致, n=20480)
[m15]   B.cs_cur.L05.t2                PASS (逐字节一致, n=20480)
[m15]   B.cs.L06.t2                        PASS (bf16 位级一致, n=30720)
[m15]   B.ssm.L06.t2                       PASS (rel 1e-05+1e-06; 最差容差占用 0.176, maxAbs 8.643e-07, n=786432)
[m15]   B.ssm_ulp.L06.t2                   (报告) 逐位一致 16.6986%; |exp|>=1e-6 子集: 位级一致 16.7027% / ≤1ulp 41.1910% / max ulp 70762 (n=786432)
[m15]   B.cs_shift.L06.t2              PASS (逐字节一致, n=20480)
[m15]   B.cs_shift2.L06.t2             PASS (逐字节一致, n=20480)
[m15]   B.cs_cur.L06.t2                PASS (逐字节一致, n=20480)
[m15]   B.t2.attn_passthru.L07         PASS (逐字节一致, n=5120)
[m15]   B.cs.L08.t2                        PASS (bf16 位级一致, n=30720)
[m15]   B.ssm.L08.t2                       PASS (rel 1e-05+1e-06; 最差容差占用 0.153, maxAbs 6.855e-07, n=786432)
[m15]   B.ssm_ulp.L08.t2                   (报告) 逐位一致 15.1360%; |exp|>=1e-6 子集: 位级一致 15.1361% / ≤1ulp 39.1594% / max ulp 19198 (n=786432)
[m15]   B.cs_shift.L08.t2              PASS (逐字节一致, n=20480)
[m15]   B.cs_shift2.L08.t2             PASS (逐字节一致, n=20480)
[m15]   B.cs_cur.L08.t2                PASS (逐字节一致, n=20480)
[m15]   B.cs.L09.t2                        PASS (bf16 位级一致, n=30720)
[m15]   B.ssm.L09.t2                       PASS (rel 1e-05+1e-06; 最差容差占用 0.108, maxAbs 5.066e-07, n=786432)
[m15]   B.ssm_ulp.L09.t2                   (报告) 逐位一致 21.2816%; |exp|>=1e-6 子集: 位级一致 21.2837% / ≤1ulp 51.0099% / max ulp 17296 (n=786432)
[m15]   B.cs_shift.L09.t2              PASS (逐字节一致, n=20480)
[m15]   B.cs_shift2.L09.t2             PASS (逐字节一致, n=20480)
[m15]   B.cs_cur.L09.t2                PASS (逐字节一致, n=20480)
[m15]   B.cs.L10.t2                        PASS (bf16 位级一致, n=30720)
[m15]   B.ssm.L10.t2                       PASS (rel 1e-05+1e-06; 最差容差占用 0.088, maxAbs 4.172e-07, n=786432)
[m15]   B.ssm_ulp.L10.t2                   (报告) 逐位一致 18.0964%; |exp|>=1e-6 子集: 位级一致 18.1015% / ≤1ulp 44.4976% / max ulp 27366 (n=786432)
[m15]   B.cs_shift.L10.t2              PASS (逐字节一致, n=20480)
[m15]   B.cs_shift2.L10.t2             PASS (逐字节一致, n=20480)
[m15]   B.cs_cur.L10.t2                PASS (逐字节一致, n=20480)
[m15]   B.t2.attn_passthru.L11         PASS (逐字节一致, n=5120)
[m15]   B.cs.L12.t2                        PASS (bf16 位级一致, n=30720)
[m15]   B.ssm.L12.t2                       PASS (rel 1e-05+1e-06; 最差容差占用 0.131, maxAbs 5.364e-07, n=786432)
[m15]   B.ssm_ulp.L12.t2                   (报告) 逐位一致 14.1131%; |exp|>=1e-6 子集: 位级一致 14.1185% / ≤1ulp 37.5656% / max ulp 20403 (n=786432)
[m15]   B.cs_shift.L12.t2              PASS (逐字节一致, n=20480)
[m15]   B.cs_shift2.L12.t2             PASS (逐字节一致, n=20480)
[m15]   B.cs_cur.L12.t2                PASS (逐字节一致, n=20480)
[m15]   B.cs.L13.t2                        PASS (bf16 位级一致, n=30720)
[m15]   B.ssm.L13.t2                       PASS (rel 1e-05+1e-06; 最差容差占用 0.105, maxAbs 5.662e-07, n=786432)
[m15]   B.ssm_ulp.L13.t2                   (报告) 逐位一致 14.6014%; |exp|>=1e-6 子集: 位级一致 14.6014% / ≤1ulp 37.3539% / max ulp 55288 (n=786432)
[m15]   B.cs_shift.L13.t2              PASS (逐字节一致, n=20480)
[m15]   B.cs_shift2.L13.t2             PASS (逐字节一致, n=20480)
[m15]   B.cs_cur.L13.t2                PASS (逐字节一致, n=20480)
[m15]   B.cs.L14.t2                        PASS (bf16 位级一致, n=30720)
[m15]   B.ssm.L14.t2                       PASS (rel 1e-05+1e-06; 最差容差占用 0.103, maxAbs 5.066e-07, n=786432)
[m15]   B.ssm_ulp.L14.t2                   (报告) 逐位一致 20.4511%; |exp|>=1e-6 子集: 位级一致 20.4571% / ≤1ulp 53.1993% / max ulp 38604 (n=786432)
[m15]   B.cs_shift.L14.t2              PASS (逐字节一致, n=20480)
[m15]   B.cs_shift2.L14.t2             PASS (逐字节一致, n=20480)
[m15]   B.cs_cur.L14.t2                PASS (逐字节一致, n=20480)
[m15]   B.t2.attn_passthru.L15         PASS (逐字节一致, n=5120)
[m15]   B.cs.L16.t2                        PASS (bf16 位级一致, n=30720)
[m15]   B.ssm.L16.t2                       PASS (rel 1e-05+1e-06; 最差容差占用 0.098, maxAbs 5.662e-07, n=786432)
[m15]   B.ssm_ulp.L16.t2                   (报告) 逐位一致 20.3686%; |exp|>=1e-6 子集: 位级一致 20.3714% / ≤1ulp 50.6845% / max ulp 38288 (n=786432)
[m15]   B.cs_shift.L16.t2              PASS (逐字节一致, n=20480)
[m15]   B.cs_shift2.L16.t2             PASS (逐字节一致, n=20480)
[m15]   B.cs_cur.L16.t2                PASS (逐字节一致, n=20480)
[m15]   B.cs.L17.t2                        PASS (bf16 位级一致, n=30720)
[m15]   B.ssm.L17.t2                       PASS (rel 1e-05+1e-06; 最差容差占用 0.180, maxAbs 7.749e-07, n=786432)
[m15]   B.ssm_ulp.L17.t2                   (报告) 逐位一致 12.6241%; |exp|>=1e-6 子集: 位级一致 12.6243% / ≤1ulp 32.1775% / max ulp 68323 (n=786432)
[m15]   B.cs_shift.L17.t2              PASS (逐字节一致, n=20480)
[m15]   B.cs_shift2.L17.t2             PASS (逐字节一致, n=20480)
[m15]   B.cs_cur.L17.t2                PASS (逐字节一致, n=20480)
[m15]   B.cs.L18.t2                        PASS (bf16 位级一致, n=30720)
[m15]   B.ssm.L18.t2                       PASS (rel 1e-05+1e-06; 最差容差占用 0.204, maxAbs 1.103e-06, n=786432)
[m15]   B.ssm_ulp.L18.t2                   (报告) 逐位一致 18.9744%; |exp|>=1e-6 子集: 位级一致 18.9747% / ≤1ulp 47.0997% / max ulp 82094 (n=786432)
[m15]   B.cs_shift.L18.t2              PASS (逐字节一致, n=20480)
[m15]   B.cs_shift2.L18.t2             PASS (逐字节一致, n=20480)
[m15]   B.cs_cur.L18.t2                PASS (逐字节一致, n=20480)
[m15]   B.t2.attn_passthru.L19         PASS (逐字节一致, n=5120)
[m15]   B.cs.L20.t2                        PASS (bf16 位级一致, n=30720)
[m15]   B.ssm.L20.t2                       PASS (rel 1e-05+1e-06; 最差容差占用 0.094, maxAbs 5.364e-07, n=786432)
[m15]   B.ssm_ulp.L20.t2                   (报告) 逐位一致 15.3141%; |exp|>=1e-6 子集: 位级一致 15.3142% / ≤1ulp 40.8233% / max ulp 15353 (n=786432)
[m15]   B.cs_shift.L20.t2              PASS (逐字节一致, n=20480)
[m15]   B.cs_shift2.L20.t2             PASS (逐字节一致, n=20480)
[m15]   B.cs_cur.L20.t2                PASS (逐字节一致, n=20480)
[m15]   B.cs.L21.t2                        PASS (bf16 位级一致, n=30720)
[m15]   B.ssm.L21.t2                       PASS (rel 1e-05+1e-06; 最差容差占用 0.141, maxAbs 7.749e-07, n=786432)
[m15]   B.ssm_ulp.L21.t2                   (报告) 逐位一致 15.6956%; |exp|>=1e-6 子集: 位级一致 15.6960% / ≤1ulp 37.1558% / max ulp 67873 (n=786432)
[m15]   B.cs_shift.L21.t2              PASS (逐字节一致, n=20480)
[m15]   B.cs_shift2.L21.t2             PASS (逐字节一致, n=20480)
[m15]   B.cs_cur.L21.t2                PASS (逐字节一致, n=20480)
[m15]   B.cs.L22.t2                        PASS (bf16 位级一致, n=30720)
[m15]   B.ssm.L22.t2                       PASS (rel 1e-05+1e-06; 最差容差占用 0.317, maxAbs 1.073e-06, n=786432)
[m15]   B.ssm_ulp.L22.t2                   (报告) 逐位一致 12.9140%; |exp|>=1e-6 子集: 位级一致 12.9220% / ≤1ulp 35.4757% / max ulp 19412 (n=786432)
[m15]   B.cs_shift.L22.t2              PASS (逐字节一致, n=20480)
[m15]   B.cs_shift2.L22.t2             PASS (逐字节一致, n=20480)
[m15]   B.cs_cur.L22.t2                PASS (逐字节一致, n=20480)
[m15]   B.t2.attn_passthru.L23         PASS (逐字节一致, n=5120)
[m15]   B.cs.L24.t2                        PASS (bf16 位级一致, n=30720)
[m15]   B.ssm.L24.t2                       PASS (rel 1e-05+1e-06; 最差容差占用 0.150, maxAbs 5.364e-07, n=786432)
[m15]   B.ssm_ulp.L24.t2                   (报告) 逐位一致 15.1843%; |exp|>=1e-6 子集: 位级一致 15.1843% / ≤1ulp 36.8892% / max ulp 18565 (n=786432)
[m15]   B.cs_shift.L24.t2              PASS (逐字节一致, n=20480)
[m15]   B.cs_shift2.L24.t2             PASS (逐字节一致, n=20480)
[m15]   B.cs_cur.L24.t2                PASS (逐字节一致, n=20480)
[m15]   B.cs.L25.t2                        PASS (bf16 位级一致, n=30720)
[m15]   B.ssm.L25.t2                       PASS (rel 1e-05+1e-06; 最差容差占用 0.099, maxAbs 5.960e-07, n=786432)
[m15]   B.ssm_ulp.L25.t2                   (报告) 逐位一致 20.5866%; |exp|>=1e-6 子集: 位级一致 20.5930% / ≤1ulp 51.9951% / max ulp 22148 (n=786432)
[m15]   B.cs_shift.L25.t2              PASS (逐字节一致, n=20480)
[m15]   B.cs_shift2.L25.t2             PASS (逐字节一致, n=20480)
[m15]   B.cs_cur.L25.t2                PASS (逐字节一致, n=20480)
[m15]   B.cs.L26.t2                        PASS (bf16 位级一致, n=30720)
[m15]   B.ssm.L26.t2                       PASS (rel 1e-05+1e-06; 最差容差占用 0.224, maxAbs 5.960e-07, n=786432)
[m15]   B.ssm_ulp.L26.t2                   (报告) 逐位一致 20.0310%; |exp|>=1e-6 子集: 位级一致 20.0341% / ≤1ulp 48.3368% / max ulp 22315 (n=786432)
[m15]   B.cs_shift.L26.t2              PASS (逐字节一致, n=20480)
[m15]   B.cs_shift2.L26.t2             PASS (逐字节一致, n=20480)
[m15]   B.cs_cur.L26.t2                PASS (逐字节一致, n=20480)
[m15]   B.t2.attn_passthru.L27         PASS (逐字节一致, n=5120)
[m15]   B.cs.L28.t2                        PASS (bf16 位级一致, n=30720)
[m15]   B.ssm.L28.t2                       PASS (rel 1e-05+1e-06; 最差容差占用 0.127, maxAbs 7.153e-07, n=786432)
[m15]   B.ssm_ulp.L28.t2                   (报告) 逐位一致 16.3338%; |exp|>=1e-6 子集: 位级一致 16.3415% / ≤1ulp 42.9290% / max ulp 24135 (n=786432)
[m15]   B.cs_shift.L28.t2              PASS (逐字节一致, n=20480)
[m15]   B.cs_shift2.L28.t2             PASS (逐字节一致, n=20480)
[m15]   B.cs_cur.L28.t2                PASS (逐字节一致, n=20480)
[m15]   B.cs.L29.t2                        PASS (bf16 位级一致, n=30720)
[m15]   B.ssm.L29.t2                       PASS (rel 1e-05+1e-06; 最差容差占用 0.124, maxAbs 5.662e-07, n=786432)
[m15]   B.ssm_ulp.L29.t2                   (报告) 逐位一致 16.1503%; |exp|>=1e-6 子集: 位级一致 16.1503% / ≤1ulp 42.5309% / max ulp 36360 (n=786432)
[m15]   B.cs_shift.L29.t2              PASS (逐字节一致, n=20480)
[m15]   B.cs_shift2.L29.t2             PASS (逐字节一致, n=20480)
[m15]   B.cs_cur.L29.t2                PASS (逐字节一致, n=20480)
[m15]   B.cs.L30.t2                        PASS (bf16 位级一致, n=30720)
[m15]   B.ssm.L30.t2                       PASS (rel 1e-05+1e-06; 最差容差占用 0.139, maxAbs 8.345e-07, n=786432)
[m15]   B.ssm_ulp.L30.t2                   (报告) 逐位一致 16.4113%; |exp|>=1e-6 子集: 位级一致 16.4139% / ≤1ulp 43.4366% / max ulp 21499 (n=786432)
[m15]   B.cs_shift.L30.t2              PASS (逐字节一致, n=20480)
[m15]   B.cs_shift2.L30.t2             PASS (逐字节一致, n=20480)
[m15]   B.cs_cur.L30.t2                PASS (逐字节一致, n=20480)
[m15]   B.t2.attn_passthru.L31         PASS (逐字节一致, n=5120)
[m15]   B.cs.L32.t2                        PASS (bf16 位级一致, n=30720)
[m15]   B.ssm.L32.t2                       PASS (rel 1e-05+1e-06; 最差容差占用 0.119, maxAbs 7.153e-07, n=786432)
[m15]   B.ssm_ulp.L32.t2                   (报告) 逐位一致 23.0573%; |exp|>=1e-6 子集: 位级一致 23.0542% / ≤1ulp 55.0995% / max ulp 31190 (n=786432)
[m15]   B.cs_shift.L32.t2              PASS (逐字节一致, n=20480)
[m15]   B.cs_shift2.L32.t2             PASS (逐字节一致, n=20480)
[m15]   B.cs_cur.L32.t2                PASS (逐字节一致, n=20480)
[m15]   B.cs.L33.t2                        PASS (bf16 位级一致, n=30720)
[m15]   B.ssm.L33.t2                       PASS (rel 1e-05+1e-06; 最差容差占用 0.130, maxAbs 7.451e-07, n=786432)
[m15]   B.ssm_ulp.L33.t2                   (报告) 逐位一致 11.4600%; |exp|>=1e-6 子集: 位级一致 11.4603% / ≤1ulp 32.3767% / max ulp 22905 (n=786432)
[m15]   B.cs_shift.L33.t2              PASS (逐字节一致, n=20480)
[m15]   B.cs_shift2.L33.t2             PASS (逐字节一致, n=20480)
[m15]   B.cs_cur.L33.t2                PASS (逐字节一致, n=20480)
[m15]   B.cs.L34.t2                        PASS (bf16 位级一致, n=30720)
[m15]   B.ssm.L34.t2                       PASS (rel 1e-05+1e-06; 最差容差占用 0.107, maxAbs 5.960e-07, n=786432)
[m15]   B.ssm_ulp.L34.t2                   (报告) 逐位一致 21.3071%; |exp|>=1e-6 子集: 位级一致 21.3073% / ≤1ulp 52.1521% / max ulp 16513 (n=786432)
[m15]   B.cs_shift.L34.t2              PASS (逐字节一致, n=20480)
[m15]   B.cs_shift2.L34.t2             PASS (逐字节一致, n=20480)
[m15]   B.cs_cur.L34.t2                PASS (逐字节一致, n=20480)
[m15]   B.t2.attn_passthru.L35         PASS (逐字节一致, n=5120)
[m15]   B.cs.L36.t2                        PASS (bf16 位级一致, n=30720)
[m15]   B.ssm.L36.t2                       PASS (rel 1e-05+1e-06; 最差容差占用 0.071, maxAbs 4.172e-07, n=786432)
[m15]   B.ssm_ulp.L36.t2                   (报告) 逐位一致 17.0481%; |exp|>=1e-6 子集: 位级一致 17.0482% / ≤1ulp 44.5102% / max ulp 22904 (n=786432)
[m15]   B.cs_shift.L36.t2              PASS (逐字节一致, n=20480)
[m15]   B.cs_shift2.L36.t2             PASS (逐字节一致, n=20480)
[m15]   B.cs_cur.L36.t2                PASS (逐字节一致, n=20480)
[m15]   B.cs.L37.t2                        PASS (bf16 位级一致, n=30720)
[m15]   B.ssm.L37.t2                       PASS (rel 1e-05+1e-06; 最差容差占用 0.131, maxAbs 5.364e-07, n=786432)
[m15]   B.ssm_ulp.L37.t2                   (报告) 逐位一致 17.8575%; |exp|>=1e-6 子集: 位级一致 17.8597% / ≤1ulp 47.1305% / max ulp 25405 (n=786432)
[m15]   B.cs_shift.L37.t2              PASS (逐字节一致, n=20480)
[m15]   B.cs_shift2.L37.t2             PASS (逐字节一致, n=20480)
[m15]   B.cs_cur.L37.t2                PASS (逐字节一致, n=20480)
[m15]   B.cs.L38.t2                        PASS (bf16 位级一致, n=30720)
[m15]   B.ssm.L38.t2                       PASS (rel 1e-05+1e-06; 最差容差占用 0.147, maxAbs 5.364e-07, n=786432)
[m15]   B.ssm_ulp.L38.t2                   (报告) 逐位一致 18.5984%; |exp|>=1e-6 子集: 位级一致 18.6022% / ≤1ulp 44.4660% / max ulp 13107 (n=786432)
[m15]   B.cs_shift.L38.t2              PASS (逐字节一致, n=20480)
[m15]   B.cs_shift2.L38.t2             PASS (逐字节一致, n=20480)
[m15]   B.cs_cur.L38.t2                PASS (逐字节一致, n=20480)
[m15]   B.t2.attn_passthru.L39         PASS (逐字节一致, n=5120)
[m15]   B.cs.L40.t2                        PASS (bf16 位级一致, n=30720)
[m15]   B.ssm.L40.t2                       PASS (rel 1e-05+1e-06; 最差容差占用 0.091, maxAbs 5.066e-07, n=786432)
[m15]   B.ssm_ulp.L40.t2                   (报告) 逐位一致 24.5564%; |exp|>=1e-6 子集: 位级一致 24.5567% / ≤1ulp 58.1528% / max ulp 50008 (n=786432)
[m15]   B.cs_shift.L40.t2              PASS (逐字节一致, n=20480)
[m15]   B.cs_shift2.L40.t2             PASS (逐字节一致, n=20480)
[m15]   B.cs_cur.L40.t2                PASS (逐字节一致, n=20480)
[m15]   B.cs.L41.t2                        PASS (bf16 位级一致, n=30720)
[m15]   B.ssm.L41.t2                       PASS (rel 1e-05+1e-06; 最差容差占用 0.082, maxAbs 4.172e-07, n=786432)
[m15]   B.ssm_ulp.L41.t2                   (报告) 逐位一致 24.7695%; |exp|>=1e-6 子集: 位级一致 24.7703% / ≤1ulp 59.7188% / max ulp 9554 (n=786432)
[m15]   B.cs_shift.L41.t2              PASS (逐字节一致, n=20480)
[m15]   B.cs_shift2.L41.t2             PASS (逐字节一致, n=20480)
[m15]   B.cs_cur.L41.t2                PASS (逐字节一致, n=20480)
[m15]   B.cs.L42.t2                        PASS (bf16 位级一致, n=30720)
[m15]   B.ssm.L42.t2                       PASS (rel 1e-05+1e-06; 最差容差占用 0.120, maxAbs 5.662e-07, n=786432)
[m15]   B.ssm_ulp.L42.t2                   (报告) 逐位一致 23.0709%; |exp|>=1e-6 子集: 位级一致 23.0710% / ≤1ulp 54.9825% / max ulp 14881 (n=786432)
[m15]   B.cs_shift.L42.t2              PASS (逐字节一致, n=20480)
[m15]   B.cs_shift2.L42.t2             PASS (逐字节一致, n=20480)
[m15]   B.cs_cur.L42.t2                PASS (逐字节一致, n=20480)
[m15]   B.t2.attn_passthru.L43         PASS (逐字节一致, n=5120)
[m15]   B.cs.L44.t2                        PASS (bf16 位级一致, n=30720)
[m15]   B.ssm.L44.t2                       PASS (rel 1e-05+1e-06; 最差容差占用 0.105, maxAbs 5.960e-07, n=786432)
[m15]   B.ssm_ulp.L44.t2                   (报告) 逐位一致 14.5777%; |exp|>=1e-6 子集: 位级一致 14.5781% / ≤1ulp 39.2068% / max ulp 43137 (n=786432)
[m15]   B.cs_shift.L44.t2              PASS (逐字节一致, n=20480)
[m15]   B.cs_shift2.L44.t2             PASS (逐字节一致, n=20480)
[m15]   B.cs_cur.L44.t2                PASS (逐字节一致, n=20480)
[m15]   B.cs.L45.t2                        PASS (bf16 位级一致, n=30720)
[m15]   B.ssm.L45.t2                       PASS (rel 1e-05+1e-06; 最差容差占用 0.110, maxAbs 5.662e-07, n=786432)
[m15]   B.ssm_ulp.L45.t2                   (报告) 逐位一致 20.6724%; |exp|>=1e-6 子集: 位级一致 20.6727% / ≤1ulp 47.8250% / max ulp 36980 (n=786432)
[m15]   B.cs_shift.L45.t2              PASS (逐字节一致, n=20480)
[m15]   B.cs_shift2.L45.t2             PASS (逐字节一致, n=20480)
[m15]   B.cs_cur.L45.t2                PASS (逐字节一致, n=20480)
[m15]   B.cs.L46.t2                        PASS (bf16 位级一致, n=30720)
[m15]   B.ssm.L46.t2                       PASS (rel 1e-05+1e-06; 最差容差占用 0.125, maxAbs 4.768e-07, n=786432)
[m15]   B.ssm_ulp.L46.t2                   (报告) 逐位一致 18.9337%; |exp|>=1e-6 子集: 位级一致 18.9339% / ≤1ulp 49.2362% / max ulp 25854 (n=786432)
[m15]   B.cs_shift.L46.t2              PASS (逐字节一致, n=20480)
[m15]   B.cs_shift2.L46.t2             PASS (逐字节一致, n=20480)
[m15]   B.cs_cur.L46.t2                PASS (逐字节一致, n=20480)
[m15]   B.t2.attn_passthru.L47         PASS (逐字节一致, n=5120)
[m15] 验证 B：48 层 × 3 token；非空洞性：cs 演化 36/36，ssm 演化 36/36（应 = 层数）
[m15]   B.cs_evolved                       PASS (所有 36 个 GDN 层的 conv_state 都随 token 变化)
[m15]   B.ssm_evolved                      PASS (所有 36 个 GDN 层的 ssm_state 都随 token 变化)

[m15] ===== 验证 C：开销基线（48 层 × 10 次重复；host 计时）=====
[m15]   单层「启动+sync」往返          中位 0.151 ms
[m15]   48 次启动 host 下发（无 sync） 中位 0.115 ms → 每次启动 2.41 us
[m15]   48 层 step（下发 + 尾部 sync） 中位 5.090 ms
[m15]   48 次「逐层 sync」            中位 5.443 ms → 相对 step 多花 0.353 ms（≈ 每次额外 sync 7.52 us）
[m15]   设备执行估计（step − 下发）    4.974 ms（准确值见 msprof，parse_msprof.py 汇总）
[m15]   host 下发占 step wall 的        2.27%
[m15]   （aclgraph 上限收益 ~ 该占比；跨层预取的收益不在此列）
[m15]   C.timing                   PASS
[m15]   ---- 生产形态数据复核（无中间 sync 的 48 次连发）----
[m15]   C.nosync_vs_sync(h/cs/ssm)         PASS (73 个张量逐字节一致)
[m15]   C.nosync_repeat(h/cs/ssm)          PASS (73 个张量逐字节一致)
[m15] dump 清单：dump_manifest.txt（1117 条），供 check_ref.py

[m15] 判据分账：权重来源 36 + A 216 + B 506 + C 3 = 761 条判定项（聚合判据按 1 条计；口径见 README §3 引言）
[m15] guard：109 条（恒真前置断言：sha256 工具自检 1 条 + 参考链锚点非空 108 条；不计入判定项）
[m15] ===== ALL PASS（checks=761, guards=109, fails=0）=====
