# M52 重抽的位级影响面 · 证据 ①：1131 个 dump 张量的 sha256 两侧逐位相同
#
# 目的：证明本轮「副本跟随 m13/M50」的重抽（只改 MoE 段 S2 的 Extract 形态）**没有改变任何一个
#       被 dump 的字节**。这是 README §5.9 表格第 3 行「位级不变」的最强见证。
#
# 两侧构建（同一会话内 build；两个二进制 sha256 不同 => 确实是两份不同的 device 代码）：
#   pre  = 分支 tip（M40 那版 S2 形态）
#          sha256 d0229ff50b0da8c6f4ef791cbc0b87fa601ab83bfaee29a17f65f55c9522f9ec
#   post = 重抽后（m13/M50 那版 S2 形态）
#          sha256 495d1e1fff487d29ea05eb62df674a339dc8b5b1b8bf30b1bb187861b97206bd
#
# 命令（两侧各一次，跑在**不同的空目录**里，dump 落相对 cwd）：
#   cd <空目录> && M15_DUMP=1 M15_STEPS=3 <bin> <repo>/m15_layer_loop/weights_manifest.txt all
#   cd <空目录> && sha256sum *.bin *.txt | sort -k2 > sha.txt
#   diff <pre>/sha.txt <post>/sha.txt          # 期望：无输出
#
# 覆盖范围（按 tower「统计工具必须交代覆盖范围」规则写清）：
#   · 1131 个文件 = M25 的 1117 个张量（B_t*/A_*/C_* 命名未变）+ 每层整块 MoE 段 ws
#     （L*_moe_ws，7,685,472 B × 4 层）+ L*_layer_in / L*_layer_out + moe_layout.txt
#   · **不含**：未 dump 的中间量（check_moe_ref 覆盖其中 32 个 ws 内张量）、ssm_state 的非 0/1/35 层。
#     这两块的覆盖由证据 ②（check_moe_ref 日志逐字节相同）与 1165 条判定项补上。
# 两侧清单行数：pre 1131 / post 1131
# 清单自身的 sha256（对整份排序清单取哈希）
#   pre : f7bcb71502b08a2a99b1426b77a15f6047a114c5bcccafa0919a2a15e44c3aea
#   post: f7bcb71502b08a2a99b1426b77a15f6047a114c5bcccafa0919a2a15e44c3aea
# 逐行 diff（空 = 无差异）:
RESULT: IDENTICAL（1131/1131 文件 sha256 逐位相同）

# 追加（同 commit 复核）：把工作树 `build/` 删掉后**从零重配重编**，再跑一次
#   M15_DUMP=1 M15_STEPS=3 <bin> ... all
# 结果：`checks=1165, guards=109, fails=0`；dump 清单仍与 pre 侧**逐位相同**（同一份 sha.txt 比对）。
# 归档的 `accept_run_m52.log` / `check_moe_ref_run_m52.log` / `check_ref_run_m52.log` 就是这一次
# 干净构建的日志（即交付物的当次读数，不是中间态）。
