# M65 ④：与 M39 官方单层参考对拍（check_chain_ref.py）三档 —— M65 r2 后重取
# 二进制 sha256 = 07efbf0364dfd4ceca2f5fcfea36a5e3bc1d30fc44939706bdb302fa036d356d
# 档 1 命令：M15_DUMP=1 M15_HC_LAYERS=0,1,3 /workspace/ascend_mega_kernel/.tower/worktrees/wt-65/m15_layer_loop/build/m15_layer_loop /workspace/ascend_mega_kernel/.tower/worktrees/wt-65/m15_layer_loop/weights_manifest.txt chain （随后在 dump 目录跑 check_chain_ref.py）
#   注：dump 目录里的 hc_layout.txt / moe_layout.txt / dump_manifest.txt 与 *.bin 由该命令落盘（未入库）
# [dump run] [m15] ===== ALL PASS（checks=910, guards=53, fails=0）=====
/workspace/ascend_mega_kernel/.tower/worktrees/wt-65/m15_layer_loop/check_chain_ref.py:177: UserWarning: The given buffer is not writable, and PyTorch does not support non-writable tensors. This means you can write to the underlying (supposedly non-writable) buffer using the tensor. You may want to copy the buffer to protect its data or make it writable before converting it to a tensor. This type of warning will be suppressed for the rest of this program. (Triggered internally at /pytorch/torch/csrc/utils/tensor_new.cpp:1581.)
  return torch.frombuffer(np.ascontiguousarray(a, dtype=np.uint16).tobytes(), dtype=torch.uint16).view(
[chk] m15 48 层链 × **M39 官方单层参考**（m21_layer_ref/ref：torch，逐句复刻 nvidia 路径）
[chk] 层表 = [0, 1, 3]；m = 1；判据门限 = m20_hyperconn/check_ref.py::judge（保守三条件）
[chk] ws 布局来自 hc_layout.txt（由 C++ 常量算出）；紧凑 OH = lora[0:320] || injection[320:324]

===== 层 00（attn 边界 MIX（无 pending combine），mlp 边界 combine_and_mix）=====
-- A1 边界 #1（输入 = 设备 dump 的 hin/bo/ij）--
[chk] 判定 A1.H'                    mode MIX 不做 combine ⇒ 设备 `b1_hcp` 未被写出（显式 SKIPPED）
[chk] 判定 A1.xn<-h'/hc_norm        n=10240   逐位=0.9999 良态逐位=1.0000 ulpMax=0   归一maxAbs=1.028e-04  PASS
[chk] 判定 A1.blk<-gate,xn          n=2560    逐位=0.9430 良态逐位=0.9469 ulpMax=1   归一maxAbs=1.812e-03  PASS  [超 m20 保守门限：良态逐位率 <0.99；判定门内]
[chk] 判定 A1.inject<-xn,winj       n=4       逐位=1.0000 良态逐位=1.0000 ulpMax=0   归一maxAbs=0.000e+00  PASS
[chk] 判定 A1.lora<-xn,wdown        n=320     逐位=0.9969 良态逐位=1.0000 ulpMax=0   归一maxAbs=8.959e-06  PASS
[chk] 判定 A1.ls<-lora              n=320     逐位=0.9938 良态逐位=0.9888 ulpMax=1   归一maxAbs=2.294e-03  PASS  [超 m20 保守门限：良态逐位率 <0.99；判定门内]
[chk] 判定 A1.gate<-ls,wup          n=10240   逐位=0.8152 良态逐位=0.9607 ulpMax=1   归一maxAbs=3.817e-03  PASS  [超 m20 保守门限：良态逐位率 <0.99；判定门内]
[chk] 判定 A1.rstd                  maxRel=6.802e-08 (tol 1e-04)  PASS
[chk] 判定 A1.injW                  mode MIX 不跑 W0 ⇒ 设备 injW 区未写（显式 SKIPPED）
-- A2 边界 #2（输入 = 设备 b1 的 H'（层 0 用层输入）+ 子层段出口 + b1 的 injection）--
[chk] 判定 A2.H''<-combine          n=10240   逐位=1.0000 良态逐位=1.0000 ulpMax=0   归一maxAbs=0.000e+00  PASS
[chk] 判定 A2.xn<-h''/hc_norm       n=10240   逐位=1.0000 良态逐位=1.0000 ulpMax=0   归一maxAbs=0.000e+00  PASS
[chk] 判定 A2.blk<-gate,xn          n=2560    逐位=1.0000 良态逐位=1.0000 ulpMax=0   归一maxAbs=0.000e+00  PASS
[chk] 判定 A2.inject<-xn,winj       n=4       逐位=1.0000 良态逐位=1.0000 ulpMax=0   归一maxAbs=0.000e+00  PASS
[chk] 判定 A2.lora<-xn,wdown        n=320     逐位=1.0000 良态逐位=1.0000 ulpMax=0   归一maxAbs=0.000e+00  PASS
[chk] 判定 A2.ls<-lora              n=320     逐位=1.0000 良态逐位=1.0000 ulpMax=0   归一maxAbs=0.000e+00  PASS
[chk] 判定 A2.gate<-ls,wup          n=10240   逐位=1.0000 良态逐位=1.0000 ulpMax=0   归一maxAbs=0.000e+00  PASS
[chk] 判定 A2.rstd                  maxRel=1.417e-07 (tol 1e-04)  PASS
[chk] 判定 A2.injW                  maxRel=6.086e-08 (tol 1e-06)  PASS
-- 第二 oracle：m20 fp64 参考（M58 对同一段 device 代码用的那一份）--
[chk] 判定 M20.A1.xn                n=10240   逐位=0.9999 良态逐位=1.0000 ulpMax=0   归一maxAbs=1.028e-04  PASS
[chk] 判定 M20.A1.lora              n=320     逐位=0.9969 良态逐位=1.0000 ulpMax=0   归一maxAbs=8.959e-06  PASS
[chk] 判定 M20.A1.ls                n=320     逐位=0.9938 良态逐位=0.9888 ulpMax=1   归一maxAbs=2.294e-03  PASS  [超 m20 保守门限：良态逐位率 <0.99；判定门内]
[chk] 判定 M20.A1.gate              n=10240   逐位=0.8152 良态逐位=0.9607 ulpMax=1   归一maxAbs=3.817e-03  PASS  [超 m20 保守门限：良态逐位率 <0.99；判定门内]
[chk] 判定 M20.A1.blk               n=2560    逐位=0.9430 良态逐位=0.9469 ulpMax=1   归一maxAbs=1.812e-03  PASS  [超 m20 保守门限：良态逐位率 <0.99；判定门内]
[chk] 判定 M20.A2.H''               n=10240   逐位=1.0000 良态逐位=1.0000 ulpMax=0   归一maxAbs=0.000e+00  PASS
[chk] 判定 M20.A2.xn                n=10240   逐位=1.0000 良态逐位=1.0000 ulpMax=0   归一maxAbs=0.000e+00  PASS
[chk] 判定 M20.A2.blk               n=2560    逐位=1.0000 良态逐位=1.0000 ulpMax=0   归一maxAbs=0.000e+00  PASS
[chk] 判定 M20.A2.inject            n=4       逐位=1.0000 良态逐位=1.0000 ulpMax=0   归一maxAbs=0.000e+00  PASS
[chk] guard 0 H''≠层输入链              整层不是恒等映射  OK
[chk] guard 0 两边界 blk 互异            attn 边界与 mlp 边界的 block input 不同  OK

===== 层 01（attn 边界 combine-only → mix-only（**PLE 打断点**），mlp 边界 combine_and_mix）=====
-- A1 边界 #1（输入 = 设备 dump 的 hin/bo/ij）--
[chk] 判定 A1.H'<-combine           n=10240   逐位=1.0000 良态逐位=1.0000 ulpMax=0   归一maxAbs=0.000e+00  PASS
[chk] 判定 A1.xn<-h'/hc_norm        n=10240   逐位=1.0000 良态逐位=1.0000 ulpMax=0   归一maxAbs=0.000e+00  PASS
[chk] 判定 A1.blk<-gate,xn          n=2560    逐位=1.0000 良态逐位=1.0000 ulpMax=0   归一maxAbs=0.000e+00  PASS
[chk] 判定 A1.inject<-xn,winj       n=4       逐位=1.0000 良态逐位=1.0000 ulpMax=0   归一maxAbs=0.000e+00  PASS
[chk] 判定 A1.lora<-xn,wdown        n=320     逐位=1.0000 良态逐位=1.0000 ulpMax=0   归一maxAbs=0.000e+00  PASS
[chk] 判定 A1.ls<-lora              n=320     逐位=1.0000 良态逐位=1.0000 ulpMax=0   归一maxAbs=0.000e+00  PASS
[chk] 判定 A1.gate<-ls,wup          n=10240   逐位=1.0000 良态逐位=1.0000 ulpMax=0   归一maxAbs=0.000e+00  PASS
[chk] 判定 A1.rstd                  maxRel=7.318e-08 (tol 1e-04)  PASS
[chk] 判定 A1.injW                  maxRel=0.000e+00 (tol 1e-06)  PASS
[chk] 负向对照（真实层 1 数据）：丢掉 combine→RMSNorm 的 bf16 物化 ⇒ XN 有 25.6641% 元素不同、BLK 有 40.5859%（1039/2560）元素不同
[chk]   对照：M39 的 B4 在同族数据上量到「物化残差」14029/40960 = 34.25% 元素受影响（m21_layer_ref/evidence/selfcheck.log；口径是残差本身，不是 BLK，两者不可直接相减）
[chk] guard 负向对照 丢舍入可区分             XN 25.6641% / BLK 40.5859% —— 都远高于 1%，逐字节判据不空洞  OK
-- A2 边界 #2（输入 = 设备 b1 的 H'（层 0 用层输入）+ 子层段出口 + b1 的 injection）--
[chk] 判定 A2.H''<-combine          n=10240   逐位=1.0000 良态逐位=1.0000 ulpMax=0   归一maxAbs=0.000e+00  PASS
[chk] 判定 A2.xn<-h''/hc_norm       n=10240   逐位=1.0000 良态逐位=1.0000 ulpMax=0   归一maxAbs=0.000e+00  PASS
[chk] 判定 A2.blk<-gate,xn          n=2560    逐位=1.0000 良态逐位=1.0000 ulpMax=0   归一maxAbs=0.000e+00  PASS
[chk] 判定 A2.inject<-xn,winj       n=4       逐位=1.0000 良态逐位=1.0000 ulpMax=0   归一maxAbs=0.000e+00  PASS
[chk] 判定 A2.lora<-xn,wdown        n=320     逐位=1.0000 良态逐位=1.0000 ulpMax=0   归一maxAbs=0.000e+00  PASS
[chk] 判定 A2.ls<-lora              n=320     逐位=1.0000 良态逐位=1.0000 ulpMax=0   归一maxAbs=0.000e+00  PASS
[chk] 判定 A2.gate<-ls,wup          n=10240   逐位=0.9999 良态逐位=1.0000 ulpMax=0   归一maxAbs=3.532e-09  PASS
[chk] 判定 A2.rstd                  maxRel=1.511e-07 (tol 1e-04)  PASS
[chk] 判定 A2.injW                  maxRel=6.852e-08 (tol 1e-06)  PASS
-- 第二 oracle：m20 fp64 参考（M58 对同一段 device 代码用的那一份）--
[chk] 判定 M20.A1.H'                n=10240   逐位=1.0000 良态逐位=1.0000 ulpMax=0   归一maxAbs=0.000e+00  PASS
[chk] 判定 M20.A1.xn                n=10240   逐位=1.0000 良态逐位=1.0000 ulpMax=0   归一maxAbs=0.000e+00  PASS
[chk] 判定 M20.A1.lora              n=320     逐位=1.0000 良态逐位=1.0000 ulpMax=0   归一maxAbs=0.000e+00  PASS
[chk] 判定 M20.A1.ls                n=320     逐位=1.0000 良态逐位=1.0000 ulpMax=0   归一maxAbs=0.000e+00  PASS
[chk] 判定 M20.A1.gate              n=10240   逐位=1.0000 良态逐位=1.0000 ulpMax=0   归一maxAbs=0.000e+00  PASS
[chk] 判定 M20.A1.blk               n=2560    逐位=1.0000 良态逐位=1.0000 ulpMax=0   归一maxAbs=0.000e+00  PASS
[chk] 判定 M20.A2.H''               n=10240   逐位=1.0000 良态逐位=1.0000 ulpMax=0   归一maxAbs=0.000e+00  PASS
[chk] 判定 M20.A2.xn                n=10240   逐位=1.0000 良态逐位=1.0000 ulpMax=0   归一maxAbs=0.000e+00  PASS
[chk] 判定 M20.A2.blk               n=2560    逐位=1.0000 良态逐位=1.0000 ulpMax=0   归一maxAbs=0.000e+00  PASS
[chk] 判定 M20.A2.inject            n=4       逐位=1.0000 良态逐位=1.0000 ulpMax=0   归一maxAbs=0.000e+00  PASS
[chk] guard 1 H''≠层输入链              整层不是恒等映射  OK
[chk] guard 1 两边界 blk 互异            attn 边界与 mlp 边界的 block input 不同  OK

===== 层 03（attn 边界 combine_and_mix，mlp 边界 combine_and_mix）=====
-- A1 边界 #1（输入 = 设备 dump 的 hin/bo/ij）--
[chk] 判定 A1.H'<-combine           n=10240   逐位=1.0000 良态逐位=1.0000 ulpMax=0   归一maxAbs=0.000e+00  PASS
[chk] 判定 A1.xn<-h'/hc_norm        n=10240   逐位=1.0000 良态逐位=1.0000 ulpMax=0   归一maxAbs=0.000e+00  PASS
[chk] 判定 A1.blk<-gate,xn          n=2560    逐位=1.0000 良态逐位=1.0000 ulpMax=0   归一maxAbs=0.000e+00  PASS
[chk] 判定 A1.inject<-xn,winj       n=4       逐位=1.0000 良态逐位=1.0000 ulpMax=0   归一maxAbs=0.000e+00  PASS
[chk] 判定 A1.lora<-xn,wdown        n=320     逐位=1.0000 良态逐位=1.0000 ulpMax=0   归一maxAbs=0.000e+00  PASS
[chk] 判定 A1.ls<-lora              n=320     逐位=1.0000 良态逐位=1.0000 ulpMax=0   归一maxAbs=0.000e+00  PASS
[chk] 判定 A1.gate<-ls,wup          n=10240   逐位=1.0000 良态逐位=1.0000 ulpMax=0   归一maxAbs=0.000e+00  PASS
[chk] 判定 A1.rstd                  maxRel=8.546e-08 (tol 1e-04)  PASS
[chk] 判定 A1.injW                  maxRel=0.000e+00 (tol 1e-06)  PASS
-- A2 边界 #2（输入 = 设备 b1 的 H'（层 0 用层输入）+ 子层段出口 + b1 的 injection）--
[chk] 判定 A2.H''<-combine          n=10240   逐位=1.0000 良态逐位=1.0000 ulpMax=0   归一maxAbs=0.000e+00  PASS
[chk] 判定 A2.xn<-h''/hc_norm       n=10240   逐位=1.0000 良态逐位=1.0000 ulpMax=0   归一maxAbs=0.000e+00  PASS
[chk] 判定 A2.blk<-gate,xn          n=2560    逐位=1.0000 良态逐位=1.0000 ulpMax=0   归一maxAbs=0.000e+00  PASS
[chk] 判定 A2.inject<-xn,winj       n=4       逐位=1.0000 良态逐位=1.0000 ulpMax=0   归一maxAbs=0.000e+00  PASS
[chk] 判定 A2.lora<-xn,wdown        n=320     逐位=1.0000 良态逐位=1.0000 ulpMax=0   归一maxAbs=0.000e+00  PASS
[chk] 判定 A2.ls<-lora              n=320     逐位=1.0000 良态逐位=1.0000 ulpMax=0   归一maxAbs=0.000e+00  PASS
[chk] 判定 A2.gate<-ls,wup          n=10240   逐位=0.9999 良态逐位=1.0000 ulpMax=0   归一maxAbs=1.769e-06  PASS
[chk] 判定 A2.rstd                  maxRel=9.662e-08 (tol 1e-04)  PASS
[chk] 判定 A2.injW                  maxRel=0.000e+00 (tol 1e-06)  PASS
-- 第二 oracle：m20 fp64 参考（M58 对同一段 device 代码用的那一份）--
[chk] 判定 M20.A1.H'                n=10240   逐位=1.0000 良态逐位=1.0000 ulpMax=0   归一maxAbs=0.000e+00  PASS
[chk] 判定 M20.A1.xn                n=10240   逐位=1.0000 良态逐位=1.0000 ulpMax=0   归一maxAbs=0.000e+00  PASS
[chk] 判定 M20.A1.lora              n=320     逐位=1.0000 良态逐位=1.0000 ulpMax=0   归一maxAbs=0.000e+00  PASS
[chk] 判定 M20.A1.ls                n=320     逐位=1.0000 良态逐位=1.0000 ulpMax=0   归一maxAbs=0.000e+00  PASS
[chk] 判定 M20.A1.gate              n=10240   逐位=1.0000 良态逐位=1.0000 ulpMax=0   归一maxAbs=0.000e+00  PASS
[chk] 判定 M20.A1.blk               n=2560    逐位=1.0000 良态逐位=1.0000 ulpMax=0   归一maxAbs=0.000e+00  PASS
[chk] 判定 M20.A2.H''               n=10240   逐位=1.0000 良态逐位=1.0000 ulpMax=0   归一maxAbs=0.000e+00  PASS
[chk] 判定 M20.A2.xn                n=10240   逐位=1.0000 良态逐位=1.0000 ulpMax=0   归一maxAbs=0.000e+00  PASS
[chk] 判定 M20.A2.blk               n=2560    逐位=1.0000 良态逐位=1.0000 ulpMax=0   归一maxAbs=0.000e+00  PASS
[chk] 判定 M20.A2.inject            n=4       逐位=1.0000 良态逐位=1.0000 ulpMax=0   归一maxAbs=0.000e+00  PASS
[chk] guard 3 H''≠层输入链              整层不是恒等映射  OK
[chk] guard 3 两边界 blk 互异            attn 边界与 mlp 边界的 block input 不同  OK

===== 末层全局 mixer（`hyper_connection_mixer`，use_combine=False ⇒ MODE_FINAL_MIX）=====
[chk] 判定 GM.multi_hidden          n=10240   逐位=1.0000 良态逐位=1.0000 ulpMax=0   归一maxAbs=0.000e+00  PASS
[chk] 判定 GM.sample_hidden         n=2560    逐位=1.0000 良态逐位=1.0000 ulpMax=0   归一maxAbs=0.000e+00  PASS
[chk] guard GM.两出口形状各异              multi_hidden (1, 10240) 与 sample_hidden (1, 2560) 是两个不同的量（拿反了会被上面的对拍抓住）  OK
[chk] 判定 GM.xn<-h'/hc_norm        n=10240   逐位=1.0000 良态逐位=1.0000 ulpMax=0   归一maxAbs=0.000e+00  PASS

[chk] 覆盖：判定项 84 条 + guard 8 条（共比较 92 条）；显式 SKIPPED 2 条
[chk] 判定门 = m20 保守门限去掉「良态逐位率 ≥99%」（docs/17 §1.1 把 T3 档的逐位率降为报告项；逐项 ε 推导见 M58-6）；报告项 = m20 的逐位率读数
[chk] 超 m20 保守门限（判定门内）的读数：6 条（见下方 DISCLOSE 段，逐条列出）
[chk] 两条独立 oracle：`M39.*`（torch，官方语义，中间量按 bf16 舍入）与 `M20.*`（m20 的 fp64 逐句实现，M58 用过的同一份）——两者一起看才能区分「设备算错」与「oracle 的累加顺序/中间舍入差」
[chk] 覆盖范围：层表 [0, 1, 3] × {边界 #1、边界 #2} + 末层 mixer；**不覆盖**子层段/MoE 段（attention 仍是占位直通、MoE 是 4 专家缩形档）、PLE 本体、资源叠放与同步

[chk][DISCLOSE] 超 m20 保守门限（良态逐位率 <0.99）但**满足本脚本判定门**的读数 6 条：
[chk][DISCLOSE]   A1.blk<-gate,xn          逐位=0.9430 良态逐位=0.9469 ulpMax=1 归一maxAbs=1.81e-03
[chk][DISCLOSE]   A1.ls<-lora              逐位=0.9938 良态逐位=0.9888 ulpMax=1 归一maxAbs=2.29e-03
[chk][DISCLOSE]   A1.gate<-ls,wup          逐位=0.8152 良态逐位=0.9607 ulpMax=1 归一maxAbs=3.82e-03
[chk][DISCLOSE]   M20.A1.ls                逐位=0.9938 良态逐位=0.9888 ulpMax=1 归一maxAbs=2.29e-03
[chk][DISCLOSE]   M20.A1.gate              逐位=0.8152 良态逐位=0.9607 ulpMax=1 归一maxAbs=3.82e-03
[chk][DISCLOSE]   M20.A1.blk               逐位=0.9430 良态逐位=0.9469 ulpMax=1 归一maxAbs=1.81e-03
[chk][DISCLOSE] 归因（**不作结论性断言，只列证据**）：① 两条独立 oracle（M39 torch / M20 fp64）在这些张量上给出**逐位相同**的读数 ⇒ 不是某一个 oracle 的实现差异；② 越门限的都是**边界 #1 = MODE_MIX**（链上唯一的 mix-only 边界）的下游张量 `ls/gate/blk`，其上游 `xn` 只有 1 个**非良态**元素差 1 ulp；③ 这条 MODE_MIX 边界的整块 ws 与 `m15_hc_segment_kernel(mode=MODE_MIX)` **逐字节相同**（C++ 侧 `Ch.h1blk.L00`/`Ch.h1inj.L00`）⇒ 差不是链的接线引入的，而是 hc 段在**本输入分布**下的 ≤1 ulp 伴生（silu + K=320 的 up GEMM 在近零处放大）。M58 在 m=33 档记录过同类越门限（README M58-9 第 2 条，未归因）。
[chk] RESULT: OK (92 条比较过：判定项 84 + guard 8；SKIPPED 2)
# 档 1 rc=0

# 档 2（负向对照）：空目录 —— 期望 RESULT: SKIPPED 且 rc=2
[chk] RESULT: SKIPPED (缺输入文件：hc_layout.txt)
[chk] 先在空目录跑一次 `M15_DUMP=1 <bin> <manifest> chain` 再复核。
# 档 2 rc=2
