# M65 · 段级设备侧分解的原始取证（msprof，**device 口径**；host 墙钟不作为证据）
# 主二进制 sha256 = 610500b0c6a2e823af776fbd4aca05a570f3dae8e73999d1e6b272a0b2eb9748
# 采集环境：**共享卡**。采集期间 npu-smi 实测同时在跑的别人的进程：
#   m14_gdn_layer / m20_hyperconn / probe_aiv_sync / probe_v_align
#   ⇒ 实测出现单次启动被挤到 100 ms ~ 8 s 量级的样本（CSV 的 Max 列），故本文件与 README M65-8
#     一律同时给 Min/中位/Avg 三个口径，并在 parse_msprof_chain.py 里给出「剔除 >3×中位」的稳健量。
# 原始 CSV（每行 = 一次 kernel 启动）：evidence/m65_msprof_{a1,a2,a3,b1,b2,b3,c1,p1_1..p1_3,p0_1..p0_3}.csv
# 汇总工具：m15_layer_loop/parse_msprof_chain.py（只依赖标准库）

##################################################################
## §1 48 层链：开关维度 A=手动路径关(0)/开(1)、B=PLE 打断点开(1)/关(0)
# 命令（每次只换 --output/tag 与 env）：
#   mkdir -p /tmp/m65_prof && cd /tmp/m65_prof
#   msprof --output=prof_<tag> --task-time=l1 --ai-core=on --ascendcl=off --runtime-api=off \
#       env M15_SKIP_WCHECK=1 M15_CHAIN_MANUAL=<0|1> M15_CHAIN_PLE=<0|1> M15_LAYERS=48 \
#       /workspace/ascend_mega_kernel/.tower/worktrees/wt-65/m15_layer_loop/build/m15_layer_loop \
#       m15_layer_loop/weights_manifest.txt chain
# 汇总命令：
#   /usr/local/python3.12.13/bin/python3 m15_layer_loop/parse_msprof_chain.py \
#       a1=evidence/m65_msprof_a1.csv ... c1=evidence/m65_msprof_c1.csv

### a1（MANUAL=0 PLE=1）
===== 采集 a1（设备侧 Task Duration，µs）=====
符号                         Count       Min        中位       Avg       Max     稳健Avg     稳健Total       Total
链·GDN 层（四相位）                 108    345.68    355.85   4263.78 422419.02    355.79     38069.1    460488.1
                                 ↑ 剔除 1 个被共享卡污染（>3×中位）的样本后：Min=345.68 中位=355.85
链·attention 层（四相位）            36    210.76    213.10    213.29    217.87    213.29      7678.4      7678.4
末层全局 mixer                     3     76.41     77.12     77.23     78.18     77.23       231.7       231.7

===== 派生量 =====
[a1] ① 每 step（4 相位链）= 36×355.79 + 12×213.29 + mixer 77.23 = **稳健Avg 15445 µs / Min 15050 µs**（稳健Avg = 只用 ≤3×中位的样本）
        （gdn_hc Count=108 ⇒ 本次跑了 3 条链；attn_hc Count=36）

### a2（MANUAL=0 PLE=1）
===== 采集 a2（设备侧 Task Duration，µs）=====
符号                         Count       Min        中位       Avg       Max     稳健Avg     稳健Total       Total
链·GDN 层（四相位）                 108    340.55    355.61 983647.21 106195837.28    355.72     38061.8 106233899.1
                                 ↑ 剔除 1 个被共享卡污染（>3×中位）的样本后：Min=340.55 中位=355.61
链·attention 层（四相位）            36    212.73    214.07    214.25    216.31    214.25      7713.0      7713.0
末层全局 mixer                     3     74.86     75.63     75.75     76.76     75.75       227.2       227.2

===== 派生量 =====
[a2] ① 每 step（4 相位链）= 36×355.72 + 12×214.25 + mixer 75.75 = **稳健Avg 15453 µs / Min 14887 µs**（稳健Avg = 只用 ≤3×中位的样本）
        （gdn_hc Count=108 ⇒ 本次跑了 3 条链；attn_hc Count=36）

### a3（MANUAL=0 PLE=1）
===== 采集 a3（设备侧 Task Duration，µs）=====
符号                         Count       Min        中位       Avg       Max     稳健Avg     稳健Total       Total
链·GDN 层（四相位）                 108    338.76    356.83 986529.46 106507076.70    356.12     38104.5 106545181.2
                                 ↑ 剔除 1 个被共享卡污染（>3×中位）的样本后：Min=338.76 中位=356.83
链·attention 层（四相位）            36    211.38    214.47    214.23    216.98    214.23      7712.1      7712.1
末层全局 mixer                     3     75.36     76.07     76.30     77.47     76.30       228.9       228.9

===== 派生量 =====
[a3] ① 每 step（4 相位链）= 36×356.12 + 12×214.23 + mixer 76.30 = **稳健Avg 15467 µs / Min 14807 µs**（稳健Avg = 只用 ≤3×中位的样本）
        （gdn_hc Count=108 ⇒ 本次跑了 3 条链；attn_hc Count=36）

### b1（MANUAL=0 PLE=0）
===== 采集 b1（设备侧 Task Duration，µs）=====
符号                         Count       Min        中位       Avg       Max     稳健Avg     稳健Total       Total
链·GDN 层（四相位）                 108    341.00    355.06 957264.13 103346530.32    355.10     37996.0 103384526.3
                                 ↑ 剔除 1 个被共享卡污染（>3×中位）的样本后：Min=341.00 中位=355.06
链·attention 层（四相位）            36    211.66    214.12    214.22    219.42    214.22      7712.1      7712.1
末层全局 mixer                     3     75.23     75.68     75.86     76.68     75.86       227.6       227.6

===== 派生量 =====
[b1] ① 每 step（4 相位链）= 36×355.10 + 12×214.22 + mixer 75.86 = **稳健Avg 15430 µs / Min 14891 µs**（稳健Avg = 只用 ≤3×中位的样本）
        （gdn_hc Count=108 ⇒ 本次跑了 3 条链；attn_hc Count=36）

### b2（MANUAL=0 PLE=0）
===== 采集 b2（设备侧 Task Duration，µs）=====
符号                         Count       Min        中位       Avg       Max     稳健Avg     稳健Total       Total
链·GDN 层（四相位）                 108    338.99    357.28 985624.31 106409300.22    356.31     38124.8 106447425.0
                                 ↑ 剔除 1 个被共享卡污染（>3×中位）的样本后：Min=338.99 中位=357.28
链·attention 层（四相位）            36    211.50    213.60    213.84    216.74    213.84      7698.4      7698.4
末层全局 mixer                     3     74.56     75.70     75.42     76.00     75.42       226.3       226.3

===== 派生量 =====
[b2] ① 每 step（4 相位链）= 36×356.31 + 12×213.84 + mixer 75.42 = **稳健Avg 15469 µs / Min 14816 µs**（稳健Avg = 只用 ≤3×中位的样本）
        （gdn_hc Count=108 ⇒ 本次跑了 3 条链；attn_hc Count=36）

### b3（MANUAL=0 PLE=0）
===== 采集 b3（设备侧 Task Duration，µs）=====
符号                         Count       Min        中位       Avg       Max     稳健Avg     稳健Total       Total
链·GDN 层（四相位）                 108    339.97    354.86    354.71    364.05    354.71     38308.8     38308.8
链·attention 层（四相位）            36    211.26    213.88    213.83    216.00    213.83      7698.0      7698.0
末层全局 mixer                     3     74.93     75.32     75.79     77.12     75.79       227.4       227.4

===== 派生量 =====
[b3] ① 每 step（4 相位链）= 36×354.71 + 12×213.83 + mixer 75.79 = **稳健Avg 15411 µs / Min 14849 µs**（稳健Avg = 只用 ≤3×中位的样本）
        （gdn_hc Count=108 ⇒ 本次跑了 3 条链；attn_hc Count=36）

### c1（MANUAL=1 PLE=1）
===== 采集 c1（设备侧 Task Duration，µs）=====
符号                         Count       Min        中位       Avg       Max     稳健Avg     稳健Total       Total
链·GDN 层（四相位）                 108    348.15    355.60    355.47    364.63    355.47     38391.3     38391.3
链·attention 层（四相位）            36    210.38    213.54    213.66    216.59    213.66      7691.6      7691.6
手工·单边界 hc                     98     17.26     77.25     78.14     85.45     78.14      7658.1      7658.1
手工·GDN 段                      36    133.72    139.77    139.85    145.43    139.85      5034.8      5034.8
手工·MoE 段                      48     58.96     63.62     62.87     66.12     62.87      3017.5      3017.5
末层全局 mixer                     3     76.19     77.41     77.10     77.68     77.10       231.3       231.3
手工·attention 占位               12      2.22      2.77      2.78      3.27      2.78        33.3        33.3

===== 派生量 =====
[c1] ① 每 step（4 相位链）= 36×355.47 + 12×213.66 + mixer 77.10 = **稳健Avg 15438 µs / Min 15134 µs**（稳健Avg = 只用 ≤3×中位的样本）
        （gdn_hc Count=108 ⇒ 本次跑了 3 条链；attn_hc Count=36）
[c1] ③ 链（144 层，1 次启动/层）稳健设备合计 46314.2 µs vs 手工路径（hc#1+子层段+hc#2+MoE，≥4 次启动/层）稳健合计 15743.7 µs ⇒ **每层摊薄差 -212.3 µs**（正数 = 手工更贵）
        手工·单边界 hc：Count=98 Min=17.26 Avg=78.14 Max=85.45（Min 列对应 combine-only 档、Max 列对应全链档 —— 两种档共用一个符号）

##################################################################
## §2 PLE 打断点开关 A/B（**只用 2 层**放大杠杆：层 0 = MODE_MIX、层 1 = PLE 层，共用同一符号）
# 命令：同上，但 M15_LAYERS=2、tag = p1_1..p1_3（PLE=1）/ p0_1..p0_3（PLE=0）

===== 采集 p1_1（设备侧 Task Duration，µs）=====
符号                         Count       Min        中位       Avg       Max     稳健Avg     稳健Total       Total
链·GDN 层（四相位）                   6    344.91    351.17 712083.88 4270751.99    350.26      1751.3   4272503.3
                                 ↑ 剔除 1 个被共享卡污染（>3×中位）的样本后：Min=344.91 中位=351.17
末层全局 mixer                     3     75.93     76.10     76.57     77.67     76.57       229.7       229.7

===== 采集 p1_2（设备侧 Task Duration，µs）=====
符号                         Count       Min        中位       Avg       Max     稳健Avg     稳健Total       Total
链·GDN 层（四相位）                   6    342.47    352.55 1386282.22 8272714.28    347.56      1390.2   8317693.3
                                 ↑ 剔除 2 个被共享卡污染（>3×中位）的样本后：Min=342.47 中位=352.55
末层全局 mixer                     3     76.25     76.46     76.59     77.07     76.59       229.8       229.8

===== 采集 p1_3（设备侧 Task Duration，µs）=====
符号                         Count       Min        中位       Avg       Max     稳健Avg     稳健Total       Total
链·GDN 层（四相位）                   6    341.40    352.64 1388563.79 8285461.15    347.67      1390.7   8331382.7
                                 ↑ 剔除 2 个被共享卡污染（>3×中位）的样本后：Min=341.40 中位=352.64
末层全局 mixer                     3     76.29     76.64     76.98     78.01     76.98       230.9       230.9

===== 采集 p0_1（设备侧 Task Duration，µs）=====
符号                         Count       Min        中位       Avg       Max     稳健Avg     稳健Total       Total
链·GDN 层（四相位）                   6    342.87    350.92 1388775.07 8286998.83    346.92      1387.7   8332650.4
                                 ↑ 剔除 2 个被共享卡污染（>3×中位）的样本后：Min=342.87 中位=350.92
末层全局 mixer                     3     76.46     77.25     77.18     77.82     77.18       231.5       231.5

===== 采集 p0_2（设备侧 Task Duration，µs）=====
符号                         Count       Min        中位       Avg       Max     稳健Avg     稳健Total       Total
链·GDN 层（四相位）                   6    342.15    351.75 1387275.06 8276371.02    346.99      1388.0   8323650.4
                                 ↑ 剔除 2 个被共享卡污染（>3×中位）的样本后：Min=342.15 中位=351.75
末层全局 mixer                     3     76.15     77.04     76.75     77.05     76.75       230.2       230.2

===== 采集 p0_3（设备侧 Task Duration，µs）=====
符号                         Count       Min        中位       Avg       Max     稳健Avg     稳健Total       Total
链·GDN 层（四相位）                   6    343.43    351.86 1391493.91 8300557.87    348.72      1394.9   8348963.5
                                 ↑ 剔除 2 个被共享卡污染（>3×中位）的样本后：Min=343.43 中位=351.86
末层全局 mixer                     3     76.09     76.56     77.12     78.70     77.12       231.4       231.4

===== 派生量 =====

===== ② PLE 打断点开关 A/B（同名符号的 Avg 差）=====
[p1_1] vs [p1_2]：gdn_hc 中位 351.17 → 352.55 µs（Δ=1.38 µs/次启动）；稳健Avg 350.26 → 347.56（Δ=-2.70）；Min 344.91 → 342.47；样本 n=6/6（剔除污染 1/2）
[p1_1] vs [p1_3]：gdn_hc 中位 351.17 → 352.64 µs（Δ=1.47 µs/次启动）；稳健Avg 350.26 → 347.67（Δ=-2.60）；Min 344.91 → 341.40；样本 n=6/6（剔除污染 1/2）
[p1_1] vs [p0_1]：gdn_hc 中位 351.17 → 350.92 µs（Δ=-0.25 µs/次启动）；稳健Avg 350.26 → 346.92（Δ=-3.34）；Min 344.91 → 342.87；样本 n=6/6（剔除污染 1/2）
[p1_1] vs [p0_2]：gdn_hc 中位 351.17 → 351.75 µs（Δ=0.58 µs/次启动）；稳健Avg 350.26 → 346.99（Δ=-3.27）；Min 344.91 → 342.15；样本 n=6/6（剔除污染 1/2）
[p1_1] vs [p0_3]：gdn_hc 中位 351.17 → 351.86 µs（Δ=0.69 µs/次启动）；稳健Avg 350.26 → 348.72（Δ=-1.54）；Min 344.91 → 343.43；样本 n=6/6（剔除污染 1/2）

### §2 结论（README M65-8③ 的读数来源）
# 中位口径（PLE 开/关）：351.17 352.55 352.64 / 350.92 351.75 351.86
# Δ(中位) = -0.25 / +0.58 / +0.69 µs；同配置组内极差 ≈0.8 µs
# ⇒ 打断点的设备侧代价 ≈1 µs/层量级、**在测量分辨率边缘**；**不能**用它见证「pleBreak 生效」

##################################################################
## §3 覆盖交代
# 本节覆盖：链的每层启动（gdn_hc / attn_hc）、末层 mixer、手工路径的四个段符号、PLE 开关 A/B。
# **不覆盖**：hc 段内部 5 个 S 级子段的逐段耗时（msprof 只到 kernel 符号粒度）；
#   子层段/MoE 段内部的 pipe 级分解（见 M40 §6 / M58-7 的旧读数）。

##################################################################
## §4 与「两相位」形态的同会话对照（runs=all，t1/t2；两组符号在同一个 CSV 里）
# 命令：
#   msprof --output=prof_t<i> --task-time=l1 --ai-core=on --ascendcl=off --runtime-api=off \
#       env M15_SKIP_WCHECK=1 M15_LAYERS=48 M15_HC_LAYERS=0,1,3 <bin> <manifest> all
# 汇总：
#   /usr/local/python3.12.13/bin/python3 m15_layer_loop/parse_msprof_chain.py t1=evidence/m65_msprof_t1.csv

### t1
===== 采集 t1（设备侧 Task Duration，µs）=====
符号                         Count       Min        中位       Avg       Max     稳健Avg     稳健Total       Total
手工·GDN 段                    1198    108.62    141.14    139.60    150.22    139.60    167240.2    167240.2
两相位·GDN 层（M40 形态）            360    196.47    204.95    204.79    212.97    204.79     73724.1     73724.1
链·GDN 层（四相位）                 112    302.81    354.23    353.82    363.74    353.82     39627.6     39627.6
手工·MoE 段                     240     42.80     62.78     61.23     66.34     61.23     14694.1     14694.1
手工·单边界 hc                    108     14.90     76.45     75.18     86.98     75.18      8119.6      8119.6
链·attention 层（四相位）            38    147.35    213.03    211.90    222.17    211.90      8052.3      8052.3
两相位·attention 层（M40 形态）      120     60.93     62.47     62.81     67.60     62.81      7536.8      7536.8
手工·attention 占位              396      1.98      2.45      2.45      3.17      2.45       968.9       968.9
末层全局 mixer                     3     75.74     76.96     76.91     78.03     76.91       230.7       230.7

===== 派生量 =====
[t1] ① 每 step（4 相位链）= 36×353.82 + 12×211.90 + mixer 76.91 = **稳健Avg 15357 µs / Min 12745 µs**（稳健Avg = 只用 ≤3×中位的样本）

### t2
===== 采集 t2（设备侧 Task Duration，µs）=====
符号                         Count       Min        中位       Avg       Max     稳健Avg     稳健Total       Total
手工·GDN 段                    1198    107.42    141.48    139.73    149.49    139.73    167398.6    167398.6
两相位·GDN 层（M40 形态）            360    197.31    204.93    204.62    213.76    204.62     73663.3     73663.3
链·GDN 层（四相位）                 112    297.40    354.01    353.28    365.33    353.28     39567.5     39567.5
手工·MoE 段                     240     42.88     62.97     61.45     67.43     61.45     14748.6     14748.6
手工·单边界 hc                    108     14.36     76.40     74.82     84.69     74.82      8080.5      8080.5
链·attention 层（四相位）            38    147.04    213.30    211.64    220.46    211.64      8042.3      8042.3
两相位·attention 层（M40 形态）      120     61.15     62.33     62.80     68.85     62.80      7536.5      7536.5
手工·attention 占位              396      2.02      2.51      2.53      3.27      2.53      1002.0      1002.0
末层全局 mixer                     3     75.49     76.56     76.50     77.44     76.50       229.5       229.5

===== 派生量 =====
[t2] ① 每 step（4 相位链）= 36×353.28 + 12×211.64 + mixer 76.50 = **稳健Avg 15334 µs / Min 12546 µs**（稳健Avg = 只用 ≤3×中位的样本）

### §4 结论（README M65-8④ 的读数来源，两次采样）
# 两相位·GDN 层   204.79 / 204.62 µs（Min 196.47 / 197.31）
# 四相位链·GDN 层 353.82 / 353.28 µs（Min 302.81 / 297.40）
# ⇒ hc 段净增量 = +149.0 / +148.7 µs/层（Avg 口径）；attention 层 62.81/62.80 → 211.90/211.64
# 对照：M58 归档的同会话 A/B = +131.0~+132.0 µs/层（本轮的链 Avg 比 M58 的 hc Avg 高约 5%，
#   两者都在共享卡上采；本文件 §1 的纯链采样 354.71~355.47 与这里的 353.82/353.28 自洽）
# 采集期间共享卡上的别人进程：probe_aiv_sync / m14_gdn_layer / m20_hyperconn / probe_v_align

##################################################################
## §5 M65 r2 的补采与口径说明（评审 P2-② 之后）
# 本文件 CSV 的采集二进制：
#   · a1..a3 / b1..b3 / c1 / p1_1..p1_3 / p0_1..p0_3 / t1 / t2 —— r1 tip（sha256
#     c610500b0c6a2e823af776fbd4aca05a570f3dae8e73999d1e6b272a0b2eb9748）
#   · c2 —— **r2 tip（sha256 07efbf0364dfd4ceca2f5fcfea36a5e3bc1d30fc44939706bdb302fa036d356d）**，见下
# r2 相对 r1 的改动 = **3 处 printf 文本 + 3 处 printf 数值口径（hc 权重区槽尺寸）+ README**，
# 不触及任何 device 侧语句（`git diff c610500b0c6a2e823af776fbd4aca05a570f3dae8e73999d1e6b272a0b2eb9748 07efbf0364dfd4ceca2f5fcfea36a5e3bc1d30fc44939706bdb302fa036d356d -- m15_layer_loop/` 可核）；
# c2 就是用来复核这一点的。
#
# （r3 修复记录：r2 追加本节时 heredoc 未加引号，反引号里的 git diff 被 shell 展开 ⇒ 当时工作区的**未提交 diff**
#   约 372 行被误注入本文件、本节最后一句也被截断。现已删除注入内容并补全该句；
#   本文件的 CSV 引用与读数不受影响。）
### §5.1 c2（r2 tip，纯链 MANUAL=0 PLE=1，M15_LAYERS=48）—— 与 §1 的 7 次采样同口径
===== 采集 c2（设备侧 Task Duration，µs）=====
符号                         Count       Min        中位       Avg       Max     稳健Avg     稳健Total       Total
链·GDN 层（四相位）                 108    341.92    354.47    354.20    361.03    354.20     38253.1     38253.1
链·attention 层（四相位）            36    210.72    212.91    212.98    215.39    212.98      7667.1      7667.1
末层全局 mixer                     3     76.01     76.74     76.87     77.87     76.87       230.6       230.6

===== 派生量 =====
[c2] ① 每 step（4 相位链）= 36×354.20 + 12×212.98 + mixer 76.87 = **稳健Avg 15384 µs / Min 14914 µs**（稳健Avg = 只用 ≤3×中位的样本）
        （gdn_hc Count=108 ⇒ 本次跑了 3 条链；attn_hc Count=36）

### §5.2 c2 与 §1 的一致性（printf-only 改动不应动物理读数）
# c2：gdn_hc Min 341.92 / 中位 354.47 / 稳健Avg 354.20；attn_hc 210.72 / 212.91 / 212.98；
#     mixer 76.01 / 76.74 / 76.87；每 step 稳健Avg 15384 µs、Min 14914 µs
# §1 的 7 次范围：gdn_hc Min 338.76–348.15 / 中位 354.86–357.28 / 稳健Avg 354.71–356.31
# ⇒ c2 的中位/稳健Avg 落在区间内（Min 341.92 也在区间内）⇒ 与「r2 只动 printf 文本」自洽。
# c2 的并发背景证据（M65 r3 补；**原稿只写了断言没有贴证据**，评审 P2-② 抓出）：
#   命令（与 c2 采集**同一次脚本运行**、紧随其 msprof 之后执行）：
#     npu-smi info | sed -n '/Process id/,+8p'
#   原文（逐字，出处 = 该次运行的脚本日志 /tmp/m65_prof/run_r2.log）：
#     | NPU ID                    | Process id    | Process name             | Process memory(MB)       |
#     +===========================+===============+=====================================================+
#     | No running processes found in NPU 0                                                             |
#     +===========================+===============+=====================================================+
#   **口径说明（不得读成「卡全程空闲」）**：这是**采集结束时刻的进程表快照**，不是占用率/全程记录；
#   它与本文件 §1/§4 里其它采集的证据等级相同（那些也只留了 npu-smi 快照）。与「无污染」这一读数
#   互相印证的是 CSV 本身：c2 的 108 个 gdn_hc 样本 Max=361.03（未出现 100 ms~8 s 量级的样本），
#   原始 Avg（354.20）= 稳健 Avg ⇒ **c2 这批样本里没有污染样本**（可由 m65_msprof_c2.csv 现算）。
