# M52 §6.2 · pre/post 两个构建的设备侧 msprof A/B（同一次会话、交错采集）
#
# 为什么这么做：本轮改了 MoE 段 S2 的 Extract 形态（见 README §5.9）。按项目规则
#   （tower 广播：host 墙钟在共享卡上不构成证据），性能话只依据**设备侧 msprof 口径**，
#   并且必须先给**抖动范围**再谈差异。
#
# 两个构建（sha256 不同 => 确实是两份 device 代码）：
#   pre  = 分支 tip（M40 那版 S2 形态）   d0229ff50b0da8c6f4ef791cbc0b87fa601ab83bfaee29a17f65f55c9522f9ec
#   post = 重抽后（m13/M50 那版 S2 形态） 495d1e1fff487d29ea05eb62df674a339dc8b5b1b8bf30b1bb187861b97206bd
#
# 命令（每次一个空目录；`p` = 最小启动集，无判据；层间连发不插 host sync）：
#   M15_REPS=3 M15_LAYERS=48 msprof --output=prof --task-time=l1 --ai-core=on \
#       --ascendcl=off --runtime-api=off <bin> <repo>/m15_layer_loop/weights_manifest.txt p
#   聚合：取 prof/*/mindstudio_profiler_output/op_statistic_*.csv 的 Count / Avg Time(us)
#
# **采样顺序（交错）**：post#1 -> pre#1 -> post#2 -> pre#2 -> post#3

## 1. 五个符号的 Avg Time(us) 逐次读数

| 符号 | post1 | pre1 | post2 | pre2 | post3 | §6 归档表 |
|---|---|---|---|---|---|---|
| `m15_layer_kernel_gdn` | 204.245 | 205.305 | 204.915 | 205.455 | 205.435 | 204.62 |
| `m15_gdn_layer_kernel` | 141.498 | 142.625 | 142.162 | 142.43 | 142.534 | 141.78 |
| `m15_moe_segment_kernel` | 58.949 | 59.32 | 59.181 | 59.219 | 59.327 | 58.96 |
| `m15_layer_kernel_attn` | 61.713 | 62.011 | 61.776 | 62.002 | 62.02 | 61.93 |
| `m15_attn_placeholder_kernel` | 2.457 | 2.518 | 2.499 | 2.461 | 2.434 | 2.46 |

## 2. 抖动范围与 A/B 比较（本节的判据）

| 符号 | pre 范围（2 次） | post 范围（3 次） | 全部 5 次范围 | 相对极差 | pre 两样本取小者 -> post 中位（3 样本） |
|---|---|---|---|---|---|
| `m15_layer_kernel_gdn` | 205.305–205.455 | 204.245–205.435 | 204.245–205.455 | 0.59% | 205.305 -> 204.915 (-0.19%) |
| `m15_gdn_layer_kernel` | 142.430–142.625 | 141.498–142.534 | 141.498–142.625 | 0.80% | 142.430 -> 142.162 (-0.19%) |
| `m15_moe_segment_kernel` | 59.219–59.320 | 58.949–59.327 | 58.949–59.327 | 0.64% | 59.219 -> 59.181 (-0.06%) |
| `m15_layer_kernel_attn` | 62.002–62.011 | 61.713–62.020 | 61.713–62.020 | 0.50% | 62.002 -> 61.776 (-0.36%) |
| `m15_attn_placeholder_kernel` | 2.461–2.518 | 2.434–2.499 | 2.434–2.518 | 3.45% | 2.461 -> 2.457 (-0.16%) |

## 3. 结论（按规则：差异必须大于抖动上界才可下结论）

· 同一形态内的**重复采样极差 <=0.80%**（上表第 5 列；`m15_attn_placeholder_kernel` 是 2.4 µs 量级的
  极小符号，极差 3.45% —— 它的绝对值只有 0.08 µs，属采样粒度噪声）；
· 上表第 6 列（`pre 两样本取小者 -> post 中位（3 样本）`）**最大 |delta| = 0.365%**（表中按 2 位
  小数显示为 0.36%），落在重复采样极差之内 => **两个形态在设备侧不可区分**；
  该列口径说明：pre 只有 2 个样本、无中位，故取两值中的**小者**。方向是**保守**的 —— 取小者只会
  让 post 显得更快，而本节**不主张变快**，故不会把差异说小以掩盖退化。
· 与 §6 归档表（另一 commit、另一次会话）的偏差：**四个实质符号 <=0.62%**（按 5 次样本对归档值的
  最大绝对值：gdn +0.41% / gdn_layer +0.60% / moe +0.62% / attn -0.35%）；
  `m15_attn_placeholder_kernel` 是 2.4 µs 量级的极小符号，偏差 <=2.36%（2.434~2.518 vs 2.46），
  属采样粒度。
· => **本轮 S2 形态改动没有可测的设备侧代价**：每行多出的 2 次 UB `StoreAlign` + 2 次 `LoadAlign`
  （64 个 float/行/层）在 59 µs/层的尺度上低于采样分辨力。
· **口径注意**：本节只说「无可测差异」，**不主张更快** —— 要主张变快，需要差异显著大于抖动上界。

**顺带复现了 §6.1 的 host 抖动机制**（这条不是本节判据，只是又一条现场）：同一次 A/B 里 `pre#1`
的 host P1 读到 **0.3720 ms/层**、P3 读到 **0.4538 ms/层**，而**同一二进制**的 `pre#2` 是 0.1744 / 0.0597
ms/层 —— 而这一次的**设备侧**读数两侧完全重合。即：被放大的是 host 那一趟的排空，与代码无关。

## 4. host 侧读数（仅定性；按规则不得作为证据）

· post1: [m15]   P1 融合（1 次/层） 48 层 × 3 轮 = 24.932 ms（每层一次启动 0.1731 ms，含 host 下发） | [m15]   P2 子层段（1 次/层） 48 层 × 3 轮 = 15.438 ms（每层一次启动 0.1072 ms，含 host 下发） | [m15]   P3 MoE 段（1 次/层） 48 层 × 3 轮 = 8.558 ms（每层一次启动 0.0594 ms，含 host 下发）
· pre1 (**host 被放大的那一次**): [m15]   P1 融合（1 次/层） 48 层 × 3 轮 = 53.572 ms（每层一次启动 0.3720 ms，含 host 下发） | [m15]   P2 子层段（1 次/层） 48 层 × 3 轮 = 15.587 ms（每层一次启动 0.1082 ms，含 host 下发） | [m15]   P3 MoE 段（1 次/层） 48 层 × 3 轮 = 65.349 ms（每层一次启动 0.4538 ms，含 host 下发）
· post2: [m15]   P1 融合（1 次/层） 48 层 × 3 轮 = 25.015 ms（每层一次启动 0.1737 ms，含 host 下发） | [m15]   P2 子层段（1 次/层） 48 层 × 3 轮 = 15.517 ms（每层一次启动 0.1078 ms，含 host 下发） | [m15]   P3 MoE 段（1 次/层） 48 层 × 3 轮 = 8.593 ms（每层一次启动 0.0597 ms，含 host 下发）
· pre2: [m15]   P1 融合（1 次/层） 48 层 × 3 轮 = 25.108 ms（每层一次启动 0.1744 ms，含 host 下发） | [m15]   P2 子层段（1 次/层） 48 层 × 3 轮 = 15.556 ms（每层一次启动 0.1080 ms，含 host 下发） | [m15]   P3 MoE 段（1 次/层） 48 层 × 3 轮 = 8.596 ms（每层一次启动 0.0597 ms，含 host 下发）
· post3: [m15]   P1 融合（1 次/层） 48 层 × 3 轮 = 25.106 ms（每层一次启动 0.1743 ms，含 host 下发） | [m15]   P2 子层段（1 次/层） 48 层 × 3 轮 = 15.550 ms（每层一次启动 0.1080 ms，含 host 下发） | [m15]   P3 MoE 段（1 次/层） 48 层 × 3 轮 = 8.610 ms（每层一次启动 0.0598 ms，含 host 下发）

# 归档：本文件 = A/B 全量读数；evidence/msprof_m52_op_statistic.csv 与 msprof_m52_run.log =
#   post#3 那一次的原始 CSV / 完整 stdout（与 msprof_r2_*.csv 同一口径，可直接 diff 复核）。
