# M40 review-r2 追加证据：同一二进制、同一命令连续 5 次 runs=p 的 host 墙钟**分布**
# 命令（任一空目录，按 tower 规则必须报范围而非单点）：
#   for i in 1 2 3 4 5; do M15_REPS=3 M15_LAYERS=48 <bin> <repo>/m15_layer_loop/weights_manifest.txt p | grep 每层一次启动; done
# 构建：tip 6a5740c-r2（本次改动只有注释/文档，代码与 ab746c5 一致）
# 说明：本表是 **host 侧连发 N 次 + 一次 sync 的墙钟**，在共享 NPU 上随环境抖动（review r2 实测 24×）。
#       要作数的性能数字请看 msprof_r2_op_statistic.csv（设备侧口径，不受该噪声影响）。

== run 1 ==
[m15]   P1 融合（1 次/层） 48 层 × 3 轮 = 24.970 ms（每层一次启动 0.1734 ms，含 host 下发）
[m15]   P2 子层段（1 次/层） 48 层 × 3 轮 = 15.394 ms（每层一次启动 0.1069 ms，含 host 下发）
[m15]   P3 MoE 段（1 次/层） 48 层 × 3 轮 = 8.521 ms（每层一次启动 0.0592 ms，含 host 下发）
== run 2 ==
[m15]   P1 融合（1 次/层） 48 层 × 3 轮 = 27.293 ms（每层一次启动 0.1895 ms，含 host 下发）
[m15]   P2 子层段（1 次/层） 48 层 × 3 轮 = 15.514 ms（每层一次启动 0.1077 ms，含 host 下发）
[m15]   P3 MoE 段（1 次/层） 48 层 × 3 轮 = 8.505 ms（每层一次启动 0.0591 ms，含 host 下发）
== run 3 ==
[m15]   P1 融合（1 次/层） 48 层 × 3 轮 = 25.032 ms（每层一次启动 0.1738 ms，含 host 下发）
[m15]   P2 子层段（1 次/层） 48 层 × 3 轮 = 15.422 ms（每层一次启动 0.1071 ms，含 host 下发）
[m15]   P3 MoE 段（1 次/层） 48 层 × 3 轮 = 54.997 ms（每层一次启动 0.3819 ms，含 host 下发）
== run 4 ==
[m15]   P1 融合（1 次/层） 48 层 × 3 轮 = 24.972 ms（每层一次启动 0.1734 ms，含 host 下发）
[m15]   P2 子层段（1 次/层） 48 层 × 3 轮 = 15.461 ms（每层一次启动 0.1074 ms，含 host 下发）
[m15]   P3 MoE 段（1 次/层） 48 层 × 3 轮 = 8.512 ms（每层一次启动 0.0591 ms，含 host 下发）
== run 5 ==
[m15]   P1 融合（1 次/层） 48 层 × 3 轮 = 25.342 ms（每层一次启动 0.1760 ms，含 host 下发）
[m15]   P2 子层段（1 次/层） 48 层 × 3 轮 = 15.450 ms（每层一次启动 0.1073 ms，含 host 下发）
[m15]   P3 MoE 段（1 次/层） 48 层 × 3 轮 = 8.524 ms（每层一次启动 0.0592 ms，含 host 下发）
m15_attn_placeholder_kernel 36 2.47
m15_gdn_layer_kernel 108 141.79
m15_layer_kernel_attn 36 62.31
m15_layer_kernel_gdn 108 205.2
m15_moe_segment_kernel 144 59.31
