[geom] conf 00 2d-00 zerofill + NOP load (mStep=0) → expect ALL ZER 模型点=   0 命中=   0 不符=   0 越界槽=   0(其中碰巧解码 0)
[geom] conf 01 2d-01 zerofill + T1 frac0 (m0 pattern)               模型点= 256 命中= 256 不符=   0 越界槽=   0(其中碰巧解码 0)
[geom] conf 02 2d-02 zerofill + T0 frac0                            模型点= 256 命中= 256 不符=   0 越界槽=   0(其中碰巧解码 0)
[geom] conf 03 2d-03 T1 srcOff=256 (src unit 1)                     模型点= 256 命中= 256 不符=   0 越界槽=   0(其中碰巧解码 0)
[geom] conf 04 2d-04 T1 srcOff=512 (src unit 2)                     模型点= 256 命中= 256 不符=   0 越界槽=   0(其中碰巧解码 0)
[geom] conf 05 2d-05 T1 srcOff=768 (src unit 3)                     模型点= 256 命中= 256 不符=   0 越界槽=   0(其中碰巧解码 0)
[geom] conf 06 2d-06 T0 srcOff=256 (src unit 1)                     模型点= 256 命中= 256 不符=   0 越界槽=   0(其中碰巧解码 0)
[geom] conf 07 2d-07 T0 srcOff=512 (src unit 2)                     模型点= 256 命中= 256 不符=   0 越界槽=   0(其中碰巧解码 0)
[geom] conf 08 2d-08 T0 srcOff=768 (src unit 3)                     模型点= 256 命中= 256 不符=   0 越界槽=   0(其中碰巧解码 0)
[geom] conf 09 2d-09 T1 dstOff=0   (dst unit 0)                     模型点= 256 命中= 256 不符=   0 越界槽=   0(其中碰巧解码 0)
[geom] conf 10 2d-10 T1 dstOff=256 (dst unit 1)                     模型点= 256 命中= 256 不符=   0 越界槽=   0(其中碰巧解码 0)
[geom] conf 11 2d-11 T1 dstOff=512 (dst unit 2)                     模型点= 256 命中= 256 不符=   0 越界槽=   0(其中碰巧解码 0)
[geom] conf 12 2d-12 T1 dstOff=768 (dst unit 3)                     模型点= 256 命中= 256 不符=   0 越界槽=   0(其中碰巧解码 0)
[geom] conf 13 2d-13 T1 dstOff=1024(dst unit 4)                     模型点=   0 命中=   0 不符=   0 越界槽=   0(其中碰巧解码 0)
[geom] conf 14 2d-14 T0 dstOff=0   (dst unit 0)                     模型点= 256 命中= 256 不符=   0 越界槽=   0(其中碰巧解码 0)
[geom] conf 15 2d-15 T0 dstOff=256 (dst unit 1)                     模型点= 256 命中= 256 不符=   0 越界槽=   0(其中碰巧解码 0)
[geom] conf 16 2d-16 T0 dstOff=512 (dst unit 2)                     模型点= 256 命中= 256 不符=   0 越界槽=   0(其中碰巧解码 0)
[geom] conf 17 2d-17 T0 dstOff=768 (dst unit 3)                     模型点= 256 命中= 256 不符=   0 越界槽=   0(其中碰巧解码 0)
[geom] conf 18 2d-18 T0 base (0,0,2,2,2,2)                          模型点=1024 命中=1024 不符=   0 越界槽=   0(其中碰巧解码 0)
[geom] conf 19 2d-19 T0 mStep=1 (0,0,1,2,2,2)                       模型点= 512 命中= 512 不符=   0 越界槽=   0(其中碰巧解码 0)
[geom] conf 20 2d-20 T0 mStep=4 (0,0,4,2,2,2)                       模型点=1024 命中=1024 不符=   0 越界槽=   0(其中碰巧解码 0)
[geom] conf 21 2d-21 T0 kStep=1 (0,0,2,1,2,2)                       模型点= 512 命中= 512 不符=   0 越界槽=   0(其中碰巧解码 0)
[geom] conf 22 2d-22 T0 kStep=4 (0,0,2,4,2,2)                       模型点=1024 命中=1024 不符=   0 越界槽=   0(其中碰巧解码 0)
[geom] conf 23 2d-23 T0 srcStride=1 (0,0,2,2,1,2)                   模型点=1024 命中=1024 不符=   0 越界槽=   0(其中碰巧解码 0)
[geom] conf 24 2d-24 T0 srcStride=3 (0,0,2,2,3,2)                   模型点= 768 命中= 768 不符=   0 越界槽= 256(其中碰巧解码 111)
[geom] conf 25 2d-25 T0 dstStride=1 (0,0,2,2,2,1)                   模型点= 768 命中= 768 不符=   0 越界槽=   0(其中碰巧解码 0)
[geom] conf 26 2d-26 T0 dstStride=4 (0,0,2,2,2,4)                   模型点= 512 命中= 512 不符=   0 越界槽=   0(其中碰巧解码 0)
[geom] conf 27 2d-27 T0 mStart=1 (1,0,2,2,2,2)                      模型点= 768 命中= 768 不符=   0 越界槽= 256(其中碰巧解码 111)
[geom] conf 28 2d-28 T0 kStart=1 (0,1,2,2,2,2)                      模型点= 512 命中= 512 不符=   0 越界槽= 512(其中碰巧解码 231)
[geom] conf 29 2d-29 T0 mStart=16 (16,0,2,2,2,2)                    模型点=   0 命中=   0 不符=   0 越界槽=1024(其中碰巧解码 126)
[geom] conf 30 2d-30 T0 kStart=16 (0,16,2,2,2,2)                    模型点=   0 命中=   0 不符=   0 越界槽=1024(其中碰巧解码 0)
[geom] conf 31 2d-31 T0 srcStride=-2 (0,0,2,2,-2,2)                 模型点= 512 命中= 512 不符=   0 越界槽= 512(其中碰巧解码 0)
[geom] conf 32 2d-32 T1 base (0,0,2,2,2,2)                          模型点=1024 命中=1024 不符=   0 越界槽=   0(其中碰巧解码 0)
[geom] conf 33 2d-33 T1 mStep=1 (0,0,1,2,2,2)                       模型点= 512 命中= 512 不符=   0 越界槽=   0(其中碰巧解码 0)
[geom] conf 34 2d-34 T1 mStep=4 (0,0,4,2,2,2)                       模型点=1024 命中=1024 不符=   0 越界槽=   0(其中碰巧解码 0)
[geom] conf 35 2d-35 T1 kStep=1 (0,0,2,1,2,2)                       模型点= 512 命中= 512 不符=   0 越界槽=   0(其中碰巧解码 0)
[geom] conf 36 2d-36 T1 kStep=4 (0,0,2,4,2,2)                       模型点= 512 命中= 512 不符=   0 越界槽= 512(其中碰巧解码 120)
[geom] conf 37 2d-37 T1 srcStride=1 (0,0,2,2,1,2)                   模型点=1024 命中=1024 不符=   0 越界槽=   0(其中碰巧解码 0)
[geom] conf 38 2d-38 T1 srcStride=3 (0,0,2,2,3,2)                   模型点= 768 命中= 768 不符=   0 越界槽= 256(其中碰巧解码 111)
[geom] conf 39 2d-39 T1 dstStride=1 (0,0,2,2,2,1)                   模型点= 768 命中= 768 不符=   0 越界槽=   0(其中碰巧解码 0)
[geom] conf 40 2d-40 T1 dstStride=4 (0,0,2,2,2,4)                   模型点= 512 命中= 512 不符=   0 越界槽=   0(其中碰巧解码 0)
[geom] conf 41 2d-41 T1 mStart=1 (1,0,2,2,2,2)                      模型点= 768 命中= 768 不符=   0 越界槽= 256(其中碰巧解码 111)
[geom] conf 42 2d-42 T1 kStart=1 (0,1,2,2,2,2)                      模型点= 512 命中= 512 不符=   0 越界槽= 512(其中碰巧解码 231)
[geom] conf 43 2d-43 T1 mStart=16 (16,0,2,2,2,2)                    模型点=   0 命中=   0 不符=   0 越界槽=1024(其中碰巧解码 126)
[geom] conf 44 2d-44 T1 kStart=16 (0,16,2,2,2,2)                    模型点=   0 命中=   0 不符=   0 越界槽=1024(其中碰巧解码 0)
[geom] conf 45 2d-45 T1 srcStride=-2 (0,0,2,2,-2,2)                 模型点= 512 命中= 512 不符=   0 越界槽= 512(其中碰巧解码 0)
[geom] conf 46 2d-46 BMM1-B params (0,0,16,8,16,16,T0) on 2-fractal 模型点=1024 命中=1024 不符=   0 越界槽=   0(其中碰巧解码 0)
[geom] conf 47 2d-47 BMM2-A(P) params (0,0,1,16,1,1,T0) on 2-fracta 模型点=1024 命中=1024 不符=   0 越界槽=   0(其中碰巧解码 0)
[geom] conf 48 2d-48 NO zerofill + NOP load → expect stale/nondet   模型点=   0 命中=   0 不符=   0 越界槽=   0(其中碰巧解码 0)
[geom] 合计（只统计模型可判定的槽位）：预测点 23552，命中 23552，不符 0
[geom] PASS：README §3 的映射模型在全部 2D conf 上逐点成立
