[PV][map] P=16x256 单位阵；V[k<16][n]=位型 0x4000+(k*256+n) ⇒ 期望 C[m][n] 解码 = m*256+n
[PV] 预测配方（与 kernel 共用同一组常量）：A(P) T0 {mStep=1, kStep=16, srcStride=1, dstStride=1}；B(V) T1 {mStep=16, kStep=8, srcStride=16, dstStride=8}
[PV]   Nd2Nz: A nValue=16/dValue=256/srcDValue=256/dstNzC0Stride=16；B nValue=256/dValue=128(N_TILE)/srcDValue=256(nTotal)/dstNzC0Stride=256；mmad m=16 n=128 k=256
  C[0][0] 位型=0x4000 → V 的 (k=0,n=0)（期望 k=0,n=0）
  C[0][1] 位型=0x4001 → V 的 (k=0,n=1)（期望 k=0,n=1）
  C[0][2] 位型=0x4002 → V 的 (k=0,n=2)（期望 k=0,n=2）
  C[0][3] 位型=0x4003 → V 的 (k=0,n=3)（期望 k=0,n=3）
  C[1][0] 位型=0x4100 → V 的 (k=1,n=0)（期望 k=1,n=0）
  C[1][1] 位型=0x4101 → V 的 (k=1,n=1)（期望 k=1,n=1）
  C[1][2] 位型=0x4102 → V 的 (k=1,n=2)（期望 k=1,n=2）
  C[1][3] 位型=0x4103 → V 的 (k=1,n=3)（期望 k=1,n=3）
  C[2][0] 位型=0x4200 → V 的 (k=2,n=0)（期望 k=2,n=0）
  C[2][1] 位型=0x4201 → V 的 (k=2,n=1)（期望 k=2,n=1）
  C[2][2] 位型=0x4202 → V 的 (k=2,n=2)（期望 k=2,n=2）
  C[2][3] 位型=0x4203 → V 的 (k=2,n=3)（期望 k=2,n=3）
  C[3][0] 位型=0x4300 → V 的 (k=3,n=0)（期望 k=3,n=0）
  C[3][1] 位型=0x4301 → V 的 (k=3,n=1)（期望 k=3,n=1）
  C[3][2] 位型=0x4302 → V 的 (k=3,n=2)（期望 k=3,n=2）
  C[3][3] 位型=0x4303 → V 的 (k=3,n=3)（期望 k=3,n=3）
[PV][map] 解码命中 4096/4096（miss=0）
