# M60 §5.6 第 5 条扫描器的**负向对照**（两方向：该抬的抬起 / 已知盲区如实漏掉）

本文件是 README §5.6 第 5 条「交卷前的绝对量词/来源断言扫描」的**负向对照**读数：扫描器是
**报告项、不是判定器**（`77897d3` 的诚实降级），所以它必须自己证明「会不会抬」以及「看不看得见」。
扫描器本体见 README §5.6 第 5 条的第一个 heredoc；下面是第二个 heredoc 的原样输出。

## 复现（在 worktree 根；注入只发生在 `/tmp` 副本里，不碰任何 worktree 与主 checkout）

先准备副本，再跑 README §5.6 第 5 条的第二个 heredoc（脚本与本文件下方内嵌的**逐字相同**）：

```bash
mkdir -p /tmp/m60_scan && cp m17_moe_real/README.md /tmp/m60_scan/README.md
```

### 与 README 逐字相同的脚本

```python
#!/usr/bin/env python3
"""M60 §5.6 扫描器的**负向对照**：往 README 的 /tmp 副本注入自然措辞的来源断言，
核「该抬的抬起来」，并把「抬不起来的」如实打出来（覆盖边界）。"""
import pathlib, re, sys
QL = r'全部|所有|唯一|任何|无一|不写死|一律|均|只|仅|每'
SRC = r'派生|来源|来自|出处|取自|产出|生成|结论|计数|数字|读数|统计|标注|引用|标尺'
C1 = re.compile(rf'({QL}).{{0,40}}({SRC})|({SRC}).{{0,40}}({QL})')
MUST = {
 "A「本文件**全部结论均**由提取器当场派生。」": "本文件**全部结论均**由提取器当场派生。",
 "B「本文件**唯一的非派生**引用是 §5⑤ 的标尺。」": "本文件**唯一的非派生**引用是 §5⑤ 的标尺。",
 "C「本文件**所有**结论均来自提取器。」": "本文件**所有**结论均来自提取器。",
 "D「本文件的**计数与结论**均由提取器派生。」": "本文件的**计数与结论**均由提取器派生。",
}
LIMIT = {   # 已知抬不起来的（覆盖边界，如实记录）
 "E「本文件的结论都由提取器生成。」（`都` 不在词表）": "本文件的结论都由提取器生成。",
 "F「§5⑤ 是唯一的例外。」（无来源语汇）": "§5⑤ 是唯一的例外。",
}
src = pathlib.Path("/tmp/m60_scan/README.md").read_text(encoding="utf-8")
ok = True
print("## 方向一：该抬起来的必须抬起来（注入到 `README.md` 的 /tmp 副本）")
print()
print("| 注入措辞 | 期望 | 实测 | 判定 |")
print("|---|---|---|---|")
for k, v in MUST.items():
    p = pathlib.Path(f"/tmp/m60_scan/inj_{k[0]}.md"); p.write_text(src + "\n\n" + v + "\n", encoding="utf-8")
    got = any(C1.search(l) for l in open(p, encoding="utf-8"))
    ok &= got
    print(f"| {k} | 抬进 C1 | {'抬进 C1' if got else '**漏掉**'} | {'符合' if got else '**不符合**'} |")
print()
print("## 方向二：已知抬不起来的（覆盖边界；扫描器**不是**判定器）")
print()
print("| 措辞 | 原因 | 实测 |")
print("|---|---|---|")
for k, v in LIMIT.items():
    got = bool(C1.search(v))
    print(f"| {k} | 见左侧说明 | {'抬进 C1' if got else '**漏掉（已披露）**'} |")
print()
print(f"⇒ 负向对照结论：**{sum(1 for v in MUST.values() if C1.search(v))}/{len(MUST)} 条该抬的抬起来了**"
      f"，另 {len(LIMIT)} 条已披露的盲区仍漏 —— 因此本扫描只作**报告项**，不作为交卷门槛。")
sys.exit(0 if ok else 1)
```

## 实测读数（原样，未编辑）

## 方向一：该抬起来的必须抬起来（注入到 `README.md` 的 /tmp 副本）

| 注入措辞 | 期望 | 实测 | 判定 |
|---|---|---|---|
| A「本文件**全部结论均**由提取器当场派生。」 | 抬进 C1 | 抬进 C1 | 符合 |
| B「本文件**唯一的非派生**引用是 §5⑤ 的标尺。」 | 抬进 C1 | 抬进 C1 | 符合 |
| C「本文件**所有**结论均来自提取器。」 | 抬进 C1 | 抬进 C1 | 符合 |
| D「本文件的**计数与结论**均由提取器派生。」 | 抬进 C1 | 抬进 C1 | 符合 |

## 方向二：已知抬不起来的（覆盖边界；扫描器**不是**判定器）

| 措辞 | 原因 | 实测 |
|---|---|---|
| E「本文件的结论都由提取器生成。」（`都` 不在词表） | 见左侧说明 | **漏掉（已披露）** |
| F「§5⑤ 是唯一的例外。」（无来源语汇） | 见左侧说明 | **漏掉（已披露）** |

⇒ 负向对照结论：**4/4 条该抬的抬起来了**，另 2 条已披露的盲区仍漏 —— 因此本扫描只作**报告项**，不作为交卷门槛。
