=== npu-smi snapshot 2026-10-05T02:17:42+00:00 ===
+-------------------------------------------------------------------------------------------------+
| npu-smi 25.7.rc1.10                              Version: 25.7.rc1.10                           |
+--------+------------------+---------------+-----------------------------------------------------+
| NPU ID | Name             | Health        | Power(W)    Temp(C)           Hugepages-Usage(page) |
|        |                  | Bus-Id        | NPU Util(%) Memory-Usage(MB)  HBM-Usage(MB)         |
+========+==================+===============+=====================================================+
| 0      | Ascend950PR      | OK            | 195.1       55                0     / 0             |
|        |                  | 0000:61:00.0  | 0           0    / 0          5242  / 131072        |
+========+==================+===============+=====================================================+
+---------------------------+---------------+-----------------------------------------------------+
| NPU ID                    | Process id    | Process name             | Process memory(MB)       |
+===========================+===============+=====================================================+
| No running processes found in NPU 0                                                             |
+===========================+===============+=====================================================+
=== m24 standalone ===
[M24] mix(1,2) launch: nblk(AIC)=28 → AIV=56；chunk=128 行 = 2 个 m-tile（64 行）
[M24] 形状：HIDDEN=2560 NH=24 HD=256 NKV=2 IDX_NH=4 IDX_D=128 ROT=64 | item 维=56 | GEMM 项=218（2 m-tile × 109 N 块）
[M24] cache：主 KV 层 stride=8421376、压缩层 stride=263168、环层 stride=1120、packed 行=8208 B
[M24] 夹具：x 4099 行 × 2560 bf16、权重平面 71435776 B（8 role）、cos/sin 4097 行、packed seed 16416 B

[M24] ==== 案例 big4097_step（rows=4097 @0, chunk=128 × 33, mut=0x0, acMode=0, 逐 chunk 发射）====
[M24][GUARD-OK] Pf.guard.y0live.c0 poisonRows=0/128(阈值 1e6)
[M24][GUARD-OK] Ac.guard.poollive.c0 池化行参考 != 毒值面
[M24][GUARD-OK] Pf.guard.y0live.c1 poisonRows=0/128(阈值 1e6)
[M24][GUARD-OK] Ac.guard.poollive.c1 池化行参考 != 毒值面
[M24][GUARD-OK] Pf.guard.y0live.c2 poisonRows=0/128(阈值 1e6)
[M24][GUARD-OK] Ac.guard.poollive.c2 池化行参考 != 毒值面
[M24][GUARD-OK] Pf.guard.y0live.c3 poisonRows=0/128(阈值 1e6)
[M24][GUARD-OK] Ac.guard.poollive.c3 池化行参考 != 毒值面
[M24][GUARD-OK] Pf.guard.y0live.c4 poisonRows=0/128(阈值 1e6)
[M24][GUARD-OK] Ac.guard.poollive.c4 池化行参考 != 毒值面
[M24]   Pf.in.kv.c4                      K 槽不符 1、V 槽（vs 设备 y0）不符 0（共 128 行）
[M24]   Ac.mkv.c4                        K 槽 T3 越界 1、V 槽（vs 设备 y0）逐字节不符 0（共 128 行 × 2 head）
[M24][GUARD-OK] Pf.guard.y0live.c5 poisonRows=0/128(阈值 1e6)
[M24][GUARD-OK] Ac.guard.poollive.c5 池化行参考 != 毒值面
[M24][GUARD-OK] Pf.guard.y0live.c6 poisonRows=0/128(阈值 1e6)
[M24][GUARD-OK] Ac.guard.poollive.c6 池化行参考 != 毒值面
[M24][GUARD-OK] Pf.guard.y0live.c7 poisonRows=0/128(阈值 1e6)
[M24][GUARD-OK] Ac.guard.poollive.c7 池化行参考 != 毒值面
[M24][GUARD-OK] Pf.guard.y0live.c8 poisonRows=0/128(阈值 1e6)
[M24][GUARD-OK] Ac.guard.poollive.c8 池化行参考 != 毒值面
[M24][GUARD-OK] Pf.guard.y0live.c9 poisonRows=0/128(阈值 1e6)
[M24][GUARD-OK] Ac.guard.poollive.c9 池化行参考 != 毒值面
[M24][GUARD-OK] Pf.guard.y0live.c10 poisonRows=0/128(阈值 1e6)
[M24][GUARD-OK] Ac.guard.poollive.c10 池化行参考 != 毒值面
[M24][GUARD-OK] Pf.guard.y0live.c11 poisonRows=0/128(阈值 1e6)
[M24][GUARD-OK] Ac.guard.poollive.c11 池化行参考 != 毒值面
[M24][GUARD-OK] Pf.guard.y0live.c12 poisonRows=0/128(阈值 1e6)
[M24][GUARD-OK] Ac.guard.poollive.c12 池化行参考 != 毒值面
[M24][GUARD-OK] Pf.guard.y0live.c13 poisonRows=0/128(阈值 1e6)
[M24][GUARD-OK] Ac.guard.poollive.c13 池化行参考 != 毒值面
[M24][GUARD-OK] Pf.guard.y0live.c14 poisonRows=0/128(阈值 1e6)
[M24][GUARD-OK] Ac.guard.poollive.c14 池化行参考 != 毒值面
[M24][GUARD-OK] Pf.guard.y0live.c15 poisonRows=0/128(阈值 1e6)
[M24][GUARD-OK] Ac.guard.poollive.c15 池化行参考 != 毒值面
[M24][GUARD-OK] Pf.guard.y0live.c16 poisonRows=0/128(阈值 1e6)
[M24][GUARD-OK] Ac.guard.poollive.c16 池化行参考 != 毒值面
[M24][GUARD-OK] Pf.guard.y0live.c17 poisonRows=0/128(阈值 1e6)
[M24][GUARD-OK] Ac.guard.poollive.c17 池化行参考 != 毒值面
[M24][GUARD-OK] Pf.guard.y0live.c18 poisonRows=0/128(阈值 1e6)
[M24][GUARD-OK] Ac.guard.poollive.c18 池化行参考 != 毒值面
[M24][GUARD-OK] Pf.guard.y0live.c19 poisonRows=0/128(阈值 1e6)
[M24][GUARD-OK] Ac.guard.poollive.c19 池化行参考 != 毒值面
[M24][GUARD-OK] Pf.guard.y0live.c20 poisonRows=0/128(阈值 1e6)
[M24][GUARD-OK] Ac.guard.poollive.c20 池化行参考 != 毒值面
[M24][GUARD-OK] Pf.guard.y0live.c21 poisonRows=0/128(阈值 1e6)
[M24][GUARD-OK] Ac.guard.poollive.c21 池化行参考 != 毒值面
[M24][GUARD-OK] Pf.guard.y0live.c22 poisonRows=0/128(阈值 1e6)
[M24][GUARD-OK] Ac.guard.poollive.c22 池化行参考 != 毒值面
[M24][GUARD-OK] Pf.guard.y0live.c23 poisonRows=0/128(阈值 1e6)
[M24][GUARD-OK] Ac.guard.poollive.c23 池化行参考 != 毒值面
[M24][GUARD-OK] Pf.guard.y0live.c24 poisonRows=0/128(阈值 1e6)
[M24][GUARD-OK] Ac.guard.poollive.c24 池化行参考 != 毒值面
[M24][GUARD-OK] Pf.guard.y0live.c25 poisonRows=0/128(阈值 1e6)
[M24][GUARD-OK] Ac.guard.poollive.c25 池化行参考 != 毒值面
[M24][GUARD-OK] Pf.guard.y0live.c26 poisonRows=0/128(阈值 1e6)
[M24][GUARD-OK] Ac.guard.poollive.c26 池化行参考 != 毒值面
[M24][GUARD-OK] Pf.guard.y0live.c27 poisonRows=0/128(阈值 1e6)
[M24][GUARD-OK] Ac.guard.poollive.c27 池化行参考 != 毒值面
[M24][GUARD-OK] Pf.guard.y0live.c28 poisonRows=0/128(阈值 1e6)
[M24][GUARD-OK] Ac.guard.poollive.c28 池化行参考 != 毒值面
[M24][GUARD-OK] Pf.guard.y0live.c29 poisonRows=0/128(阈值 1e6)
[M24][GUARD-OK] Ac.guard.poollive.c29 池化行参考 != 毒值面
[M24][GUARD-OK] Pf.guard.y0live.c30 poisonRows=0/128(阈值 1e6)
[M24][GUARD-OK] Ac.guard.poollive.c30 池化行参考 != 毒值面
[M24][GUARD-OK] Pf.guard.y0live.c31 poisonRows=0/128(阈值 1e6)
[M24][GUARD-OK] Ac.guard.poollive.c31 池化行参考 != 毒值面
[M24][GUARD-OK] Pf.guard.y0live.c32 poisonRows=0/1(阈值 1e6)
[M24]   Ac.mkv.final K 槽越界 1、V 槽越界 0（4097 行 × 2 head）
[M24]   big4097_step：checks=327 fails=3 guards=65(guardFails=0)
[M24]   失败判据（前若干个）： Pf.in.kv.c4 Ac.mkv.c4 Ac.mkv.final

[M24] ==== 案例 m1ctx4097（rows=1 @4096, chunk=1 × 1, mut=0x0, acMode=0, 逐 chunk 发射）====
[M24][GUARD-OK] Pf.guard.y0live.c0 poisonRows=0/1(阈值 1e6)
[M24]   m1ctx4097：checks=23 fails=0 guards=1(guardFails=0)

[M24] ==== 案例 rag65_step（rows=393 @0, chunk=65 × 7, mut=0x0, acMode=0, 逐 chunk 发射）====
[M24][GUARD-OK] Pf.guard.y0live.c0 poisonRows=0/65(阈值 1e6)
[M24][GUARD-OK] Ac.guard.poollive.c0 池化行参考 != 毒值面
[M24][GUARD-OK] Pf.guard.y0live.c1 poisonRows=0/65(阈值 1e6)
[M24][GUARD-OK] Ac.guard.poollive.c1 池化行参考 != 毒值面
[M24][GUARD-OK] Pf.guard.y0live.c2 poisonRows=0/65(阈值 1e6)
[M24][GUARD-OK] Ac.guard.poollive.c2 池化行参考 != 毒值面
[M24][GUARD-OK] Pf.guard.y0live.c3 poisonRows=0/65(阈值 1e6)
[M24][GUARD-OK] Ac.guard.poollive.c3 池化行参考 != 毒值面
[M24][GUARD-OK] Pf.guard.y0live.c4 poisonRows=0/65(阈值 1e6)
[M24][GUARD-OK] Ac.guard.poollive.c4 池化行参考 != 毒值面
[M24][GUARD-OK] Pf.guard.y0live.c5 poisonRows=0/65(阈值 1e6)
[M24][GUARD-OK] Ac.guard.poollive.c5 池化行参考 != 毒值面
[M24][GUARD-OK] Pf.guard.y0live.c6 poisonRows=0/3(阈值 1e6)
[M24][GUARD-OK] Ac.guard.poollive.c6 池化行参考 != 毒值面
[M24]   rag65_step：checks=93 fails=0 guards=14(guardFails=0)

[M24] ==== 案例 m128（rows=128 @0, chunk=128 × 1, mut=0x0, acMode=0, 逐 chunk 发射）====
[M24][GUARD-OK] Pf.guard.y0live.c0 poisonRows=0/128(阈值 1e6)
[M24][GUARD-OK] Ac.guard.poollive.c0 池化行参考 != 毒值面
[M24]   m128：checks=31 fails=0 guards=2(guardFails=0)

[M24] ==== 案例 m64（rows=64 @0, chunk=64 × 1, mut=0x0, acMode=0, 逐 chunk 发射）====
[M24][GUARD-OK] Pf.guard.y0live.c0 poisonRows=0/64(阈值 1e6)
[M24][GUARD-OK] Ac.guard.poollive.c0 池化行参考 != 毒值面
[M24]   m64：checks=23 fails=0 guards=2(guardFails=0)

[M24] ==== 案例 m2（rows=2 @0, chunk=2 × 1, mut=0x0, acMode=0, 逐 chunk 发射）====
[M24][GUARD-OK] Pf.guard.y0live.c0 poisonRows=0/2(阈值 1e6)
[M24]   m2：checks=23 fails=0 guards=1(guardFails=0)

[M24] ==== 案例 MUT_plaimnorm（rows=64 @0, chunk=64 × 1, mut=0x1, acMode=0, 逐 chunk 发射）====
[M24]   Pf.in.kv.c0                      K 槽不符 128、V 槽（vs 设备 y0）不符 0（共 64 行）
[M24]   Ac.mkv.c0                        K 槽 T3 越界 128、V 槽（vs 设备 y0）逐字节不符 0（共 64 行 × 2 head）
[M24]   Ac.mkv.final K 槽越界 128、V 槽越界 0（64 行 × 2 head）
[M24]   MUT_plaimnorm：checks=23 fails=7 guards=0(guardFails=0)
[M24]   失败判据（前若干个）： Pf.in.kv.c0 Ac.mkv.c0 Pf.out.q.r0.c0 Pf.out.qidx.r0.c0 Pf.out.q.r63.c0 Pf.out.qidx.r63.c0 …
[M24]   MUT_plaimnorm 变异档：PASS（判据咬住了）（变红判据数=7，guardFails=0）

[M24] ==== 案例 MUT_ropesign（rows=64 @0, chunk=64 × 1, mut=0x2, acMode=0, 逐 chunk 发射）====
[M24]   Pf.in.kv.c0                      K 槽不符 126、V 槽（vs 设备 y0）不符 0（共 64 行）
[M24]   Ac.mkv.c0                        K 槽 T3 越界 126、V 槽（vs 设备 y0）逐字节不符 0（共 64 行 × 2 head）
[M24]   Ac.mkv.final K 槽越界 126、V 槽越界 0（64 行 × 2 head）
[M24]   MUT_ropesign：checks=23 fails=5 guards=0(guardFails=0)
[M24]   失败判据（前若干个）： Pf.in.kv.c0 Ac.mkv.c0 Pf.out.q.r63.c0 Pf.out.qidx.r63.c0 Ac.mkv.final
[M24]   MUT_ropesign 变异档：PASS（判据咬住了）（变红判据数=5，guardFails=0）

[M24] ==== 案例 MUT_norope（rows=64 @0, chunk=64 × 1, mut=0x3, acMode=0, 逐 chunk 发射）====
[M24]   Pf.in.kv.c0                      K 槽不符 126、V 槽（vs 设备 y0）不符 0（共 64 行）
[M24]   Ac.mkv.c0                        K 槽 T3 越界 126、V 槽（vs 设备 y0）逐字节不符 0（共 64 行 × 2 head）
[M24]   Ac.mkv.final K 槽越界 126、V 槽越界 0（64 行 × 2 head）
[M24]   MUT_norope：checks=23 fails=5 guards=0(guardFails=0)
[M24]   失败判据（前若干个）： Pf.in.kv.c0 Ac.mkv.c0 Pf.out.q.r63.c0 Pf.out.qidx.r63.c0 Ac.mkv.final
[M24]   MUT_norope 变异档：PASS（判据咬住了）（变红判据数=5，guardFails=0）

[M24] ==== 案例 MUT_nogemm（rows=64 @0, chunk=64 × 1, mut=0x800, acMode=0, 逐 chunk 发射）====
[M24]   Pf.in.kv.c0                      K 槽不符 128、V 槽（vs 设备 y0）不符 0（共 64 行）
[M24]   Ac.ring.c0                       字节差异 1020/1120
[M24]   Ac.pool.c0                       池化行不符 16/16
[M24]   Ac.comp.c0                       压缩行 T3 越界 16/16
[M24]   Ac.mkv.c0                        K 槽 T3 越界 128、V 槽（vs 设备 y0）逐字节不符 0（共 64 行 × 2 head）
[M24]   Pf.y0.r0.c0                      T2' 越界 13952/13952
[M24]     y0.r0 诊断：max|Δ|=4.29916e+08 @#9247 | got[0..3]=-4.299e+08 -4.299e+08 -4.299e+08 -4.299e+08 | exp[0..3]=-0.3394 -0.768 -0.5682 -0.05572
[M24]   Pf.y0.r63.c0                     T2' 越界 13952/13952
[M24]     y0.r63 诊断：max|Δ|=4.29916e+08 @#12640 | got[0..3]=-4.299e+08 -4.299e+08 -4.299e+08 -4.299e+08 | exp[0..3]=-0.2161 0.05159 -0.7081 -0.1385
[M24]   Ac.mkv.final K 槽越界 128、V 槽越界 128（64 行 × 2 head）
[M24]   Ac.comp.final 压缩行越界 16/16
[M24]   Ac.ring.final                    字节差异 1020/1120
[M24]   MUT_nogemm：checks=23 fails=14 guards=0(guardFails=0)
[M24]   失败判据（前若干个）： Pf.in.kv.c0 Ac.ring.c0 Ac.pool.c0 Ac.comp.c0 Ac.mkv.c0 Pf.y0.r0.c0 …
[M24]   MUT_nogemm 变异档：PASS（判据咬住了）（变红判据数=14，guardFails=0）

[M24] ==== 案例 MUT_nokv（rows=64 @0, chunk=64 × 1, mut=0x200, acMode=0, 逐 chunk 发射）====
[M24]   Pf.in.kv.c0                      K 槽不符 128、V 槽（vs 设备 y0）不符 128（共 64 行）
[M24]   Ac.mkv.c0                        K 槽 T3 越界 128、V 槽（vs 设备 y0）逐字节不符 128（共 64 行 × 2 head）
[M24]   Ac.mkv.final K 槽越界 128、V 槽越界 128（64 行 × 2 head）
[M24]   MUT_nokv：checks=23 fails=3 guards=0(guardFails=0)
[M24]   失败判据（前若干个）： Pf.in.kv.c0 Ac.mkv.c0 Ac.mkv.final
[M24]   MUT_nokv 变异档：PASS（判据咬住了）（变红判据数=3，guardFails=0）

[M24] ==== 案例 MUT_norawk（rows=64 @0, chunk=64 × 1, mut=0x400, acMode=0, 逐 chunk 发射）====
[M24]   Pf.in.rawk.c0                    raw k 不符 63 行、位置尾不符 0 行（共 64 行）
[M24]   Ac.ring.c0                       字节差异 693/1120
[M24]   Ac.pool.c0                       池化行不符 16/16
[M24]   Ac.comp.c0                       压缩行 T3 越界 16/16
[M24]   Ac.comp.final 压缩行越界 16/16
[M24]   Ac.ring.final                    字节差异 693/1120
[M24]   MUT_norawk：checks=23 fails=6 guards=0(guardFails=0)
[M24]   失败判据（前若干个）： Pf.in.rawk.c0 Ac.ring.c0 Ac.pool.c0 Ac.comp.c0 Ac.comp.final Ac.ring.final
[M24]   MUT_norawk 变异档：PASS（判据咬住了）（变红判据数=6，guardFails=0）

[M24] ==== 案例 MUT_noqidx（rows=64 @0, chunk=64 × 1, mut=0x100, acMode=0, 逐 chunk 发射）====
[M24]   MUT_noqidx：checks=23 fails=2 guards=0(guardFails=0)
[M24]   失败判据（前若干个）： Pf.out.qidx.r0.c0 Pf.out.qidx.r63.c0
[M24]   MUT_noqidx 变异档：PASS（判据咬住了）（变红判据数=2，guardFails=0）

[M24] ==== 案例 MUT_ac_noringstore（rows=64 @0, chunk=64 × 1, mut=0x0, acMode=5, 逐 chunk 发射）====
[M24]   Ac.ring.c0                       字节差异 1116/1120
[M24]   Ac.flag.c0 lane0 got=0 exp=4
[M24]   Ac.flag.c0 lane4 got=5 exp=0
[M24]   Ac.ring.final                    字节差异 1116/1120
[M24]   MUT_ac_noringstore：checks=23 fails=3 guards=0(guardFails=0)
[M24]   失败判据（前若干个）： Ac.ring.c0 Ac.flag.c0 Ac.ring.final
[M24]   MUT_ac_noringstore 变异档：PASS（判据咬住了）（变红判据数=3，guardFails=0）

[M24] ==== 案例 MUT_ac_nocompstore（rows=64 @0, chunk=64 × 1, mut=0x0, acMode=6, 逐 chunk 发射）====
[M24]   Ac.pool.c0                       池化行不符 16/16
[M24]   Ac.comp.c0                       压缩行 T3 越界 16/16
[M24]   Ac.flag.c0 lane1 got=0 exp=16
[M24]   Ac.flag.c0 lane4 got=6 exp=0
[M24]   Ac.flag.c0 lane6 got=0 exp=15
[M24]   Ac.comp.final 压缩行越界 16/16
[M24]   MUT_ac_nocompstore：checks=23 fails=4 guards=0(guardFails=0)
[M24]   失败判据（前若干个）： Ac.pool.c0 Ac.comp.c0 Ac.flag.c0 Ac.comp.final
[M24]   MUT_ac_nocompstore 变异档：PASS（判据咬住了）（变红判据数=4，guardFails=0）

[M24] ==== 案例 MUT_guard_nogemm（rows=64 @0, chunk=64 × 1, mut=0x800, acMode=0, 逐 chunk 发射）====
[M24][GUARD-FAIL] Pf.guard.y0live.c0 poisonRows=64/64(阈值 1e6)
[M24][GUARD-OK] Ac.guard.poollive.c0 池化行参考 != 毒值面
[M24]   Pf.in.kv.c0                      K 槽不符 128、V 槽（vs 设备 y0）不符 0（共 64 行）
[M24]   Ac.ring.c0                       字节差异 1020/1120
[M24]   Ac.pool.c0                       池化行不符 16/16
[M24]   Ac.comp.c0                       压缩行 T3 越界 16/16
[M24]   Ac.mkv.c0                        K 槽 T3 越界 128、V 槽（vs 设备 y0）逐字节不符 0（共 64 行 × 2 head）
[M24]   Pf.y0.r0.c0                      T2' 越界 13952/13952
[M24]     y0.r0 诊断：max|Δ|=4.29916e+08 @#9247 | got[0..3]=-4.299e+08 -4.299e+08 -4.299e+08 -4.299e+08 | exp[0..3]=-0.3394 -0.768 -0.5682 -0.05572
[M24]   Pf.y0.r63.c0                     T2' 越界 13952/13952
[M24]     y0.r63 诊断：max|Δ|=4.29916e+08 @#12640 | got[0..3]=-4.299e+08 -4.299e+08 -4.299e+08 -4.299e+08 | exp[0..3]=-0.2161 0.05159 -0.7081 -0.1385
[M24]   Ac.mkv.final K 槽越界 128、V 槽越界 128（64 行 × 2 head）
[M24]   Ac.comp.final 压缩行越界 16/16
[M24]   Ac.ring.final                    字节差异 1020/1120
[M24]   MUT_guard_nogemm：checks=23 fails=14 guards=2(guardFails=1)
[M24]   失败判据（前若干个）： Pf.in.kv.c0 Ac.ring.c0 Ac.pool.c0 Ac.comp.c0 Ac.mkv.c0 Pf.y0.r0.c0 …
[M24]   MUT_guard_nogemm 变异档：PASS（判据咬住了）（变红判据数=14，guardFails=1，guardMutant 档额外要求 guardFails>0）

[M24] ==== 案例 MUT_ac_sumnotmean（rows=64 @0, chunk=64 × 1, mut=0x0, acMode=1, 逐 chunk 发射）====
[M24]   Ac.pool.c0                       池化行不符 16/16
[M24]   Ac.flag.c0 lane4 got=1 exp=0
[M24]   MUT_ac_sumnotmean：checks=23 fails=2 guards=0(guardFails=0)
[M24]   失败判据（前若干个）： Ac.pool.c0 Ac.flag.c0
[M24]   MUT_ac_sumnotmean 变异档：PASS（判据咬住了）（变红判据数=2，guardFails=0）

[M24] ==== 案例 MUT_ac_offbyone（rows=64 @0, chunk=64 × 1, mut=0x0, acMode=7, 逐 chunk 发射）====
[M24]   Ac.pool.c0                       池化行不符 16/16
[M24]   Ac.comp.c0                       压缩行 T3 越界 16/16
[M24]   Ac.flag.c0 lane4 got=7 exp=0
[M24]   Ac.comp.final 压缩行越界 16/16
[M24]   MUT_ac_offbyone：checks=23 fails=4 guards=0(guardFails=0)
[M24]   失败判据（前若干个）： Ac.pool.c0 Ac.comp.c0 Ac.flag.c0 Ac.comp.final
[M24]   MUT_ac_offbyone 变异档：PASS（判据咬住了）（变红判据数=4，guardFails=0）

[M24] ==== 案例 MUT_ac_noringread（rows=393 @0, chunk=65 × 7, mut=0x0, acMode=4, 逐 chunk 发射）====
[M24]   Ac.flag.c0 lane4 got=4 exp=0
[M24]   Ac.pool.c1                       池化行不符 1/16
[M24]   Ac.comp.c1                       压缩行 T3 越界 1/16
[M24]   Ac.flag.c1 lane4 got=4 exp=0
[M24]   Ac.pool.c2                       池化行不符 1/16
[M24]   Ac.comp.c2                       压缩行 T3 越界 1/16
[M24]   Ac.flag.c2 lane4 got=4 exp=0
[M24]   Ac.pool.c3                       池化行不符 1/17
[M24]   Ac.comp.c3                       压缩行 T3 越界 1/17
[M24]   Ac.flag.c3 lane4 got=4 exp=0
[M24]   Ac.flag.c4 lane4 got=4 exp=0
[M24]   Ac.pool.c5                       池化行不符 1/16
[M24]   Ac.comp.c5                       压缩行 T3 越界 1/16
[M24]   Ac.flag.c5 lane4 got=4 exp=0
[M24]   Ac.pool.c6                       池化行不符 1/1
[M24]   Ac.comp.c6                       压缩行 T3 越界 1/1
[M24]   Ac.flag.c6 lane4 got=4 exp=0
[M24]   Ac.comp.final 压缩行越界 5/99
[M24]   MUT_ac_noringread：checks=93 fails=18 guards=0(guardFails=0)
[M24]   失败判据（前若干个）： Ac.flag.c0 Ac.pool.c1 Ac.comp.c1 Ac.flag.c1 Ac.pool.c2 Ac.comp.c2 …
[M24]   MUT_ac_noringread 变异档：PASS（判据咬住了）（变红判据数=18，guardFails=0）

[M24] ==== 案例 big4097_seq_refused（rows=4097 @0, chunk=128 × 33, mut=0x0, acMode=0, 单次发射）====
[M24]   big4097_seq_refused 已知缺陷档：launch 非正常结束 err=507015 msg=EZ9999: Inner Error!
EZ9999[PID: 118664] 2026-10-05-02:17:46.937.921 (EZ9999):  The error from device(chipId:0, dieId:0), serial number is 111, there is an aicore error exception, core id is 0, error code = 286, dump info: pc start: 0x120041000f00, current: 0x120041001090, sc error info: 0xffffffffffff, su error info: 0xfbfddffb1d34040d,0xfd74f2add800ffff, mte error info: 0xaa01f58000020bd8, vec error info: 0, cube error info: 0, l1 error info: 0xffbf000eff7e, aic error mask: 0x395856, para base: 0x120000200000, mte error: 0, aic cond: 0.
The extend info: errcode:(286) errorStr: The trap instruction reports an error. subErrType: 0x4.
For details, see the troubleshooting document on the Ascend official website. Search for the keyword "AI Core Error".[FUNC:ProcessDavidStarsCoreErrorInfo][FILE:device_error_proc_c.cc][LINE:716]
TraceBack (most recent call last):
       The error from device(chipId:0, dieId:0), serial number is 111, there is an aicore error exception, core id is 1, error code = 286, dump info: pc start: 0x120041000f00, current: 0x120041001090, sc error info: 0xffffffffffff, su error info: 0xffbfffdf1aac040d,0x73f9f5dbf800dfff, mte error info: 0xaa03858000020bd8, vec error info: 0, cube error info: 0, l1 error info: 0xdd9f0012ec43, aic error mask: 0x395856, para base: 0x120000200000, mte error: 0, aic cond: 0.
The extend info: errcode:(286) errorStr: The trap instruction reports an error. subErrType: 0x4.
For details, see the troubleshooting document on the Ascend official website. Search for the keyword "AI Core Error".[FUNC:ProcessDavidStarsCoreErrorInfo][FILE:device_error_proc_c.cc][LINE:716]
       The error from device(chipId:0, dieId:0), serial number is 111, there is an aicore error exception, core id is 2, error code = 286, dump info: pc start: 0x120041000f00, current: 0x120041001090, sc error info: 0xffffffffffff, su error info: 0xbfbdffff184c040d,0xffd7d5cdf000ffdf, mte error info: 0xaa05158000020bd8, vec error info: 0, cube error info: 0, l1 error info: 0xf9fb000ff4ef, aic error mask: 0x395856, para base: 0x120000200000, mte error: 0, aic cond: 0.
The extend info: errcode:(286) errorStr: The trap instruction reports an error. subErrType: 0x4.
For details, see the troubleshooting document on the Ascend official website. Search for the keyword "AI Core Error".[FUNC:ProcessDavidStarsCoreErrorInfo][FILE:device_error_proc_c.cc][LINE:716]
       The error from device(chipId:0, dieId:0), serial number is 111, there is an aicore error exception, core id is 3, error code = 286, dump info: pc start: 0x120041000f00, current: 0x120041001090, sc error info: 0xffffffffffff, su error info: 0xaff7fe791e00040d,0xddddfdc69800efbf, mte error info: 0xf7fafd470006ae0f, vec error info: 0, cube error info: 0, l1 error info: 0xf7a3001a6ffe, aic error mask: 0x395856, para base: 0x120000200000, mte error: 0, aic cond: 0.
The extend info: errcode:(286) errorStr: The trap instruction reports an error. subErrType: 0x4.
For details, see the troubleshooting document on the Ascend official website. Search for the keyword "AI Core Error".[FUNC:ProcessDavidStarsCoreErrorInfo][FILE:device_error_proc_c.cc][LINE:716]
       The error from device(chipId:0, dieId:0), serial number is 111, there is an aicore error exception, core id is 4, error code = 286, dump info: pc start: 0x120041000f00, current: 0x120041001090, sc error info: 0xffffffffffff, su error info: 0xcbbf7ffe0eee040d,0x6bfe7559f000dfef, mte error info: 0x71cff7590006c80e, vec error info: 0, cube error info: 0, l1 error info: 0x2fff000f4ddb, aic error mask: 0x395856, para base: 0x120000200000, mte error: 0, aic cond: 0.
The extend info: errcode:(286) errorStr: The trap instruction reports an error. subErrType: 0x4.
For details, see the troubleshooting document on the Ascend official website. Search for the keyword "AI Core Error".[FUNC:ProcessDavidStarsCoreErrorInfo][FILE:device_error_proc_c.cc][LINE:716]
       The error from device(chipId:0, dieId:0), serial number is 111, there is an aicore error exception, core id is 5, error code = 286, dump info: pc start: 0x120041000f00, current: 0x120041001090, sc error info: 0xffffffffffff, su error info: 0xffff7ffc0b9e040d,0x4ffdef6ef800fffd, mte error info: 0x2ff88c4f0006cfff, vec error info: 0, cube error info: 0, l1 error info: 0xf0ab00169ef7, aic error mask: 0x395856, para base: 0x120000200000, mte error: 0, aic cond: 0.
The extend info: errcode:(286) errorStr: The trap instruction reports an error. subErrType: 0x4.
For details, see the troubleshooting document on the Ascend official website. Search for the keyword "AI Core Error".[FUNC:ProcessDavidStarsCoreErrorInfo][FILE:device_error_proc_c.cc][LINE:716]
       The error from device(chipId:0, dieId:0), serial number is 111, there is an aicore error exception, core id is 6, error code = 286, dump info: pc start: 0x120041000f00, current: 0x120041001090, sc error info: 0xffffffffffff, su error info: 0xff9ffffb1fba040d,0xdfe07cef9800bffb, mte error info: 0x72ae2cf60002af5b, vec error info: 0, cube error info: 0, l1 error info: 0xfebf0015dfec, aic error mask: 0x395856, para base: 0x120000200000, mte error: 0, aic cond: 0.
The extend info: errcode:(286) errorStr: The trap instruction reports an error. subErrType: 0x4.
For details, see the troubleshooting document on the Ascend official website. Search for the keyword "AI Core Error".[FUNC:ProcessDavidStarsCoreErrorInfo][FILE:device_error_proc_c.cc][LINE:716]
       The error from device(chipId:0, dieId:0), serial number is 111, there is an aicore error exception, core id is 7, error code = 286, dump info: pc start: 0x120041000f00, current: 0x120041001090, sc error info: 0xffffffffffff, su error info: 0xffbffeff1f32040d,0x9fcd7f5378005ffd, mte error info: 0x3fffefdb0005fffe, vec error info: 0, cube error info: 0, l1 error info: 0xbbd70004c59c, aic error mask: 0x395856, para base: 0x120000200000, mte error: 0, aic cond: 0.
The extend info: errcode:(286) errorStr: The trap instruction reports an error. subErrType: 0x4.
For details, see the troubleshooting document on the Ascend official website. Search for the keyword "AI Core Error".[FUNC:ProcessDavidStarsCoreErrorInfo][FILE:device_error_proc_c.cc][LINE:716]
       The error from device(chipId:0, dieId:0), serial number is 111, there is an aicore error exception, core id is 8, error code = 286, dump info: pc start: 0x120041000f00, current: 0x120041001090, sc error info: 0xffffffffffff, su error info: 0xffff7f9b11ee040d,0xdecddfc4e800dfef, mte error info: 0xd7adb5f700038ffc, vec error info: 0, cube error info: 0, l1 error info: 0x1fbf001ffde4, aic error mask: 0x395856, para base: 0x120000200000, mte error: 0, aic cond: 0.
The extend info: errcode:(286) errorStr: The trap instruction reports an error. subErrType: 0x4.
For details, see the troubleshooting document on the Ascend official website. Search for the keyword "AI Core Error".[FUNC:ProcessDavidStarsCoreErrorInfo][FILE:device_error_proc_c.cc][LINE:716]
       The error from device(chipId:0, dieId:0), serial number is 111, there is an aicore error exception, core id is 9, error code = 286, dump info: pc start: 0x120041000f00, current: 0x120041001090, sc error info: 0xffffffffffff, su error info: 0xffffffee1456040d,0xf6fcc5f0b800f7ff, mte error info: 0xbf3f3cfc0007ebf5, vec error info: 0, cube error info: 0, l1 error info: 0xdbdc0015bd5f, aic error mask: 0x395856, para base: 0x120000200000, mte error: 0, aic cond: 0.
The extend info: errcode:(286) errorStr: The trap instruction reports an error. subErrType: 0x4.
For details, see the troubleshooting document on the Ascend official website. Search for the keyword "AI Core Error".[FUNC:ProcessDavidStarsCoreErrorInfo][FILE:device_error_proc_c.cc][LINE:716]
       The error from device(chipId:0, dieId:0), serial number is 111, there is an aicore error exception, core id is 12, error code = 286, dump info: pc start: 0x120041000f00, current: 0x120041001090, sc error info: 0xffffffffffff, su error info: 0xdfff6ffe1ba4040d,0xc7ccd1ddf800ffef, mte error info: 0xbe7bd6a300076bdf, vec error info: 0, cube error info: 0, l1 error info: 0x5df900074d7a, aic error mask: 0x395856, para base: 0x120000200000, mte error: 0, aic cond: 0.
The extend info: errcode:(286) errorStr: The trap instruction reports an error. subErrType: 0x4.
For details, see the troubleshooting document on the Ascend official website. Search for the keyword "AI Core Error".[FUNC:ProcessDavidStarsCoreErrorInfo][FILE:device_error_proc_c.cc][LINE:716]
       The error from device(chipId:0, dieId:0), serial number is 111, there is an aicore error exception, core id is 13, error code = 286, dump info: pc start: 0x120041000f00, current: 0x120041001090, sc error info: 0xffffffffffff, su error info: 0xfffdffff1010040d,0xd5fc7ddff000ffef, mte error info: 0x1f1f10230000de30, vec error info: 0, cube error info: 0, l1 error info: 0x7f900095f4f, aic error mask: 0x395856, para base: 0x120000200000, mte error: 0, aic cond: 0.
The extend info: errcode:(286) errorStr: The trap instruction reports an error. subErrType: 0x4.
For details, see the troubleshooting document on the Ascend official website. Search for the keyword "AI Core Error".[FUNC:ProcessDavidStarsCoreErrorInfo][FILE:device_error_proc_c.cc][LINE:716]
       The error from device(chipId:0, dieId:0), serial number is 111, there is an aicore error exception, core id is 14, error code = 286, dump info: pc start: 0x120041000f00, current: 0x120041001090, sc error info: 0xffffffffffff, su error info: 0xf5fdbf5f163c040d,0xeed7f59df800bfca, mte error info: 0x8bae68ef000367bd, vec error info: 0, cube error info: 0, l1 error info: 0xfc98001d5244, aic error mask: 0x395856, para base: 0x120000200000, mte error: 0, aic cond: 0.
The extend info: errcode:(286) errorStr: The trap instruction reports an error. subErrType: 0x4.
For details, see the troubleshooting document on the Ascend official website. Search for the keyword "AI Core Error".[FUNC:ProcessDavidStarsCoreErrorInfo][FILE:device_error_proc_c.cc][LINE:716]
       The error from device(chipId:0, dieId:0), serial number is 111, there is an aicore error exception, core id is 15, error code = 286, dump info: pc start: 0x120041000f00, current: 0x120041001090, sc error info: 0xffffffffffff, su error info: 0xfffddf7b09be040d,0xf5deddf5e800fdff, mte error info: 0xf1ee77f90001bfdb, vec error info: 0, cube error info: 0, l1 error info: 0xfeef001f3ff4, aic error mask: 0x395856, para base: 0x120000200000, mte error: 0, aic cond: 0.
The extend info: errcode:(286) errorStr: The trap instruction reports an error. subErrType: 0x4.
For details, see the troubleshooting document on the Ascend official website. Search for the keyword "AI Core Error".[FUNC:ProcessDavidStarsCoreErrorInfo][FILE:device_error_proc_c.cc][LINE:716]
       The error from device(chipId:0, dieId:0), serial number is 111, there is an aicore error exception, core id is 18, error code = 286, dump info: pc start: 0x120041000f00, current: 0x120041001090, sc error info: 0xffffffffffff, su error info: 0xbfbeffee013a040d,0xed4237d47800bfff, mte error info: 0xc10cbe0f00073f7f, vec error info: 0, cube error info: 0, l1 error info: 0x3eb9001275ee, aic error mask: 0x395856, para base: 0x120000200000, mte error: 0, aic cond: 0.
The extend info: errcode:(286) errorStr: The trap instruction reports an error. subErrType: 0x4.
For details, see the troubleshooting document on the Ascend official website. Search for the keyword "AI Core Error".[FUNC:ProcessDavidStarsCoreErrorInfo][FILE:device_error_proc_c.cc][LINE:716]
       The error from device(chipId:0, dieId:0), serial number is 111, there is an aicore error exception, core id is 19, error code = 286, dump info: pc start: 0x120041000f00, current: 0x120041001090, sc error info: 0xffffffffffff, su error info: 0x7f7fafef1bac040d,0xffc9f4cbf800feff, mte error info: 0xdd75becf00073e7e, vec error info: 0, cube error info: 0, l1 error info: 0x9efb00037f1b, aic error mask: 0x395856, para base: 0x120000200000, mte error: 0, aic cond: 0.
The extend info: errcode:(286) errorStr: The trap instruction reports an error. subErrType: 0x4.
For details, see the troubleshooting document on the Ascend official website. Search for the keyword "AI Core Error".[FUNC:ProcessDavidStarsCoreErrorInfo][FILE:device_error_proc_c.cc][LINE:716]
       The error from device(chipId:0, dieId:0), serial number is 111, there is an aicore error exception, core id is 20, error code = 286, dump info: pc start: 0x120041000f00, current: 0x120041001090, sc error info: 0xffffffffffff, su error info: 0xfff7ffff1b7e040d,0xdf89dd19a000fb7f, mte error info: 0xf35fa4e80006fdab, vec error info: 0, cube error info: 0, l1 error info: 0xffbf001957f3, aic error mask: 0x395856, para base: 0x120000200000, mte error: 0, aic cond: 0.
The extend info: errcode:(286) errorStr: The trap instruction reports an error. subErrType: 0x4.
For details, see the troubleshooting document on the Ascend official website. Search for the keyword "AI Core Error".[FUNC:ProcessDavidStarsCoreErrorInfo][FILE:device_error_proc_c.cc][LINE:716]
       The error from device(chipId:0, dieId:0), serial number is 111, there is an aicore error exception, core id is 22, error code = 286, dump info: pc start: 0x120041000f00, current: 0x120041001090, sc error info: 0xffffffffffff, su error info: 0xeffd7ffb1adc040d,0xdf734d95f800ef7f, mte error info: 0xa30ec4ed0006a59f, vec error info: 0, cube error info: 0, l1 error info: 0xfab7000ffdef, aic error mask: 0x395856, para base: 0x120000200000, mte error: 0, aic cond: 0.
The extend info: errcode:(286) errorStr: The trap instruction reports an error. subErrType: 0x4.
For details, see the troubleshooting document on the Ascend official website. Search for the keyword "AI Core Error".[FUNC:ProcessDavidStarsCoreErrorInfo][FILE:device_error_proc_c.cc][LINE:716]
       The error from device(chipId:0, dieId:0), serial number is 111, there is an aicore error exception, core id is 23, error code = 286, dump info: pc start: 0x120041000f00, current: 0x120041001090, sc error info: 0xffffffffffff, su error info: 0xfffff6ff0bda040d,0xee4d7feee000ffff, mte error info: 0xe9f2e57e0006fbcb, vec error info: 0, cube error info: 0, l1 error info: 0xbdbb0017fc55, aic error mask: 0x395856, para base: 0x120000200000, mte error: 0, aic cond: 0.
The extend info: errcode:(286) errorStr: The trap instruction reports an error. subErrType: 0x4.
For details, see the troubleshooting document on the Ascend official website. Search for the keyword "AI Core Error".[FUNC:ProcessDavidStarsCoreErrorInfo][FILE:device_error_proc_c.cc][LINE:716]
       The error from device(chipId:0, dieId:0), serial number is 111, there is an aicore error exception, core id is 24, error code = 286, dump info: pc start: 0x120041000f00, current: 0x120041001090, sc error info: 0xffffffffffff, su error info: 0xfebffff71df8040d,0xd3cf9efff000fffb, mte error info: 0xbfff9cdd0006ef6e, vec error info: 0, cube error info: 0, l1 error info: 0x967a0015f588, aic error mask: 0x395856, para base: 0x120000200000, mte error: 0, aic cond: 0.
The extend info: errcode:(286) errorStr: The trap instruction reports an error. subErrType: 0x4.
For details, see the troubleshooting document on the Ascend official website. Search for the keyword "AI Core Error".[FUNC:ProcessDavidStarsCoreErrorInfo][FILE:device_error_proc_c.cc][LINE:716]
       The error from device(chipId:0, dieId:0), serial number is 111, there is an aicore error exception, core id is 25, error code = 286, dump info: pc start: 0x120041000f00, current: 0x120041001090, sc error info: 0xffffffffffff, su error info: 0xfbbff7fb1d2e040d,0x97ff7dd77000f7bf, mte error info: 0xfdecf5640003edf7, vec error info: 0, cube error info: 0, l1 error info: 0xdd510014d1cf, aic error mask: 0x395856, para base: 0x120000200000, mte error: 0, aic cond: 0.
The extend info: errcode:(286) errorStr: The trap instruction reports an error. subErrType: 0x4.
For details, see the troubleshooting document on the Ascend official website. Search for the keyword "AI Core Error".[FUNC:ProcessDavidStarsCoreErrorInfo][FILE:device_error_proc_c.cc][LINE:716]
       The error from device(chipId:0, dieId:0), serial number is 111, there is an aicore error exception, core id is 26, error code = 286, dump info: pc start: 0x120041000f00, current: 0x120041001090, sc error info: 0xffffffffffff, su error info: 0xfff7fbff11fa040d,0xdddd71c4f800fffa, mte error info: 0x5b8fa6570006faff, vec error info: 0, cube error info: 0, l1 error info: 0xbfdf00139f90, aic error mask: 0x395856, para base: 0x120000200000, mte error: 0, aic cond: 0.
The extend info: errcode:(286) errorStr: The trap instruction reports an error. subErrType: 0x4.
For details, see the troubleshooting document on the Ascend official website. Search for the keyword "AI Core Error".[FUNC:ProcessDavidStarsCoreErrorInfo][FILE:device_error_proc_c.cc][LINE:716]
       The error from device(chipId:0, dieId:0), serial number is 111, there is an aicore error exception, core id is 27, error code = 286, dump info: pc start: 0x120041000f00, current: 0x120041001090, sc error info: 0xffffffffffff, su error info: 0xf7ff27ff1dfa040d,0x7415e7d5d800fdf6, mte error info: 0x6dd4c8da0001dabb, vec error info: 0, cube error info: 0, l1 error info: 0xbd7c00177def, aic error mask: 0x395856, para base: 0x120000200000, mte error: 0, aic cond: 0.
The extend info: errcode:(286) errorStr: The trap instruction reports an error. subErrType: 0x4.
For details, see the troubleshooting document on the Ascend official website. Search for the keyword "AI Core Error".[FUNC:ProcessDavidStarsCoreErrorInfo][FILE:device_error_proc_c.cc][LINE:716]
       The error from device(chipId:0, dieId:0), serial number is 111, there is an aicore error exception, core id is 28, error code = 286, dump info: pc start: 0x120041000f00, current: 0x120041001090, sc error info: 0xffffffffffff, su error info: 0xffbfff53068a040d,0x7f4f6dccf800fbfb, mte error info: 0xaaddbb490006fffc, vec error info: 0, cube error info: 0, l1 error info: 0x9f93000edffc, aic error mask: 0x395856, para base: 0x120000200000, mte error: 0, aic cond: 0.
The extend info: errcode:(286) errorStr: The trap instruction reports an error. subErrType: 0x4.
For details, see the troubleshooting document on the Ascend official website. Search for the keyword "AI Core Error".[FUNC:ProcessDavidStarsCoreErrorInfo][FILE:device_error_proc_c.cc][LINE:716]
       The error from device(chipId:0, dieId:0), serial number is 111, there is an aicore error exception, core id is 29, error code = 286, dump info: pc start: 0x120041000f00, current: 0x120041001090, sc error info: 0xffffffffffff, su error info: 0x7ffdfe9b1936040d,0xff835051f800ffef, mte error info: 0x3ba9dd8d0003ffbf, vec error info: 0, cube error info: 0, l1 error info: 0x159b00053f68, aic error mask: 0x395856, para base: 0x120000200000, mte error: 0, aic cond: 0.
The extend info: errcode:(286) errorStr: The trap instruction reports an error. subErrType: 0x4.
For details, see the troubleshooting document on the Ascend official website. Search for the keyword "AI Core Error".[FUNC:ProcessDavidStarsCoreErrorInfo][FILE:device_error_proc_c.cc][LINE:716]
       The error from device(chipId:0, dieId:0), serial number is 111, there is an aicore error exception, core id is 30, error code = 286, dump info: pc start: 0x120041000f00, current: 0x120041001090, sc error info: 0xffffffffffff, su error info: 0xffbacf7319fa040d,0xcf5ef355f800fdff, mte error info: 0x1f947aff0006fffd, vec error info: 0, cube error info: 0, l1 error info: 0xddff0016ed8e, aic error mask: 0x395856, para base: 0x120000200000, mte error: 0, aic cond: 0.
The extend info: errcode:(286) errorStr: The trap instruction reports an error. subErrType: 0x4.
For details, see the troubleshooting document on the Ascend official website. Search for the keyword "AI Core Error".[FUNC:ProcessDavidStarsCoreErrorInfo][FILE:device_error_proc_c.cc][LINE:716]
       The error from device(chipId:0, dieId:0), serial number is 111, there is an aicore error exception, core id is 31, error code = 286, dump info: pc start: 0x120041000f00, current: 0x120041001090, sc error info: 0xffffffffffff, su error info: 0xfffdf6f70ef2040d,0xd1c5583ff800fff6, mte error info: 0xbadf5df50004e7ef, vec error info: 0, cube error info: 0, l1 error info: 0x5edf000cf3ec, aic error mask: 0x395856, para base: 0x120000200000, mte error: 0, aic cond: 0.
The extend info: errcode:(286) errorStr: The trap instruction reports an error. subErrType: 0x4.
For details, see the troubleshooting document on the Ascend official website. Search for the keyword "AI Core Error".[FUNC:ProcessDavidStarsCoreErrorInfo][FILE:device_error_proc_c.cc][LINE:716]
       The error from device(chipId:0, dieId:0), serial number is 111, there is an aicore error exception, core id is 32, error code = 286, dump info: pc start: 0x120041000f00, current: 0x120041001090, sc error info: 0xffffffffffff, su error info: 0xffbfbfff01a0040d,0xcdfdc5dd7800fdff, mte error info: 0x51ac3e7e00073df5, vec error info: 0, cube error info: 0, l1 error info: 0xbabf001d2186, aic error mask: 0x395856, para base: 0x120000200000, mte error: 0, aic cond: 0.
The extend info: errcode:(286) errorStr: The trap instruction reports an error. subErrType: 0x4.
For details, see the troubleshooting document on the Ascend official website. Search for the keyword "AI Core Error".[FUNC:ProcessDavidStarsCoreErrorInfo][FILE:device_error_proc_c.cc][LINE:716]
       The error from device(chipId:0, dieId:0), serial number is 112, there is an aivec error exception, core id is 0, error code = 286, dump info: pc start: 0x120041004a4c, current: 0x120041004c30, sc error info: 0xffffffffffff, su error info: 0xefdb97ed0fd812f4,0xdfdfbad45800eeb9, mte error info: 0x2dcbd, vec error info: 0x41001f08003102cc, cube error info: 0, l1 error info: 0, aic error mask: 0x395856, para base: 0x120000200000, mte error: 0, aic cond: 0.
The extend info: errcode:(286) errorStr: The trap instruction reports an error. subErrType: 0x4.
For details, see the troubleshooting document on the Ascend official website. Search for the keyword "AI Core Error".[FUNC:ProcessDavidStarsCoreErrorInfo][FILE:device_error_proc_c.cc][LINE:716]
       The error from device(chipId:0, dieId:0), serial number is 112, there is an aivec error exception, core id is 1, error code = 286, dump info: pc start: 0x120041004a4c, current: 0x120041004c30, sc error info: 0xffffffffffff, su error info: 0xbafff7ff2c9a12f4,0x967edfedb8009c32, mte error info: 0x2dcbd, vec error info: 0x977bef4005effee, cube error info: 0, l1 error info: 0, aic error mask: 0x395856, para base: 0x120000200000, mte error: 0, aic cond: 0.
The extend info: errcode:(286) errorStr: The trap instruction reports an error. subErrType: 0x4.
For details, see the troubleshooting document on the Ascend official website. Search for the keyword "AI Core Error".[FUNC:ProcessDavidStarsCoreErrorInfo][FILE:device_error_proc_c.cc][LINE:716]
       The error from device(chipId:0, dieId:0), serial number is 112, there is an aivec error exception, core id is 2, error code = 286, dump info: pc start: 0x120041004a4c, current: 0x120041004c30, sc error info: 0xffffffffffff, su error info: 0xda9635af3bba12f4,0x9c5fc73ff8005eba, mte error info: 0x2dcbd, vec error info: 0x71b5e3700075f9fe, cube error info: 0, l1 error info: 0, aic error mask: 0x395856, para base: 0x120000200000, mte error: 0, aic cond: 0.
The extend info: errcode:(286) errorStr: The trap instruction reports an error. subErrType: 0x4.
For details, see the troubleshooting document on the Ascend official website. Search for the keyword "AI Core Error".[FUNC:ProcessDavidStarsCoreErrorInfo][FILE:device_error_proc_c.cc][LINE:716]
       The error from device(chipId:0, dieId:0), serial number is 112, there is an aivec error exception, core id is 3, error code = 286, dump info: pc start: 0x120041004a4c, current: 0x120041004c30, sc error info: 0xffffffffffff, su error info: 0xffd7d77e1fe212f4,0x79c79fd478009796, mte error info: 0x2dcbd, vec error info: 0xc7c3ba1e003d63ff, cube error info: 0, l1 error info: 0, aic error mask: 0x395856, para base: 0x120000200000, mte error: 0, aic cond: 0.
The extend info: errcode:(286) errorStr: The trap instruction reports an error. subErrType: 0x4.
For details, see the troubleshooting document on the Ascend official website. Search for the keyword "AI Core Error".[FUNC:ProcessDavidStarsCoreErrorInfo][FILE:device_error_proc_c.cc][LINE:716]
       The error from device(chipId:0, dieId:0), serial number is 112, there is an aivec error exception, core id is 4, error code = 286, dump info: pc start: 0x120041004a4c, current: 0x120041004c30, sc error info: 0xffffffffffff, su error info: 0xfffebb3f1eec12f4,0xd76feffee800bff3, mte error info: 0x2dcbd, vec error info: 0xff97fbfc0075f7fd, cube error info: 0, l1 error info: 0, aic error mask: 0x395856, para base: 0x120000200000, mte error: 0, aic cond: 0.
The extend info: errcode:(286) errorStr: The trap instruction reports an error. subErrType: 0x4.
For details, see the troubleshooting document on the Ascend official website. Search for the keyword "AI Core Error".[FUNC:ProcessDavidStarsCoreErrorInfo][FILE:device_error_proc_c.cc][LINE:716]
       The error from device(chipId:0, dieId:0), serial number is 112, there is an aivec error exception, core id is 5, error code = 286, dump info: pc start: 0x120041004a4c, current: 0x120041004c30, sc error info: 0xffffffffffff, su error info: 0xddf7aff134fc12f4,0x70f87bcef00055d9, mte error info: 0x2dcbd, vec error info: 0xffdab98d007ff14d, cube error info: 0, l1 error info: 0, aic error mask: 0x395856, para base: 0x120000200000, mte error: 0, aic cond: 0.
The extend info: errcode:(286) errorStr: The trap instruction reports an error. subErrType: 0x4.
For details, see the troubleshooting document on the Ascend official website. Search for the keyword "AI Core Error".[FUNC:ProcessDavidStarsCoreErrorInfo][FILE:device_error_proc_c.cc][LINE:716]
       The error from device(chipId:0, dieId:0), serial number is 112, there is an aivec error exception, core id is 6, error code = 286, dump info: pc start: 0x120041004a4c, current: 0x120041004c30, sc error info: 0xffffffffffff, su error info: 0x96ffa7b12aea12f4,0xedcd40dc4800fbfb, mte error info: 0x2dcbd, vec error info: 0x6f3737cc0077df8d, cube error info: 0, l1 error info: 0, aic error mask: 0x395856, para base: 0x120000200000, mte error: 0, aic cond: 0.
The extend info: errcode:(286) errorStr: The trap instruction reports an error. subErrType: 0x4.
For details, see the troubleshooting document on the Ascend official website. Search for the keyword "AI Core Error".[FUNC:ProcessDavidStarsCoreErrorInfo][FILE:device_error_proc_c.cc][LINE:716]
       The error from device(chipId:0, dieId:0), serial number is 112, there is an aivec error exception, core id is 7, error code = 286, dump info: pc start: 0x120041004a4c, current: 0x120041004c30, sc error info: 0xffffffffffff, su error info: 0x95df5fbc193e12f4,0x496eef66e000dfae, mte error info: 0x2dcbd, vec error info: 0xbdddf2cd007f6fc4, cube error info: 0, l1 error info: 0, aic error mask: 0x395856, para base: 0x120000200000, mte error: 0, aic cond: 0.
The extend info: errcode:(286) errorStr: The trap instruction reports an error. subErrType: 0x4.
For details, see the troubleshooting document on the Ascend official website. Search for the keyword "AI Core Error".[FUNC:ProcessDavidStarsCoreErrorInfo][FILE:device_error_proc_c.cc][LINE:716]
       The error from device(chipId:0, dieId:0), serial number is 112, there is an aivec error exception, core id is 8, error code = 286, dump info: pc start: 0x120041004a4c, current: 0x120041004c30, sc error info: 0xffffffffffff, su error info: 0xf797b3ed29dc12f4,0xecddefff68003f74, mte error info: 0x2dcbd, vec error info: 0x8fe6fdfe007ff95f, cube error info: 0, l1 error info: 0, aic error mask: 0x395856, para base: 0x120000200000, mte error: 0, aic cond: 0.
The extend info: errcode:(286) errorStr: The trap instruction reports an error. subErrType: 0x4.
For details, see the troubleshooting document on the Ascend official website. Search for the keyword "AI Core Error".[FUNC:ProcessDavidStarsCoreErrorInfo][FILE:device_error_proc_c.cc][LINE:716]
       The error from device(chipId:0, dieId:0), serial number is 112, there is an aivec error exception, core id is 9, error code = 286, dump info: pc start: 0x120041004a4c, current: 0x120041004c30, sc error info: 0xffffffffffff, su error info: 0x7ef7f6ec35be12f4,0x797cf5f67800fdfe, mte error info: 0x2dcbd, vec error info: 0xf73dfcff0078def9, cube error info: 0, l1 error info: 0, aic error mask: 0x395856, para base: 0x120000200000, mte error: 0, aic cond: 0.
The extend info: errcode:(286) errorStr: The trap instruction reports an error. subErrType: 0x4.
For details, see the troubleshooting document on the Ascend official website. Search for the keyword "AI Core Error".[FUNC:ProcessDavidStarsCoreErrorInfo][FILE:device_error_proc_c.cc][LINE:716]
       The error from device(chipId:0, dieId:0), serial number is 112, there is an aivec error exception, core id is 10, error code = 286, dump info: pc start: 0x120041004a4c, current: 0x120041004c30, sc error info: 0xffffffffffff, su error info: 0xefd383d12af812f4,0xee6ff3dbc8003feb, mte error info: 0x2dcbd, vec error info: 0x1337ffcf007fb97d, cube error info: 0, l1 error info: 0, aic error mask: 0x395856, para base: 0x120000200000, mte error: 0, aic cond: 0.
The extend info: errcode:(286) errorStr: The trap instruction reports an error. subErrType: 0x4.
For details, see the troubleshooting document on the Ascend official website. Search for the keyword "AI Core Error".[FUNC:ProcessDavidStarsCoreErrorInfo][FILE:device_error_proc_c.cc][LINE:716]
       The error from device(chipId:0, dieId:0), serial number is 112, there is an aivec error exception, core id is 11, error code = 286, dump info: pc start: 0x120041004a4c, current: 0x120041004c30, sc error info: 0xffffffffffff, su error info: 0xc4fffff921ce12f4,0x71ffcbcbf00027fb, mte error info: 0x2dcbd, vec error info: 0x1d5ebbd700799ebd, cube error info: 0, l1 error info: 0, aic error mask: 0x395856, para base: 0x120000200000, mte error: 0, aic cond: 0.
The extend info: errcode:(286) errorStr: The trap instruction reports an error. subErrType: 0x4.
For details, see the troubleshooting document on the Ascend official website. Search for the keyword "AI Core Error".[FUNC:ProcessDavidStarsCoreErrorInfo][FILE:device_error_proc_c.cc][LINE:716]
       The error from device(chipId:0, dieId:0), serial number is 112, there is an aivec error exception, core id is 12, error code = 286, dump info: pc start: 0x120041004a4c, current: 0x120041004c30, sc error info: 0xffffffffffff, su error info: 0x7f1ca5a532be12f4,0xde7cedddc8004b70, mte error info: 0x2dcbd, vec error info: 0x7fe7f8ed0079f727, cube error info: 0, l1 error info: 0, aic error mask: 0x395856, para base: 0x120000200000, mte error: 0, aic cond: 0.
The extend info: errcode:(286) errorStr: The trap instruction reports an error. subErrType: 0x4.
For details, see the troubleshooting document on the Ascend official website. Search for the keyword "AI Core Error".[FUNC:ProcessDavidStarsCoreErrorInfo][FILE:device_error_proc_c.cc][LINE:716]
       The error from device(chipId:0, dieId:0), serial number is 112, there is an aivec error exception, core id is 13, error code = 286, dump info: pc start: 0x120041004a4c, current: 0x120041004c30, sc error info: 0xffffffffffff, su error info: 0xa3777bf919fc12f4,0x5dfbeaff2800bdff, mte error info: 0x2dcbd, vec error info: 0xf73e8fff005fbdd3, cube error info: 0, l1 error info: 0, aic error mask: 0x395856, para base: 0x120000200000, mte error: 0, aic cond: 0.
The extend info: errcode:(286) errorStr: The trap instruction reports an error. subErrType: 0x4.
For details, see the troubleshooting document on the Ascend official website. Search for the keyword "AI Core Error".[FUNC:ProcessDavidStarsCoreErrorInfo][FILE:device_error_proc_c.cc][LINE:716]
       The error from device(chipId:0, dieId:0), serial number is 112, there is an aivec error exception, core id is 14, error code = 286, dump info: pc start: 0x120041004a4c, current: 0x120041004c30, sc error info: 0xffffffffffff, su error info: 0xce4f375f2f0c12f4,0xc5ef7f7fe800c43e, mte error info: 0x2dcbd, vec error info: 0x5175baee002eff6a, cube error info: 0, l1 error info: 0, aic error mask: 0x395856, para base: 0x120000200000, mte error: 0, aic cond: 0.
The extend info: errcode:(286) errorStr: The trap instruction reports an error. subErrType: 0x4.
For details, see the troubleshooting document on the Ascend official website. Search for the keyword "AI Core Error".[FUNC:ProcessDavidStarsCoreErrorInfo][FILE:device_error_proc_c.cc][LINE:716]
       The error from device(chipId:0, dieId:0), serial number is 112, there is an aivec error exception, core id is 15, error code = 286, dump info: pc start: 0x120041004a4c, current: 0x120041004c30, sc error info: 0xffffffffffff, su error info: 0x74fffbfe3a2c12f4,0xdbff67df0800ddfe, mte error info: 0x2dcbd, vec error info: 0x7563a57700797f93, cube error info: 0, l1 error info: 0, aic error mask: 0x395856, para base: 0x120000200000, mte error: 0, aic cond: 0.
The extend info: errcode:(286) errorStr: The trap instruction reports an error. subErrType: 0x4.
For details, see the troubleshooting document on the Ascend official website. Search for the keyword "AI Core Error".[FUNC:ProcessDavidStarsCoreErrorInfo][FILE:device_error_proc_c.cc][LINE:716]
       The error from device(chipId:0, dieId:0), serial number is 112, there is an aivec error exception, core id is 16, error code = 286, dump info: pc start: 0x120041004a4c, current: 0x120041004c30, sc error info: 0xffffffffffff, su error info: 0xbfcc6ff529bc12f4,0x147cf7712800fa3f, mte error info: 0xa0000025541, vec error info: 0xe7c7e3cf003efe0f, cube error info: 0, l1 error info: 0, aic error mask: 0x395856, para base: 0x120000200000, mte error: 0, aic cond: 0.
The extend info: errcode:(286) errorStr: The trap instruction reports an error. subErrType: 0x4.
For details, see the troubleshooting document on the Ascend official website. Search for the keyword "AI Core Error".[FUNC:ProcessDavidStarsCoreErrorInfo][FILE:device_error_proc_c.cc][LINE:716]
       The error from device(chipId:0, dieId:0), serial number is 112, there is an aivec error exception, core id is 17, error code = 286, dump info: pc start: 0x120041004a4c, current: 0x120041004c30, sc error info: 0xffffffffffff, su error info: 0x6fefbfff393812f4,0xbdf4c9e9f800fd7b, mte error info: 0xb2000025541, vec error info: 0xbffafdd7007fc457, cube error info: 0, l1 error info: 0, aic error mask: 0x395856, para base: 0x120000200000, mte error: 0, aic cond: 0.
The extend info: errcode:(286) errorStr: The trap instruction reports an error. subErrType: 0x4.
For details, see the troubleshooting document on the Ascend official website. Search for the keyword "AI Core Error".[FUNC:ProcessDavidStarsCoreErrorInfo][FILE:device_error_proc_c.cc][LINE:716]
       The error from device(chipId:0, dieId:0), serial number is 112, there is an aivec error exception, core id is 18, error code = 286, dump info: pc start: 0x120041004a4c, current: 0x120041004c30, sc error info: 0xffffffffffff, su error info: 0xd3a3fe9c23e012f4,0xf87fe5fc7800bf28, mte error info: 0xb4000025541, vec error info: 0xf9f7297800776efd, cube error info: 0, l1 error info: 0, aic error mask: 0x395856, para base: 0x120000200000, mte error: 0, aic cond: 0.
The extend info: errcode:(286) errorStr: The trap instruction reports an error. subErrType: 0x4.
For details, see the troubleshooting document on the Ascend official website. Search for the keyword "AI Core Error".[FUNC:ProcessDavidStarsCoreErrorInfo][FILE:device_error_proc_c.cc][LINE:716]
       The error from device(chipId:0, dieId:0), serial number is 112, there is an aivec error exception, core id is 19, error code = 286, dump info: pc start: 0x120041004a4c, current: 0x120041004c30, sc error info: 0xffffffffffff, su error info: 0xe66fdb3805b812f4,0xab076a1e20009ddb, mte error info: 0x20000025548, vec error info: 0xf7fffcd2001cfe73, cube error info: 0, l1 error info: 0, aic error mask: 0x395856, para base: 0x120000200000, mte error: 0, aic cond: 0.
The extend info: errcode:(286) errorStr: The trap instruction reports an error. subErrType: 0x4.
For details, see the troubleshooting document on the Ascend official website. Search for the keyword "AI Core Error".[FUNC:ProcessDavidStarsCoreErrorInfo][FILE:device_error_proc_c.cc][LINE:716]
       The error from device(chipId:0, dieId:0), serial number is 112, there is an aivec error exception, core id is 24, error code = 286, dump info: pc start: 0x120041004a4c, current: 0x120041004c30, sc error info: 0xffffffffffff, su error info: 0xfdf78feb1dfe12f4,0x5c76f3ddf8006ff0, mte error info: 0xd0000025541, vec error info: 0x779ff2d6006ff875, cube error info: 0, l1 error info: 0, aic error mask: 0x395856, para base: 0x120000200000, mte error: 0, aic cond: 0.
The extend info: errcode:(286) errorStr: The trap instruction reports an error. subErrType: 0x4.
For details, see the troubleshooting document on the Ascend official website. Search for the keyword "AI Core Error".[FUNC:ProcessDavidStarsCoreErrorInfo][FILE:device_error_proc_c.cc][LINE:716]
       The error from device(chipId:0, dieId:0), serial number is 112, there is an aivec error exception, core id is 25, error code = 286, dump info: pc start: 0x120041004a4c, current: 0x120041004c30, sc error info: 0xffffffffffff, su error info: 0x7a9daffc1b9a12f4,0x6dc05536b8001774, mte error info: 0xd2000025541, vec error info: 0xf7fff3ff003efddf, cube error info: 0, l1 error info: 0, aic error mask: 0x395856, para base: 0x120000200000, mte error: 0, aic cond: 0.
The extend info: errcode:(286) errorStr: The trap instruction reports an error. subErrType: 0x4.
For details, see the troubleshooting document on the Ascend official website. Search for the keyword "AI Core Error".[FUNC:ProcessDavidStarsCoreErrorInfo][FILE:device_error_proc_c.cc][LINE:716]
       The error from device(chipId:0, dieId:0), serial number is 112, there is an aivec error exception, core id is 26, error code = 286, dump info: pc start: 0x120041004a4c, current: 0x120041004c30, sc error info: 0xffffffffffff, su error info: 0xf9aab8ee39ba12f4,0x7dfff779c000f6db, mte error info: 0xdc000025541, vec error info: 0x7757ec16004ff317, cube error info: 0, l1 error info: 0, aic error mask: 0x395856, para base: 0x120000200000, mte error: 0, aic cond: 0.
The extend info: errcode:(286) errorStr: The trap instruction reports an error. subErrType: 0x4.
For details, see the troubleshooting document on the Ascend official website. Search for the keyword "AI Core Error".[FUNC:ProcessDavidStarsCoreErrorInfo][FILE:device_error_proc_c.cc][LINE:716]
       The error from device(chipId:0, dieId:0), serial number is 112, there is an aivec error exception, core id is 27, error code = 286, dump info: pc start: 0x120041004a4c, current: 0x120041004c30, sc error info: 0xffffffffffff, su error info: 0xfffbff5c247812f4,0x2174c4067000d7ff, mte error info: 0xee000025541, vec error info: 0x7577ff6f001fdd25, cube error info: 0, l1 error info: 0, aic error mask: 0x395856, para base: 0x120000200000, mte error: 0, aic cond: 0.
The extend info: errcode:(286) errorStr: The trap instruction reports an error. subErrType: 0x4.
For details, see the troubleshooting document on the Ascend official website. Search for the keyword "AI Core Error".[FUNC:ProcessDavidStarsCoreErrorInfo][FILE:device_error_proc_c.cc][LINE:716]
       The error from device(chipId:0, dieId:0), serial number is 112, there is an aivec error exception, core id is 28, error code = 286, dump info: pc start: 0x120041004a4c, current: 0x120041004c30, sc error info: 0xffffffffffff, su error info: 0xbfffbffd383612f4,0x9dfce95cf000dede, mte error info: 0x25548, vec error info: 0xf67dbfdd002df8fe, cube error info: 0, l1 error info: 0, aic error mask: 0x395856, para base: 0x120000200000, mte error: 0, aic cond: 0.
The extend info: errcode:(286) errorStr: The trap instruction reports an error. subErrType: 0x4.
For details, see the troubleshooting document on the Ascend official website. Search for the keyword "AI Core Error".[FUNC:ProcessDavidStarsCoreErrorInfo][FILE:device_error_proc_c.cc][LINE:716]
       The error from device(chipId:0, dieId:0), serial number is 112, there is an aivec error exception, core id is 29, error code = 286, dump info: pc start: 0x120041004a4c, current: 0x120041004c30, sc error info: 0xffffffffffff, su error info: 0xaebe3f1d3ffc12f4,0xd59076d878005ffe, mte error info: 0xfa000025541, vec error info: 0x7337fbd5007dfffb, cube error info: 0, l1 error info: 0, aic error mask: 0x395856, para base: 0x120000200000, mte error: 0, aic cond: 0.
The extend info: errcode:(286) errorStr: The trap instruction reports an error. subErrType: 0x4.
For details, see the troubleshooting document on the Ascend official website. Search for the keyword "AI Core Error".[FUNC:ProcessDavidStarsCoreErrorInfo][FILE:device_error_proc_c.cc][LINE:716]
       The error from device(chipId:0, dieId:0), serial number is 112, there is an aivec error exception, core id is 30, error code = 286, dump info: pc start: 0x120041004a4c, current: 0x120041004c30, sc error info: 0xffffffffffff, su error info: 0xaffaf5ef3efa12f4,0xeeb7f7fad800df9e, mte error info: 0x104000025541, vec error info: 0x5dd7f9fd007d3778, cube error info: 0, l1 error info: 0, aic error mask: 0x395856, para base: 0x120000200000, mte error: 0, aic cond: 0.
The extend info: errcode:(286) errorStr: The trap instruction reports an error. subErrType: 0x4.
For details, see the troubleshooting document on the Ascend official website. Search for the keyword "AI Core Error".[FUNC:ProcessDavidStarsCoreErrorInfo][FILE:device_error_proc_c.cc][LINE:716]
       The error from device(chipId:0, dieId:0), serial number is 112, there is an aivec error exception, core id is 31, error code = 286, dump info: pc start: 0x120041004a4c, current: 0x120041004c30, sc error info: 0xffffffffffff, su error info: 0x8eefefad2ffa12f4,0xf7f77f76f8001fff, mte error info: 0x116000025541, vec error info: 0xb3f7ef5d007ccdf7, cube error info: 0, l1 error info: 0, aic error mask: 0x395856, para base: 0x120000200000, mte error: 0, aic cond: 0.
The extend info: errcode:(286) errorStr: The trap instruction reports an error. subErrType: 0x4.
For details, see the troubleshooting document on the Ascend official website. Search for the keyword "AI Core Error".[FUNC:ProcessDavidStarsCoreErrorInfo][FILE:device_error_proc_c.cc][LINE:716]
       The error from device(chipId:0, dieId:0), serial number is 112, there is an aivec error exception, core id is 36, error code = 286, dump info: pc start: 0x120041004a4c, current: 0x120041004c30, sc error info: 0xffffffffffff, su error info: 0xbf5f7fe72bdc12f4,0x7466767f0800f5de, mte error info: 0x118000025541, vec error info: 0x75ff19f1003cc41d, cube error info: 0, l1 error info: 0, aic error mask: 0x395856, para base: 0x120000200000, mte error: 0, aic cond: 0.
The extend info: errcode:(286) errorStr: The trap instruction reports an error. subErrType: 0x4.
For details, see the troubleshooting document on the Ascend official website. Search for the keyword "AI Core Error".[FUNC:ProcessDavidStarsCoreErrorInfo][FILE:device_error_proc_c.cc][LINE:716]
       The error from device(chipId:0, dieId:0), serial number is 112, there is an aivec error exception, core id is 37, error code = 286, dump info: pc start: 0x120041004a4c, current: 0x120041004c30, sc error info: 0xffffffffffff, su error info: 0x727c777c168812f4,0x777c56cfb0006ff9, mte error info: 0x127000025541, vec error info: 0xffc7fbc6003e454d, cube error info: 0, l1 error info: 0, aic error mask: 0x395856, para base: 0x120000200000, mte error: 0, aic cond: 0.
The extend info: errcode:(286) errorStr: The trap instruction reports an error. subErrType: 0x4.
For details, see the troubleshooting document on the Ascend official website. Search for the keyword "AI Core Error".[FUNC:ProcessDavidStarsCoreErrorInfo][FILE:device_error_proc_c.cc][LINE:716]
       The error from device(chipId:0, dieId:0), serial number is 112, there is an aivec error exception, core id is 38, error code = 286, dump info: pc start: 0x120041004a4c, current: 0x120041004c30, sc error info: 0xffffffffffff, su error info: 0xfcd7fff73bba12f4,0xb1d37810c000ff0f, mte error info: 0x134000025541, vec error info: 0xbf55a6f900565ff5, cube error info: 0, l1 error info: 0, aic error mask: 0x395856, para base: 0x120000200000, mte error: 0, aic cond: 0.
The extend info: errcode:(286) errorStr: The trap instruction reports an error. subErrType: 0x4.
For details, see the troubleshooting document on the Ascend official website. Search for the keyword "AI Core Error".[FUNC:ProcessDavidStarsCoreErrorInfo][FILE:device_error_proc_c.cc][LINE:716]
       The error from device(chipId:0, dieId:0), serial number is 112, there is an aivec error exception, core id is 39, error code = 286, dump info: pc start: 0x120041004a4c, current: 0x120041004c30, sc error info: 0xffffffffffff, su error info: 0xff7f7f65112812f4,0xddf7feff4000b77e, mte error info: 0x136000025541, vec error info: 0x177da6ac007edcfd, cube error info: 0, l1 error info: 0, aic error mask: 0x395856, para base: 0x120000200000, mte error: 0, aic cond: 0.
The extend info: errcode:(286) errorStr: The trap instruction reports an error. subErrType: 0x4.
For details, see the troubleshooting document on the Ascend official website. Search for the keyword "AI Core Error".[FUNC:ProcessDavidStarsCoreErrorInfo][FILE:device_error_proc_c.cc][LINE:716]
       The error from device(chipId:0, dieId:0), serial number is 112, there is an aivec error exception, core id is 40, error code = 286, dump info: pc start: 0x120041004a4c, current: 0x120041004c30, sc error info: 0xffffffffffff, su error info: 0x9fcff3c70bf812f4,0xedd7f7d6f8007b7c, mte error info: 0xa23ddfff0006a8f7, vec error info: 0xf7edb55d007dde7c, cube error info: 0, l1 error info: 0, aic error mask: 0x395856, para base: 0x120000200000, mte error: 0, aic cond: 0.
The extend info: errcode:(286) errorStr: The trap instruction reports an error. subErrType: 0x4.
For details, see the troubleshooting document on the Ascend official website. Search for the keyword "AI Core Error".[FUNC:ProcessDavidStarsCoreErrorInfo][FILE:device_error_proc_c.cc][LINE:716]
       The error from device(chipId:0, dieId:0), serial number is 112, there is an aivec error exception, core id is 41, error code = 286, dump info: pc start: 0x120041004a4c, current: 0x120041004c30, sc error info: 0xffffffffffff, su error info: 0xffef5ebf3bf212f4,0x6d95c97e18005f69, mte error info: 0x3fbd7bf50003fff3, vec error info: 0xfd7137b9001eddff, cube error info: 0, l1 error info: 0, aic error mask: 0x395856, para base: 0x120000200000, mte error: 0, aic cond: 0.
The extend info: errcode:(286) errorStr: The trap instruction reports an error. subErrType: 0x4.
For details, see the troubleshooting document on the Ascend official website. Search for the keyword "AI Core Error".[FUNC:ProcessDavidStarsCoreErrorInfo][FILE:device_error_proc_c.cc][LINE:716]
       The error from device(chipId:0, dieId:0), serial number is 112, there is an aivec error exception, core id is 44, error code = 286, dump info: pc start: 0x120041004a4c, current: 0x120041004c30, sc error info: 0xffffffffffff, su error info: 0xbfffd9d539ba12f4,0x5c6f4fd778007edb, mte error info: 0x94bd8e2500054e87, vec error info: 0xfdd7fb5e0025f5d9, cube error info: 0, l1 error info: 0, aic error mask: 0x395856, para base: 0x120000200000, mte error: 0, aic cond: 0.
The extend info: errcode:(286) errorStr: The trap instruction reports an error. subErrType: 0x4.
For details, see the troubleshooting document on the Ascend official website. Search for the keyword "AI Core Error".[FUNC:ProcessDavidStarsCoreErrorInfo][FILE:device_error_proc_c.cc][LINE:716]
       The error from device(chipId:0, dieId:0), serial number is 112, there is an aivec error exception, core id is 45, error code = 286, dump info: pc start: 0x120041004a4c, current: 0x120041004c30, sc error info: 0xffffffffffff, su error info: 0xf8dc2bb539f812f4,0xbe7746f57000ebdf, mte error info: 0x9afee5c60006d9ff, vec error info: 0x1dd99f56003effbc, cube error info: 0, l1 error info: 0, aic error mask: 0x395856, para base: 0x120000200000, mte error: 0, aic cond: 0.
The extend info: errcode:(286) errorStr: The trap instruction reports an error. subErrType: 0x4.
For details, see the troubleshooting document on the Ascend official website. Search for the keyword "AI Core Error".[FUNC:ProcessDavidStarsCoreErrorInfo][FILE:device_error_proc_c.cc][LINE:716]
       The error from device(chipId:0, dieId:0), serial number is 112, there is an aivec error exception, core id is 46, error code = 286, dump info: pc start: 0x120041004a4c, current: 0x120041004c30, sc error info: 0xffffffffffff, su error info: 0xd792babf3ffc12f4,0x6cedccfef800fefb, mte error info: 0x3a407cde00067657, vec error info: 0xff33e91e0057e4aa, cube error info: 0, l1 error info: 0, aic error mask: 0x395856, para base: 0x120000200000, mte error: 0, aic cond: 0.
The extend info: errcode:(286) errorStr: The trap instruction reports an error. subErrType: 0x4.
For details, see the troubleshooting document on the Ascend official website. Search for the keyword "AI Core Error".[FUNC:ProcessDavidStarsCoreErrorInfo][FILE:device_error_proc_c.cc][LINE:716]
       The error from device(chipId:0, dieId:0), serial number is 112, there is an aivec error exception, core id is 47, error code = 286, dump info: pc start: 0x120041004a4c, current: 0x120041004c30, sc error info: 0xffffffffffff, su error info: 0xd7ff479f392e12f4,0x655ff17de000cbde, mte error info: 0xd6f4c055000187be, vec error info: 0x47fe0bea007f7d6c, cube error info: 0, l1 error info: 0, aic error mask: 0x395856, para base: 0x120000200000, mte error: 0, aic cond: 0.
The extend info: errcode:(286) errorStr: The trap instruction reports an error. subErrType: 0x4.
For details, see the troubleshooting document on the Ascend official website. Search for the keyword "AI Core Error".[FUNC:ProcessDavidStarsCoreErrorInfo][FILE:device_error_proc_c.cc][LINE:716]
       The error from device(chipId:0, dieId:0), serial number is 112, there is an aivec error exception, core id is 48, error code = 286, dump info: pc start: 0x120041004a4c, current: 0x120041004c30, sc error info: 0xffffffffffff, su error info: 0x7ffff5702ee612f4,0x9fd1bfdcd800eeff, mte error info: 0x389f8ff5000777f1, vec error info: 0xff7efbdd005f5fd1, cube error info: 0, l1 error info: 0, aic error mask: 0x395856, para base: 0x120000200000, mte error: 0, aic cond: 0.
The extend info: errcode:(286) errorStr: The trap instruction reports an error. subErrType: 0x4.
For details, see the troubleshooting document on the Ascend official website. Search for the keyword "AI Core Error".[FUNC:ProcessDavidStarsCoreErrorInfo][FILE:device_error_proc_c.cc][LINE:716]
       The error from device(chipId:0, dieId:0), serial number is 112, there is an aivec error exception, core id is 49, error code = 286, dump info: pc start: 0x120041004a4c, current: 0x120041004c30, sc error info: 0xffffffffffff, su error info: 0xffdbb12e3cda12f4,0x594f8df67000b957, mte error info: 0xd8f0fff20007e3b4, vec error info: 0xb79f5f790077f7f5, cube error info: 0, l1 error info: 0, aic error mask: 0x395856, para base: 0x120000200000, mte error: 0, aic cond: 0.
The extend info: errcode:(286) errorStr: The trap instruction reports an error. subErrType: 0x4.
For details, see the troubleshooting document on the Ascend official website. Search for the keyword "AI Core Error".[FUNC:ProcessDavidStarsCoreErrorInfo][FILE:device_error_proc_c.cc][LINE:716]
       The error from device(chipId:0, dieId:0), serial number is 112, there is an aivec error exception, core id is 50, error code = 286, dump info: pc start: 0x120041004a4c, current: 0x120041004c30, sc error info: 0xffffffffffff, su error info: 0x5aeaffff19bc12f4,0xdddc6d71f000b8a2, mte error info: 0xda975fd3000089c6, vec error info: 0x7ff756f60067d0ff, cube error info: 0, l1 error info: 0, aic error mask: 0x395856, para base: 0x120000200000, mte error: 0, aic cond: 0.
The extend info: errcode:(286) errorStr: The trap instruction reports an error. subErrType: 0x4.
For details, see the troubleshooting document on the Ascend official website. Search for the keyword "AI Core Error".[FUNC:ProcessDavidStarsCoreErrorInfo][FILE:device_error_proc_c.cc][LINE:716]
       The error from device(chipId:0, dieId:0), serial number is 112, there is an aivec error exception, core id is 51, error code = 286, dump info: pc start: 0x120041004a4c, current: 0x120041004c30, sc error info: 0xffffffffffff, su error info: 0x38d87e3a1c9c12f4,0xd7efec7570005ff8, mte error info: 0xa13698c10007fbff, vec error info: 0xec987ff6003fd70f, cube error info: 0, l1 error info: 0, aic error mask: 0x395856, para base: 0x120000200000, mte error: 0, aic cond: 0.
The extend info: errcode:(286) errorStr: The trap instruction reports an error. subErrType: 0x4.
For details, see the troubleshooting document on the Ascend official website. Search for the keyword "AI Core Error".[FUNC:ProcessDavidStarsCoreErrorInfo][FILE:device_error_proc_c.cc][LINE:716]
       The error from device(chipId:0, dieId:0), serial number is 112, there is an aivec error exception, core id is 52, error code = 286, dump info: pc start: 0x120041004a4c, current: 0x120041004c30, sc error info: 0xffffffffffff, su error info: 0xe8b2efed27b212f4,0xe4eb70d17000fc4f, mte error info: 0xfb1c4fbd0004f9ef, vec error info: 0x1dddbbff0053fdd9, cube error info: 0, l1 error info: 0, aic error mask: 0x395856, para base: 0x120000200000, mte error: 0, aic cond: 0.
The extend info: errcode:(286) errorStr: The trap instruction reports an error. subErrType: 0x4.
For details, see the troubleshooting document on the Ascend official website. Search for the keyword "AI Core Error".[FUNC:ProcessDavidStarsCoreErrorInfo][FILE:device_error_proc_c.cc][LINE:716]
       The error from device(chipId:0, dieId:0), serial number is 112, there is an aivec error exception, core id is 53, error code = 286, dump info: pc start: 0x120041004a4c, current: 0x120041004c30, sc error info: 0xffffffffffff, su error info: 0x6efd55e41bca12f4,0x4ec06ae4f800ffdf, mte error info: 0x8fb8e2bd0001f9f8, vec error info: 0xf3ddcfac007c57bb, cube error info: 0, l1 error info: 0, aic error mask: 0x395856, para base: 0x120000200000, mte error: 0, aic cond: 0.
The extend info: errcode:(286) errorStr: The trap instruction reports an error. subErrType: 0x4.
For details, see the troubleshooting document on the Ascend official website. Search for the keyword "AI Core Error".[FUNC:ProcessDavidStarsCoreErrorInfo][FILE:device_error_proc_c.cc][LINE:716]
       The error from device(chipId:0, dieId:0), serial number is 112, there is an aivec error exception, core id is 54, error code = 286, dump info: pc start: 0x120041004a4c, current: 0x120041004c30, sc error info: 0xffffffffffff, su error info: 0xd33bfad639c412f4,0x77eddd9fc8007ffc, mte error info: 0xbace5f050006fdd7, vec error info: 0xbc7311ef007cfcdc, cube error info: 0, l1 error info: 0, aic error mask: 0x395856, para base: 0x120000200000, mte error: 0, aic cond: 0.
The extend info: errcode:(286) errorStr: The trap instruction reports an error. subErrType: 0x4.
For details, see the troubleshooting document on the Ascend official website. Search for the keyword "AI Core Error".[FUNC:ProcessDavidStarsCoreErrorInfo][FILE:device_error_proc_c.cc][LINE:716]
       The error from device(chipId:0, dieId:0), serial number is 112, there is an aivec error exception, core id is 55, error code = 286, dump info: pc start: 0x120041004a4c, current: 0x120041004c30, sc error info: 0xffffffffffff, su error info: 0x7d7edfbc3bfc12f4,0x71dcd6f7f000dfff, mte error info: 0xff9fced50005ff7f, vec error info: 0x774fdb7f005d5dff, cube error info: 0, l1 error info: 0, aic error mask: 0x395856, para base: 0x120000200000, mte error: 0, aic cond: 0.
The extend info: errcode:(286) errorStr: The trap instruction reports an error. subErrType: 0x4.
For details, see the troubleshooting document on the Ascend official website. Search for the keyword "AI Core Error".[FUNC:ProcessDavidStarsCoreErrorInfo][FILE:device_error_proc_c.cc][LINE:716]
       The error from device(chipId:0, dieId:0), serial number is 112, there is an aivec error exception, core id is 56, error code = 286, dump info: pc start: 0x120041004a4c, current: 0x120041004c30, sc error info: 0xffffffffffff, su error info: 0xe4da32553abe12f4,0xde6415ffc800bb1b, mte error info: 0x5b175ddd000463ff, vec error info: 0x7dfffb6f003f70fd, cube error info: 0, l1 error info: 0, aic error mask: 0x395856, para base: 0x120000200000, mte error: 0, aic cond: 0.
The extend info: errcode:(286) errorStr: The trap instruction reports an error. subErrType: 0x4.
For details, see the troubleshooting document on the Ascend official website. Search for the keyword "AI Core Error".[FUNC:ProcessDavidStarsCoreErrorInfo][FILE:device_error_proc_c.cc][LINE:716]
       The error from device(chipId:0, dieId:0), serial number is 112, there is an aivec error exception, core id is 57, error code = 286, dump info: pc start: 0x120041004a4c, current: 0x120041004c30, sc error info: 0xffffffffffff, su error info: 0xff95ffdf298e12f4,0x5fe58f8f0000ee9d, mte error info: 0xfd99f64d0005c8f5, vec error info: 0xffbdf9d7003e9d53, cube error info: 0, l1 error info: 0, aic error mask: 0x395856, para base: 0x120000200000, mte error: 0, aic cond: 0.
The extend info: errcode:(286) errorStr: The trap instruction reports an error. subErrType: 0x4.
For details, see the troubleshooting document on the Ascend official website. Search for the keyword "AI Core Error".[FUNC:ProcessDavidStarsCoreErrorInfo][FILE:device_error_proc_c.cc][LINE:716]
       The error from device(chipId:0, dieId:0), serial number is 112, there is an aivec error exception, core id is 58, error code = 286, dump info: pc start: 0x120041004a4c, current: 0x120041004c30, sc error info: 0xffffffffffff, su error info: 0x3fe99ffc3a7212f4,0xfdf8dcc5d800ef78, mte error info: 0xfa0fef990007e767, vec error info: 0x7d7fb7be006df5d9, cube error info: 0, l1 error info: 0, aic error mask: 0x395856, para base: 0x120000200000, mte error: 0, aic cond: 0.
The extend info: errcode:(286) errorStr: The trap instruction reports an error. subErrType: 0x4.
For details, see the troubleshooting document on the Ascend official website. Search for the keyword "AI Core Error".[FUNC:ProcessDavidStarsCoreErrorInfo][FILE:device_error_proc_c.cc][LINE:716]
       The error from device(chipId:0, dieId:0), serial number is 112, there is an aivec error exception, core id is 59, error code = 286, dump info: pc start: 0x120041004a4c, current: 0x120041004c30, sc error info: 0xffffffffffff, su error info: 0xdefbf6bf0aa612f4,0x117d7cc8e8007fbf, mte error info: 0x33f64df50002e66e, vec error info: 0x77bdf7cf00155a64, cube error info: 0, l1 error info: 0, aic error mask: 0x395856, para base: 0x120000200000, mte error: 0, aic cond: 0.
The extend info: errcode:(286) errorStr: The trap instruction reports an error. subErrType: 0x4.
For details, see the troubleshooting document on the Ascend official website. Search for the keyword "AI Core Error".[FUNC:ProcessDavidStarsCoreErrorInfo][FILE:device_error_proc_c.cc][LINE:716]
       The error from device(chipId:0, dieId:0), serial number is 112, there is an aivec error exception, core id is 60, error code = 286, dump info: pc start: 0x120041004a4c, current: 0x120041004c30, sc error info: 0xffffffffffff, su error info: 0xddf7fafd2ffe12f4,0xeff9dfaf6000ac7d, mte error info: 0xf0ddb18c0005bfe9, vec error info: 0xff7ecfde007dffff, cube error info: 0, l1 error info: 0, aic error mask: 0x395856, para base: 0x120000200000, mte error: 0, aic cond: 0.
The extend info: errcode:(286) errorStr: The trap instruction reports an error. subErrType: 0x4.
For details, see the troubleshooting document on the Ascend official website. Search for the keyword "AI Core Error".[FUNC:ProcessDavidStarsCoreErrorInfo][FILE:device_error_proc_c.cc][LINE:716]
       The error from device(chipId:0, dieId:0), serial number is 112, there is an aivec error exception, core id is 61, error code = 286, dump info: pc start: 0x120041004a4c, current: 0x120041004c30, sc error info: 0xffffffffffff, su error info: 0xb7bfdf7f317a12f4,0xff5cfee0f8007fee, mte error info: 0x7dff3fff00029f7e, vec error info: 0x77ffdfff007fe3fe, cube error info: 0, l1 error info: 0, aic error mask: 0x395856, para base: 0x120000200000, mte error: 0, aic cond: 0.
The extend info: errcode:(286) errorStr: The trap instruction reports an error. subErrType: 0x4.
For details, see the troubleshooting document on the Ascend official website. Search for the keyword "AI Core Error".[FUNC:ProcessDavidStarsCoreErrorInfo][FILE:device_error_proc_c.cc][LINE:716]
       The error from device(chipId:0, dieId:0), serial number is 112, there is an aivec error exception, core id is 62, error code = 286, dump info: pc start: 0x120041004a4c, current: 0x120041004c30, sc error info: 0xffffffffffff, su error info: 0x7febc9ed308412f4,0xcfdefd58d000fbff, mte error info: 0x8f14079400017f4f, vec error info: 0xfcf48fdc0055e7ef, cube error info: 0, l1 error info: 0, aic error mask: 0x395856, para base: 0x120000200000, mte error: 0, aic cond: 0.
The extend info: errcode:(286) errorStr: The trap instruction reports an error. subErrType: 0x4.
For details, see the troubleshooting document on the Ascend official website. Search for the keyword "AI Core Error".[FUNC:ProcessDavidStarsCoreErrorInfo][FILE:device_error_proc_c.cc][LINE:716]
       The error from device(chipId:0, dieId:0), serial number is 112, there is an aivec error exception, core id is 63, error code = 286, dump info: pc start: 0x120041004a4c, current: 0x120041004c30, sc error info: 0xffffffffffff, su error info: 0xfe4f77fc0d3a12f4,0x98cccff5f800f2ff, mte error info: 0x8ae3968f0007bbfe, vec error info: 0xffdbbff7007f55dc, cube error info: 0, l1 error info: 0, aic error mask: 0x395856, para base: 0x120000200000, mte error: 0, aic cond: 0.
The extend info: errcode:(286) errorStr: The trap instruction reports an error. subErrType: 0x4.
For details, see the troubleshooting document on the Ascend official website. Search for the keyword "AI Core Error".[FUNC:ProcessDavidStarsCoreErrorInfo][FILE:device_error_proc_c.cc][LINE:716]
       The error from device(chipId:0, dieId:0), serial number is 112, there is an aivec error exception, core id is 64, error code = 286, dump info: pc start: 0x120041004a4c, current: 0x120041004c30, sc error info: 0xffffffffffff, su error info: 0x98532cac3ff812f4,0x6bfbcff0d80074bf, mte error info: 0xe760798a0007bbfd, vec error info: 0xafee61de007f5f47, cube error info: 0, l1 error info: 0, aic error mask: 0x395856, para base: 0x120000200000, mte error: 0, aic cond: 0.
The extend info: errcode:(286) errorStr: The trap instruction reports an error. subErrType: 0x4.
For details, see the troubleshooting document on the Ascend official website. Search for the keyword "AI Core Error".[FUNC:ProcessDavidStarsCoreErrorInfo][FILE:device_error_proc_c.cc][LINE:716]
       The error from device(chipId:0, dieId:0), serial number is 112, there is an aivec error exception, core id is 65, error code = 286, dump info: pc start: 0x120041004a4c, current: 0x120041004c30, sc error info: 0xffffffffffff, su error info: 0xbfff7be436be12f4,0x70cd0e681800bff7, mte error info: 0xf8fdd2ed0007df7a, vec error info: 0xfdbffbf6007ffffb, cube error info: 0, l1 error info: 0, aic error mask: 0x395856, para base: 0x120000200000, mte error: 0, aic cond: 0.
The extend info: errcode:(286) errorStr: The trap instruction reports an error. subErrType: 0x4.
For details, see the troubleshooting document on the Ascend official website. Search for the keyword "AI Core Error".[FUNC:ProcessDavidStarsCoreErrorInfo][FILE:device_error_proc_c.cc][LINE:716]
       An error occurred in the kernel task, retCode=0x26, [aicore exception].[FUNC:PreCheckTaskErr][FILE:davinci_kernel_task.cc][LINE:1262]
       AI Core kernel task execution failed, retCode=0x26.[FUNC:GetError][FILE:stream.cc][LINE:1746]
       [AIC_INFO] after execute:args print end[FUNC:GetError][FILE:stream.cc][LINE:1746]
       [AIC_INFO] after execute:(no result)[FUNC:GetError][FILE:stream.cc][LINE:1746]
       [DFX_INFO]AI Core kernel execution failed, device_id=0, stream_id=61, report_stream_id=61, task_id=63, flip_num=0, fault kernel_name=_Z23m24_attn_prefill_kernelPhS_S_S_S_S_S_S_S_S_S_S_S_S_jjjjjjj, fault kernel info ext=none, program id=0, hash=15843029590091260976.[FUNC:GetError][FILE:stream.cc][LINE:1746]
       rtStreamSynchronize execution failed, reason=aicore exception[FUNC:FuncErrorReason][FILE:error_message_manage.cc][LINE:69]

[M24]     （= 段体对 nChunks>1 的 Trap 硬拦；上面这对 err/msg 就是这道
[M24]      硬拦在归档里的指纹，下一份设备读数要与它比对）
[M24]   big4097_seq_refused：launch 已中止（= 期望的响亮失败）⇒ 终态判据跳过
[M24]   big4097_seq_refused：Trap 之后的可用性探针（2 行 1 chunk 契约档）err=0 msg=(空) ⇒ context 仍可用
[M24][GUARD-OK] posttrap.context.usable Trap 后同一 stream 仍能跑契约档
[M24]   big4097_seq_refused：checks=0 fails=0 guards=1(guardFails=0)

[M24] ===== FAILURES PRESENT =====
