SUMMARY variant=A24_poll_sepwins run=1 vi=24 bk=0 ck=0 dk=2 fk=1 st=16 wl=64 sep=1 rounds=4 naiv=56 blocks=28 cores_clean=56/56 core_round_clean=224/224 rounds_clean=4/4 headOK_min=56 viol=0 final_head_ok=56 stale=0 zero=0 other=0 scribble=0 rel_spread_max=23991 missing_rows=0 snap=0 rc=0
ROUND variant=A24_poll_sepwins run=1 round=0 headOK_min=56 headOK_max=56 cores_clean=56/56 converged=56
ROUND variant=A24_poll_sepwins run=1 round=1 headOK_min=56 headOK_max=56 cores_clean=56/56 converged=56
ROUND variant=A24_poll_sepwins run=1 round=2 headOK_min=56 headOK_max=56 cores_clean=56/56 converged=56
ROUND variant=A24_poll_sepwins run=1 round=3 headOK_min=56 headOK_max=56 cores_clean=56/56 converged=56
COREVIOL variant=A24_poll_sepwins run=1 0,0,0,0,0,0,0,0,0,0,0,0,0,0,0,0,0,0,0,0,0,0,0,0,0,0,0,0,0,0,0,0,0,0,0,0,0,0,0,0,0,0,0,0,0,0,0,0,0,0,0,0,0,0,0,0
CYCLE variant=A24_poll_sepwins run=1 487706656,487707019,487708323,487708134,487707088,487706492,487708108,487706920,487706388,487708059,487706591,487706867,487708410,487707995,487708090,487707489,487706851,487706970,487707846,487708438,487706550,487707735,487706397,487706401,487707926,487707707,487707752,487708279,487707707,487707880,487709275,487708365,487707834,487707588,487708700,487708795,487709254,487709106,487708100,487709190,487708952,487708905,487709215,487709003,487709120,487708553,487708862,487709171,487707905,487707467,487707348,487707529,487709020,487708023,487707853,487707977
SUMMARY variant=A24_poll_sepwins run=2 vi=24 bk=0 ck=0 dk=2 fk=1 st=16 wl=64 sep=1 rounds=4 naiv=56 blocks=28 cores_clean=56/56 core_round_clean=224/224 rounds_clean=4/4 headOK_min=56 viol=0 final_head_ok=56 stale=0 zero=0 other=0 scribble=0 rel_spread_max=21096 missing_rows=0 snap=0 rc=0
ROUND variant=A24_poll_sepwins run=2 round=0 headOK_min=56 headOK_max=56 cores_clean=56/56 converged=56
ROUND variant=A24_poll_sepwins run=2 round=1 headOK_min=56 headOK_max=56 cores_clean=56/56 converged=56
ROUND variant=A24_poll_sepwins run=2 round=2 headOK_min=56 headOK_max=56 cores_clean=56/56 converged=56
ROUND variant=A24_poll_sepwins run=2 round=3 headOK_min=56 headOK_max=56 cores_clean=56/56 converged=56
COREVIOL variant=A24_poll_sepwins run=2 0,0,0,0,0,0,0,0,0,0,0,0,0,0,0,0,0,0,0,0,0,0,0,0,0,0,0,0,0,0,0,0,0,0,0,0,0,0,0,0,0,0,0,0,0,0,0,0,0,0,0,0,0,0,0,0
CYCLE variant=A24_poll_sepwins run=2 1830493382,1830493637,1830493451,1830493804,1830493763,1830493740,1830492462,1830492253,1830492900,1830493363,1830492633,1830493586,1830492943,1830493786,1830494094,1830493878,1830492127,1830492716,1830492116,1830493271,1830493857,1830493553,1830492103,1830492100,1830493994,1830493965,1830494012,1830493094,1830492752,1830492724,1830494626,1830494597,1830494302,1830494252,1830493866,1830493434,1830494671,1830494535,1830493490,1830493094,1830494187,1830493832,1830493666,1830493768,1830493250,1830493177,1830494504,1830494402,1830493297,1830493398,1830493955,1830493549,1830492872,1830492930,1830492892,1830492588
SUMMARY variant=A24_poll_sepwins run=3 vi=24 bk=0 ck=0 dk=2 fk=1 st=16 wl=64 sep=1 rounds=4 naiv=56 blocks=28 cores_clean=56/56 core_round_clean=224/224 rounds_clean=4/4 headOK_min=56 viol=0 final_head_ok=56 stale=0 zero=0 other=0 scribble=0 rel_spread_max=20521 missing_rows=0 snap=0 rc=0
ROUND variant=A24_poll_sepwins run=3 round=0 headOK_min=56 headOK_max=56 cores_clean=56/56 converged=56
ROUND variant=A24_poll_sepwins run=3 round=1 headOK_min=56 headOK_max=56 cores_clean=56/56 converged=56
ROUND variant=A24_poll_sepwins run=3 round=2 headOK_min=56 headOK_max=56 cores_clean=56/56 converged=56
ROUND variant=A24_poll_sepwins run=3 round=3 headOK_min=56 headOK_max=56 cores_clean=56/56 converged=56
COREVIOL variant=A24_poll_sepwins run=3 0,0,0,0,0,0,0,0,0,0,0,0,0,0,0,0,0,0,0,0,0,0,0,0,0,0,0,0,0,0,0,0,0,0,0,0,0,0,0,0,0,0,0,0,0,0,0,0,0,0,0,0,0,0,0,0
CYCLE variant=A24_poll_sepwins run=3 1518030132,1518030691,1518031347,1518031208,1518031018,1518029700,1518031078,1518030875,1518030303,1518031116,1518030183,1518029877,1518030082,1518029777,1518029429,1518029434,1518030658,1518030739,1518029961,1518030065,1518030823,1518030490,1518029407,1518029439,1518031313,1518029930,1518031005,1518030979,1518030570,1518030521,1518031122,1518031023,1518030497,1518030985,1518031161,1518031820,1518031203,1518031106,1518032372,1518032456,1518032473,1518032055,1518031864,1518032093,1518032210,1518031905,1518031969,1518032274,1518032423,1518031526,1518031247,1518030722,1518031646,1518031316,1518031734,1518031379
SUMMARY variant=A24_poll_sepwins run=4 vi=24 bk=0 ck=0 dk=2 fk=1 st=16 wl=64 sep=1 rounds=4 naiv=56 blocks=28 cores_clean=56/56 core_round_clean=224/224 rounds_clean=4/4 headOK_min=56 viol=0 final_head_ok=56 stale=0 zero=0 other=0 scribble=0 rel_spread_max=23859 missing_rows=0 snap=0 rc=0
ROUND variant=A24_poll_sepwins run=4 round=0 headOK_min=56 headOK_max=56 cores_clean=56/56 converged=56
ROUND variant=A24_poll_sepwins run=4 round=1 headOK_min=56 headOK_max=56 cores_clean=56/56 converged=56
ROUND variant=A24_poll_sepwins run=4 round=2 headOK_min=56 headOK_max=56 cores_clean=56/56 converged=56
ROUND variant=A24_poll_sepwins run=4 round=3 headOK_min=56 headOK_max=56 cores_clean=56/56 converged=56
COREVIOL variant=A24_poll_sepwins run=4 0,0,0,0,0,0,0,0,0,0,0,0,0,0,0,0,0,0,0,0,0,0,0,0,0,0,0,0,0,0,0,0,0,0,0,0,0,0,0,0,0,0,0,0,0,0,0,0,0,0,0,0,0,0,0,0
CYCLE variant=A24_poll_sepwins run=4 1180632977,1180632925,1180631941,1180631934,1180633258,1180632354,1180631931,1180633126,1180631936,1180631914,1180633095,1180632656,1180633226,1180632610,1180633283,1180632479,1180633307,1180631942,1180631946,1180631918,1180633151,1180632149,1180631902,1180631948,1180632866,1180632837,1180632396,1180632890,1180632308,1180632643,1180634254,1180632720,1180633464,1180634229,1180634313,1180634130,1180634289,1180634006,1180633014,1180632913,1180632855,1180632828,1180633114,1180633697,1180634027,1180633646,1180634157,1180634055,1180634080,1180633801,1180633263,1180632804,1180632698,1180633242,1180633598,1180633623
SUMMARY variant=A24_poll_sepwins run=5 vi=24 bk=0 ck=0 dk=2 fk=1 st=16 wl=64 sep=1 rounds=4 naiv=56 blocks=28 cores_clean=56/56 core_round_clean=224/224 rounds_clean=4/4 headOK_min=56 viol=0 final_head_ok=56 stale=0 zero=0 other=0 scribble=0 rel_spread_max=33084 missing_rows=0 snap=0 rc=0
ROUND variant=A24_poll_sepwins run=5 round=0 headOK_min=56 headOK_max=56 cores_clean=56/56 converged=56
ROUND variant=A24_poll_sepwins run=5 round=1 headOK_min=56 headOK_max=56 cores_clean=56/56 converged=56
ROUND variant=A24_poll_sepwins run=5 round=2 headOK_min=56 headOK_max=56 cores_clean=56/56 converged=56
ROUND variant=A24_poll_sepwins run=5 round=3 headOK_min=56 headOK_max=56 cores_clean=56/56 converged=56
COREVIOL variant=A24_poll_sepwins run=5 0,0,0,0,0,0,0,0,0,0,0,0,0,0,0,0,0,0,0,0,0,0,0,0,0,0,0,0,0,0,0,0,0,0,0,0,0,0,0,0,0,0,0,0,0,0,0,0,0,0,0,0,0,0,0,0
CYCLE variant=A24_poll_sepwins run=5 21220151,21220228,21221008,21220415,21219563,21220455,21219954,21219126,21220966,21220477,21219512,21220585,21220738,21220815,21220009,21221039,21220761,21220379,21219930,21219549,21220846,21220668,21219678,21219426,21219254,21219772,21220619,21221066,21218536,21218770,21218937,21218659,21219933,21219578,21219886,21219304,21220339,21220415,21218868,21219049,21220514,21220353,21218822,21218972,21220488,21219745,21219425,21219731,21220463,21220573,21219266,21219169,21219816,21219842,21219982,21220033
SUMMARY variant=A24_poll_sepwins run=6 vi=24 bk=0 ck=0 dk=2 fk=1 st=16 wl=64 sep=1 rounds=4 naiv=56 blocks=28 cores_clean=56/56 core_round_clean=224/224 rounds_clean=4/4 headOK_min=56 viol=0 final_head_ok=56 stale=0 zero=0 other=0 scribble=0 rel_spread_max=21200 missing_rows=0 snap=0 rc=0
ROUND variant=A24_poll_sepwins run=6 round=0 headOK_min=56 headOK_max=56 cores_clean=56/56 converged=56
ROUND variant=A24_poll_sepwins run=6 round=1 headOK_min=56 headOK_max=56 cores_clean=56/56 converged=56
ROUND variant=A24_poll_sepwins run=6 round=2 headOK_min=56 headOK_max=56 cores_clean=56/56 converged=56
ROUND variant=A24_poll_sepwins run=6 round=3 headOK_min=56 headOK_max=56 cores_clean=56/56 converged=56
COREVIOL variant=A24_poll_sepwins run=6 0,0,0,0,0,0,0,0,0,0,0,0,0,0,0,0,0,0,0,0,0,0,0,0,0,0,0,0,0,0,0,0,0,0,0,0,0,0,0,0,0,0,0,0,0,0,0,0,0,0,0,0,0,0,0,0
CYCLE variant=A24_poll_sepwins run=6 222914551,222913790,222914438,222914645,222914579,222914524,222914270,222914365,222913759,222914329,222914170,222914073,222912999,222912794,222914037,222914132,222914310,222913813,222913680,222913295,222913102,222914249,222912644,222912760,222914481,222913459,222913965,222914204,222912477,222912975,222913868,222914408,222914362,222914185,222912954,222913028,222913542,222913735,222914302,222914136,222913116,222914267,222913972,222912505,222914378,222914105,222913353,222912900,222914152,222914083,222913986,222914199,222912491,222914240,222913276,222913446
SUMMARY variant=A24_poll_sepwins run=7 vi=24 bk=0 ck=0 dk=2 fk=1 st=16 wl=64 sep=1 rounds=4 naiv=56 blocks=28 cores_clean=56/56 core_round_clean=224/224 rounds_clean=4/4 headOK_min=56 viol=0 final_head_ok=56 stale=0 zero=0 other=0 scribble=0 rel_spread_max=24069 missing_rows=0 snap=0 rc=0
ROUND variant=A24_poll_sepwins run=7 round=0 headOK_min=56 headOK_max=56 cores_clean=56/56 converged=56
ROUND variant=A24_poll_sepwins run=7 round=1 headOK_min=56 headOK_max=56 cores_clean=56/56 converged=56
ROUND variant=A24_poll_sepwins run=7 round=2 headOK_min=56 headOK_max=56 cores_clean=56/56 converged=56
ROUND variant=A24_poll_sepwins run=7 round=3 headOK_min=56 headOK_max=56 cores_clean=56/56 converged=56
COREVIOL variant=A24_poll_sepwins run=7 0,0,0,0,0,0,0,0,0,0,0,0,0,0,0,0,0,0,0,0,0,0,0,0,0,0,0,0,0,0,0,0,0,0,0,0,0,0,0,0,0,0,0,0,0,0,0,0,0,0,0,0,0,0,0,0
CYCLE variant=A24_poll_sepwins run=7 166583868,166583670,166584859,166583313,166584247,166584476,166583915,166584220,166584574,166584497,166584112,166584367,166584652,166585095,166583491,166583767,166585034,166584879,166584930,166584090,166584271,166583337,166583081,166583158,166585006,166585120,166583609,166584009,166583358,166583995,166583818,166583920,166583589,166582526,166583233,166583722,166584214,166583953,166584049,166583155,166583896,166583566,166582475,166584238,166582185,166582115,166582783,166584272,166584129,166584105,166583871,166584075,166582128,166582132,166583291,166584030
SUMMARY variant=A24_poll_sepwins run=8 vi=24 bk=0 ck=0 dk=2 fk=1 st=16 wl=64 sep=1 rounds=4 naiv=56 blocks=28 cores_clean=56/56 core_round_clean=224/224 rounds_clean=4/4 headOK_min=56 viol=0 final_head_ok=56 stale=0 zero=0 other=0 scribble=0 rel_spread_max=21876 missing_rows=0 snap=0 rc=0
ROUND variant=A24_poll_sepwins run=8 round=0 headOK_min=56 headOK_max=56 cores_clean=56/56 converged=56
ROUND variant=A24_poll_sepwins run=8 round=1 headOK_min=56 headOK_max=56 cores_clean=56/56 converged=56
ROUND variant=A24_poll_sepwins run=8 round=2 headOK_min=56 headOK_max=56 cores_clean=56/56 converged=56
ROUND variant=A24_poll_sepwins run=8 round=3 headOK_min=56 headOK_max=56 cores_clean=56/56 converged=56
COREVIOL variant=A24_poll_sepwins run=8 0,0,0,0,0,0,0,0,0,0,0,0,0,0,0,0,0,0,0,0,0,0,0,0,0,0,0,0,0,0,0,0,0,0,0,0,0,0,0,0,0,0,0,0,0,0,0,0,0,0,0,0,0,0,0,0
CYCLE variant=A24_poll_sepwins run=8 -158617288,-158617493,-158618248,-158617518,-158616801,-158617061,-158616987,-158616856,-158617922,-158618598,-158618333,-158617195,-158617039,-158617657,-158617343,-158617994,-158616889,-158616722,-158618071,-158617576,-158617267,-158617215,-158618573,-158618730,-158618464,-158618490,-158618414,-158617715,-158619136,-158619109,-158618450,-158618081,-158617084,-158617287,-158617564,-158617052,-158616912,-158618307,-158617363,-158616944,-158617001,-158617466,-158617645,-158617848,-158617157,-158617412,-158617206,-158617023,-158618418,-158618180,-158617185,-158617698,-158618522,-158618284,-158618955,-158619017
SUMMARY variant=A24_poll_sepwins run=9 vi=24 bk=0 ck=0 dk=2 fk=1 st=16 wl=64 sep=1 rounds=4 naiv=56 blocks=28 cores_clean=56/56 core_round_clean=224/224 rounds_clean=4/4 headOK_min=56 viol=0 final_head_ok=56 stale=0 zero=0 other=0 scribble=0 rel_spread_max=21520 missing_rows=0 snap=0 rc=0
ROUND variant=A24_poll_sepwins run=9 round=0 headOK_min=56 headOK_max=56 cores_clean=56/56 converged=56
ROUND variant=A24_poll_sepwins run=9 round=1 headOK_min=56 headOK_max=56 cores_clean=56/56 converged=56
ROUND variant=A24_poll_sepwins run=9 round=2 headOK_min=56 headOK_max=56 cores_clean=56/56 converged=56
ROUND variant=A24_poll_sepwins run=9 round=3 headOK_min=56 headOK_max=56 cores_clean=56/56 converged=56
COREVIOL variant=A24_poll_sepwins run=9 0,0,0,0,0,0,0,0,0,0,0,0,0,0,0,0,0,0,0,0,0,0,0,0,0,0,0,0,0,0,0,0,0,0,0,0,0,0,0,0,0,0,0,0,0,0,0,0,0,0,0,0,0,0,0,0
CYCLE variant=A24_poll_sepwins run=9 -362404295,-362404291,-362402231,-362403260,-362403493,-362403675,-362402101,-362402327,-362403786,-362403702,-362402738,-362403221,-362403572,-362403636,-362403503,-362402251,-362403439,-362402690,-362403093,-362403188,-362402494,-362402399,-362402149,-362402651,-362402522,-362402131,-362403046,-362402797,-362401063,-362402838,-362401118,-362401000,-362401981,-362401342,-362401669,-362401433,-362402606,-362402309,-362401018,-362401417,-362402370,-362402344,-362402456,-362402102,-362400896,-362400978,-362401791,-362401932,-362401164,-362400952,-362401094,-362401470,-362401926,-362402044,-362401773,-362401749
