SUMMARY variant=A26_fid_same_id run=1 vi=24 bk=1 ck=1 dk=2 fk=3 st=16 wl=64 sep=0 rounds=16 naiv=56 blocks=28 cores_clean=56/56 core_round_clean=896/896 rounds_clean=16/16 headOK_min=56 viol=0 final_head_ok=56 stale=0 zero=0 other=0 scribble=0 rel_spread_max=15492 missing_rows=0 snap=0 rc=0 negctrl_selfonly=0 viol_under_selfonly_criterion=0
ROUND variant=A26_fid_same_id run=1 round=0 headOK_min=56 headOK_max=56 cores_clean=56/56 converged=0
ROUND variant=A26_fid_same_id run=1 round=1 headOK_min=56 headOK_max=56 cores_clean=56/56 converged=0
ROUND variant=A26_fid_same_id run=1 round=2 headOK_min=56 headOK_max=56 cores_clean=56/56 converged=0
ROUND variant=A26_fid_same_id run=1 round=3 headOK_min=56 headOK_max=56 cores_clean=56/56 converged=0
ROUND variant=A26_fid_same_id run=1 round=4 headOK_min=56 headOK_max=56 cores_clean=56/56 converged=0
ROUND variant=A26_fid_same_id run=1 round=5 headOK_min=56 headOK_max=56 cores_clean=56/56 converged=0
ROUND variant=A26_fid_same_id run=1 round=6 headOK_min=56 headOK_max=56 cores_clean=56/56 converged=0
ROUND variant=A26_fid_same_id run=1 round=7 headOK_min=56 headOK_max=56 cores_clean=56/56 converged=0
ROUND variant=A26_fid_same_id run=1 round=8 headOK_min=56 headOK_max=56 cores_clean=56/56 converged=0
ROUND variant=A26_fid_same_id run=1 round=9 headOK_min=56 headOK_max=56 cores_clean=56/56 converged=0
ROUND variant=A26_fid_same_id run=1 round=10 headOK_min=56 headOK_max=56 cores_clean=56/56 converged=0
ROUND variant=A26_fid_same_id run=1 round=11 headOK_min=56 headOK_max=56 cores_clean=56/56 converged=0
ROUND variant=A26_fid_same_id run=1 round=12 headOK_min=56 headOK_max=56 cores_clean=56/56 converged=0
ROUND variant=A26_fid_same_id run=1 round=13 headOK_min=56 headOK_max=56 cores_clean=56/56 converged=0
ROUND variant=A26_fid_same_id run=1 round=14 headOK_min=56 headOK_max=56 cores_clean=56/56 converged=0
ROUND variant=A26_fid_same_id run=1 round=15 headOK_min=56 headOK_max=56 cores_clean=56/56 converged=0
COREVIOL variant=A26_fid_same_id run=1 0,0,0,0,0,0,0,0,0,0,0,0,0,0,0,0,0,0,0,0,0,0,0,0,0,0,0,0,0,0,0,0,0,0,0,0,0,0,0,0,0,0,0,0,0,0,0,0,0,0,0,0,0,0,0,0
CYCLE variant=A26_fid_same_id run=1 640210741,640210964,640212055,640211868,640211805,640211630,640210696,640211023,640211239,640211084,640211350,640211529,640211112,640211137,640211406,640211967,640212066,640211927,640211455,640211430,640210240,640210665,640210041,640210499,640210082,640211988,640210816,640210618,640210761,640210429,640210598,640210497,640209366,640210849,640210637,640210281,640210403,640210123,640209698,640209850,640209788,640209011,640210303,640209547,640210470,640209716,640209183,640209261,640210782,640209770,640208960,640208959,640208922,640208955,640210878,640210587
SUMMARY variant=A26_fid_same_id run=2 vi=24 bk=1 ck=1 dk=2 fk=3 st=16 wl=64 sep=0 rounds=16 naiv=56 blocks=28 cores_clean=56/56 core_round_clean=896/896 rounds_clean=16/16 headOK_min=56 viol=0 final_head_ok=56 stale=0 zero=0 other=0 scribble=0 rel_spread_max=17104 missing_rows=0 snap=0 rc=0 negctrl_selfonly=0 viol_under_selfonly_criterion=0
ROUND variant=A26_fid_same_id run=2 round=0 headOK_min=56 headOK_max=56 cores_clean=56/56 converged=0
ROUND variant=A26_fid_same_id run=2 round=1 headOK_min=56 headOK_max=56 cores_clean=56/56 converged=0
ROUND variant=A26_fid_same_id run=2 round=2 headOK_min=56 headOK_max=56 cores_clean=56/56 converged=0
ROUND variant=A26_fid_same_id run=2 round=3 headOK_min=56 headOK_max=56 cores_clean=56/56 converged=0
ROUND variant=A26_fid_same_id run=2 round=4 headOK_min=56 headOK_max=56 cores_clean=56/56 converged=0
ROUND variant=A26_fid_same_id run=2 round=5 headOK_min=56 headOK_max=56 cores_clean=56/56 converged=0
ROUND variant=A26_fid_same_id run=2 round=6 headOK_min=56 headOK_max=56 cores_clean=56/56 converged=0
ROUND variant=A26_fid_same_id run=2 round=7 headOK_min=56 headOK_max=56 cores_clean=56/56 converged=0
ROUND variant=A26_fid_same_id run=2 round=8 headOK_min=56 headOK_max=56 cores_clean=56/56 converged=0
ROUND variant=A26_fid_same_id run=2 round=9 headOK_min=56 headOK_max=56 cores_clean=56/56 converged=0
ROUND variant=A26_fid_same_id run=2 round=10 headOK_min=56 headOK_max=56 cores_clean=56/56 converged=0
ROUND variant=A26_fid_same_id run=2 round=11 headOK_min=56 headOK_max=56 cores_clean=56/56 converged=0
ROUND variant=A26_fid_same_id run=2 round=12 headOK_min=56 headOK_max=56 cores_clean=56/56 converged=0
ROUND variant=A26_fid_same_id run=2 round=13 headOK_min=56 headOK_max=56 cores_clean=56/56 converged=0
ROUND variant=A26_fid_same_id run=2 round=14 headOK_min=56 headOK_max=56 cores_clean=56/56 converged=0
ROUND variant=A26_fid_same_id run=2 round=15 headOK_min=56 headOK_max=56 cores_clean=56/56 converged=0
COREVIOL variant=A26_fid_same_id run=2 0,0,0,0,0,0,0,0,0,0,0,0,0,0,0,0,0,0,0,0,0,0,0,0,0,0,0,0,0,0,0,0,0,0,0,0,0,0,0,0,0,0,0,0,0,0,0,0,0,0,0,0,0,0,0,0
CYCLE variant=A26_fid_same_id run=2 -919937676,-919937407,-919937038,-919936943,-919937216,-919937143,-919936155,-919936185,-919937996,-919936295,-919937505,-919937528,-919936430,-919937916,-919936374,-919936750,-919936137,-919937335,-919936519,-919937595,-919936102,-919936801,-919937370,-919937711,-919936904,-919936688,-919936303,-919936658,-919939596,-919939579,-919937988,-919939074,-919938686,-919938707,-919939575,-919938989,-919938262,-919938189,-919938238,-919938594,-919938533,-919938438,-919937908,-919938756,-919939395,-919938862,-919937848,-919938920,-919939600,-919939221,-919937804,-919938292,-919938368,-919938511,-919938451,-919938640
SUMMARY variant=A26_fid_same_id run=3 vi=24 bk=1 ck=1 dk=2 fk=3 st=16 wl=64 sep=0 rounds=16 naiv=56 blocks=28 cores_clean=56/56 core_round_clean=896/896 rounds_clean=16/16 headOK_min=56 viol=0 final_head_ok=56 stale=0 zero=0 other=0 scribble=0 rel_spread_max=15981 missing_rows=0 snap=0 rc=0 negctrl_selfonly=0 viol_under_selfonly_criterion=0
ROUND variant=A26_fid_same_id run=3 round=0 headOK_min=56 headOK_max=56 cores_clean=56/56 converged=0
ROUND variant=A26_fid_same_id run=3 round=1 headOK_min=56 headOK_max=56 cores_clean=56/56 converged=0
ROUND variant=A26_fid_same_id run=3 round=2 headOK_min=56 headOK_max=56 cores_clean=56/56 converged=0
ROUND variant=A26_fid_same_id run=3 round=3 headOK_min=56 headOK_max=56 cores_clean=56/56 converged=0
ROUND variant=A26_fid_same_id run=3 round=4 headOK_min=56 headOK_max=56 cores_clean=56/56 converged=0
ROUND variant=A26_fid_same_id run=3 round=5 headOK_min=56 headOK_max=56 cores_clean=56/56 converged=0
ROUND variant=A26_fid_same_id run=3 round=6 headOK_min=56 headOK_max=56 cores_clean=56/56 converged=0
ROUND variant=A26_fid_same_id run=3 round=7 headOK_min=56 headOK_max=56 cores_clean=56/56 converged=0
ROUND variant=A26_fid_same_id run=3 round=8 headOK_min=56 headOK_max=56 cores_clean=56/56 converged=0
ROUND variant=A26_fid_same_id run=3 round=9 headOK_min=56 headOK_max=56 cores_clean=56/56 converged=0
ROUND variant=A26_fid_same_id run=3 round=10 headOK_min=56 headOK_max=56 cores_clean=56/56 converged=0
ROUND variant=A26_fid_same_id run=3 round=11 headOK_min=56 headOK_max=56 cores_clean=56/56 converged=0
ROUND variant=A26_fid_same_id run=3 round=12 headOK_min=56 headOK_max=56 cores_clean=56/56 converged=0
ROUND variant=A26_fid_same_id run=3 round=13 headOK_min=56 headOK_max=56 cores_clean=56/56 converged=0
ROUND variant=A26_fid_same_id run=3 round=14 headOK_min=56 headOK_max=56 cores_clean=56/56 converged=0
ROUND variant=A26_fid_same_id run=3 round=15 headOK_min=56 headOK_max=56 cores_clean=56/56 converged=0
COREVIOL variant=A26_fid_same_id run=3 0,0,0,0,0,0,0,0,0,0,0,0,0,0,0,0,0,0,0,0,0,0,0,0,0,0,0,0,0,0,0,0,0,0,0,0,0,0,0,0,0,0,0,0,0,0,0,0,0,0,0,0,0,0,0,0
CYCLE variant=A26_fid_same_id run=3 -1833744822,-1833744972,-1833743331,-1833743739,-1833743853,-1833744090,-1833744916,-1833743389,-1833744144,-1833743831,-1833743449,-1833743952,-1833744522,-1833744398,-1833745098,-1833744998,-1833744247,-1833744044,-1833743620,-1833743797,-1833744341,-1833743369,-1833745303,-1833745197,-1833743318,-1833743527,-1833744695,-1833743256,-1833744474,-1833744323,-1833743162,-1833742855,-1833743050,-1833742537,-1833742425,-1833742638,-1833743708,-1833743633,-1833743456,-1833743659,-1833744052,-1833743314,-1833742694,-1833742592,-1833742880,-1833743363,-1833743924,-1833743476,-1833743836,-1833743909,-1833742898,-1833742924,-1833744230,-1833744254,-1833742453,-1833744137
SUMMARY variant=A26_fid_same_id run=4 vi=24 bk=1 ck=1 dk=2 fk=3 st=16 wl=64 sep=0 rounds=16 naiv=56 blocks=28 cores_clean=56/56 core_round_clean=896/896 rounds_clean=16/16 headOK_min=56 viol=0 final_head_ok=56 stale=0 zero=0 other=0 scribble=0 rel_spread_max=15806 missing_rows=0 snap=0 rc=0 negctrl_selfonly=0 viol_under_selfonly_criterion=0
ROUND variant=A26_fid_same_id run=4 round=0 headOK_min=56 headOK_max=56 cores_clean=56/56 converged=0
ROUND variant=A26_fid_same_id run=4 round=1 headOK_min=56 headOK_max=56 cores_clean=56/56 converged=0
ROUND variant=A26_fid_same_id run=4 round=2 headOK_min=56 headOK_max=56 cores_clean=56/56 converged=0
ROUND variant=A26_fid_same_id run=4 round=3 headOK_min=56 headOK_max=56 cores_clean=56/56 converged=0
ROUND variant=A26_fid_same_id run=4 round=4 headOK_min=56 headOK_max=56 cores_clean=56/56 converged=0
ROUND variant=A26_fid_same_id run=4 round=5 headOK_min=56 headOK_max=56 cores_clean=56/56 converged=0
ROUND variant=A26_fid_same_id run=4 round=6 headOK_min=56 headOK_max=56 cores_clean=56/56 converged=0
ROUND variant=A26_fid_same_id run=4 round=7 headOK_min=56 headOK_max=56 cores_clean=56/56 converged=0
ROUND variant=A26_fid_same_id run=4 round=8 headOK_min=56 headOK_max=56 cores_clean=56/56 converged=0
ROUND variant=A26_fid_same_id run=4 round=9 headOK_min=56 headOK_max=56 cores_clean=56/56 converged=0
ROUND variant=A26_fid_same_id run=4 round=10 headOK_min=56 headOK_max=56 cores_clean=56/56 converged=0
ROUND variant=A26_fid_same_id run=4 round=11 headOK_min=56 headOK_max=56 cores_clean=56/56 converged=0
ROUND variant=A26_fid_same_id run=4 round=12 headOK_min=56 headOK_max=56 cores_clean=56/56 converged=0
ROUND variant=A26_fid_same_id run=4 round=13 headOK_min=56 headOK_max=56 cores_clean=56/56 converged=0
ROUND variant=A26_fid_same_id run=4 round=14 headOK_min=56 headOK_max=56 cores_clean=56/56 converged=0
ROUND variant=A26_fid_same_id run=4 round=15 headOK_min=56 headOK_max=56 cores_clean=56/56 converged=0
COREVIOL variant=A26_fid_same_id run=4 0,0,0,0,0,0,0,0,0,0,0,0,0,0,0,0,0,0,0,0,0,0,0,0,0,0,0,0,0,0,0,0,0,0,0,0,0,0,0,0,0,0,0,0,0,0,0,0,0,0,0,0,0,0,0,0
CYCLE variant=A26_fid_same_id run=4 1169552280,1169552873,1169553883,1169553615,1169552967,1169553652,1169553211,1169552392,1169553410,1169553813,1169552358,1169553796,1169553583,1169553134,1169552763,1169552593,1169552253,1169552702,1169552688,1169552808,1169553043,1169553684,1169551919,1169552046,1169553632,1169553489,1169553780,1169553757,1169550660,1169551259,1169551707,1169552105,1169552352,1169551286,1169550768,1169551504,1169552255,1169552043,1169550962,1169552229,1169551105,1169551007,1169552184,1169551973,1169552152,1169551032,1169551997,1169552328,1169550473,1169550731,1169551685,1169552373,1169550903,1169551200,1169552064,1169552089
SUMMARY variant=A26_fid_same_id run=5 vi=24 bk=1 ck=1 dk=2 fk=3 st=16 wl=64 sep=0 rounds=16 naiv=56 blocks=28 cores_clean=56/56 core_round_clean=896/896 rounds_clean=16/16 headOK_min=56 viol=0 final_head_ok=56 stale=0 zero=0 other=0 scribble=0 rel_spread_max=16969 missing_rows=0 snap=0 rc=0 negctrl_selfonly=0 viol_under_selfonly_criterion=0
ROUND variant=A26_fid_same_id run=5 round=0 headOK_min=56 headOK_max=56 cores_clean=56/56 converged=0
ROUND variant=A26_fid_same_id run=5 round=1 headOK_min=56 headOK_max=56 cores_clean=56/56 converged=0
ROUND variant=A26_fid_same_id run=5 round=2 headOK_min=56 headOK_max=56 cores_clean=56/56 converged=0
ROUND variant=A26_fid_same_id run=5 round=3 headOK_min=56 headOK_max=56 cores_clean=56/56 converged=0
ROUND variant=A26_fid_same_id run=5 round=4 headOK_min=56 headOK_max=56 cores_clean=56/56 converged=0
ROUND variant=A26_fid_same_id run=5 round=5 headOK_min=56 headOK_max=56 cores_clean=56/56 converged=0
ROUND variant=A26_fid_same_id run=5 round=6 headOK_min=56 headOK_max=56 cores_clean=56/56 converged=0
ROUND variant=A26_fid_same_id run=5 round=7 headOK_min=56 headOK_max=56 cores_clean=56/56 converged=0
ROUND variant=A26_fid_same_id run=5 round=8 headOK_min=56 headOK_max=56 cores_clean=56/56 converged=0
ROUND variant=A26_fid_same_id run=5 round=9 headOK_min=56 headOK_max=56 cores_clean=56/56 converged=0
ROUND variant=A26_fid_same_id run=5 round=10 headOK_min=56 headOK_max=56 cores_clean=56/56 converged=0
ROUND variant=A26_fid_same_id run=5 round=11 headOK_min=56 headOK_max=56 cores_clean=56/56 converged=0
ROUND variant=A26_fid_same_id run=5 round=12 headOK_min=56 headOK_max=56 cores_clean=56/56 converged=0
ROUND variant=A26_fid_same_id run=5 round=13 headOK_min=56 headOK_max=56 cores_clean=56/56 converged=0
ROUND variant=A26_fid_same_id run=5 round=14 headOK_min=56 headOK_max=56 cores_clean=56/56 converged=0
ROUND variant=A26_fid_same_id run=5 round=15 headOK_min=56 headOK_max=56 cores_clean=56/56 converged=0
COREVIOL variant=A26_fid_same_id run=5 0,0,0,0,0,0,0,0,0,0,0,0,0,0,0,0,0,0,0,0,0,0,0,0,0,0,0,0,0,0,0,0,0,0,0,0,0,0,0,0,0,0,0,0,0,0,0,0,0,0,0,0,0,0,0,0
CYCLE variant=A26_fid_same_id run=5 -318100423,-318100373,-318099943,-318100239,-318099142,-318099320,-318099007,-318098722,-318099731,-318099602,-318100347,-318098912,-318098841,-318099119,-318100651,-318100708,-318098789,-318098705,-318100022,-318099997,-318099443,-318099216,-318100191,-318100215,-318099271,-318099093,-318099388,-318099541,-318102604,-318102579,-318101133,-318101030,-318101306,-318101069,-318100913,-318101763,-318101360,-318101047,-318101903,-318101979,-318102534,-318102453,-318101876,-318101408,-318100492,-318102036,-318101666,-318101227,-318100573,-318101623,-318101099,-318101436,-318101521,-318101340,-318100839,-318100590
SUMMARY variant=A26_fid_same_id run=6 vi=24 bk=1 ck=1 dk=2 fk=3 st=16 wl=64 sep=0 rounds=16 naiv=56 blocks=28 cores_clean=56/56 core_round_clean=896/896 rounds_clean=16/16 headOK_min=56 viol=0 final_head_ok=56 stale=0 zero=0 other=0 scribble=0 rel_spread_max=15147 missing_rows=0 snap=0 rc=0 negctrl_selfonly=0 viol_under_selfonly_criterion=0
ROUND variant=A26_fid_same_id run=6 round=0 headOK_min=56 headOK_max=56 cores_clean=56/56 converged=0
ROUND variant=A26_fid_same_id run=6 round=1 headOK_min=56 headOK_max=56 cores_clean=56/56 converged=0
ROUND variant=A26_fid_same_id run=6 round=2 headOK_min=56 headOK_max=56 cores_clean=56/56 converged=0
ROUND variant=A26_fid_same_id run=6 round=3 headOK_min=56 headOK_max=56 cores_clean=56/56 converged=0
ROUND variant=A26_fid_same_id run=6 round=4 headOK_min=56 headOK_max=56 cores_clean=56/56 converged=0
ROUND variant=A26_fid_same_id run=6 round=5 headOK_min=56 headOK_max=56 cores_clean=56/56 converged=0
ROUND variant=A26_fid_same_id run=6 round=6 headOK_min=56 headOK_max=56 cores_clean=56/56 converged=0
ROUND variant=A26_fid_same_id run=6 round=7 headOK_min=56 headOK_max=56 cores_clean=56/56 converged=0
ROUND variant=A26_fid_same_id run=6 round=8 headOK_min=56 headOK_max=56 cores_clean=56/56 converged=0
ROUND variant=A26_fid_same_id run=6 round=9 headOK_min=56 headOK_max=56 cores_clean=56/56 converged=0
ROUND variant=A26_fid_same_id run=6 round=10 headOK_min=56 headOK_max=56 cores_clean=56/56 converged=0
ROUND variant=A26_fid_same_id run=6 round=11 headOK_min=56 headOK_max=56 cores_clean=56/56 converged=0
ROUND variant=A26_fid_same_id run=6 round=12 headOK_min=56 headOK_max=56 cores_clean=56/56 converged=0
ROUND variant=A26_fid_same_id run=6 round=13 headOK_min=56 headOK_max=56 cores_clean=56/56 converged=0
ROUND variant=A26_fid_same_id run=6 round=14 headOK_min=56 headOK_max=56 cores_clean=56/56 converged=0
ROUND variant=A26_fid_same_id run=6 round=15 headOK_min=56 headOK_max=56 cores_clean=56/56 converged=0
COREVIOL variant=A26_fid_same_id run=6 0,0,0,0,0,0,0,0,0,0,0,0,0,0,0,0,0,0,0,0,0,0,0,0,0,0,0,0,0,0,0,0,0,0,0,0,0,0,0,0,0,0,0,0,0,0,0,0,0,0,0,0,0,0,0,0
CYCLE variant=A26_fid_same_id run=6 -1733583241,-1733582885,-1733582300,-1733582245,-1733582509,-1733583007,-1733583899,-1733583424,-1733583082,-1733583057,-1733582910,-1733582956,-1733584194,-1733583559,-1733583673,-1733582377,-1733583383,-1733583149,-1733582452,-1733582331,-1733582595,-1733582357,-1733584055,-1733584227,-1733583330,-1733583478,-1733582759,-1733582401,-1733584602,-1733584578,-1733583115,-1733583233,-1733583152,-1733582702,-1733582473,-1733582556,-1733582659,-1733584044,-1733583829,-1733583013,-1733583190,-1733583714,-1733582753,-1733583438,-1733583283,-1733584101,-1733584477,-1733582961,-1733583516,-1733582830,-1733582517,-1733582433,-1733583050,-1733584516,-1733582455,-1733583368
SUMMARY variant=A26_fid_same_id run=7 vi=24 bk=1 ck=1 dk=2 fk=3 st=16 wl=64 sep=0 rounds=16 naiv=56 blocks=28 cores_clean=56/56 core_round_clean=896/896 rounds_clean=16/16 headOK_min=56 viol=0 final_head_ok=56 stale=0 zero=0 other=0 scribble=0 rel_spread_max=15788 missing_rows=0 snap=0 rc=0 negctrl_selfonly=0 viol_under_selfonly_criterion=0
ROUND variant=A26_fid_same_id run=7 round=0 headOK_min=56 headOK_max=56 cores_clean=56/56 converged=0
ROUND variant=A26_fid_same_id run=7 round=1 headOK_min=56 headOK_max=56 cores_clean=56/56 converged=0
ROUND variant=A26_fid_same_id run=7 round=2 headOK_min=56 headOK_max=56 cores_clean=56/56 converged=0
ROUND variant=A26_fid_same_id run=7 round=3 headOK_min=56 headOK_max=56 cores_clean=56/56 converged=0
ROUND variant=A26_fid_same_id run=7 round=4 headOK_min=56 headOK_max=56 cores_clean=56/56 converged=0
ROUND variant=A26_fid_same_id run=7 round=5 headOK_min=56 headOK_max=56 cores_clean=56/56 converged=0
ROUND variant=A26_fid_same_id run=7 round=6 headOK_min=56 headOK_max=56 cores_clean=56/56 converged=0
ROUND variant=A26_fid_same_id run=7 round=7 headOK_min=56 headOK_max=56 cores_clean=56/56 converged=0
ROUND variant=A26_fid_same_id run=7 round=8 headOK_min=56 headOK_max=56 cores_clean=56/56 converged=0
ROUND variant=A26_fid_same_id run=7 round=9 headOK_min=56 headOK_max=56 cores_clean=56/56 converged=0
ROUND variant=A26_fid_same_id run=7 round=10 headOK_min=56 headOK_max=56 cores_clean=56/56 converged=0
ROUND variant=A26_fid_same_id run=7 round=11 headOK_min=56 headOK_max=56 cores_clean=56/56 converged=0
ROUND variant=A26_fid_same_id run=7 round=12 headOK_min=56 headOK_max=56 cores_clean=56/56 converged=0
ROUND variant=A26_fid_same_id run=7 round=13 headOK_min=56 headOK_max=56 cores_clean=56/56 converged=0
ROUND variant=A26_fid_same_id run=7 round=14 headOK_min=56 headOK_max=56 cores_clean=56/56 converged=0
ROUND variant=A26_fid_same_id run=7 round=15 headOK_min=56 headOK_max=56 cores_clean=56/56 converged=0
COREVIOL variant=A26_fid_same_id run=7 0,0,0,0,0,0,0,0,0,0,0,0,0,0,0,0,0,0,0,0,0,0,0,0,0,0,0,0,0,0,0,0,0,0,0,0,0,0,0,0,0,0,0,0,0,0,0,0,0,0,0,0,0,0,0,0
CYCLE variant=A26_fid_same_id run=7 1064108306,1064108356,1064108869,1064108590,1064107903,1064108605,1064108460,1064108012,1064109057,1064108753,1064108990,1064108556,1064109685,1064109713,1064108893,1064109428,1064107668,1064107792,1064108157,1064108183,1064109500,1064109041,1064107832,1064108411,1064109628,1064109241,1064109322,1064109298,1064105675,1064105699,1064107828,1064106926,1064106202,1064107298,1064106506,1064107704,1064107320,1064106781,1064107806,1064107474,1064106112,1064107742,1064106655,1064106404,1064105825,1064106294,1064107040,1064106761,1064106546,1064106470,1064107059,1064107723,1064106218,1064107442,1064106912,1064107785
SUMMARY variant=A26_fid_same_id run=8 vi=24 bk=1 ck=1 dk=2 fk=3 st=16 wl=64 sep=0 rounds=16 naiv=56 blocks=28 cores_clean=56/56 core_round_clean=896/896 rounds_clean=16/16 headOK_min=56 viol=0 final_head_ok=56 stale=0 zero=0 other=0 scribble=0 rel_spread_max=15203 missing_rows=0 snap=0 rc=0 negctrl_selfonly=0 viol_under_selfonly_criterion=0
ROUND variant=A26_fid_same_id run=8 round=0 headOK_min=56 headOK_max=56 cores_clean=56/56 converged=0
ROUND variant=A26_fid_same_id run=8 round=1 headOK_min=56 headOK_max=56 cores_clean=56/56 converged=0
ROUND variant=A26_fid_same_id run=8 round=2 headOK_min=56 headOK_max=56 cores_clean=56/56 converged=0
ROUND variant=A26_fid_same_id run=8 round=3 headOK_min=56 headOK_max=56 cores_clean=56/56 converged=0
ROUND variant=A26_fid_same_id run=8 round=4 headOK_min=56 headOK_max=56 cores_clean=56/56 converged=0
ROUND variant=A26_fid_same_id run=8 round=5 headOK_min=56 headOK_max=56 cores_clean=56/56 converged=0
ROUND variant=A26_fid_same_id run=8 round=6 headOK_min=56 headOK_max=56 cores_clean=56/56 converged=0
ROUND variant=A26_fid_same_id run=8 round=7 headOK_min=56 headOK_max=56 cores_clean=56/56 converged=0
ROUND variant=A26_fid_same_id run=8 round=8 headOK_min=56 headOK_max=56 cores_clean=56/56 converged=0
ROUND variant=A26_fid_same_id run=8 round=9 headOK_min=56 headOK_max=56 cores_clean=56/56 converged=0
ROUND variant=A26_fid_same_id run=8 round=10 headOK_min=56 headOK_max=56 cores_clean=56/56 converged=0
ROUND variant=A26_fid_same_id run=8 round=11 headOK_min=56 headOK_max=56 cores_clean=56/56 converged=0
ROUND variant=A26_fid_same_id run=8 round=12 headOK_min=56 headOK_max=56 cores_clean=56/56 converged=0
ROUND variant=A26_fid_same_id run=8 round=13 headOK_min=56 headOK_max=56 cores_clean=56/56 converged=0
ROUND variant=A26_fid_same_id run=8 round=14 headOK_min=56 headOK_max=56 cores_clean=56/56 converged=0
ROUND variant=A26_fid_same_id run=8 round=15 headOK_min=56 headOK_max=56 cores_clean=56/56 converged=0
COREVIOL variant=A26_fid_same_id run=8 0,0,0,0,0,0,0,0,0,0,0,0,0,0,0,0,0,0,0,0,0,0,0,0,0,0,0,0,0,0,0,0,0,0,0,0,0,0,0,0,0,0,0,0,0,0,0,0,0,0,0,0,0,0,0,0
CYCLE variant=A26_fid_same_id run=8 -33595392,-33594994,-33593681,-33594129,-33594972,-33595144,-33594467,-33593823,-33594215,-33594073,-33594425,-33593853,-33593556,-33593877,-33593632,-33593573,-33594817,-33594866,-33595310,-33593940,-33593918,-33593751,-33595481,-33595527,-33593781,-33594231,-33594732,-33593725,-33593307,-33594597,-33594263,-33594168,-33593778,-33593330,-33593798,-33594081,-33593279,-33594374,-33594980,-33593877,-33593674,-33593745,-33593167,-33593637,-33593695,-33593204,-33594726,-33595106,-33593458,-33594191,-33594455,-33594214,-33593724,-33593581,-33593379,-33594424
SUMMARY variant=A26_fid_same_id run=9 vi=24 bk=1 ck=1 dk=2 fk=3 st=16 wl=64 sep=0 rounds=16 naiv=56 blocks=28 cores_clean=56/56 core_round_clean=896/896 rounds_clean=16/16 headOK_min=56 viol=0 final_head_ok=56 stale=0 zero=0 other=0 scribble=0 rel_spread_max=17720 missing_rows=0 snap=0 rc=0 negctrl_selfonly=0 viol_under_selfonly_criterion=0
ROUND variant=A26_fid_same_id run=9 round=0 headOK_min=56 headOK_max=56 cores_clean=56/56 converged=0
ROUND variant=A26_fid_same_id run=9 round=1 headOK_min=56 headOK_max=56 cores_clean=56/56 converged=0
ROUND variant=A26_fid_same_id run=9 round=2 headOK_min=56 headOK_max=56 cores_clean=56/56 converged=0
ROUND variant=A26_fid_same_id run=9 round=3 headOK_min=56 headOK_max=56 cores_clean=56/56 converged=0
ROUND variant=A26_fid_same_id run=9 round=4 headOK_min=56 headOK_max=56 cores_clean=56/56 converged=0
ROUND variant=A26_fid_same_id run=9 round=5 headOK_min=56 headOK_max=56 cores_clean=56/56 converged=0
ROUND variant=A26_fid_same_id run=9 round=6 headOK_min=56 headOK_max=56 cores_clean=56/56 converged=0
ROUND variant=A26_fid_same_id run=9 round=7 headOK_min=56 headOK_max=56 cores_clean=56/56 converged=0
ROUND variant=A26_fid_same_id run=9 round=8 headOK_min=56 headOK_max=56 cores_clean=56/56 converged=0
ROUND variant=A26_fid_same_id run=9 round=9 headOK_min=56 headOK_max=56 cores_clean=56/56 converged=0
ROUND variant=A26_fid_same_id run=9 round=10 headOK_min=56 headOK_max=56 cores_clean=56/56 converged=0
ROUND variant=A26_fid_same_id run=9 round=11 headOK_min=56 headOK_max=56 cores_clean=56/56 converged=0
ROUND variant=A26_fid_same_id run=9 round=12 headOK_min=56 headOK_max=56 cores_clean=56/56 converged=0
ROUND variant=A26_fid_same_id run=9 round=13 headOK_min=56 headOK_max=56 cores_clean=56/56 converged=0
ROUND variant=A26_fid_same_id run=9 round=14 headOK_min=56 headOK_max=56 cores_clean=56/56 converged=0
ROUND variant=A26_fid_same_id run=9 round=15 headOK_min=56 headOK_max=56 cores_clean=56/56 converged=0
COREVIOL variant=A26_fid_same_id run=9 0,0,0,0,0,0,0,0,0,0,0,0,0,0,0,0,0,0,0,0,0,0,0,0,0,0,0,0,0,0,0,0,0,0,0,0,0,0,0,0,0,0,0,0,0,0,0,0,0,0,0,0,0,0,0,0
CYCLE variant=A26_fid_same_id run=9 -208562213,-208562083,-208562229,-208561947,-208562645,-208562466,-208563042,-208562988,-208562370,-208561937,-208561784,-208562968,-208562292,-208561879,-208563145,-208561411,-208563204,-208562015,-208562311,-208561757,-208561528,-208561473,-208563187,-208562908,-208562038,-208563197,-208561840,-208563120,-208562443,-208562074,-208560674,-208560979,-208561174,-208561909,-208560633,-208560530,-208560589,-208560919,-208560425,-208561149,-208561642,-208561742,-208562021,-208561275,-208561260,-208560516,-208560394,-208561500,-208561383,-208560848,-208560896,-208561812,-208562269,-208561078,-208560940,-208561833
