SUMMARY variant=A14_m1_close run=1 vi=14 bk=7 ck=1 dk=2 fk=1 st=16 wl=64 sep=0 rounds=16 naiv=56 blocks=28 cores_clean=2/56 core_round_clean=93/896 rounds_clean=0/16 headOK_min=6 viol=803 final_head_ok=56 stale=0 zero=0 other=0 scribble=0 rel_spread_max=18955 missing_rows=0 snap=0 rc=1
ROUND variant=A14_m1_close run=1 round=0 headOK_min=6 headOK_max=56 cores_clean=17/56 converged=0
ROUND variant=A14_m1_close run=1 round=1 headOK_min=49 headOK_max=56 cores_clean=6/56 converged=0
ROUND variant=A14_m1_close run=1 round=2 headOK_min=52 headOK_max=56 cores_clean=5/56 converged=0
ROUND variant=A14_m1_close run=1 round=3 headOK_min=52 headOK_max=56 cores_clean=5/56 converged=0
ROUND variant=A14_m1_close run=1 round=4 headOK_min=53 headOK_max=56 cores_clean=5/56 converged=0
ROUND variant=A14_m1_close run=1 round=5 headOK_min=53 headOK_max=56 cores_clean=5/56 converged=0
ROUND variant=A14_m1_close run=1 round=6 headOK_min=53 headOK_max=56 cores_clean=5/56 converged=0
ROUND variant=A14_m1_close run=1 round=7 headOK_min=55 headOK_max=56 cores_clean=3/56 converged=0
ROUND variant=A14_m1_close run=1 round=8 headOK_min=49 headOK_max=56 cores_clean=9/56 converged=0
ROUND variant=A14_m1_close run=1 round=9 headOK_min=52 headOK_max=56 cores_clean=5/56 converged=0
ROUND variant=A14_m1_close run=1 round=10 headOK_min=53 headOK_max=56 cores_clean=5/56 converged=0
ROUND variant=A14_m1_close run=1 round=11 headOK_min=52 headOK_max=56 cores_clean=5/56 converged=0
ROUND variant=A14_m1_close run=1 round=12 headOK_min=52 headOK_max=56 cores_clean=5/56 converged=0
ROUND variant=A14_m1_close run=1 round=13 headOK_min=52 headOK_max=56 cores_clean=5/56 converged=0
ROUND variant=A14_m1_close run=1 round=14 headOK_min=53 headOK_max=56 cores_clean=4/56 converged=0
ROUND variant=A14_m1_close run=1 round=15 headOK_min=53 headOK_max=56 cores_clean=4/56 converged=0
COREVIOL variant=A14_m1_close run=1 16,16,16,16,16,15,15,14,16,16,16,16,16,16,16,14,16,16,16,16,16,16,16,14,16,16,16,16,16,15,3,0,16,16,16,16,16,14,15,1,16,16,16,16,16,15,14,3,16,16,16,16,16,15,12,0
CYCLE variant=A14_m1_close run=1 -1003397093,-1003397318,-1003398013,-1003397303,-1003396925,-1003397161,-1003397146,-1003397395,-1003398524,-1003398421,-1003397887,-1003397437,-1003397510,-1003398378,-1003398091,-1003396962,-1003398681,-1003398579,-1003397706,-1003396828,-1003396856,-1003397965,-1003398820,-1003398845,-1003398206,-1003398277,-1003397080,-1003397008,-1003398135,-1003398159,-1003396468,-1003396538,-1003397548,-1003397729,-1003397123,-1003396428,-1003396832,-1003397045,-1003397497,-1003397377,-1003397633,-1003396796,-1003398061,-1003398231,-1003397013,-1003396563,-1003396455,-1003396369,-1003397613,-1003397686,-1003396871,-1003397228,-1003397867,-1003397962,-1003396337,-1003396521
SUMMARY variant=A14_m1_close run=2 vi=14 bk=7 ck=1 dk=2 fk=1 st=16 wl=64 sep=0 rounds=16 naiv=56 blocks=28 cores_clean=2/56 core_round_clean=99/896 rounds_clean=0/16 headOK_min=14 viol=797 final_head_ok=56 stale=0 zero=0 other=0 scribble=0 rel_spread_max=16252 missing_rows=0 snap=0 rc=1
ROUND variant=A14_m1_close run=2 round=0 headOK_min=14 headOK_max=56 cores_clean=24/56 converged=0
ROUND variant=A14_m1_close run=2 round=1 headOK_min=41 headOK_max=56 cores_clean=9/56 converged=0
ROUND variant=A14_m1_close run=2 round=2 headOK_min=52 headOK_max=56 cores_clean=5/56 converged=0
ROUND variant=A14_m1_close run=2 round=3 headOK_min=52 headOK_max=56 cores_clean=5/56 converged=0
ROUND variant=A14_m1_close run=2 round=4 headOK_min=52 headOK_max=56 cores_clean=6/56 converged=0
ROUND variant=A14_m1_close run=2 round=5 headOK_min=52 headOK_max=56 cores_clean=5/56 converged=0
ROUND variant=A14_m1_close run=2 round=6 headOK_min=52 headOK_max=56 cores_clean=5/56 converged=0
ROUND variant=A14_m1_close run=2 round=7 headOK_min=52 headOK_max=56 cores_clean=5/56 converged=0
ROUND variant=A14_m1_close run=2 round=8 headOK_min=53 headOK_max=56 cores_clean=4/56 converged=0
ROUND variant=A14_m1_close run=2 round=9 headOK_min=53 headOK_max=56 cores_clean=4/56 converged=0
ROUND variant=A14_m1_close run=2 round=10 headOK_min=53 headOK_max=56 cores_clean=4/56 converged=0
ROUND variant=A14_m1_close run=2 round=11 headOK_min=54 headOK_max=56 cores_clean=4/56 converged=0
ROUND variant=A14_m1_close run=2 round=12 headOK_min=54 headOK_max=56 cores_clean=5/56 converged=0
ROUND variant=A14_m1_close run=2 round=13 headOK_min=53 headOK_max=56 cores_clean=5/56 converged=0
ROUND variant=A14_m1_close run=2 round=14 headOK_min=55 headOK_max=56 cores_clean=4/56 converged=0
ROUND variant=A14_m1_close run=2 round=15 headOK_min=53 headOK_max=56 cores_clean=5/56 converged=0
COREVIOL variant=A14_m1_close run=2 16,16,16,15,16,15,15,14,16,16,16,16,16,16,15,14,16,16,16,16,16,15,15,15,16,16,16,16,16,15,11,0,16,16,16,15,16,15,15,6,16,16,16,15,16,14,4,0,16,16,16,15,16,14,11,2
CYCLE variant=A14_m1_close run=2 1709702186,1709702605,1709702460,1709703367,1709701583,1709701635,1709703097,1709703309,1709703325,1709703008,1709702370,1709701872,1709701431,1709701098,1709703151,1709702411,1709702754,1709702577,1709703226,1709702867,1709702996,1709702484,1709701087,1709701232,1709702002,1709701765,1709702897,1709703258,1709701386,1709701356,1709701537,1709701512,1709701653,1709703084,1709703189,1709703319,1709702648,1709702903,1709702315,1709702215,1709702586,1709703146,1709703005,1709703260,1709702383,1709703387,1709702702,1709702854,1709701831,1709702234,1709703049,1709703444,1709702482,1709703326,1709702927,1709703284
SUMMARY variant=A14_m1_close run=3 vi=14 bk=7 ck=1 dk=2 fk=1 st=16 wl=64 sep=0 rounds=16 naiv=56 blocks=28 cores_clean=3/56 core_round_clean=95/896 rounds_clean=0/16 headOK_min=15 viol=801 final_head_ok=56 stale=0 zero=0 other=0 scribble=0 rel_spread_max=17147 missing_rows=0 snap=0 rc=1
ROUND variant=A14_m1_close run=3 round=0 headOK_min=15 headOK_max=56 cores_clean=24/56 converged=0
ROUND variant=A14_m1_close run=3 round=1 headOK_min=51 headOK_max=56 cores_clean=6/56 converged=0
ROUND variant=A14_m1_close run=3 round=2 headOK_min=52 headOK_max=56 cores_clean=5/56 converged=0
ROUND variant=A14_m1_close run=3 round=3 headOK_min=52 headOK_max=56 cores_clean=5/56 converged=0
ROUND variant=A14_m1_close run=3 round=4 headOK_min=52 headOK_max=56 cores_clean=6/56 converged=0
ROUND variant=A14_m1_close run=3 round=5 headOK_min=52 headOK_max=56 cores_clean=5/56 converged=0
ROUND variant=A14_m1_close run=3 round=6 headOK_min=53 headOK_max=56 cores_clean=4/56 converged=0
ROUND variant=A14_m1_close run=3 round=7 headOK_min=53 headOK_max=56 cores_clean=5/56 converged=0
ROUND variant=A14_m1_close run=3 round=8 headOK_min=53 headOK_max=56 cores_clean=4/56 converged=0
ROUND variant=A14_m1_close run=3 round=9 headOK_min=53 headOK_max=56 cores_clean=4/56 converged=0
ROUND variant=A14_m1_close run=3 round=10 headOK_min=53 headOK_max=56 cores_clean=4/56 converged=0
ROUND variant=A14_m1_close run=3 round=11 headOK_min=53 headOK_max=56 cores_clean=4/56 converged=0
ROUND variant=A14_m1_close run=3 round=12 headOK_min=53 headOK_max=56 cores_clean=4/56 converged=0
ROUND variant=A14_m1_close run=3 round=13 headOK_min=54 headOK_max=56 cores_clean=6/56 converged=0
ROUND variant=A14_m1_close run=3 round=14 headOK_min=53 headOK_max=56 cores_clean=4/56 converged=0
ROUND variant=A14_m1_close run=3 round=15 headOK_min=54 headOK_max=56 cores_clean=5/56 converged=0
COREVIOL variant=A14_m1_close run=3 16,16,16,16,15,15,15,15,16,16,16,16,16,15,15,15,16,16,16,16,16,15,16,15,16,16,16,16,16,15,8,0,16,16,16,15,16,15,15,0,16,16,16,15,16,15,14,7,16,16,16,15,16,15,5,0
CYCLE variant=A14_m1_close run=3 1364023548,1364023205,1364024669,1364024559,1364024614,1364023793,1364023077,1364023054,1364024221,1364024174,1364024194,1364023958,1364023845,1364024295,1364024586,1364023593,1364023889,1364024151,1364024340,1364024530,1364023330,1364024467,1364022259,1364022263,1364023422,1364023152,1364022880,1364022316,1364022599,1364022569,1364023948,1364023171,1364024091,1364023785,1364024308,1364024585,1364023697,1364023626,1364023538,1364023043,1364024181,1364024206,1364024019,1364024468,1364022683,1364023468,1364023350,1364024258,1364023397,1364023902,1364023661,1364024323,1364023828,1364023224,1364024163,1364024234
SUMMARY variant=A14_m1_close run=4 vi=14 bk=7 ck=1 dk=2 fk=1 st=16 wl=64 sep=0 rounds=16 naiv=56 blocks=28 cores_clean=3/56 core_round_clean=95/896 rounds_clean=0/16 headOK_min=11 viol=801 final_head_ok=56 stale=0 zero=0 other=0 scribble=0 rel_spread_max=19778 missing_rows=0 snap=0 rc=1
ROUND variant=A14_m1_close run=4 round=0 headOK_min=11 headOK_max=56 cores_clean=18/56 converged=0
ROUND variant=A14_m1_close run=4 round=1 headOK_min=49 headOK_max=56 cores_clean=8/56 converged=0
ROUND variant=A14_m1_close run=4 round=2 headOK_min=52 headOK_max=56 cores_clean=5/56 converged=0
ROUND variant=A14_m1_close run=4 round=3 headOK_min=52 headOK_max=56 cores_clean=5/56 converged=0
ROUND variant=A14_m1_close run=4 round=4 headOK_min=52 headOK_max=56 cores_clean=5/56 converged=0
ROUND variant=A14_m1_close run=4 round=5 headOK_min=53 headOK_max=56 cores_clean=5/56 converged=0
ROUND variant=A14_m1_close run=4 round=6 headOK_min=53 headOK_max=56 cores_clean=5/56 converged=0
ROUND variant=A14_m1_close run=4 round=7 headOK_min=53 headOK_max=56 cores_clean=4/56 converged=0
ROUND variant=A14_m1_close run=4 round=8 headOK_min=53 headOK_max=56 cores_clean=6/56 converged=0
ROUND variant=A14_m1_close run=4 round=9 headOK_min=53 headOK_max=56 cores_clean=5/56 converged=0
ROUND variant=A14_m1_close run=4 round=10 headOK_min=53 headOK_max=56 cores_clean=7/56 converged=0
ROUND variant=A14_m1_close run=4 round=11 headOK_min=53 headOK_max=56 cores_clean=6/56 converged=0
ROUND variant=A14_m1_close run=4 round=12 headOK_min=53 headOK_max=56 cores_clean=4/56 converged=0
ROUND variant=A14_m1_close run=4 round=13 headOK_min=53 headOK_max=56 cores_clean=4/56 converged=0
ROUND variant=A14_m1_close run=4 round=14 headOK_min=54 headOK_max=56 cores_clean=4/56 converged=0
ROUND variant=A14_m1_close run=4 round=15 headOK_min=53 headOK_max=56 cores_clean=4/56 converged=0
COREVIOL variant=A14_m1_close run=4 16,16,16,16,16,16,15,15,16,16,16,16,16,15,16,15,16,16,16,16,16,15,16,16,16,16,16,16,16,15,8,0,16,16,16,16,15,14,10,0,16,16,16,16,16,15,6,0,16,16,16,16,16,15,15,5
CYCLE variant=A14_m1_close run=4 519007541,519008858,519008203,519008227,519008371,519008324,519008418,519008996,519007684,519009206,519008270,519009037,519008559,519008830,519007934,519008106,519008969,519009313,519008923,519009231,519009294,519009121,519007312,519007309,519008878,519009091,519009342,519008441,519008749,519008781,519010581,519010676,519009920,519008870,519010042,519009900,519010613,519010542,519010704,519010011,519010411,519010483,519009728,519009563,519009585,519009610,519010559,519010631,519009167,519009046,519009185,519009138,519010176,519010650,519009801,519009216
SUMMARY variant=A14_m1_close run=5 vi=14 bk=7 ck=1 dk=2 fk=1 st=16 wl=64 sep=0 rounds=16 naiv=56 blocks=28 cores_clean=3/56 core_round_clean=100/896 rounds_clean=0/16 headOK_min=10 viol=796 final_head_ok=56 stale=0 zero=0 other=0 scribble=0 rel_spread_max=19718 missing_rows=0 snap=0 rc=1
ROUND variant=A14_m1_close run=5 round=0 headOK_min=10 headOK_max=56 cores_clean=21/56 converged=0
ROUND variant=A14_m1_close run=5 round=1 headOK_min=51 headOK_max=56 cores_clean=6/56 converged=0
ROUND variant=A14_m1_close run=5 round=2 headOK_min=52 headOK_max=56 cores_clean=6/56 converged=0
ROUND variant=A14_m1_close run=5 round=3 headOK_min=52 headOK_max=56 cores_clean=6/56 converged=0
ROUND variant=A14_m1_close run=5 round=4 headOK_min=52 headOK_max=56 cores_clean=5/56 converged=0
ROUND variant=A14_m1_close run=5 round=5 headOK_min=52 headOK_max=56 cores_clean=5/56 converged=0
ROUND variant=A14_m1_close run=5 round=6 headOK_min=52 headOK_max=56 cores_clean=7/56 converged=0
ROUND variant=A14_m1_close run=5 round=7 headOK_min=52 headOK_max=56 cores_clean=5/56 converged=0
ROUND variant=A14_m1_close run=5 round=8 headOK_min=53 headOK_max=56 cores_clean=5/56 converged=0
ROUND variant=A14_m1_close run=5 round=9 headOK_min=54 headOK_max=56 cores_clean=5/56 converged=0
ROUND variant=A14_m1_close run=5 round=10 headOK_min=53 headOK_max=56 cores_clean=4/56 converged=0
ROUND variant=A14_m1_close run=5 round=11 headOK_min=54 headOK_max=56 cores_clean=5/56 converged=0
ROUND variant=A14_m1_close run=5 round=12 headOK_min=55 headOK_max=56 cores_clean=5/56 converged=0
ROUND variant=A14_m1_close run=5 round=13 headOK_min=53 headOK_max=56 cores_clean=5/56 converged=0
ROUND variant=A14_m1_close run=5 round=14 headOK_min=53 headOK_max=56 cores_clean=5/56 converged=0
ROUND variant=A14_m1_close run=5 round=15 headOK_min=52 headOK_max=56 cores_clean=5/56 converged=0
COREVIOL variant=A14_m1_close run=5 16,16,16,16,16,15,15,15,16,16,16,16,16,15,16,15,16,16,16,16,16,15,16,15,16,16,16,16,16,15,12,0,16,16,16,16,15,15,13,1,16,16,16,16,16,15,12,0,16,16,16,15,16,15,3,0
CYCLE variant=A14_m1_close run=5 -1177042964,-1177043360,-1177042365,-1177042823,-1177042295,-1177042653,-1177042850,-1177043086,-1177043918,-1177042139,-1177043691,-1177043187,-1177043911,-1177042192,-1177043556,-1177042437,-1177043714,-1177042275,-1177042703,-1177042110,-1177042313,-1177042240,-1177043944,-1177043918,-1177042753,-1177042942,-1177043460,-1177043926,-1177042542,-1177042409,-1177041960,-1177042160,-1177040619,-1177041046,-1177041302,-1177041231,-1177040922,-1177040803,-1177041593,-1177041835,-1177042116,-1177041405,-1177040741,-1177041735,-1177042282,-1177041497,-1177040692,-1177040587,-1177042062,-1177041857,-1177041171,-1177041217,-1177041664,-1177041569,-1177041259,-1177040785
SUMMARY variant=A14_m1_close run=6 vi=14 bk=7 ck=1 dk=2 fk=1 st=16 wl=64 sep=0 rounds=16 naiv=56 blocks=28 cores_clean=4/56 core_round_clean=100/896 rounds_clean=0/16 headOK_min=8 viol=796 final_head_ok=56 stale=0 zero=0 other=0 scribble=0 rel_spread_max=18423 missing_rows=0 snap=0 rc=1
ROUND variant=A14_m1_close run=6 round=0 headOK_min=8 headOK_max=56 cores_clean=22/56 converged=0
ROUND variant=A14_m1_close run=6 round=1 headOK_min=51 headOK_max=56 cores_clean=8/56 converged=0
ROUND variant=A14_m1_close run=6 round=2 headOK_min=52 headOK_max=56 cores_clean=5/56 converged=0
ROUND variant=A14_m1_close run=6 round=3 headOK_min=52 headOK_max=56 cores_clean=5/56 converged=0
ROUND variant=A14_m1_close run=6 round=4 headOK_min=52 headOK_max=56 cores_clean=5/56 converged=0
ROUND variant=A14_m1_close run=6 round=5 headOK_min=53 headOK_max=56 cores_clean=5/56 converged=0
ROUND variant=A14_m1_close run=6 round=6 headOK_min=53 headOK_max=56 cores_clean=5/56 converged=0
ROUND variant=A14_m1_close run=6 round=7 headOK_min=52 headOK_max=56 cores_clean=5/56 converged=0
ROUND variant=A14_m1_close run=6 round=8 headOK_min=52 headOK_max=56 cores_clean=5/56 converged=0
ROUND variant=A14_m1_close run=6 round=9 headOK_min=53 headOK_max=56 cores_clean=5/56 converged=0
ROUND variant=A14_m1_close run=6 round=10 headOK_min=53 headOK_max=56 cores_clean=5/56 converged=0
ROUND variant=A14_m1_close run=6 round=11 headOK_min=52 headOK_max=56 cores_clean=5/56 converged=0
ROUND variant=A14_m1_close run=6 round=12 headOK_min=55 headOK_max=56 cores_clean=5/56 converged=0
ROUND variant=A14_m1_close run=6 round=13 headOK_min=52 headOK_max=56 cores_clean=5/56 converged=0
ROUND variant=A14_m1_close run=6 round=14 headOK_min=53 headOK_max=56 cores_clean=5/56 converged=0
ROUND variant=A14_m1_close run=6 round=15 headOK_min=53 headOK_max=56 cores_clean=5/56 converged=0
COREVIOL variant=A14_m1_close run=6 16,16,16,16,16,15,15,15,16,16,16,16,16,15,15,15,16,16,16,16,16,15,15,15,16,16,16,16,16,15,12,0,16,16,16,16,16,15,15,0,16,16,16,15,16,15,2,0,16,16,16,16,16,14,14,0
CYCLE variant=A14_m1_close run=6 -1670357671,-1670357023,-1670356182,-1670356774,-1670357748,-1670356954,-1670355982,-1670356254,-1670357253,-1670356863,-1670357369,-1670357071,-1670356071,-1670356331,-1670356584,-1670357262,-1670356240,-1670357781,-1670356008,-1670356087,-1670356371,-1670356418,-1670357761,-1670357772,-1670356165,-1670356808,-1670357766,-1670356133,-1670356469,-1670356314,-1670355264,-1670355145,-1670354661,-1670354495,-1670355439,-1670355993,-1670355351,-1670355493,-1670356221,-1670356245,-1670356133,-1670355939,-1670355113,-1670354899,-1670355889,-1670355864,-1670355276,-1670355087,-1670354647,-1670354550,-1670355765,-1670355476,-1670355600,-1670355747,-1670355042,-1670354806
SUMMARY variant=A14_m1_close run=7 vi=14 bk=7 ck=1 dk=2 fk=1 st=16 wl=64 sep=0 rounds=16 naiv=56 blocks=28 cores_clean=3/56 core_round_clean=108/896 rounds_clean=0/16 headOK_min=10 viol=788 final_head_ok=56 stale=0 zero=0 other=0 scribble=0 rel_spread_max=16028 missing_rows=0 snap=0 rc=1
ROUND variant=A14_m1_close run=7 round=0 headOK_min=10 headOK_max=56 cores_clean=28/56 converged=0
ROUND variant=A14_m1_close run=7 round=1 headOK_min=51 headOK_max=56 cores_clean=11/56 converged=0
ROUND variant=A14_m1_close run=7 round=2 headOK_min=50 headOK_max=56 cores_clean=7/56 converged=0
ROUND variant=A14_m1_close run=7 round=3 headOK_min=52 headOK_max=56 cores_clean=5/56 converged=0
ROUND variant=A14_m1_close run=7 round=4 headOK_min=54 headOK_max=56 cores_clean=5/56 converged=0
ROUND variant=A14_m1_close run=7 round=5 headOK_min=54 headOK_max=56 cores_clean=5/56 converged=0
ROUND variant=A14_m1_close run=7 round=6 headOK_min=53 headOK_max=56 cores_clean=5/56 converged=0
ROUND variant=A14_m1_close run=7 round=7 headOK_min=53 headOK_max=56 cores_clean=5/56 converged=0
ROUND variant=A14_m1_close run=7 round=8 headOK_min=53 headOK_max=56 cores_clean=5/56 converged=0
ROUND variant=A14_m1_close run=7 round=9 headOK_min=53 headOK_max=56 cores_clean=6/56 converged=0
ROUND variant=A14_m1_close run=7 round=10 headOK_min=54 headOK_max=56 cores_clean=4/56 converged=0
ROUND variant=A14_m1_close run=7 round=11 headOK_min=53 headOK_max=56 cores_clean=4/56 converged=0
ROUND variant=A14_m1_close run=7 round=12 headOK_min=53 headOK_max=56 cores_clean=4/56 converged=0
ROUND variant=A14_m1_close run=7 round=13 headOK_min=53 headOK_max=56 cores_clean=4/56 converged=0
ROUND variant=A14_m1_close run=7 round=14 headOK_min=53 headOK_max=56 cores_clean=4/56 converged=0
ROUND variant=A14_m1_close run=7 round=15 headOK_min=53 headOK_max=56 cores_clean=6/56 converged=0
COREVIOL variant=A14_m1_close run=7 16,16,16,15,16,15,15,15,16,16,16,16,16,15,16,15,16,16,16,16,16,15,15,15,16,16,16,16,15,13,6,0,16,16,16,15,15,14,14,5,16,16,16,15,15,14,6,0,16,16,16,15,15,14,14,0
CYCLE variant=A14_m1_close run=7 -1072472634,-1072471664,-1072471595,-1072471334,-1072472796,-1072472896,-1072471517,-1072471466,-1072471349,-1072471963,-1072471639,-1072473079,-1072471564,-1072471614,-1072473438,-1072473434,-1072471536,-1072471714,-1072471253,-1072472612,-1072472935,-1072472558,-1072472060,-1072471284,-1072472199,-1072473028,-1072472132,-1072471927,-1072471086,-1072470830,-1072471587,-1072471459,-1072471976,-1072471673,-1072471246,-1072471270,-1072471009,-1072470639,-1072472048,-1072472121,-1072470846,-1072470684,-1072470725,-1072470808,-1072471052,-1072472669,-1072471702,-1072471879,-1072472192,-1072472645,-1072472495,-1072471358,-1072470970,-1072470868,-1072472072,-1072472398
SUMMARY variant=A14_m1_close run=8 vi=14 bk=7 ck=1 dk=2 fk=1 st=16 wl=64 sep=0 rounds=16 naiv=56 blocks=28 cores_clean=2/56 core_round_clean=81/896 rounds_clean=0/16 headOK_min=11 viol=815 final_head_ok=56 stale=0 zero=0 other=0 scribble=0 rel_spread_max=20141 missing_rows=0 snap=0 rc=1
ROUND variant=A14_m1_close run=8 round=0 headOK_min=11 headOK_max=56 cores_clean=17/56 converged=0
ROUND variant=A14_m1_close run=8 round=1 headOK_min=55 headOK_max=56 cores_clean=3/56 converged=0
ROUND variant=A14_m1_close run=8 round=2 headOK_min=55 headOK_max=56 cores_clean=3/56 converged=0
ROUND variant=A14_m1_close run=8 round=3 headOK_min=55 headOK_max=56 cores_clean=5/56 converged=0
ROUND variant=A14_m1_close run=8 round=4 headOK_min=55 headOK_max=56 cores_clean=3/56 converged=0
ROUND variant=A14_m1_close run=8 round=5 headOK_min=55 headOK_max=56 cores_clean=2/56 converged=0
ROUND variant=A14_m1_close run=8 round=6 headOK_min=53 headOK_max=56 cores_clean=5/56 converged=0
ROUND variant=A14_m1_close run=8 round=7 headOK_min=54 headOK_max=56 cores_clean=4/56 converged=0
ROUND variant=A14_m1_close run=8 round=8 headOK_min=55 headOK_max=56 cores_clean=4/56 converged=0
ROUND variant=A14_m1_close run=8 round=9 headOK_min=54 headOK_max=56 cores_clean=5/56 converged=0
ROUND variant=A14_m1_close run=8 round=10 headOK_min=55 headOK_max=56 cores_clean=5/56 converged=0
ROUND variant=A14_m1_close run=8 round=11 headOK_min=54 headOK_max=56 cores_clean=5/56 converged=0
ROUND variant=A14_m1_close run=8 round=12 headOK_min=53 headOK_max=56 cores_clean=5/56 converged=0
ROUND variant=A14_m1_close run=8 round=13 headOK_min=53 headOK_max=56 cores_clean=5/56 converged=0
ROUND variant=A14_m1_close run=8 round=14 headOK_min=52 headOK_max=56 cores_clean=5/56 converged=0
ROUND variant=A14_m1_close run=8 round=15 headOK_min=54 headOK_max=56 cores_clean=5/56 converged=0
COREVIOL variant=A14_m1_close run=8 16,16,16,16,16,16,15,15,16,16,16,16,16,15,16,15,16,16,16,16,16,15,16,16,16,16,16,16,16,15,15,6,16,16,16,16,16,15,0,0,16,16,16,16,16,15,15,2,16,16,16,16,16,15,15,3
CYCLE variant=A14_m1_close run=8 -1195032567,-1195033086,-1195033451,-1195032959,-1195033941,-1195033696,-1195032315,-1195032093,-1195031913,-1195031993,-1195032149,-1195032601,-1195033247,-1195032469,-1195032831,-1195032391,-1195033588,-1195031881,-1195032069,-1195032989,-1195031844,-1195032334,-1195033942,-1195033942,-1195031936,-1195032441,-1195031963,-1195032806,-1195031882,-1195031204,-1195030466,-1195030257,-1195030999,-1195031355,-1195030141,-1195030224,-1195031848,-1195031447,-1195032203,-1195032198,-1195030178,-1195030698,-1195031230,-1195030898,-1195031605,-1195031407,-1195030922,-1195030946,-1195030643,-1195030363,-1195031708,-1195031335,-1195030976,-1195030849,-1195031777,-1195031503
SUMMARY variant=A14_m1_close run=9 vi=14 bk=7 ck=1 dk=2 fk=1 st=16 wl=64 sep=0 rounds=16 naiv=56 blocks=28 cores_clean=0/56 core_round_clean=155/896 rounds_clean=1/16 headOK_min=23 viol=741 final_head_ok=56 stale=0 zero=0 other=0 scribble=0 rel_spread_max=37032 missing_rows=0 snap=0 rc=1
ROUND variant=A14_m1_close run=9 round=0 headOK_min=23 headOK_max=56 cores_clean=3/56 converged=0
ROUND variant=A14_m1_close run=9 round=1 headOK_min=56 headOK_max=56 cores_clean=56/56 converged=0
ROUND variant=A14_m1_close run=9 round=2 headOK_min=36 headOK_max=56 cores_clean=26/56 converged=0
ROUND variant=A14_m1_close run=9 round=3 headOK_min=49 headOK_max=56 cores_clean=9/56 converged=0
ROUND variant=A14_m1_close run=9 round=4 headOK_min=52 headOK_max=56 cores_clean=5/56 converged=0
ROUND variant=A14_m1_close run=9 round=5 headOK_min=52 headOK_max=56 cores_clean=5/56 converged=0
ROUND variant=A14_m1_close run=9 round=6 headOK_min=52 headOK_max=56 cores_clean=5/56 converged=0
ROUND variant=A14_m1_close run=9 round=7 headOK_min=52 headOK_max=56 cores_clean=5/56 converged=0
ROUND variant=A14_m1_close run=9 round=8 headOK_min=52 headOK_max=56 cores_clean=6/56 converged=0
ROUND variant=A14_m1_close run=9 round=9 headOK_min=52 headOK_max=56 cores_clean=5/56 converged=0
ROUND variant=A14_m1_close run=9 round=10 headOK_min=52 headOK_max=56 cores_clean=5/56 converged=0
ROUND variant=A14_m1_close run=9 round=11 headOK_min=52 headOK_max=56 cores_clean=5/56 converged=0
ROUND variant=A14_m1_close run=9 round=12 headOK_min=52 headOK_max=56 cores_clean=5/56 converged=0
ROUND variant=A14_m1_close run=9 round=13 headOK_min=52 headOK_max=56 cores_clean=5/56 converged=0
ROUND variant=A14_m1_close run=9 round=14 headOK_min=52 headOK_max=56 cores_clean=5/56 converged=0
ROUND variant=A14_m1_close run=9 round=15 headOK_min=52 headOK_max=56 cores_clean=5/56 converged=0
COREVIOL variant=A14_m1_close run=9 15,15,15,15,15,14,14,14,15,15,15,15,15,14,14,13,15,15,15,14,14,14,14,13,15,15,15,15,13,12,14,1,15,14,15,14,15,14,6,1,15,15,15,15,14,13,14,1,15,15,15,15,15,14,8,1
CYCLE variant=A14_m1_close run=9 808637656,808638065,808638319,808638635,808637176,808636827,808638347,808637711,808637403,808637529,808637481,808637640,808638547,808638578,808637246,808638291,808637607,808637785,808637099,808637075,808636946,808637545,808638394,808638446,808638270,808637128,808637302,808637003,808637225,808637106,808638245,808638450,808637479,808637163,808637909,808637605,808637398,808637577,808638606,808637637,808638581,808638996,808638342,808638756,808638809,808638191,808638830,808638909,808638137,808639075,808638893,808639030,808637690,808637716,808638396,808637864
