SUMMARY variant=A11_pipebar_close run=1 vi=11 bk=1 ck=1 dk=1 fk=1 st=16 wl=64 sep=0 rounds=16 naiv=56 blocks=28 cores_clean=56/56 core_round_clean=896/896 rounds_clean=16/16 headOK_min=56 viol=0 final_head_ok=56 stale=0 zero=0 other=0 scribble=0 rel_spread_max=17036 missing_rows=0 snap=0 rc=0
ROUND variant=A11_pipebar_close run=1 round=0 headOK_min=56 headOK_max=56 cores_clean=56/56 converged=0
ROUND variant=A11_pipebar_close run=1 round=1 headOK_min=56 headOK_max=56 cores_clean=56/56 converged=0
ROUND variant=A11_pipebar_close run=1 round=2 headOK_min=56 headOK_max=56 cores_clean=56/56 converged=0
ROUND variant=A11_pipebar_close run=1 round=3 headOK_min=56 headOK_max=56 cores_clean=56/56 converged=0
ROUND variant=A11_pipebar_close run=1 round=4 headOK_min=56 headOK_max=56 cores_clean=56/56 converged=0
ROUND variant=A11_pipebar_close run=1 round=5 headOK_min=56 headOK_max=56 cores_clean=56/56 converged=0
ROUND variant=A11_pipebar_close run=1 round=6 headOK_min=56 headOK_max=56 cores_clean=56/56 converged=0
ROUND variant=A11_pipebar_close run=1 round=7 headOK_min=56 headOK_max=56 cores_clean=56/56 converged=0
ROUND variant=A11_pipebar_close run=1 round=8 headOK_min=56 headOK_max=56 cores_clean=56/56 converged=0
ROUND variant=A11_pipebar_close run=1 round=9 headOK_min=56 headOK_max=56 cores_clean=56/56 converged=0
ROUND variant=A11_pipebar_close run=1 round=10 headOK_min=56 headOK_max=56 cores_clean=56/56 converged=0
ROUND variant=A11_pipebar_close run=1 round=11 headOK_min=56 headOK_max=56 cores_clean=56/56 converged=0
ROUND variant=A11_pipebar_close run=1 round=12 headOK_min=56 headOK_max=56 cores_clean=56/56 converged=0
ROUND variant=A11_pipebar_close run=1 round=13 headOK_min=56 headOK_max=56 cores_clean=56/56 converged=0
ROUND variant=A11_pipebar_close run=1 round=14 headOK_min=56 headOK_max=56 cores_clean=56/56 converged=0
ROUND variant=A11_pipebar_close run=1 round=15 headOK_min=56 headOK_max=56 cores_clean=56/56 converged=0
COREVIOL variant=A11_pipebar_close run=1 0,0,0,0,0,0,0,0,0,0,0,0,0,0,0,0,0,0,0,0,0,0,0,0,0,0,0,0,0,0,0,0,0,0,0,0,0,0,0,0,0,0,0,0,0,0,0,0,0,0,0,0,0,0,0,0
CYCLE variant=A11_pipebar_close run=1 -1924832153,-1924832318,-1924831663,-1924832089,-1924833207,-1924833135,-1924832207,-1924831708,-1924831548,-1924831720,-1924832890,-1924832436,-1924832940,-1924832794,-1924831511,-1924831619,-1924832745,-1924833160,-1924831481,-1924832185,-1924832977,-1924831535,-1924833452,-1924833127,-1924832273,-1924832650,-1924831691,-1924831808,-1924832526,-1924832050,-1924831992,-1924832192,-1924831804,-1924831495,-1924831547,-1924831356,-1924831303,-1924830701,-1924831033,-1924832230,-1924832113,-1924831892,-1924831731,-1924831636,-1924832399,-1924831966,-1924830966,-1924830989,-1924832146,-1924831819,-1924830669,-1924830812,-1924830758,-1924831914,-1924830724,-1924830889
SUMMARY variant=A11_pipebar_close run=2 vi=11 bk=1 ck=1 dk=1 fk=1 st=16 wl=64 sep=0 rounds=16 naiv=56 blocks=28 cores_clean=56/56 core_round_clean=896/896 rounds_clean=16/16 headOK_min=56 viol=0 final_head_ok=56 stale=0 zero=0 other=0 scribble=0 rel_spread_max=15184 missing_rows=0 snap=0 rc=0
ROUND variant=A11_pipebar_close run=2 round=0 headOK_min=56 headOK_max=56 cores_clean=56/56 converged=0
ROUND variant=A11_pipebar_close run=2 round=1 headOK_min=56 headOK_max=56 cores_clean=56/56 converged=0
ROUND variant=A11_pipebar_close run=2 round=2 headOK_min=56 headOK_max=56 cores_clean=56/56 converged=0
ROUND variant=A11_pipebar_close run=2 round=3 headOK_min=56 headOK_max=56 cores_clean=56/56 converged=0
ROUND variant=A11_pipebar_close run=2 round=4 headOK_min=56 headOK_max=56 cores_clean=56/56 converged=0
ROUND variant=A11_pipebar_close run=2 round=5 headOK_min=56 headOK_max=56 cores_clean=56/56 converged=0
ROUND variant=A11_pipebar_close run=2 round=6 headOK_min=56 headOK_max=56 cores_clean=56/56 converged=0
ROUND variant=A11_pipebar_close run=2 round=7 headOK_min=56 headOK_max=56 cores_clean=56/56 converged=0
ROUND variant=A11_pipebar_close run=2 round=8 headOK_min=56 headOK_max=56 cores_clean=56/56 converged=0
ROUND variant=A11_pipebar_close run=2 round=9 headOK_min=56 headOK_max=56 cores_clean=56/56 converged=0
ROUND variant=A11_pipebar_close run=2 round=10 headOK_min=56 headOK_max=56 cores_clean=56/56 converged=0
ROUND variant=A11_pipebar_close run=2 round=11 headOK_min=56 headOK_max=56 cores_clean=56/56 converged=0
ROUND variant=A11_pipebar_close run=2 round=12 headOK_min=56 headOK_max=56 cores_clean=56/56 converged=0
ROUND variant=A11_pipebar_close run=2 round=13 headOK_min=56 headOK_max=56 cores_clean=56/56 converged=0
ROUND variant=A11_pipebar_close run=2 round=14 headOK_min=56 headOK_max=56 cores_clean=56/56 converged=0
ROUND variant=A11_pipebar_close run=2 round=15 headOK_min=56 headOK_max=56 cores_clean=56/56 converged=0
COREVIOL variant=A11_pipebar_close run=2 0,0,0,0,0,0,0,0,0,0,0,0,0,0,0,0,0,0,0,0,0,0,0,0,0,0,0,0,0,0,0,0,0,0,0,0,0,0,0,0,0,0,0,0,0,0,0,0,0,0,0,0,0,0,0,0
CYCLE variant=A11_pipebar_close run=2 2057406936,2057407096,2057408365,2057408101,2057406856,2057407895,2057407506,2057408077,2057407070,2057407710,2057407485,2057407245,2057407583,2057408207,2057407330,2057407621,2057407777,2057407801,2057406345,2057408295,2057407608,2057407989,2057406300,2057406319,2057408043,2057407014,2057407818,2057408154,2057406734,2057407096,2057408124,2057408221,2057407876,2057407122,2057407896,2057407683,2057408591,2057408694,2057408421,2057408349,2057408169,2057407955,2057407459,2057407485,2057408666,2057408617,2057408179,2057408249,2057407641,2057407714,2057408752,2057408568,2057407218,2057407247,2057406804,2057406853
SUMMARY variant=A11_pipebar_close run=3 vi=11 bk=1 ck=1 dk=1 fk=1 st=16 wl=64 sep=0 rounds=16 naiv=56 blocks=28 cores_clean=56/56 core_round_clean=896/896 rounds_clean=16/16 headOK_min=56 viol=0 final_head_ok=56 stale=0 zero=0 other=0 scribble=0 rel_spread_max=17209 missing_rows=0 snap=0 rc=0
ROUND variant=A11_pipebar_close run=3 round=0 headOK_min=56 headOK_max=56 cores_clean=56/56 converged=0
ROUND variant=A11_pipebar_close run=3 round=1 headOK_min=56 headOK_max=56 cores_clean=56/56 converged=0
ROUND variant=A11_pipebar_close run=3 round=2 headOK_min=56 headOK_max=56 cores_clean=56/56 converged=0
ROUND variant=A11_pipebar_close run=3 round=3 headOK_min=56 headOK_max=56 cores_clean=56/56 converged=0
ROUND variant=A11_pipebar_close run=3 round=4 headOK_min=56 headOK_max=56 cores_clean=56/56 converged=0
ROUND variant=A11_pipebar_close run=3 round=5 headOK_min=56 headOK_max=56 cores_clean=56/56 converged=0
ROUND variant=A11_pipebar_close run=3 round=6 headOK_min=56 headOK_max=56 cores_clean=56/56 converged=0
ROUND variant=A11_pipebar_close run=3 round=7 headOK_min=56 headOK_max=56 cores_clean=56/56 converged=0
ROUND variant=A11_pipebar_close run=3 round=8 headOK_min=56 headOK_max=56 cores_clean=56/56 converged=0
ROUND variant=A11_pipebar_close run=3 round=9 headOK_min=56 headOK_max=56 cores_clean=56/56 converged=0
ROUND variant=A11_pipebar_close run=3 round=10 headOK_min=56 headOK_max=56 cores_clean=56/56 converged=0
ROUND variant=A11_pipebar_close run=3 round=11 headOK_min=56 headOK_max=56 cores_clean=56/56 converged=0
ROUND variant=A11_pipebar_close run=3 round=12 headOK_min=56 headOK_max=56 cores_clean=56/56 converged=0
ROUND variant=A11_pipebar_close run=3 round=13 headOK_min=56 headOK_max=56 cores_clean=56/56 converged=0
ROUND variant=A11_pipebar_close run=3 round=14 headOK_min=56 headOK_max=56 cores_clean=56/56 converged=0
ROUND variant=A11_pipebar_close run=3 round=15 headOK_min=56 headOK_max=56 cores_clean=56/56 converged=0
COREVIOL variant=A11_pipebar_close run=3 0,0,0,0,0,0,0,0,0,0,0,0,0,0,0,0,0,0,0,0,0,0,0,0,0,0,0,0,0,0,0,0,0,0,0,0,0,0,0,0,0,0,0,0,0,0,0,0,0,0,0,0,0,0,0,0
CYCLE variant=A11_pipebar_close run=3 2020807673,2020806424,2020807284,2020807387,2020807447,2020807041,2020807693,2020806634,2020806535,2020806455,2020807165,2020806283,2020806986,2020807780,2020807714,2020807743,2020807864,2020807421,2020807563,2020806210,2020807234,2020806683,2020806175,2020806242,2020806229,2020806223,2020807207,2020807461,2020807271,2020807810,2020807693,2020808045,2020809039,2020808289,2020806910,2020806969,2020807137,2020808986,2020808341,2020808367,2020808327,2020807332,2020807932,2020808927,2020808966,2020808578,2020808846,2020808770,2020807616,2020807225,2020807840,2020807917,2020807544,2020807897,2020808393,2020808800
SUMMARY variant=A11_pipebar_close run=4 vi=11 bk=1 ck=1 dk=1 fk=1 st=16 wl=64 sep=0 rounds=16 naiv=56 blocks=28 cores_clean=56/56 core_round_clean=896/896 rounds_clean=16/16 headOK_min=56 viol=0 final_head_ok=56 stale=0 zero=0 other=0 scribble=0 rel_spread_max=16903 missing_rows=0 snap=0 rc=0
ROUND variant=A11_pipebar_close run=4 round=0 headOK_min=56 headOK_max=56 cores_clean=56/56 converged=0
ROUND variant=A11_pipebar_close run=4 round=1 headOK_min=56 headOK_max=56 cores_clean=56/56 converged=0
ROUND variant=A11_pipebar_close run=4 round=2 headOK_min=56 headOK_max=56 cores_clean=56/56 converged=0
ROUND variant=A11_pipebar_close run=4 round=3 headOK_min=56 headOK_max=56 cores_clean=56/56 converged=0
ROUND variant=A11_pipebar_close run=4 round=4 headOK_min=56 headOK_max=56 cores_clean=56/56 converged=0
ROUND variant=A11_pipebar_close run=4 round=5 headOK_min=56 headOK_max=56 cores_clean=56/56 converged=0
ROUND variant=A11_pipebar_close run=4 round=6 headOK_min=56 headOK_max=56 cores_clean=56/56 converged=0
ROUND variant=A11_pipebar_close run=4 round=7 headOK_min=56 headOK_max=56 cores_clean=56/56 converged=0
ROUND variant=A11_pipebar_close run=4 round=8 headOK_min=56 headOK_max=56 cores_clean=56/56 converged=0
ROUND variant=A11_pipebar_close run=4 round=9 headOK_min=56 headOK_max=56 cores_clean=56/56 converged=0
ROUND variant=A11_pipebar_close run=4 round=10 headOK_min=56 headOK_max=56 cores_clean=56/56 converged=0
ROUND variant=A11_pipebar_close run=4 round=11 headOK_min=56 headOK_max=56 cores_clean=56/56 converged=0
ROUND variant=A11_pipebar_close run=4 round=12 headOK_min=56 headOK_max=56 cores_clean=56/56 converged=0
ROUND variant=A11_pipebar_close run=4 round=13 headOK_min=56 headOK_max=56 cores_clean=56/56 converged=0
ROUND variant=A11_pipebar_close run=4 round=14 headOK_min=56 headOK_max=56 cores_clean=56/56 converged=0
ROUND variant=A11_pipebar_close run=4 round=15 headOK_min=56 headOK_max=56 cores_clean=56/56 converged=0
COREVIOL variant=A11_pipebar_close run=4 0,0,0,0,0,0,0,0,0,0,0,0,0,0,0,0,0,0,0,0,0,0,0,0,0,0,0,0,0,0,0,0,0,0,0,0,0,0,0,0,0,0,0,0,0,0,0,0,0,0,0,0,0,0,0,0
CYCLE variant=A11_pipebar_close run=4 377240014,377239272,377239767,377240609,377240368,377239219,377240275,377239970,377240675,377238921,377240294,377239502,377240321,377238798,377239948,377239540,377240521,377239732,377240506,377240773,377240200,377240149,377238673,377238696,377240475,377239091,377240748,377239998,377241600,377241680,377241312,377241108,377240106,377240710,377241580,377241659,377240784,377240887,377240053,377240153,377241726,377241615,377241295,377240913,377240674,377240492,377240608,377240813,377240726,377240372,377239686,377240023,377241026,377241511,377241165,377241242
SUMMARY variant=A11_pipebar_close run=5 vi=11 bk=1 ck=1 dk=1 fk=1 st=16 wl=64 sep=0 rounds=16 naiv=56 blocks=28 cores_clean=56/56 core_round_clean=896/896 rounds_clean=16/16 headOK_min=56 viol=0 final_head_ok=56 stale=0 zero=0 other=0 scribble=0 rel_spread_max=18512 missing_rows=0 snap=0 rc=0
ROUND variant=A11_pipebar_close run=5 round=0 headOK_min=56 headOK_max=56 cores_clean=56/56 converged=0
ROUND variant=A11_pipebar_close run=5 round=1 headOK_min=56 headOK_max=56 cores_clean=56/56 converged=0
ROUND variant=A11_pipebar_close run=5 round=2 headOK_min=56 headOK_max=56 cores_clean=56/56 converged=0
ROUND variant=A11_pipebar_close run=5 round=3 headOK_min=56 headOK_max=56 cores_clean=56/56 converged=0
ROUND variant=A11_pipebar_close run=5 round=4 headOK_min=56 headOK_max=56 cores_clean=56/56 converged=0
ROUND variant=A11_pipebar_close run=5 round=5 headOK_min=56 headOK_max=56 cores_clean=56/56 converged=0
ROUND variant=A11_pipebar_close run=5 round=6 headOK_min=56 headOK_max=56 cores_clean=56/56 converged=0
ROUND variant=A11_pipebar_close run=5 round=7 headOK_min=56 headOK_max=56 cores_clean=56/56 converged=0
ROUND variant=A11_pipebar_close run=5 round=8 headOK_min=56 headOK_max=56 cores_clean=56/56 converged=0
ROUND variant=A11_pipebar_close run=5 round=9 headOK_min=56 headOK_max=56 cores_clean=56/56 converged=0
ROUND variant=A11_pipebar_close run=5 round=10 headOK_min=56 headOK_max=56 cores_clean=56/56 converged=0
ROUND variant=A11_pipebar_close run=5 round=11 headOK_min=56 headOK_max=56 cores_clean=56/56 converged=0
ROUND variant=A11_pipebar_close run=5 round=12 headOK_min=56 headOK_max=56 cores_clean=56/56 converged=0
ROUND variant=A11_pipebar_close run=5 round=13 headOK_min=56 headOK_max=56 cores_clean=56/56 converged=0
ROUND variant=A11_pipebar_close run=5 round=14 headOK_min=56 headOK_max=56 cores_clean=56/56 converged=0
ROUND variant=A11_pipebar_close run=5 round=15 headOK_min=56 headOK_max=56 cores_clean=56/56 converged=0
COREVIOL variant=A11_pipebar_close run=5 0,0,0,0,0,0,0,0,0,0,0,0,0,0,0,0,0,0,0,0,0,0,0,0,0,0,0,0,0,0,0,0,0,0,0,0,0,0,0,0,0,0,0,0,0,0,0,0,0,0,0,0,0,0,0,0
CYCLE variant=A11_pipebar_close run=5 -1152384904,-1152384849,-1152385228,-1152385559,-1152386892,-1152386653,-1152385202,-1152385439,-1152384929,-1152385356,-1152386202,-1152385055,-1152384961,-1152386438,-1152387090,-1152387052,-1152385077,-1152385242,-1152385300,-1152385724,-1152385102,-1152385008,-1152386751,-1152385605,-1152384870,-1152385474,-1152385389,-1152385033,-1152385448,-1152385423,-1152385667,-1152385620,-1152384079,-1152384054,-1152385080,-1152384792,-1152385049,-1152383980,-1152384152,-1152384008,-1152384259,-1152383841,-1152383881,-1152384413,-1152383898,-1152384569,-1152384628,-1152384109,-1152384548,-1152384715,-1152385495,-1152385217,-1152384494,-1152385715,-1152384957,-1152384933
SUMMARY variant=A11_pipebar_close run=6 vi=11 bk=1 ck=1 dk=1 fk=1 st=16 wl=64 sep=0 rounds=16 naiv=56 blocks=28 cores_clean=56/56 core_round_clean=896/896 rounds_clean=16/16 headOK_min=56 viol=0 final_head_ok=56 stale=0 zero=0 other=0 scribble=0 rel_spread_max=17314 missing_rows=0 snap=0 rc=0
ROUND variant=A11_pipebar_close run=6 round=0 headOK_min=56 headOK_max=56 cores_clean=56/56 converged=0
ROUND variant=A11_pipebar_close run=6 round=1 headOK_min=56 headOK_max=56 cores_clean=56/56 converged=0
ROUND variant=A11_pipebar_close run=6 round=2 headOK_min=56 headOK_max=56 cores_clean=56/56 converged=0
ROUND variant=A11_pipebar_close run=6 round=3 headOK_min=56 headOK_max=56 cores_clean=56/56 converged=0
ROUND variant=A11_pipebar_close run=6 round=4 headOK_min=56 headOK_max=56 cores_clean=56/56 converged=0
ROUND variant=A11_pipebar_close run=6 round=5 headOK_min=56 headOK_max=56 cores_clean=56/56 converged=0
ROUND variant=A11_pipebar_close run=6 round=6 headOK_min=56 headOK_max=56 cores_clean=56/56 converged=0
ROUND variant=A11_pipebar_close run=6 round=7 headOK_min=56 headOK_max=56 cores_clean=56/56 converged=0
ROUND variant=A11_pipebar_close run=6 round=8 headOK_min=56 headOK_max=56 cores_clean=56/56 converged=0
ROUND variant=A11_pipebar_close run=6 round=9 headOK_min=56 headOK_max=56 cores_clean=56/56 converged=0
ROUND variant=A11_pipebar_close run=6 round=10 headOK_min=56 headOK_max=56 cores_clean=56/56 converged=0
ROUND variant=A11_pipebar_close run=6 round=11 headOK_min=56 headOK_max=56 cores_clean=56/56 converged=0
ROUND variant=A11_pipebar_close run=6 round=12 headOK_min=56 headOK_max=56 cores_clean=56/56 converged=0
ROUND variant=A11_pipebar_close run=6 round=13 headOK_min=56 headOK_max=56 cores_clean=56/56 converged=0
ROUND variant=A11_pipebar_close run=6 round=14 headOK_min=56 headOK_max=56 cores_clean=56/56 converged=0
ROUND variant=A11_pipebar_close run=6 round=15 headOK_min=56 headOK_max=56 cores_clean=56/56 converged=0
COREVIOL variant=A11_pipebar_close run=6 0,0,0,0,0,0,0,0,0,0,0,0,0,0,0,0,0,0,0,0,0,0,0,0,0,0,0,0,0,0,0,0,0,0,0,0,0,0,0,0,0,0,0,0,0,0,0,0,0,0,0,0,0,0,0,0
CYCLE variant=A11_pipebar_close run=6 1612866965,1612867289,1612866057,1612866392,1612865893,1612865747,1612866912,1612865836,1612865701,1612865584,1612866304,1612865449,1612866610,1612866516,1612867048,1612865781,1612866990,1612867084,1612867144,1612867098,1612866651,1612866581,1612865487,1612865611,1612866039,1612866493,1612866766,1612867168,1612866087,1612866356,1612866339,1612866316,1612867918,1612867823,1612867203,1612867109,1612867061,1612867589,1612866627,1612866771,1612867096,1612867979,1612867847,1612867564,1612867787,1612867669,1612868066,1612868096,1612866874,1612867383,1612867691,1612868024,1612866736,1612866858,1612867543,1612866700
SUMMARY variant=A11_pipebar_close run=7 vi=11 bk=1 ck=1 dk=1 fk=1 st=16 wl=64 sep=0 rounds=16 naiv=56 blocks=28 cores_clean=56/56 core_round_clean=896/896 rounds_clean=16/16 headOK_min=56 viol=0 final_head_ok=56 stale=0 zero=0 other=0 scribble=0 rel_spread_max=30730 missing_rows=0 snap=0 rc=0
ROUND variant=A11_pipebar_close run=7 round=0 headOK_min=56 headOK_max=56 cores_clean=56/56 converged=0
ROUND variant=A11_pipebar_close run=7 round=1 headOK_min=56 headOK_max=56 cores_clean=56/56 converged=0
ROUND variant=A11_pipebar_close run=7 round=2 headOK_min=56 headOK_max=56 cores_clean=56/56 converged=0
ROUND variant=A11_pipebar_close run=7 round=3 headOK_min=56 headOK_max=56 cores_clean=56/56 converged=0
ROUND variant=A11_pipebar_close run=7 round=4 headOK_min=56 headOK_max=56 cores_clean=56/56 converged=0
ROUND variant=A11_pipebar_close run=7 round=5 headOK_min=56 headOK_max=56 cores_clean=56/56 converged=0
ROUND variant=A11_pipebar_close run=7 round=6 headOK_min=56 headOK_max=56 cores_clean=56/56 converged=0
ROUND variant=A11_pipebar_close run=7 round=7 headOK_min=56 headOK_max=56 cores_clean=56/56 converged=0
ROUND variant=A11_pipebar_close run=7 round=8 headOK_min=56 headOK_max=56 cores_clean=56/56 converged=0
ROUND variant=A11_pipebar_close run=7 round=9 headOK_min=56 headOK_max=56 cores_clean=56/56 converged=0
ROUND variant=A11_pipebar_close run=7 round=10 headOK_min=56 headOK_max=56 cores_clean=56/56 converged=0
ROUND variant=A11_pipebar_close run=7 round=11 headOK_min=56 headOK_max=56 cores_clean=56/56 converged=0
ROUND variant=A11_pipebar_close run=7 round=12 headOK_min=56 headOK_max=56 cores_clean=56/56 converged=0
ROUND variant=A11_pipebar_close run=7 round=13 headOK_min=56 headOK_max=56 cores_clean=56/56 converged=0
ROUND variant=A11_pipebar_close run=7 round=14 headOK_min=56 headOK_max=56 cores_clean=56/56 converged=0
ROUND variant=A11_pipebar_close run=7 round=15 headOK_min=56 headOK_max=56 cores_clean=56/56 converged=0
COREVIOL variant=A11_pipebar_close run=7 0,0,0,0,0,0,0,0,0,0,0,0,0,0,0,0,0,0,0,0,0,0,0,0,0,0,0,0,0,0,0,0,0,0,0,0,0,0,0,0,0,0,0,0,0,0,0,0,0,0,0,0,0,0,0,0
CYCLE variant=A11_pipebar_close run=7 78076576,78075470,78075338,78076176,78076421,78075130,78075487,78075941,78074727,78074730,78074929,78075852,78075079,78076548,78076314,78076291,78076137,78076399,78076435,78075892,78075970,78076371,78074617,78074714,78076354,78076473,78076084,78076517,78076842,78076819,78077636,78077471,78077271,78076959,78077479,78077704,78077604,78077740,78077529,78076097,78076237,78077108,78077431,78077675,78076380,78076657,78077382,78077359,78075948,78075839,78076937,78076452,78076538,78076513,78077026,78076600
SUMMARY variant=A11_pipebar_close run=8 vi=11 bk=1 ck=1 dk=1 fk=1 st=16 wl=64 sep=0 rounds=16 naiv=56 blocks=28 cores_clean=56/56 core_round_clean=896/896 rounds_clean=16/16 headOK_min=56 viol=0 final_head_ok=56 stale=0 zero=0 other=0 scribble=0 rel_spread_max=22345 missing_rows=0 snap=0 rc=0
ROUND variant=A11_pipebar_close run=8 round=0 headOK_min=56 headOK_max=56 cores_clean=56/56 converged=0
ROUND variant=A11_pipebar_close run=8 round=1 headOK_min=56 headOK_max=56 cores_clean=56/56 converged=0
ROUND variant=A11_pipebar_close run=8 round=2 headOK_min=56 headOK_max=56 cores_clean=56/56 converged=0
ROUND variant=A11_pipebar_close run=8 round=3 headOK_min=56 headOK_max=56 cores_clean=56/56 converged=0
ROUND variant=A11_pipebar_close run=8 round=4 headOK_min=56 headOK_max=56 cores_clean=56/56 converged=0
ROUND variant=A11_pipebar_close run=8 round=5 headOK_min=56 headOK_max=56 cores_clean=56/56 converged=0
ROUND variant=A11_pipebar_close run=8 round=6 headOK_min=56 headOK_max=56 cores_clean=56/56 converged=0
ROUND variant=A11_pipebar_close run=8 round=7 headOK_min=56 headOK_max=56 cores_clean=56/56 converged=0
ROUND variant=A11_pipebar_close run=8 round=8 headOK_min=56 headOK_max=56 cores_clean=56/56 converged=0
ROUND variant=A11_pipebar_close run=8 round=9 headOK_min=56 headOK_max=56 cores_clean=56/56 converged=0
ROUND variant=A11_pipebar_close run=8 round=10 headOK_min=56 headOK_max=56 cores_clean=56/56 converged=0
ROUND variant=A11_pipebar_close run=8 round=11 headOK_min=56 headOK_max=56 cores_clean=56/56 converged=0
ROUND variant=A11_pipebar_close run=8 round=12 headOK_min=56 headOK_max=56 cores_clean=56/56 converged=0
ROUND variant=A11_pipebar_close run=8 round=13 headOK_min=56 headOK_max=56 cores_clean=56/56 converged=0
ROUND variant=A11_pipebar_close run=8 round=14 headOK_min=56 headOK_max=56 cores_clean=56/56 converged=0
ROUND variant=A11_pipebar_close run=8 round=15 headOK_min=56 headOK_max=56 cores_clean=56/56 converged=0
COREVIOL variant=A11_pipebar_close run=8 0,0,0,0,0,0,0,0,0,0,0,0,0,0,0,0,0,0,0,0,0,0,0,0,0,0,0,0,0,0,0,0,0,0,0,0,0,0,0,0,0,0,0,0,0,0,0,0,0,0,0,0,0,0,0,0
CYCLE variant=A11_pipebar_close run=8 -21745236,-21744904,-21744621,-21745094,-21744170,-21744075,-21744051,-21745048,-21743996,-21744886,-21744937,-21744771,-21744979,-21745504,-21745481,-21743964,-21744484,-21744101,-21744149,-21744388,-21744356,-21744735,-21745867,-21745785,-21744646,-21745782,-21744022,-21744124,-21744005,-21743884,-21744176,-21742436,-21742462,-21742650,-21743143,-21743213,-21743646,-21743542,-21743314,-21743681,-21742632,-21742820,-21742279,-21742334,-21743243,-21742961,-21742887,-21742411,-21742509,-21742484,-21742869,-21742393,-21743607,-21743732,-21743954,-21744219
SUMMARY variant=A11_pipebar_close run=9 vi=11 bk=1 ck=1 dk=1 fk=1 st=16 wl=64 sep=0 rounds=16 naiv=56 blocks=28 cores_clean=56/56 core_round_clean=896/896 rounds_clean=16/16 headOK_min=56 viol=0 final_head_ok=56 stale=0 zero=0 other=0 scribble=0 rel_spread_max=15080 missing_rows=0 snap=0 rc=0
ROUND variant=A11_pipebar_close run=9 round=0 headOK_min=56 headOK_max=56 cores_clean=56/56 converged=0
ROUND variant=A11_pipebar_close run=9 round=1 headOK_min=56 headOK_max=56 cores_clean=56/56 converged=0
ROUND variant=A11_pipebar_close run=9 round=2 headOK_min=56 headOK_max=56 cores_clean=56/56 converged=0
ROUND variant=A11_pipebar_close run=9 round=3 headOK_min=56 headOK_max=56 cores_clean=56/56 converged=0
ROUND variant=A11_pipebar_close run=9 round=4 headOK_min=56 headOK_max=56 cores_clean=56/56 converged=0
ROUND variant=A11_pipebar_close run=9 round=5 headOK_min=56 headOK_max=56 cores_clean=56/56 converged=0
ROUND variant=A11_pipebar_close run=9 round=6 headOK_min=56 headOK_max=56 cores_clean=56/56 converged=0
ROUND variant=A11_pipebar_close run=9 round=7 headOK_min=56 headOK_max=56 cores_clean=56/56 converged=0
ROUND variant=A11_pipebar_close run=9 round=8 headOK_min=56 headOK_max=56 cores_clean=56/56 converged=0
ROUND variant=A11_pipebar_close run=9 round=9 headOK_min=56 headOK_max=56 cores_clean=56/56 converged=0
ROUND variant=A11_pipebar_close run=9 round=10 headOK_min=56 headOK_max=56 cores_clean=56/56 converged=0
ROUND variant=A11_pipebar_close run=9 round=11 headOK_min=56 headOK_max=56 cores_clean=56/56 converged=0
ROUND variant=A11_pipebar_close run=9 round=12 headOK_min=56 headOK_max=56 cores_clean=56/56 converged=0
ROUND variant=A11_pipebar_close run=9 round=13 headOK_min=56 headOK_max=56 cores_clean=56/56 converged=0
ROUND variant=A11_pipebar_close run=9 round=14 headOK_min=56 headOK_max=56 cores_clean=56/56 converged=0
ROUND variant=A11_pipebar_close run=9 round=15 headOK_min=56 headOK_max=56 cores_clean=56/56 converged=0
COREVIOL variant=A11_pipebar_close run=9 0,0,0,0,0,0,0,0,0,0,0,0,0,0,0,0,0,0,0,0,0,0,0,0,0,0,0,0,0,0,0,0,0,0,0,0,0,0,0,0,0,0,0,0,0,0,0,0,0,0,0,0,0,0,0,0
CYCLE variant=A11_pipebar_close run=9 -1542485952,-1542486829,-1542487130,-1542486105,-1542487296,-1542487623,-1542486032,-1542486221,-1542485830,-1542485899,-1542487222,-1542487429,-1542485764,-1542486501,-1542486488,-1542486675,-1542486570,-1542486237,-1542485743,-1542486011,-1542487034,-1542485867,-1542486773,-1542486088,-1542486596,-1542485678,-1542486439,-1542485821,-1542486873,-1542486066,-1542486012,-1542486299,-1542485170,-1542485407,-1542485223,-1542485149,-1542485476,-1542485097,-1542485806,-1542485970,-1542486249,-1542485677,-1542484989,-1542485382,-1542485845,-1542486177,-1542485196,-1542485645,-1542486724,-1542486474,-1542486154,-1542486792,-1542485344,-1542485027,-1542486209,-1542486901
