SUMMARY variant=A0_none_readonce run=1 vi=0 bk=0 ck=0 dk=2 fk=1 st=16 wl=64 sep=0 rounds=16 naiv=56 blocks=28 cores_clean=0/56 core_round_clean=4/896 rounds_clean=0/16 headOK_min=1 viol=892 final_head_ok=56 stale=0 zero=0 other=0 scribble=0 rel_spread_max=314320 missing_rows=0 snap=0 rc=1
ROUND variant=A0_none_readonce run=1 round=0 headOK_min=6 headOK_max=40 cores_clean=0/56 converged=0
ROUND variant=A0_none_readonce run=1 round=1 headOK_min=1 headOK_max=20 cores_clean=0/56 converged=0
ROUND variant=A0_none_readonce run=1 round=2 headOK_min=1 headOK_max=16 cores_clean=0/56 converged=0
ROUND variant=A0_none_readonce run=1 round=3 headOK_min=1 headOK_max=14 cores_clean=0/56 converged=0
ROUND variant=A0_none_readonce run=1 round=4 headOK_min=1 headOK_max=14 cores_clean=0/56 converged=0
ROUND variant=A0_none_readonce run=1 round=5 headOK_min=1 headOK_max=13 cores_clean=0/56 converged=0
ROUND variant=A0_none_readonce run=1 round=6 headOK_min=1 headOK_max=13 cores_clean=0/56 converged=0
ROUND variant=A0_none_readonce run=1 round=7 headOK_min=1 headOK_max=11 cores_clean=0/56 converged=0
ROUND variant=A0_none_readonce run=1 round=8 headOK_min=1 headOK_max=10 cores_clean=0/56 converged=0
ROUND variant=A0_none_readonce run=1 round=9 headOK_min=1 headOK_max=8 cores_clean=0/56 converged=0
ROUND variant=A0_none_readonce run=1 round=10 headOK_min=1 headOK_max=11 cores_clean=0/56 converged=0
ROUND variant=A0_none_readonce run=1 round=11 headOK_min=1 headOK_max=10 cores_clean=0/56 converged=0
ROUND variant=A0_none_readonce run=1 round=12 headOK_min=1 headOK_max=10 cores_clean=0/56 converged=0
ROUND variant=A0_none_readonce run=1 round=13 headOK_min=1 headOK_max=7 cores_clean=0/56 converged=0
ROUND variant=A0_none_readonce run=1 round=14 headOK_min=1 headOK_max=8 cores_clean=0/56 converged=0
ROUND variant=A0_none_readonce run=1 round=15 headOK_min=1 headOK_max=56 cores_clean=4/56 converged=0
COREVIOL variant=A0_none_readonce run=1 16,16,16,16,16,16,16,16,16,16,16,16,16,16,16,16,16,16,16,16,16,16,16,16,16,16,16,16,16,16,16,15,16,16,16,16,16,16,16,15,16,16,16,16,16,16,16,15,16,16,16,16,16,16,16,15
CYCLE variant=A0_none_readonce run=1 -2037355079,-2037354698,-2037354290,-2037354825,-2037354162,-2037353818,-2037355273,-2037355349,-2037354896,-2037354438,-2037354053,-2037354002,-2037354721,-2037355000,-2037354568,-2037354084,-2037354745,-2037354234,-2037354973,-2037355718,-2037355772,-2037355503,-2037353952,-2037354514,-2037355446,-2037354586,-2037354638,-2037354128,-2037354475,-2037354831,-2037355244,-2037354704,-2037354808,-2037354213,-2037355427,-2037355560,-2037355640,-2037355664,-2037356116,-2037355941,-2037354377,-2037356119,-2037355352,-2037354966,-2037354328,-2037354582,-2037356130,-2037356130,-2037354276,-2037354193,-2037354656,-2037355114,-2037354405,-2037354353,-2037355843,-2037355715
SUMMARY variant=A0_none_readonce run=2 vi=0 bk=0 ck=0 dk=2 fk=1 st=16 wl=64 sep=0 rounds=16 naiv=56 blocks=28 cores_clean=0/56 core_round_clean=2/896 rounds_clean=0/16 headOK_min=1 viol=894 final_head_ok=56 stale=0 zero=0 other=0 scribble=0 rel_spread_max=314675 missing_rows=0 snap=0 rc=1
ROUND variant=A0_none_readonce run=2 round=0 headOK_min=9 headOK_max=38 cores_clean=0/56 converged=0
ROUND variant=A0_none_readonce run=2 round=1 headOK_min=4 headOK_max=21 cores_clean=0/56 converged=0
ROUND variant=A0_none_readonce run=2 round=2 headOK_min=3 headOK_max=17 cores_clean=0/56 converged=0
ROUND variant=A0_none_readonce run=2 round=3 headOK_min=1 headOK_max=14 cores_clean=0/56 converged=0
ROUND variant=A0_none_readonce run=2 round=4 headOK_min=1 headOK_max=13 cores_clean=0/56 converged=0
ROUND variant=A0_none_readonce run=2 round=5 headOK_min=1 headOK_max=13 cores_clean=0/56 converged=0
ROUND variant=A0_none_readonce run=2 round=6 headOK_min=1 headOK_max=13 cores_clean=0/56 converged=0
ROUND variant=A0_none_readonce run=2 round=7 headOK_min=1 headOK_max=12 cores_clean=0/56 converged=0
ROUND variant=A0_none_readonce run=2 round=8 headOK_min=1 headOK_max=11 cores_clean=0/56 converged=0
ROUND variant=A0_none_readonce run=2 round=9 headOK_min=1 headOK_max=10 cores_clean=0/56 converged=0
ROUND variant=A0_none_readonce run=2 round=10 headOK_min=1 headOK_max=11 cores_clean=0/56 converged=0
ROUND variant=A0_none_readonce run=2 round=11 headOK_min=1 headOK_max=11 cores_clean=0/56 converged=0
ROUND variant=A0_none_readonce run=2 round=12 headOK_min=1 headOK_max=10 cores_clean=0/56 converged=0
ROUND variant=A0_none_readonce run=2 round=13 headOK_min=1 headOK_max=9 cores_clean=0/56 converged=0
ROUND variant=A0_none_readonce run=2 round=14 headOK_min=1 headOK_max=9 cores_clean=0/56 converged=0
ROUND variant=A0_none_readonce run=2 round=15 headOK_min=1 headOK_max=56 cores_clean=2/56 converged=0
COREVIOL variant=A0_none_readonce run=2 16,16,16,16,16,16,16,16,16,16,16,16,16,16,16,16,16,16,16,16,16,16,16,16,16,16,16,16,16,16,16,15,16,16,16,16,16,16,16,15,16,16,16,16,16,16,16,16,16,16,16,16,16,16,16,16
CYCLE variant=A0_none_readonce run=2 -2043862300,-2043862275,-2043860688,-2043861043,-2043861494,-2043860758,-2043861445,-2043861887,-2043861109,-2043861584,-2043861129,-2043860775,-2043861539,-2043862076,-2043861710,-2043860710,-2043861180,-2043860825,-2043862346,-2043862247,-2043860582,-2043861658,-2043862392,-2043862195,-2043860892,-2043860632,-2043860548,-2043860915,-2043860711,-2043861320,-2043860739,-2043861037,-2043860767,-2043861583,-2043861303,-2043861350,-2043861763,-2043860975,-2043862734,-2043862448,-2043861277,-2043861783,-2043861446,-2043861067,-2043861711,-2043861421,-2043862791,-2043862429,-2043860998,-2043860855,-2043862208,-2043860798,-2043861904,-2043861468,-2043862084,-2043861259
SUMMARY variant=A0_none_readonce run=3 vi=0 bk=0 ck=0 dk=2 fk=1 st=16 wl=64 sep=0 rounds=16 naiv=56 blocks=28 cores_clean=0/56 core_round_clean=1/896 rounds_clean=0/16 headOK_min=1 viol=895 final_head_ok=56 stale=0 zero=0 other=0 scribble=0 rel_spread_max=322175 missing_rows=0 snap=0 rc=1
ROUND variant=A0_none_readonce run=3 round=0 headOK_min=3 headOK_max=35 cores_clean=0/56 converged=0
ROUND variant=A0_none_readonce run=3 round=1 headOK_min=2 headOK_max=18 cores_clean=0/56 converged=0
ROUND variant=A0_none_readonce run=3 round=2 headOK_min=1 headOK_max=16 cores_clean=0/56 converged=0
ROUND variant=A0_none_readonce run=3 round=3 headOK_min=1 headOK_max=13 cores_clean=0/56 converged=0
ROUND variant=A0_none_readonce run=3 round=4 headOK_min=1 headOK_max=13 cores_clean=0/56 converged=0
ROUND variant=A0_none_readonce run=3 round=5 headOK_min=1 headOK_max=13 cores_clean=0/56 converged=0
ROUND variant=A0_none_readonce run=3 round=6 headOK_min=1 headOK_max=12 cores_clean=0/56 converged=0
ROUND variant=A0_none_readonce run=3 round=7 headOK_min=1 headOK_max=11 cores_clean=0/56 converged=0
ROUND variant=A0_none_readonce run=3 round=8 headOK_min=1 headOK_max=10 cores_clean=0/56 converged=0
ROUND variant=A0_none_readonce run=3 round=9 headOK_min=1 headOK_max=9 cores_clean=0/56 converged=0
ROUND variant=A0_none_readonce run=3 round=10 headOK_min=1 headOK_max=9 cores_clean=0/56 converged=0
ROUND variant=A0_none_readonce run=3 round=11 headOK_min=1 headOK_max=8 cores_clean=0/56 converged=0
ROUND variant=A0_none_readonce run=3 round=12 headOK_min=1 headOK_max=8 cores_clean=0/56 converged=0
ROUND variant=A0_none_readonce run=3 round=13 headOK_min=1 headOK_max=7 cores_clean=0/56 converged=0
ROUND variant=A0_none_readonce run=3 round=14 headOK_min=1 headOK_max=7 cores_clean=0/56 converged=0
ROUND variant=A0_none_readonce run=3 round=15 headOK_min=2 headOK_max=56 cores_clean=1/56 converged=0
COREVIOL variant=A0_none_readonce run=3 16,16,16,16,16,16,16,16,16,16,16,16,16,16,16,16,16,16,16,16,16,16,16,16,16,16,16,16,16,16,16,16,16,16,16,16,16,16,16,16,16,16,16,16,16,16,16,16,16,16,16,16,16,16,16,15
CYCLE variant=A0_none_readonce run=3 2014359437,2014359536,2014360469,2014361220,2014359522,2014359855,2014361121,2014359742,2014360168,2014361108,2014361360,2014360949,2014361251,2014359931,2014360963,2014359520,2014361308,2014360797,2014361325,2014360889,2014361410,2014360712,2014361062,2014360809,2014360085,2014361177,2014361142,2014361194,2014361060,2014360961,2014361292,2014361923,2014362636,2014362582,2014362315,2014361501,2014361356,2014361235,2014362475,2014362042,2014360996,2014361221,2014362167,2014362397,2014362674,2014362279,2014361986,2014362089,2014361563,2014361895,2014360738,2014361743,2014360636,2014360770,2014361635,2014361814
SUMMARY variant=A0_none_readonce run=4 vi=0 bk=0 ck=0 dk=2 fk=1 st=16 wl=64 sep=0 rounds=16 naiv=56 blocks=28 cores_clean=0/56 core_round_clean=2/896 rounds_clean=0/16 headOK_min=1 viol=894 final_head_ok=56 stale=0 zero=0 other=0 scribble=0 rel_spread_max=313363 missing_rows=0 snap=0 rc=1
ROUND variant=A0_none_readonce run=4 round=0 headOK_min=8 headOK_max=34 cores_clean=0/56 converged=0
ROUND variant=A0_none_readonce run=4 round=1 headOK_min=3 headOK_max=20 cores_clean=0/56 converged=0
ROUND variant=A0_none_readonce run=4 round=2 headOK_min=1 headOK_max=16 cores_clean=0/56 converged=0
ROUND variant=A0_none_readonce run=4 round=3 headOK_min=1 headOK_max=14 cores_clean=0/56 converged=0
ROUND variant=A0_none_readonce run=4 round=4 headOK_min=1 headOK_max=14 cores_clean=0/56 converged=0
ROUND variant=A0_none_readonce run=4 round=5 headOK_min=1 headOK_max=14 cores_clean=0/56 converged=0
ROUND variant=A0_none_readonce run=4 round=6 headOK_min=1 headOK_max=14 cores_clean=0/56 converged=0
ROUND variant=A0_none_readonce run=4 round=7 headOK_min=1 headOK_max=11 cores_clean=0/56 converged=0
ROUND variant=A0_none_readonce run=4 round=8 headOK_min=1 headOK_max=12 cores_clean=0/56 converged=0
ROUND variant=A0_none_readonce run=4 round=9 headOK_min=1 headOK_max=10 cores_clean=0/56 converged=0
ROUND variant=A0_none_readonce run=4 round=10 headOK_min=1 headOK_max=10 cores_clean=0/56 converged=0
ROUND variant=A0_none_readonce run=4 round=11 headOK_min=1 headOK_max=10 cores_clean=0/56 converged=0
ROUND variant=A0_none_readonce run=4 round=12 headOK_min=1 headOK_max=9 cores_clean=0/56 converged=0
ROUND variant=A0_none_readonce run=4 round=13 headOK_min=1 headOK_max=8 cores_clean=0/56 converged=0
ROUND variant=A0_none_readonce run=4 round=14 headOK_min=1 headOK_max=9 cores_clean=0/56 converged=0
ROUND variant=A0_none_readonce run=4 round=15 headOK_min=3 headOK_max=56 cores_clean=2/56 converged=0
COREVIOL variant=A0_none_readonce run=4 16,16,16,16,16,16,16,16,16,16,16,16,16,16,16,16,16,16,16,16,16,16,16,16,16,16,16,16,16,16,16,16,16,16,16,16,16,16,16,16,16,16,16,16,16,16,16,15,16,16,16,16,16,16,16,15
CYCLE variant=A0_none_readonce run=4 207859238,207858621,207860171,207859491,207859785,207859289,207859800,207860202,207860156,207859908,207859829,207859949,207859924,207859546,207859347,207859607,207859476,207859336,207860059,207858684,207860043,207860020,207858481,207858220,207858977,207859103,207858462,207859875,207857734,207857763,207859309,207857952,207858732,207859228,207858800,207859317,207859253,207859206,207857740,207857780,207858156,207858399,207858167,207857731,207858131,207859045,207859337,207858773,207858272,207858347,207858971,207858949,207859072,207859096,207859178,207859375
SUMMARY variant=A0_none_readonce run=5 vi=0 bk=0 ck=0 dk=2 fk=1 st=16 wl=64 sep=0 rounds=16 naiv=56 blocks=28 cores_clean=0/56 core_round_clean=1/896 rounds_clean=0/16 headOK_min=1 viol=895 final_head_ok=56 stale=0 zero=0 other=0 scribble=0 rel_spread_max=318809 missing_rows=0 snap=0 rc=1
ROUND variant=A0_none_readonce run=5 round=0 headOK_min=7 headOK_max=36 cores_clean=0/56 converged=0
ROUND variant=A0_none_readonce run=5 round=1 headOK_min=2 headOK_max=18 cores_clean=0/56 converged=0
ROUND variant=A0_none_readonce run=5 round=2 headOK_min=2 headOK_max=15 cores_clean=0/56 converged=0
ROUND variant=A0_none_readonce run=5 round=3 headOK_min=1 headOK_max=15 cores_clean=0/56 converged=0
ROUND variant=A0_none_readonce run=5 round=4 headOK_min=1 headOK_max=15 cores_clean=0/56 converged=0
ROUND variant=A0_none_readonce run=5 round=5 headOK_min=1 headOK_max=13 cores_clean=0/56 converged=0
ROUND variant=A0_none_readonce run=5 round=6 headOK_min=1 headOK_max=13 cores_clean=0/56 converged=0
ROUND variant=A0_none_readonce run=5 round=7 headOK_min=1 headOK_max=12 cores_clean=0/56 converged=0
ROUND variant=A0_none_readonce run=5 round=8 headOK_min=1 headOK_max=11 cores_clean=0/56 converged=0
ROUND variant=A0_none_readonce run=5 round=9 headOK_min=1 headOK_max=10 cores_clean=0/56 converged=0
ROUND variant=A0_none_readonce run=5 round=10 headOK_min=1 headOK_max=9 cores_clean=0/56 converged=0
ROUND variant=A0_none_readonce run=5 round=11 headOK_min=1 headOK_max=8 cores_clean=0/56 converged=0
ROUND variant=A0_none_readonce run=5 round=12 headOK_min=1 headOK_max=8 cores_clean=0/56 converged=0
ROUND variant=A0_none_readonce run=5 round=13 headOK_min=1 headOK_max=6 cores_clean=0/56 converged=0
ROUND variant=A0_none_readonce run=5 round=14 headOK_min=1 headOK_max=6 cores_clean=0/56 converged=0
ROUND variant=A0_none_readonce run=5 round=15 headOK_min=2 headOK_max=56 cores_clean=1/56 converged=0
COREVIOL variant=A0_none_readonce run=5 16,16,16,16,16,16,16,16,16,16,16,16,16,16,16,16,16,16,16,16,16,16,16,16,16,16,16,16,16,16,16,15,16,16,16,16,16,16,16,16,16,16,16,16,16,16,16,16,16,16,16,16,16,16,16,16
CYCLE variant=A0_none_readonce run=5 255803132,255803369,255803528,255803219,255801899,255802001,255803190,255802035,255803718,255802699,255803495,255804018,255803286,255803107,255803658,255802411,255803544,255802877,255803940,255803969,255802218,255802331,255803274,255802867,255803750,255803991,255802614,255803066,255801706,255801704,255801717,255803465,255803448,255801884,255801724,255801725,255802622,255803085,255802645,255803160,255801713,255803518,255803365,255802259,255803330,255802974,255801912,255802910,255802123,255803002,255802563,255803231,255802346,255802792,255803261,255803557
SUMMARY variant=A0_none_readonce run=6 vi=0 bk=0 ck=0 dk=2 fk=1 st=16 wl=64 sep=0 rounds=16 naiv=56 blocks=28 cores_clean=0/56 core_round_clean=3/896 rounds_clean=0/16 headOK_min=1 viol=893 final_head_ok=56 stale=0 zero=0 other=0 scribble=0 rel_spread_max=317748 missing_rows=0 snap=0 rc=1
ROUND variant=A0_none_readonce run=6 round=0 headOK_min=12 headOK_max=39 cores_clean=0/56 converged=0
ROUND variant=A0_none_readonce run=6 round=1 headOK_min=2 headOK_max=20 cores_clean=0/56 converged=0
ROUND variant=A0_none_readonce run=6 round=2 headOK_min=1 headOK_max=14 cores_clean=0/56 converged=0
ROUND variant=A0_none_readonce run=6 round=3 headOK_min=1 headOK_max=14 cores_clean=0/56 converged=0
ROUND variant=A0_none_readonce run=6 round=4 headOK_min=1 headOK_max=14 cores_clean=0/56 converged=0
ROUND variant=A0_none_readonce run=6 round=5 headOK_min=1 headOK_max=14 cores_clean=0/56 converged=0
ROUND variant=A0_none_readonce run=6 round=6 headOK_min=1 headOK_max=13 cores_clean=0/56 converged=0
ROUND variant=A0_none_readonce run=6 round=7 headOK_min=1 headOK_max=13 cores_clean=0/56 converged=0
ROUND variant=A0_none_readonce run=6 round=8 headOK_min=1 headOK_max=12 cores_clean=0/56 converged=0
ROUND variant=A0_none_readonce run=6 round=9 headOK_min=1 headOK_max=10 cores_clean=0/56 converged=0
ROUND variant=A0_none_readonce run=6 round=10 headOK_min=1 headOK_max=10 cores_clean=0/56 converged=0
ROUND variant=A0_none_readonce run=6 round=11 headOK_min=1 headOK_max=10 cores_clean=0/56 converged=0
ROUND variant=A0_none_readonce run=6 round=12 headOK_min=1 headOK_max=9 cores_clean=0/56 converged=0
ROUND variant=A0_none_readonce run=6 round=13 headOK_min=1 headOK_max=8 cores_clean=0/56 converged=0
ROUND variant=A0_none_readonce run=6 round=14 headOK_min=1 headOK_max=8 cores_clean=0/56 converged=0
ROUND variant=A0_none_readonce run=6 round=15 headOK_min=1 headOK_max=56 cores_clean=3/56 converged=0
COREVIOL variant=A0_none_readonce run=6 16,16,16,16,16,16,16,16,16,16,16,16,16,16,16,16,16,16,16,16,16,16,16,16,16,16,16,16,16,16,16,15,16,16,16,16,16,16,16,15,16,16,16,16,16,16,16,15,16,16,16,16,16,16,16,16
CYCLE variant=A0_none_readonce run=6 -1176840621,-1176841402,-1176841032,-1176841799,-1176840643,-1176840879,-1176841941,-1176841598,-1176840899,-1176842026,-1176840763,-1176841000,-1176841660,-1176841954,-1176841336,-1176841501,-1176840733,-1176840496,-1176840460,-1176840435,-1176841445,-1176841208,-1176842180,-1176842057,-1176840388,-1176840514,-1176841424,-1176841837,-1176841884,-1176841760,-1176841606,-1176841580,-1176841032,-1176840888,-1176840301,-1176839997,-1176840413,-1176840018,-1176841178,-1176841275,-1176840644,-1176841508,-1176840942,-1176841470,-1176840599,-1176840195,-1176840083,-1176840494,-1176841709,-1176841857,-1176840156,-1176840106,-1176840126,-1176840246,-1176840565,-1176841015
SUMMARY variant=A0_none_readonce run=7 vi=0 bk=0 ck=0 dk=2 fk=1 st=16 wl=64 sep=0 rounds=16 naiv=56 blocks=28 cores_clean=0/56 core_round_clean=3/896 rounds_clean=0/16 headOK_min=1 viol=893 final_head_ok=56 stale=0 zero=0 other=0 scribble=0 rel_spread_max=314801 missing_rows=0 snap=0 rc=1
ROUND variant=A0_none_readonce run=7 round=0 headOK_min=7 headOK_max=33 cores_clean=0/56 converged=0
ROUND variant=A0_none_readonce run=7 round=1 headOK_min=2 headOK_max=19 cores_clean=0/56 converged=0
ROUND variant=A0_none_readonce run=7 round=2 headOK_min=1 headOK_max=14 cores_clean=0/56 converged=0
ROUND variant=A0_none_readonce run=7 round=3 headOK_min=1 headOK_max=14 cores_clean=0/56 converged=0
ROUND variant=A0_none_readonce run=7 round=4 headOK_min=1 headOK_max=14 cores_clean=0/56 converged=0
ROUND variant=A0_none_readonce run=7 round=5 headOK_min=1 headOK_max=14 cores_clean=0/56 converged=0
ROUND variant=A0_none_readonce run=7 round=6 headOK_min=1 headOK_max=14 cores_clean=0/56 converged=0
ROUND variant=A0_none_readonce run=7 round=7 headOK_min=1 headOK_max=12 cores_clean=0/56 converged=0
ROUND variant=A0_none_readonce run=7 round=8 headOK_min=1 headOK_max=11 cores_clean=0/56 converged=0
ROUND variant=A0_none_readonce run=7 round=9 headOK_min=1 headOK_max=9 cores_clean=0/56 converged=0
ROUND variant=A0_none_readonce run=7 round=10 headOK_min=1 headOK_max=10 cores_clean=0/56 converged=0
ROUND variant=A0_none_readonce run=7 round=11 headOK_min=1 headOK_max=10 cores_clean=0/56 converged=0
ROUND variant=A0_none_readonce run=7 round=12 headOK_min=1 headOK_max=9 cores_clean=0/56 converged=0
ROUND variant=A0_none_readonce run=7 round=13 headOK_min=1 headOK_max=7 cores_clean=0/56 converged=0
ROUND variant=A0_none_readonce run=7 round=14 headOK_min=1 headOK_max=7 cores_clean=0/56 converged=0
ROUND variant=A0_none_readonce run=7 round=15 headOK_min=2 headOK_max=56 cores_clean=3/56 converged=0
COREVIOL variant=A0_none_readonce run=7 16,16,16,16,16,16,16,16,16,16,16,16,16,16,16,16,16,16,16,16,16,16,16,16,16,16,16,16,16,16,16,16,16,16,16,16,16,16,16,15,16,16,16,16,16,16,16,15,16,16,16,16,16,16,16,15
CYCLE variant=A0_none_readonce run=7 1128787201,1128787397,1128788415,1128788510,1128789020,1128788996,1128787294,1128787295,1128788731,1128788447,1128788879,1128788431,1128787730,1128788264,1128787288,1128787333,1128787288,1128787279,1128788840,1128788604,1128788174,1128788104,1128789120,1128788868,1128787780,1128787659,1128788224,1128789060,1128787818,1128787669,1128789458,1128788913,1128789159,1128789018,1128788997,1128789556,1128788873,1128788347,1128788136,1128788080,1128789406,1128789122,1128789394,1128788970,1128789289,1128789219,1128788521,1128788829,1128789102,1128788796,1128787614,1128787989,1128789309,1128789026,1128788321,1128789440
SUMMARY variant=A0_none_readonce run=8 vi=0 bk=0 ck=0 dk=2 fk=1 st=16 wl=64 sep=0 rounds=16 naiv=56 blocks=28 cores_clean=0/56 core_round_clean=3/896 rounds_clean=0/16 headOK_min=1 viol=893 final_head_ok=56 stale=0 zero=0 other=0 scribble=0 rel_spread_max=312902 missing_rows=0 snap=0 rc=1
ROUND variant=A0_none_readonce run=8 round=0 headOK_min=5 headOK_max=32 cores_clean=0/56 converged=0
ROUND variant=A0_none_readonce run=8 round=1 headOK_min=3 headOK_max=20 cores_clean=0/56 converged=0
ROUND variant=A0_none_readonce run=8 round=2 headOK_min=2 headOK_max=15 cores_clean=0/56 converged=0
ROUND variant=A0_none_readonce run=8 round=3 headOK_min=2 headOK_max=14 cores_clean=0/56 converged=0
ROUND variant=A0_none_readonce run=8 round=4 headOK_min=1 headOK_max=14 cores_clean=0/56 converged=0
ROUND variant=A0_none_readonce run=8 round=5 headOK_min=1 headOK_max=13 cores_clean=0/56 converged=0
ROUND variant=A0_none_readonce run=8 round=6 headOK_min=1 headOK_max=13 cores_clean=0/56 converged=0
ROUND variant=A0_none_readonce run=8 round=7 headOK_min=1 headOK_max=13 cores_clean=0/56 converged=0
ROUND variant=A0_none_readonce run=8 round=8 headOK_min=1 headOK_max=11 cores_clean=0/56 converged=0
ROUND variant=A0_none_readonce run=8 round=9 headOK_min=1 headOK_max=11 cores_clean=0/56 converged=0
ROUND variant=A0_none_readonce run=8 round=10 headOK_min=1 headOK_max=10 cores_clean=0/56 converged=0
ROUND variant=A0_none_readonce run=8 round=11 headOK_min=1 headOK_max=9 cores_clean=0/56 converged=0
ROUND variant=A0_none_readonce run=8 round=12 headOK_min=1 headOK_max=10 cores_clean=0/56 converged=0
ROUND variant=A0_none_readonce run=8 round=13 headOK_min=1 headOK_max=9 cores_clean=0/56 converged=0
ROUND variant=A0_none_readonce run=8 round=14 headOK_min=1 headOK_max=8 cores_clean=0/56 converged=0
ROUND variant=A0_none_readonce run=8 round=15 headOK_min=3 headOK_max=56 cores_clean=3/56 converged=0
COREVIOL variant=A0_none_readonce run=8 16,16,16,16,16,16,16,16,16,16,16,16,16,16,16,16,16,16,16,16,16,16,16,16,16,16,16,16,16,16,16,16,16,16,16,16,16,16,16,15,16,16,16,16,16,16,16,15,16,16,16,16,16,16,16,15
CYCLE variant=A0_none_readonce run=8 -1866119452,-1866119395,-1866118733,-1866118579,-1866119242,-1866118756,-1866117968,-1866118476,-1866118877,-1866119106,-1866119135,-1866119052,-1866117608,-1866117581,-1866118379,-1866118406,-1866117944,-1866117738,-1866118982,-1866118682,-1866117554,-1866117999,-1866119584,-1866119616,-1866117631,-1866118017,-1866118043,-1866118322,-1866120455,-1866120457,-1866120284,-1866120258,-1866118585,-1866118763,-1866120468,-1866120468,-1866118848,-1866120456,-1866118500,-1866119020,-1866120363,-1866119899,-1866118742,-1866119200,-1866118473,-1866118559,-1866119304,-1866118617,-1866119481,-1866119930,-1866118656,-1866119089,-1866119042,-1866119550,-1866118816,-1866118790
SUMMARY variant=A0_none_readonce run=9 vi=0 bk=0 ck=0 dk=2 fk=1 st=16 wl=64 sep=0 rounds=16 naiv=56 blocks=28 cores_clean=0/56 core_round_clean=2/896 rounds_clean=0/16 headOK_min=1 viol=894 final_head_ok=56 stale=0 zero=0 other=0 scribble=0 rel_spread_max=312021 missing_rows=0 snap=0 rc=1
ROUND variant=A0_none_readonce run=9 round=0 headOK_min=9 headOK_max=35 cores_clean=0/56 converged=0
ROUND variant=A0_none_readonce run=9 round=1 headOK_min=3 headOK_max=22 cores_clean=0/56 converged=0
ROUND variant=A0_none_readonce run=9 round=2 headOK_min=3 headOK_max=15 cores_clean=0/56 converged=0
ROUND variant=A0_none_readonce run=9 round=3 headOK_min=1 headOK_max=14 cores_clean=0/56 converged=0
ROUND variant=A0_none_readonce run=9 round=4 headOK_min=1 headOK_max=14 cores_clean=0/56 converged=0
ROUND variant=A0_none_readonce run=9 round=5 headOK_min=2 headOK_max=14 cores_clean=0/56 converged=0
ROUND variant=A0_none_readonce run=9 round=6 headOK_min=1 headOK_max=13 cores_clean=0/56 converged=0
ROUND variant=A0_none_readonce run=9 round=7 headOK_min=1 headOK_max=13 cores_clean=0/56 converged=0
ROUND variant=A0_none_readonce run=9 round=8 headOK_min=1 headOK_max=12 cores_clean=0/56 converged=0
ROUND variant=A0_none_readonce run=9 round=9 headOK_min=1 headOK_max=11 cores_clean=0/56 converged=0
ROUND variant=A0_none_readonce run=9 round=10 headOK_min=1 headOK_max=9 cores_clean=0/56 converged=0
ROUND variant=A0_none_readonce run=9 round=11 headOK_min=1 headOK_max=10 cores_clean=0/56 converged=0
ROUND variant=A0_none_readonce run=9 round=12 headOK_min=1 headOK_max=9 cores_clean=0/56 converged=0
ROUND variant=A0_none_readonce run=9 round=13 headOK_min=1 headOK_max=8 cores_clean=0/56 converged=0
ROUND variant=A0_none_readonce run=9 round=14 headOK_min=1 headOK_max=8 cores_clean=0/56 converged=0
ROUND variant=A0_none_readonce run=9 round=15 headOK_min=2 headOK_max=56 cores_clean=2/56 converged=0
COREVIOL variant=A0_none_readonce run=9 16,16,16,16,16,16,16,16,16,16,16,16,16,16,16,16,16,16,16,16,16,16,16,16,16,16,16,16,16,16,16,15,16,16,16,16,16,16,16,16,16,16,16,16,16,16,16,16,16,16,16,16,16,16,16,15
CYCLE variant=A0_none_readonce run=9 992990853,992990998,992991790,992991886,992990482,992990605,992991336,992991218,992992046,992991917,992990631,992991307,992990926,992990828,992991055,992990446,992991635,992991993,992991551,992991979,992990712,992991813,992990147,992990175,992991474,992991356,992990392,992990338,992988828,992989162,992990236,992989814,992990152,992990694,992989109,992988806,992989483,992990173,992989844,992990456,992989069,992988865,992990637,992990340,992989742,992990655,992990555,992990365,992989886,992990498,992990119,992990475,992988778,992988778,992990527,992990409
