SUMMARY variant=A12_dcci_close run=1 vi=12 bk=1 ck=1 dk=3 fk=1 st=16 wl=64 sep=0 rounds=16 naiv=56 blocks=28 cores_clean=56/56 core_round_clean=896/896 rounds_clean=16/16 headOK_min=56 viol=0 final_head_ok=56 stale=0 zero=0 other=0 scribble=0 rel_spread_max=16863 missing_rows=0 snap=0 rc=0
ROUND variant=A12_dcci_close run=1 round=0 headOK_min=56 headOK_max=56 cores_clean=56/56 converged=0
ROUND variant=A12_dcci_close run=1 round=1 headOK_min=56 headOK_max=56 cores_clean=56/56 converged=0
ROUND variant=A12_dcci_close run=1 round=2 headOK_min=56 headOK_max=56 cores_clean=56/56 converged=0
ROUND variant=A12_dcci_close run=1 round=3 headOK_min=56 headOK_max=56 cores_clean=56/56 converged=0
ROUND variant=A12_dcci_close run=1 round=4 headOK_min=56 headOK_max=56 cores_clean=56/56 converged=0
ROUND variant=A12_dcci_close run=1 round=5 headOK_min=56 headOK_max=56 cores_clean=56/56 converged=0
ROUND variant=A12_dcci_close run=1 round=6 headOK_min=56 headOK_max=56 cores_clean=56/56 converged=0
ROUND variant=A12_dcci_close run=1 round=7 headOK_min=56 headOK_max=56 cores_clean=56/56 converged=0
ROUND variant=A12_dcci_close run=1 round=8 headOK_min=56 headOK_max=56 cores_clean=56/56 converged=0
ROUND variant=A12_dcci_close run=1 round=9 headOK_min=56 headOK_max=56 cores_clean=56/56 converged=0
ROUND variant=A12_dcci_close run=1 round=10 headOK_min=56 headOK_max=56 cores_clean=56/56 converged=0
ROUND variant=A12_dcci_close run=1 round=11 headOK_min=56 headOK_max=56 cores_clean=56/56 converged=0
ROUND variant=A12_dcci_close run=1 round=12 headOK_min=56 headOK_max=56 cores_clean=56/56 converged=0
ROUND variant=A12_dcci_close run=1 round=13 headOK_min=56 headOK_max=56 cores_clean=56/56 converged=0
ROUND variant=A12_dcci_close run=1 round=14 headOK_min=56 headOK_max=56 cores_clean=56/56 converged=0
ROUND variant=A12_dcci_close run=1 round=15 headOK_min=56 headOK_max=56 cores_clean=56/56 converged=0
COREVIOL variant=A12_dcci_close run=1 0,0,0,0,0,0,0,0,0,0,0,0,0,0,0,0,0,0,0,0,0,0,0,0,0,0,0,0,0,0,0,0,0,0,0,0,0,0,0,0,0,0,0,0,0,0,0,0,0,0,0,0,0,0,0,0
CYCLE variant=A12_dcci_close run=1 -2035057525,-2035057444,-2035057782,-2035057469,-2035057142,-2035056489,-2035056113,-2035056397,-2035057765,-2035056853,-2035057293,-2035057794,-2035056185,-2035056278,-2035057113,-2035056778,-2035057801,-2035057498,-2035056375,-2035056162,-2035056533,-2035056579,-2035057822,-2035057784,-2035056660,-2035056607,-2035056326,-2035056066,-2035056910,-2035056854,-2035055909,-2035055957,-2035054946,-2035055743,-2035055100,-2035054969,-2035056563,-2035056341,-2035055510,-2035055651,-2035055006,-2035055439,-2035055342,-2035055223,-2035056447,-2035056597,-2035055081,-2035055030,-2035056299,-2035055601,-2035056281,-2035056254,-2035056054,-2035055674,-2035055790,-2035056667
SUMMARY variant=A12_dcci_close run=2 vi=12 bk=1 ck=1 dk=3 fk=1 st=16 wl=64 sep=0 rounds=16 naiv=56 blocks=28 cores_clean=56/56 core_round_clean=896/896 rounds_clean=16/16 headOK_min=56 viol=0 final_head_ok=56 stale=0 zero=0 other=0 scribble=0 rel_spread_max=15532 missing_rows=0 snap=0 rc=0
ROUND variant=A12_dcci_close run=2 round=0 headOK_min=56 headOK_max=56 cores_clean=56/56 converged=0
ROUND variant=A12_dcci_close run=2 round=1 headOK_min=56 headOK_max=56 cores_clean=56/56 converged=0
ROUND variant=A12_dcci_close run=2 round=2 headOK_min=56 headOK_max=56 cores_clean=56/56 converged=0
ROUND variant=A12_dcci_close run=2 round=3 headOK_min=56 headOK_max=56 cores_clean=56/56 converged=0
ROUND variant=A12_dcci_close run=2 round=4 headOK_min=56 headOK_max=56 cores_clean=56/56 converged=0
ROUND variant=A12_dcci_close run=2 round=5 headOK_min=56 headOK_max=56 cores_clean=56/56 converged=0
ROUND variant=A12_dcci_close run=2 round=6 headOK_min=56 headOK_max=56 cores_clean=56/56 converged=0
ROUND variant=A12_dcci_close run=2 round=7 headOK_min=56 headOK_max=56 cores_clean=56/56 converged=0
ROUND variant=A12_dcci_close run=2 round=8 headOK_min=56 headOK_max=56 cores_clean=56/56 converged=0
ROUND variant=A12_dcci_close run=2 round=9 headOK_min=56 headOK_max=56 cores_clean=56/56 converged=0
ROUND variant=A12_dcci_close run=2 round=10 headOK_min=56 headOK_max=56 cores_clean=56/56 converged=0
ROUND variant=A12_dcci_close run=2 round=11 headOK_min=56 headOK_max=56 cores_clean=56/56 converged=0
ROUND variant=A12_dcci_close run=2 round=12 headOK_min=56 headOK_max=56 cores_clean=56/56 converged=0
ROUND variant=A12_dcci_close run=2 round=13 headOK_min=56 headOK_max=56 cores_clean=56/56 converged=0
ROUND variant=A12_dcci_close run=2 round=14 headOK_min=56 headOK_max=56 cores_clean=56/56 converged=0
ROUND variant=A12_dcci_close run=2 round=15 headOK_min=56 headOK_max=56 cores_clean=56/56 converged=0
COREVIOL variant=A12_dcci_close run=2 0,0,0,0,0,0,0,0,0,0,0,0,0,0,0,0,0,0,0,0,0,0,0,0,0,0,0,0,0,0,0,0,0,0,0,0,0,0,0,0,0,0,0,0,0,0,0,0,0,0,0,0,0,0,0,0
CYCLE variant=A12_dcci_close run=2 -1988279580,-1988280145,-1988279210,-1988280177,-1988280726,-1988280719,-1988280727,-1988280720,-1988279266,-1988279715,-1988280193,-1988279911,-1988279156,-1988280122,-1988280456,-1988280601,-1988279366,-1988279531,-1988279447,-1988279423,-1988279636,-1988280479,-1988280755,-1988280403,-1988279392,-1988279249,-1988279306,-1988279614,-1988279897,-1988279796,-1988278074,-1988278665,-1988278819,-1988279127,-1988277931,-1988278515,-1988279399,-1988279344,-1988278744,-1988278294,-1988279661,-1988279810,-1988278179,-1988278201,-1988278950,-1988278878,-1988278228,-1988278607,-1988279587,-1988279610,-1988279288,-1988279092,-1988277997,-1988278115,-1988278057,-1988279220
SUMMARY variant=A12_dcci_close run=3 vi=12 bk=1 ck=1 dk=3 fk=1 st=16 wl=64 sep=0 rounds=16 naiv=56 blocks=28 cores_clean=56/56 core_round_clean=896/896 rounds_clean=16/16 headOK_min=56 viol=0 final_head_ok=56 stale=0 zero=0 other=0 scribble=0 rel_spread_max=17490 missing_rows=0 snap=0 rc=0
ROUND variant=A12_dcci_close run=3 round=0 headOK_min=56 headOK_max=56 cores_clean=56/56 converged=0
ROUND variant=A12_dcci_close run=3 round=1 headOK_min=56 headOK_max=56 cores_clean=56/56 converged=0
ROUND variant=A12_dcci_close run=3 round=2 headOK_min=56 headOK_max=56 cores_clean=56/56 converged=0
ROUND variant=A12_dcci_close run=3 round=3 headOK_min=56 headOK_max=56 cores_clean=56/56 converged=0
ROUND variant=A12_dcci_close run=3 round=4 headOK_min=56 headOK_max=56 cores_clean=56/56 converged=0
ROUND variant=A12_dcci_close run=3 round=5 headOK_min=56 headOK_max=56 cores_clean=56/56 converged=0
ROUND variant=A12_dcci_close run=3 round=6 headOK_min=56 headOK_max=56 cores_clean=56/56 converged=0
ROUND variant=A12_dcci_close run=3 round=7 headOK_min=56 headOK_max=56 cores_clean=56/56 converged=0
ROUND variant=A12_dcci_close run=3 round=8 headOK_min=56 headOK_max=56 cores_clean=56/56 converged=0
ROUND variant=A12_dcci_close run=3 round=9 headOK_min=56 headOK_max=56 cores_clean=56/56 converged=0
ROUND variant=A12_dcci_close run=3 round=10 headOK_min=56 headOK_max=56 cores_clean=56/56 converged=0
ROUND variant=A12_dcci_close run=3 round=11 headOK_min=56 headOK_max=56 cores_clean=56/56 converged=0
ROUND variant=A12_dcci_close run=3 round=12 headOK_min=56 headOK_max=56 cores_clean=56/56 converged=0
ROUND variant=A12_dcci_close run=3 round=13 headOK_min=56 headOK_max=56 cores_clean=56/56 converged=0
ROUND variant=A12_dcci_close run=3 round=14 headOK_min=56 headOK_max=56 cores_clean=56/56 converged=0
ROUND variant=A12_dcci_close run=3 round=15 headOK_min=56 headOK_max=56 cores_clean=56/56 converged=0
COREVIOL variant=A12_dcci_close run=3 0,0,0,0,0,0,0,0,0,0,0,0,0,0,0,0,0,0,0,0,0,0,0,0,0,0,0,0,0,0,0,0,0,0,0,0,0,0,0,0,0,0,0,0,0,0,0,0,0,0,0,0,0,0,0,0
CYCLE variant=A12_dcci_close run=3 -1821120133,-1821120253,-1821120023,-1821120046,-1821119577,-1821119800,-1821120733,-1821120234,-1821119329,-1821119478,-1821121275,-1821121000,-1821120395,-1821119554,-1821120858,-1821120096,-1821119895,-1821120322,-1821119421,-1821119313,-1821119363,-1821119873,-1821121307,-1821121285,-1821119502,-1821120792,-1821119282,-1821119439,-1821119673,-1821119561,-1821117941,-1821118155,-1821119047,-1821118779,-1821117837,-1821118122,-1821118923,-1821118659,-1821119349,-1821119197,-1821119238,-1821119162,-1821118714,-1821118076,-1821117693,-1821118585,-1821118835,-1821117935,-1821118683,-1821118946,-1821117903,-1821118280,-1821118416,-1821118344,-1821117813,-1821118051
SUMMARY variant=A12_dcci_close run=4 vi=12 bk=1 ck=1 dk=3 fk=1 st=16 wl=64 sep=0 rounds=16 naiv=56 blocks=28 cores_clean=56/56 core_round_clean=896/896 rounds_clean=16/16 headOK_min=56 viol=0 final_head_ok=56 stale=0 zero=0 other=0 scribble=0 rel_spread_max=15988 missing_rows=0 snap=0 rc=0
ROUND variant=A12_dcci_close run=4 round=0 headOK_min=56 headOK_max=56 cores_clean=56/56 converged=0
ROUND variant=A12_dcci_close run=4 round=1 headOK_min=56 headOK_max=56 cores_clean=56/56 converged=0
ROUND variant=A12_dcci_close run=4 round=2 headOK_min=56 headOK_max=56 cores_clean=56/56 converged=0
ROUND variant=A12_dcci_close run=4 round=3 headOK_min=56 headOK_max=56 cores_clean=56/56 converged=0
ROUND variant=A12_dcci_close run=4 round=4 headOK_min=56 headOK_max=56 cores_clean=56/56 converged=0
ROUND variant=A12_dcci_close run=4 round=5 headOK_min=56 headOK_max=56 cores_clean=56/56 converged=0
ROUND variant=A12_dcci_close run=4 round=6 headOK_min=56 headOK_max=56 cores_clean=56/56 converged=0
ROUND variant=A12_dcci_close run=4 round=7 headOK_min=56 headOK_max=56 cores_clean=56/56 converged=0
ROUND variant=A12_dcci_close run=4 round=8 headOK_min=56 headOK_max=56 cores_clean=56/56 converged=0
ROUND variant=A12_dcci_close run=4 round=9 headOK_min=56 headOK_max=56 cores_clean=56/56 converged=0
ROUND variant=A12_dcci_close run=4 round=10 headOK_min=56 headOK_max=56 cores_clean=56/56 converged=0
ROUND variant=A12_dcci_close run=4 round=11 headOK_min=56 headOK_max=56 cores_clean=56/56 converged=0
ROUND variant=A12_dcci_close run=4 round=12 headOK_min=56 headOK_max=56 cores_clean=56/56 converged=0
ROUND variant=A12_dcci_close run=4 round=13 headOK_min=56 headOK_max=56 cores_clean=56/56 converged=0
ROUND variant=A12_dcci_close run=4 round=14 headOK_min=56 headOK_max=56 cores_clean=56/56 converged=0
ROUND variant=A12_dcci_close run=4 round=15 headOK_min=56 headOK_max=56 cores_clean=56/56 converged=0
COREVIOL variant=A12_dcci_close run=4 0,0,0,0,0,0,0,0,0,0,0,0,0,0,0,0,0,0,0,0,0,0,0,0,0,0,0,0,0,0,0,0,0,0,0,0,0,0,0,0,0,0,0,0,0,0,0,0,0,0,0,0,0,0,0,0
CYCLE variant=A12_dcci_close run=4 -739503082,-739503151,-739503128,-739503175,-739503698,-739504031,-739504591,-739504932,-739503536,-739502993,-739502863,-739503043,-739503297,-739502942,-739502883,-739503343,-739502969,-739503323,-739504355,-739504081,-739504273,-739504445,-739504955,-739504930,-739503437,-739504930,-739503629,-739503913,-739504484,-739504632,-739502927,-739502903,-739503518,-739503570,-739503255,-739503661,-739503109,-739502800,-739504226,-739503549,-739503499,-739503452,-739503644,-739502784,-739503284,-739504034,-739504105,-739502673,-739503352,-739503808,-739502737,-739503048,-739504461,-739504435,-739502879,-739503234
SUMMARY variant=A12_dcci_close run=5 vi=12 bk=1 ck=1 dk=3 fk=1 st=16 wl=64 sep=0 rounds=16 naiv=56 blocks=28 cores_clean=56/56 core_round_clean=896/896 rounds_clean=16/16 headOK_min=56 viol=0 final_head_ok=56 stale=0 zero=0 other=0 scribble=0 rel_spread_max=15276 missing_rows=0 snap=0 rc=0
ROUND variant=A12_dcci_close run=5 round=0 headOK_min=56 headOK_max=56 cores_clean=56/56 converged=0
ROUND variant=A12_dcci_close run=5 round=1 headOK_min=56 headOK_max=56 cores_clean=56/56 converged=0
ROUND variant=A12_dcci_close run=5 round=2 headOK_min=56 headOK_max=56 cores_clean=56/56 converged=0
ROUND variant=A12_dcci_close run=5 round=3 headOK_min=56 headOK_max=56 cores_clean=56/56 converged=0
ROUND variant=A12_dcci_close run=5 round=4 headOK_min=56 headOK_max=56 cores_clean=56/56 converged=0
ROUND variant=A12_dcci_close run=5 round=5 headOK_min=56 headOK_max=56 cores_clean=56/56 converged=0
ROUND variant=A12_dcci_close run=5 round=6 headOK_min=56 headOK_max=56 cores_clean=56/56 converged=0
ROUND variant=A12_dcci_close run=5 round=7 headOK_min=56 headOK_max=56 cores_clean=56/56 converged=0
ROUND variant=A12_dcci_close run=5 round=8 headOK_min=56 headOK_max=56 cores_clean=56/56 converged=0
ROUND variant=A12_dcci_close run=5 round=9 headOK_min=56 headOK_max=56 cores_clean=56/56 converged=0
ROUND variant=A12_dcci_close run=5 round=10 headOK_min=56 headOK_max=56 cores_clean=56/56 converged=0
ROUND variant=A12_dcci_close run=5 round=11 headOK_min=56 headOK_max=56 cores_clean=56/56 converged=0
ROUND variant=A12_dcci_close run=5 round=12 headOK_min=56 headOK_max=56 cores_clean=56/56 converged=0
ROUND variant=A12_dcci_close run=5 round=13 headOK_min=56 headOK_max=56 cores_clean=56/56 converged=0
ROUND variant=A12_dcci_close run=5 round=14 headOK_min=56 headOK_max=56 cores_clean=56/56 converged=0
ROUND variant=A12_dcci_close run=5 round=15 headOK_min=56 headOK_max=56 cores_clean=56/56 converged=0
COREVIOL variant=A12_dcci_close run=5 0,0,0,0,0,0,0,0,0,0,0,0,0,0,0,0,0,0,0,0,0,0,0,0,0,0,0,0,0,0,0,0,0,0,0,0,0,0,0,0,0,0,0,0,0,0,0,0,0,0,0,0,0,0,0,0
CYCLE variant=A12_dcci_close run=5 2050779982,2050779434,2050778616,2050778635,2050780290,2050779076,2050778633,2050778633,2050779871,2050779771,2050780389,2050780335,2050779597,2050779026,2050778913,2050779683,2050779936,2050780219,2050778943,2050780117,2050780150,2050779638,2050778613,2050778615,2050780099,2050779812,2050779325,2050779565,2050778909,2050778821,2050779189,2050780274,2050779540,2050780168,2050778913,2050780590,2050780738,2050780667,2050780029,2050780824,2050779827,2050779603,2050779933,2050780643,2050780416,2050780773,2050780215,2050780143,2050780461,2050780012,2050780131,2050779966,2050780809,2050780729,2050780852,2050780055
SUMMARY variant=A12_dcci_close run=6 vi=12 bk=1 ck=1 dk=3 fk=1 st=16 wl=64 sep=0 rounds=16 naiv=56 blocks=28 cores_clean=56/56 core_round_clean=896/896 rounds_clean=16/16 headOK_min=56 viol=0 final_head_ok=56 stale=0 zero=0 other=0 scribble=0 rel_spread_max=16208 missing_rows=0 snap=0 rc=0
ROUND variant=A12_dcci_close run=6 round=0 headOK_min=56 headOK_max=56 cores_clean=56/56 converged=0
ROUND variant=A12_dcci_close run=6 round=1 headOK_min=56 headOK_max=56 cores_clean=56/56 converged=0
ROUND variant=A12_dcci_close run=6 round=2 headOK_min=56 headOK_max=56 cores_clean=56/56 converged=0
ROUND variant=A12_dcci_close run=6 round=3 headOK_min=56 headOK_max=56 cores_clean=56/56 converged=0
ROUND variant=A12_dcci_close run=6 round=4 headOK_min=56 headOK_max=56 cores_clean=56/56 converged=0
ROUND variant=A12_dcci_close run=6 round=5 headOK_min=56 headOK_max=56 cores_clean=56/56 converged=0
ROUND variant=A12_dcci_close run=6 round=6 headOK_min=56 headOK_max=56 cores_clean=56/56 converged=0
ROUND variant=A12_dcci_close run=6 round=7 headOK_min=56 headOK_max=56 cores_clean=56/56 converged=0
ROUND variant=A12_dcci_close run=6 round=8 headOK_min=56 headOK_max=56 cores_clean=56/56 converged=0
ROUND variant=A12_dcci_close run=6 round=9 headOK_min=56 headOK_max=56 cores_clean=56/56 converged=0
ROUND variant=A12_dcci_close run=6 round=10 headOK_min=56 headOK_max=56 cores_clean=56/56 converged=0
ROUND variant=A12_dcci_close run=6 round=11 headOK_min=56 headOK_max=56 cores_clean=56/56 converged=0
ROUND variant=A12_dcci_close run=6 round=12 headOK_min=56 headOK_max=56 cores_clean=56/56 converged=0
ROUND variant=A12_dcci_close run=6 round=13 headOK_min=56 headOK_max=56 cores_clean=56/56 converged=0
ROUND variant=A12_dcci_close run=6 round=14 headOK_min=56 headOK_max=56 cores_clean=56/56 converged=0
ROUND variant=A12_dcci_close run=6 round=15 headOK_min=56 headOK_max=56 cores_clean=56/56 converged=0
COREVIOL variant=A12_dcci_close run=6 0,0,0,0,0,0,0,0,0,0,0,0,0,0,0,0,0,0,0,0,0,0,0,0,0,0,0,0,0,0,0,0,0,0,0,0,0,0,0,0,0,0,0,0,0,0,0,0,0,0,0,0,0,0,0,0
CYCLE variant=A12_dcci_close run=6 405792188,405792165,405794118,405793970,405792727,405792159,405793872,405793756,405793207,405793609,405792624,405793174,405792476,405792654,405793779,405793827,405792801,405793706,405793154,405792979,405793738,405793951,405792131,405792165,405793424,405793331,405794060,405794037,405792384,405792482,405794222,405794177,405793847,405793179,405793258,405793992,405794113,405794161,405793701,405793276,405792529,405793441,405793633,405793045,405793371,405793124,405793965,405794202,405792660,405792969,405794336,405793936,405793867,405793561,405794060,405794295
SUMMARY variant=A12_dcci_close run=7 vi=12 bk=1 ck=1 dk=3 fk=1 st=16 wl=64 sep=0 rounds=16 naiv=56 blocks=28 cores_clean=56/56 core_round_clean=896/896 rounds_clean=16/16 headOK_min=56 viol=0 final_head_ok=56 stale=0 zero=0 other=0 scribble=0 rel_spread_max=17936 missing_rows=0 snap=0 rc=0
ROUND variant=A12_dcci_close run=7 round=0 headOK_min=56 headOK_max=56 cores_clean=56/56 converged=0
ROUND variant=A12_dcci_close run=7 round=1 headOK_min=56 headOK_max=56 cores_clean=56/56 converged=0
ROUND variant=A12_dcci_close run=7 round=2 headOK_min=56 headOK_max=56 cores_clean=56/56 converged=0
ROUND variant=A12_dcci_close run=7 round=3 headOK_min=56 headOK_max=56 cores_clean=56/56 converged=0
ROUND variant=A12_dcci_close run=7 round=4 headOK_min=56 headOK_max=56 cores_clean=56/56 converged=0
ROUND variant=A12_dcci_close run=7 round=5 headOK_min=56 headOK_max=56 cores_clean=56/56 converged=0
ROUND variant=A12_dcci_close run=7 round=6 headOK_min=56 headOK_max=56 cores_clean=56/56 converged=0
ROUND variant=A12_dcci_close run=7 round=7 headOK_min=56 headOK_max=56 cores_clean=56/56 converged=0
ROUND variant=A12_dcci_close run=7 round=8 headOK_min=56 headOK_max=56 cores_clean=56/56 converged=0
ROUND variant=A12_dcci_close run=7 round=9 headOK_min=56 headOK_max=56 cores_clean=56/56 converged=0
ROUND variant=A12_dcci_close run=7 round=10 headOK_min=56 headOK_max=56 cores_clean=56/56 converged=0
ROUND variant=A12_dcci_close run=7 round=11 headOK_min=56 headOK_max=56 cores_clean=56/56 converged=0
ROUND variant=A12_dcci_close run=7 round=12 headOK_min=56 headOK_max=56 cores_clean=56/56 converged=0
ROUND variant=A12_dcci_close run=7 round=13 headOK_min=56 headOK_max=56 cores_clean=56/56 converged=0
ROUND variant=A12_dcci_close run=7 round=14 headOK_min=56 headOK_max=56 cores_clean=56/56 converged=0
ROUND variant=A12_dcci_close run=7 round=15 headOK_min=56 headOK_max=56 cores_clean=56/56 converged=0
COREVIOL variant=A12_dcci_close run=7 0,0,0,0,0,0,0,0,0,0,0,0,0,0,0,0,0,0,0,0,0,0,0,0,0,0,0,0,0,0,0,0,0,0,0,0,0,0,0,0,0,0,0,0,0,0,0,0,0,0,0,0,0,0,0,0
CYCLE variant=A12_dcci_close run=7 -1971639974,-1971639382,-1971640292,-1971639517,-1971639012,-1971639839,-1971638740,-1971639413,-1971639555,-1971638465,-1971638684,-1971639040,-1971639332,-1971638862,-1971640306,-1971640304,-1971640130,-1971638809,-1971639880,-1971639125,-1971638588,-1971638423,-1971640337,-1971640313,-1971639535,-1971638606,-1971639595,-1971638845,-1971639212,-1971639009,-1971639078,-1971639026,-1971637819,-1971637978,-1971637874,-1971637518,-1971637170,-1971638334,-1971638806,-1971638655,-1971637680,-1971637189,-1971638783,-1971638311,-1971637326,-1971637885,-1971638462,-1971637230,-1971637659,-1971638022,-1971637302,-1971637708,-1971637473,-1971637346,-1971637638,-1971637587
SUMMARY variant=A12_dcci_close run=8 vi=12 bk=1 ck=1 dk=3 fk=1 st=16 wl=64 sep=0 rounds=16 naiv=56 blocks=28 cores_clean=56/56 core_round_clean=896/896 rounds_clean=16/16 headOK_min=56 viol=0 final_head_ok=56 stale=0 zero=0 other=0 scribble=0 rel_spread_max=18963 missing_rows=0 snap=0 rc=0
ROUND variant=A12_dcci_close run=8 round=0 headOK_min=56 headOK_max=56 cores_clean=56/56 converged=0
ROUND variant=A12_dcci_close run=8 round=1 headOK_min=56 headOK_max=56 cores_clean=56/56 converged=0
ROUND variant=A12_dcci_close run=8 round=2 headOK_min=56 headOK_max=56 cores_clean=56/56 converged=0
ROUND variant=A12_dcci_close run=8 round=3 headOK_min=56 headOK_max=56 cores_clean=56/56 converged=0
ROUND variant=A12_dcci_close run=8 round=4 headOK_min=56 headOK_max=56 cores_clean=56/56 converged=0
ROUND variant=A12_dcci_close run=8 round=5 headOK_min=56 headOK_max=56 cores_clean=56/56 converged=0
ROUND variant=A12_dcci_close run=8 round=6 headOK_min=56 headOK_max=56 cores_clean=56/56 converged=0
ROUND variant=A12_dcci_close run=8 round=7 headOK_min=56 headOK_max=56 cores_clean=56/56 converged=0
ROUND variant=A12_dcci_close run=8 round=8 headOK_min=56 headOK_max=56 cores_clean=56/56 converged=0
ROUND variant=A12_dcci_close run=8 round=9 headOK_min=56 headOK_max=56 cores_clean=56/56 converged=0
ROUND variant=A12_dcci_close run=8 round=10 headOK_min=56 headOK_max=56 cores_clean=56/56 converged=0
ROUND variant=A12_dcci_close run=8 round=11 headOK_min=56 headOK_max=56 cores_clean=56/56 converged=0
ROUND variant=A12_dcci_close run=8 round=12 headOK_min=56 headOK_max=56 cores_clean=56/56 converged=0
ROUND variant=A12_dcci_close run=8 round=13 headOK_min=56 headOK_max=56 cores_clean=56/56 converged=0
ROUND variant=A12_dcci_close run=8 round=14 headOK_min=56 headOK_max=56 cores_clean=56/56 converged=0
ROUND variant=A12_dcci_close run=8 round=15 headOK_min=56 headOK_max=56 cores_clean=56/56 converged=0
COREVIOL variant=A12_dcci_close run=8 0,0,0,0,0,0,0,0,0,0,0,0,0,0,0,0,0,0,0,0,0,0,0,0,0,0,0,0,0,0,0,0,0,0,0,0,0,0,0,0,0,0,0,0,0,0,0,0,0,0,0,0,0,0,0,0
CYCLE variant=A12_dcci_close run=8 -1953033634,-1953034234,-1953032958,-1953033242,-1953033553,-1953034447,-1953033051,-1953032978,-1953033471,-1953033298,-1953033068,-1953033115,-1953033396,-1953032921,-1953033096,-1953032825,-1953034431,-1953033345,-1953034344,-1953033978,-1953034154,-1953034441,-1953034470,-1953034463,-1953033176,-1953033741,-1953033680,-1953033208,-1953033646,-1953033749,-1953032825,-1953033213,-1953032930,-1953033521,-1953032105,-1953032129,-1953032977,-1953032785,-1953033451,-1953032222,-1953033144,-1953032140,-1953032296,-1953032319,-1953031812,-1953032261,-1953032061,-1953033631,-1953032643,-1953032713,-1953033351,-1953033177,-1953032594,-1953032901,-1953031897,-1953031967
SUMMARY variant=A12_dcci_close run=9 vi=12 bk=1 ck=1 dk=3 fk=1 st=16 wl=64 sep=0 rounds=16 naiv=56 blocks=28 cores_clean=56/56 core_round_clean=896/896 rounds_clean=16/16 headOK_min=56 viol=0 final_head_ok=56 stale=0 zero=0 other=0 scribble=0 rel_spread_max=18084 missing_rows=0 snap=0 rc=0
ROUND variant=A12_dcci_close run=9 round=0 headOK_min=56 headOK_max=56 cores_clean=56/56 converged=0
ROUND variant=A12_dcci_close run=9 round=1 headOK_min=56 headOK_max=56 cores_clean=56/56 converged=0
ROUND variant=A12_dcci_close run=9 round=2 headOK_min=56 headOK_max=56 cores_clean=56/56 converged=0
ROUND variant=A12_dcci_close run=9 round=3 headOK_min=56 headOK_max=56 cores_clean=56/56 converged=0
ROUND variant=A12_dcci_close run=9 round=4 headOK_min=56 headOK_max=56 cores_clean=56/56 converged=0
ROUND variant=A12_dcci_close run=9 round=5 headOK_min=56 headOK_max=56 cores_clean=56/56 converged=0
ROUND variant=A12_dcci_close run=9 round=6 headOK_min=56 headOK_max=56 cores_clean=56/56 converged=0
ROUND variant=A12_dcci_close run=9 round=7 headOK_min=56 headOK_max=56 cores_clean=56/56 converged=0
ROUND variant=A12_dcci_close run=9 round=8 headOK_min=56 headOK_max=56 cores_clean=56/56 converged=0
ROUND variant=A12_dcci_close run=9 round=9 headOK_min=56 headOK_max=56 cores_clean=56/56 converged=0
ROUND variant=A12_dcci_close run=9 round=10 headOK_min=56 headOK_max=56 cores_clean=56/56 converged=0
ROUND variant=A12_dcci_close run=9 round=11 headOK_min=56 headOK_max=56 cores_clean=56/56 converged=0
ROUND variant=A12_dcci_close run=9 round=12 headOK_min=56 headOK_max=56 cores_clean=56/56 converged=0
ROUND variant=A12_dcci_close run=9 round=13 headOK_min=56 headOK_max=56 cores_clean=56/56 converged=0
ROUND variant=A12_dcci_close run=9 round=14 headOK_min=56 headOK_max=56 cores_clean=56/56 converged=0
ROUND variant=A12_dcci_close run=9 round=15 headOK_min=56 headOK_max=56 cores_clean=56/56 converged=0
COREVIOL variant=A12_dcci_close run=9 0,0,0,0,0,0,0,0,0,0,0,0,0,0,0,0,0,0,0,0,0,0,0,0,0,0,0,0,0,0,0,0,0,0,0,0,0,0,0,0,0,0,0,0,0,0,0,0,0,0,0,0,0,0,0,0
CYCLE variant=A12_dcci_close run=9 507565470,507566569,507565235,507565878,507565683,507565836,507566590,507565777,507564828,507566548,507566404,507566486,507564927,507564659,507565257,507565566,507566114,507566065,507565621,507566421,507566371,507566505,507564632,507564637,507565859,507565093,507565410,507566621,507566416,507566341,507566579,507568253,507568059,507567829,507567519,507567494,507567423,507567908,507567195,507566945,507568022,507566606,507566768,507567142,507567813,507567891,507568213,507568033,507566801,507566851,507568197,507567686,507567107,507567718,507567858,507568302
