SUMMARY variant=A5_close_waits run=1 vi=5 bk=2 ck=1 dk=2 fk=1 st=16 wl=64 sep=0 rounds=16 naiv=56 blocks=28 cores_clean=56/56 core_round_clean=896/896 rounds_clean=16/16 headOK_min=56 viol=0 final_head_ok=56 stale=0 zero=0 other=0 scribble=0 rel_spread_max=38 missing_rows=0 snap=0 rc=0
ROUND variant=A5_close_waits run=1 round=0 headOK_min=56 headOK_max=56 cores_clean=56/56 converged=0
ROUND variant=A5_close_waits run=1 round=1 headOK_min=56 headOK_max=56 cores_clean=56/56 converged=0
ROUND variant=A5_close_waits run=1 round=2 headOK_min=56 headOK_max=56 cores_clean=56/56 converged=0
ROUND variant=A5_close_waits run=1 round=3 headOK_min=56 headOK_max=56 cores_clean=56/56 converged=0
ROUND variant=A5_close_waits run=1 round=4 headOK_min=56 headOK_max=56 cores_clean=56/56 converged=0
ROUND variant=A5_close_waits run=1 round=5 headOK_min=56 headOK_max=56 cores_clean=56/56 converged=0
ROUND variant=A5_close_waits run=1 round=6 headOK_min=56 headOK_max=56 cores_clean=56/56 converged=0
ROUND variant=A5_close_waits run=1 round=7 headOK_min=56 headOK_max=56 cores_clean=56/56 converged=0
ROUND variant=A5_close_waits run=1 round=8 headOK_min=56 headOK_max=56 cores_clean=56/56 converged=0
ROUND variant=A5_close_waits run=1 round=9 headOK_min=56 headOK_max=56 cores_clean=56/56 converged=0
ROUND variant=A5_close_waits run=1 round=10 headOK_min=56 headOK_max=56 cores_clean=56/56 converged=0
ROUND variant=A5_close_waits run=1 round=11 headOK_min=56 headOK_max=56 cores_clean=56/56 converged=0
ROUND variant=A5_close_waits run=1 round=12 headOK_min=56 headOK_max=56 cores_clean=56/56 converged=0
ROUND variant=A5_close_waits run=1 round=13 headOK_min=56 headOK_max=56 cores_clean=56/56 converged=0
ROUND variant=A5_close_waits run=1 round=14 headOK_min=56 headOK_max=56 cores_clean=56/56 converged=0
ROUND variant=A5_close_waits run=1 round=15 headOK_min=56 headOK_max=56 cores_clean=56/56 converged=0
COREVIOL variant=A5_close_waits run=1 0,0,0,0,0,0,0,0,0,0,0,0,0,0,0,0,0,0,0,0,0,0,0,0,0,0,0,0,0,0,0,0,0,0,0,0,0,0,0,0,0,0,0,0,0,0,0,0,0,0,0,0,0,0,0,0
CYCLE variant=A5_close_waits run=1 -542716097,-542715815,-542716955,-542716581,-542716793,-542716848,-542716824,-542717067,-542716487,-542716308,-542715997,-542715590,-542716277,-542716124,-542716688,-542716712,-542716560,-542716075,-542715762,-542715913,-542717323,-542717295,-542715535,-542715423,-542715480,-542715716,-533251912,-533251884,-542717509,-542717512,-542716088,-542716265,-542716162,-542717510,-542715904,-542717510,-542717274,-542715710,-542716701,-542716344,-542716192,-542717207,-542717043,-542716010,-542715885,-542716317,-542715958,-542717502,-542716213,-542716985,-542716885,-542715938,-542717524,-542717123,-542715743,-542716239
SUMMARY variant=A5_close_waits run=2 vi=5 bk=2 ck=1 dk=2 fk=1 st=16 wl=64 sep=0 rounds=16 naiv=56 blocks=28 cores_clean=56/56 core_round_clean=896/896 rounds_clean=16/16 headOK_min=56 viol=0 final_head_ok=56 stale=0 zero=0 other=0 scribble=0 rel_spread_max=38 missing_rows=0 snap=0 rc=0
ROUND variant=A5_close_waits run=2 round=0 headOK_min=56 headOK_max=56 cores_clean=56/56 converged=0
ROUND variant=A5_close_waits run=2 round=1 headOK_min=56 headOK_max=56 cores_clean=56/56 converged=0
ROUND variant=A5_close_waits run=2 round=2 headOK_min=56 headOK_max=56 cores_clean=56/56 converged=0
ROUND variant=A5_close_waits run=2 round=3 headOK_min=56 headOK_max=56 cores_clean=56/56 converged=0
ROUND variant=A5_close_waits run=2 round=4 headOK_min=56 headOK_max=56 cores_clean=56/56 converged=0
ROUND variant=A5_close_waits run=2 round=5 headOK_min=56 headOK_max=56 cores_clean=56/56 converged=0
ROUND variant=A5_close_waits run=2 round=6 headOK_min=56 headOK_max=56 cores_clean=56/56 converged=0
ROUND variant=A5_close_waits run=2 round=7 headOK_min=56 headOK_max=56 cores_clean=56/56 converged=0
ROUND variant=A5_close_waits run=2 round=8 headOK_min=56 headOK_max=56 cores_clean=56/56 converged=0
ROUND variant=A5_close_waits run=2 round=9 headOK_min=56 headOK_max=56 cores_clean=56/56 converged=0
ROUND variant=A5_close_waits run=2 round=10 headOK_min=56 headOK_max=56 cores_clean=56/56 converged=0
ROUND variant=A5_close_waits run=2 round=11 headOK_min=56 headOK_max=56 cores_clean=56/56 converged=0
ROUND variant=A5_close_waits run=2 round=12 headOK_min=56 headOK_max=56 cores_clean=56/56 converged=0
ROUND variant=A5_close_waits run=2 round=13 headOK_min=56 headOK_max=56 cores_clean=56/56 converged=0
ROUND variant=A5_close_waits run=2 round=14 headOK_min=56 headOK_max=56 cores_clean=56/56 converged=0
ROUND variant=A5_close_waits run=2 round=15 headOK_min=56 headOK_max=56 cores_clean=56/56 converged=0
COREVIOL variant=A5_close_waits run=2 0,0,0,0,0,0,0,0,0,0,0,0,0,0,0,0,0,0,0,0,0,0,0,0,0,0,0,0,0,0,0,0,0,0,0,0,0,0,0,0,0,0,0,0,0,0,0,0,0,0,0,0,0,0,0,0
CYCLE variant=A5_close_waits run=2 -731474242,-731473465,-731472477,-731472951,-731473636,-731472723,-731473699,-731472645,-731472562,-731472396,-731472913,-731472532,-731472675,-731472603,-731473194,-731472617,-731473904,-731472416,-731474018,-731473821,-731473651,-731472351,-731474333,-731474132,-731473124,-731472981,-731472452,-731472856,-731473890,-731473864,-731472086,-731472236,-731473739,-731472745,-731472694,-731472362,-731472724,-731472841,-731474041,-731473713,-731472404,-731472261,-731472534,-731472273,-731473551,-731473824,-731473076,-731472178,-731473352,-731473252,-731472447,-731472471,-731473484,-731473382,-731472796,-731472820
SUMMARY variant=A5_close_waits run=3 vi=5 bk=2 ck=1 dk=2 fk=1 st=16 wl=64 sep=0 rounds=16 naiv=56 blocks=28 cores_clean=56/56 core_round_clean=896/896 rounds_clean=16/16 headOK_min=56 viol=0 final_head_ok=56 stale=0 zero=0 other=0 scribble=0 rel_spread_max=38 missing_rows=0 snap=0 rc=0
ROUND variant=A5_close_waits run=3 round=0 headOK_min=56 headOK_max=56 cores_clean=56/56 converged=0
ROUND variant=A5_close_waits run=3 round=1 headOK_min=56 headOK_max=56 cores_clean=56/56 converged=0
ROUND variant=A5_close_waits run=3 round=2 headOK_min=56 headOK_max=56 cores_clean=56/56 converged=0
ROUND variant=A5_close_waits run=3 round=3 headOK_min=56 headOK_max=56 cores_clean=56/56 converged=0
ROUND variant=A5_close_waits run=3 round=4 headOK_min=56 headOK_max=56 cores_clean=56/56 converged=0
ROUND variant=A5_close_waits run=3 round=5 headOK_min=56 headOK_max=56 cores_clean=56/56 converged=0
ROUND variant=A5_close_waits run=3 round=6 headOK_min=56 headOK_max=56 cores_clean=56/56 converged=0
ROUND variant=A5_close_waits run=3 round=7 headOK_min=56 headOK_max=56 cores_clean=56/56 converged=0
ROUND variant=A5_close_waits run=3 round=8 headOK_min=56 headOK_max=56 cores_clean=56/56 converged=0
ROUND variant=A5_close_waits run=3 round=9 headOK_min=56 headOK_max=56 cores_clean=56/56 converged=0
ROUND variant=A5_close_waits run=3 round=10 headOK_min=56 headOK_max=56 cores_clean=56/56 converged=0
ROUND variant=A5_close_waits run=3 round=11 headOK_min=56 headOK_max=56 cores_clean=56/56 converged=0
ROUND variant=A5_close_waits run=3 round=12 headOK_min=56 headOK_max=56 cores_clean=56/56 converged=0
ROUND variant=A5_close_waits run=3 round=13 headOK_min=56 headOK_max=56 cores_clean=56/56 converged=0
ROUND variant=A5_close_waits run=3 round=14 headOK_min=56 headOK_max=56 cores_clean=56/56 converged=0
ROUND variant=A5_close_waits run=3 round=15 headOK_min=56 headOK_max=56 cores_clean=56/56 converged=0
COREVIOL variant=A5_close_waits run=3 0,0,0,0,0,0,0,0,0,0,0,0,0,0,0,0,0,0,0,0,0,0,0,0,0,0,0,0,0,0,0,0,0,0,0,0,0,0,0,0,0,0,0,0,0,0,0,0,0,0,0,0,0,0,0,0
CYCLE variant=A5_close_waits run=3 -886487792,-886488384,-886487714,-886488091,-886489403,-886489117,-886488261,-886488881,-886488486,-886488130,-886488172,-886488643,-886488077,-886487696,-886489022,-886489051,-886489168,-886488292,-886487656,-886488683,-886488188,-886487833,-886488750,-886488607,-886489478,-886488666,-886488423,-886488516,-886488877,-886488851,-886487123,-886487024,-886488684,-886488558,-886487462,-886487414,-886487965,-886486960,-886487187,-886487257,-886487362,-886487715,-886486905,-886487208,-886487383,-886487406,-886487512,-886487797,-886488370,-886488287,-886488190,-886488019,-886486947,-886488049,-886488783,-886488758
SUMMARY variant=A5_close_waits run=4 vi=5 bk=2 ck=1 dk=2 fk=1 st=16 wl=64 sep=0 rounds=16 naiv=56 blocks=28 cores_clean=56/56 core_round_clean=896/896 rounds_clean=16/16 headOK_min=56 viol=0 final_head_ok=56 stale=0 zero=0 other=0 scribble=0 rel_spread_max=38 missing_rows=0 snap=0 rc=0
ROUND variant=A5_close_waits run=4 round=0 headOK_min=56 headOK_max=56 cores_clean=56/56 converged=0
ROUND variant=A5_close_waits run=4 round=1 headOK_min=56 headOK_max=56 cores_clean=56/56 converged=0
ROUND variant=A5_close_waits run=4 round=2 headOK_min=56 headOK_max=56 cores_clean=56/56 converged=0
ROUND variant=A5_close_waits run=4 round=3 headOK_min=56 headOK_max=56 cores_clean=56/56 converged=0
ROUND variant=A5_close_waits run=4 round=4 headOK_min=56 headOK_max=56 cores_clean=56/56 converged=0
ROUND variant=A5_close_waits run=4 round=5 headOK_min=56 headOK_max=56 cores_clean=56/56 converged=0
ROUND variant=A5_close_waits run=4 round=6 headOK_min=56 headOK_max=56 cores_clean=56/56 converged=0
ROUND variant=A5_close_waits run=4 round=7 headOK_min=56 headOK_max=56 cores_clean=56/56 converged=0
ROUND variant=A5_close_waits run=4 round=8 headOK_min=56 headOK_max=56 cores_clean=56/56 converged=0
ROUND variant=A5_close_waits run=4 round=9 headOK_min=56 headOK_max=56 cores_clean=56/56 converged=0
ROUND variant=A5_close_waits run=4 round=10 headOK_min=56 headOK_max=56 cores_clean=56/56 converged=0
ROUND variant=A5_close_waits run=4 round=11 headOK_min=56 headOK_max=56 cores_clean=56/56 converged=0
ROUND variant=A5_close_waits run=4 round=12 headOK_min=56 headOK_max=56 cores_clean=56/56 converged=0
ROUND variant=A5_close_waits run=4 round=13 headOK_min=56 headOK_max=56 cores_clean=56/56 converged=0
ROUND variant=A5_close_waits run=4 round=14 headOK_min=56 headOK_max=56 cores_clean=56/56 converged=0
ROUND variant=A5_close_waits run=4 round=15 headOK_min=56 headOK_max=56 cores_clean=56/56 converged=0
COREVIOL variant=A5_close_waits run=4 0,0,0,0,0,0,0,0,0,0,0,0,0,0,0,0,0,0,0,0,0,0,0,0,0,0,0,0,0,0,0,0,0,0,0,0,0,0,0,0,0,0,0,0,0,0,0,0,0,0,0,0,0,0,0,0
CYCLE variant=A5_close_waits run=4 1887420861,1887420984,1887421694,1887421624,1887422246,1887421169,1887422050,1887421862,1887422414,1887422439,1887420814,1887420911,1887422456,1887422504,1887421644,1887421574,1887422292,1887422537,1887422095,1887422473,1887421034,1887420935,1887420648,1887420596,1887421297,1887421353,1887421888,1887421770,1887420312,1887420948,1887421393,1887420466,1887421061,1887420627,1887422070,1887421260,1887422263,1887421461,1887422355,1887421717,1887422318,1887421917,1887422093,1887422046,1887422395,1887422174,1887420867,1887422209,1887421438,1887421818,1887420573,1887421004,1887421871,1887421168,1887421236,1887422237
SUMMARY variant=A5_close_waits run=5 vi=5 bk=2 ck=1 dk=2 fk=1 st=16 wl=64 sep=0 rounds=16 naiv=56 blocks=28 cores_clean=56/56 core_round_clean=896/896 rounds_clean=16/16 headOK_min=56 viol=0 final_head_ok=56 stale=0 zero=0 other=0 scribble=0 rel_spread_max=38 missing_rows=0 snap=0 rc=0
ROUND variant=A5_close_waits run=5 round=0 headOK_min=56 headOK_max=56 cores_clean=56/56 converged=0
ROUND variant=A5_close_waits run=5 round=1 headOK_min=56 headOK_max=56 cores_clean=56/56 converged=0
ROUND variant=A5_close_waits run=5 round=2 headOK_min=56 headOK_max=56 cores_clean=56/56 converged=0
ROUND variant=A5_close_waits run=5 round=3 headOK_min=56 headOK_max=56 cores_clean=56/56 converged=0
ROUND variant=A5_close_waits run=5 round=4 headOK_min=56 headOK_max=56 cores_clean=56/56 converged=0
ROUND variant=A5_close_waits run=5 round=5 headOK_min=56 headOK_max=56 cores_clean=56/56 converged=0
ROUND variant=A5_close_waits run=5 round=6 headOK_min=56 headOK_max=56 cores_clean=56/56 converged=0
ROUND variant=A5_close_waits run=5 round=7 headOK_min=56 headOK_max=56 cores_clean=56/56 converged=0
ROUND variant=A5_close_waits run=5 round=8 headOK_min=56 headOK_max=56 cores_clean=56/56 converged=0
ROUND variant=A5_close_waits run=5 round=9 headOK_min=56 headOK_max=56 cores_clean=56/56 converged=0
ROUND variant=A5_close_waits run=5 round=10 headOK_min=56 headOK_max=56 cores_clean=56/56 converged=0
ROUND variant=A5_close_waits run=5 round=11 headOK_min=56 headOK_max=56 cores_clean=56/56 converged=0
ROUND variant=A5_close_waits run=5 round=12 headOK_min=56 headOK_max=56 cores_clean=56/56 converged=0
ROUND variant=A5_close_waits run=5 round=13 headOK_min=56 headOK_max=56 cores_clean=56/56 converged=0
ROUND variant=A5_close_waits run=5 round=14 headOK_min=56 headOK_max=56 cores_clean=56/56 converged=0
ROUND variant=A5_close_waits run=5 round=15 headOK_min=56 headOK_max=56 cores_clean=56/56 converged=0
COREVIOL variant=A5_close_waits run=5 0,0,0,0,0,0,0,0,0,0,0,0,0,0,0,0,0,0,0,0,0,0,0,0,0,0,0,0,0,0,0,0,0,0,0,0,0,0,0,0,0,0,0,0,0,0,0,0,0,0,0,0,0,0,0,0
CYCLE variant=A5_close_waits run=5 323982961,323982938,323983149,323982446,323984037,323984215,323983695,323984077,323983613,323983117,323983418,323983512,323983558,323983820,323983644,323983338,323982400,323983185,323983386,323983740,323984180,323984154,323982163,323982168,323984112,323984136,323983297,323984057,323983992,323984268,323985177,323984726,323984092,323984465,323984588,323984540,323985192,323985263,323985305,323985424,323985079,323984843,323985610,323985043,323984421,323984959,323985561,323985872,323985807,323985713,323984167,323984342,323985836,323985918,323985375,323984998
SUMMARY variant=A5_close_waits run=6 vi=5 bk=2 ck=1 dk=2 fk=1 st=16 wl=64 sep=0 rounds=16 naiv=56 blocks=28 cores_clean=56/56 core_round_clean=896/896 rounds_clean=16/16 headOK_min=56 viol=0 final_head_ok=56 stale=0 zero=0 other=0 scribble=0 rel_spread_max=38 missing_rows=0 snap=0 rc=0
ROUND variant=A5_close_waits run=6 round=0 headOK_min=56 headOK_max=56 cores_clean=56/56 converged=0
ROUND variant=A5_close_waits run=6 round=1 headOK_min=56 headOK_max=56 cores_clean=56/56 converged=0
ROUND variant=A5_close_waits run=6 round=2 headOK_min=56 headOK_max=56 cores_clean=56/56 converged=0
ROUND variant=A5_close_waits run=6 round=3 headOK_min=56 headOK_max=56 cores_clean=56/56 converged=0
ROUND variant=A5_close_waits run=6 round=4 headOK_min=56 headOK_max=56 cores_clean=56/56 converged=0
ROUND variant=A5_close_waits run=6 round=5 headOK_min=56 headOK_max=56 cores_clean=56/56 converged=0
ROUND variant=A5_close_waits run=6 round=6 headOK_min=56 headOK_max=56 cores_clean=56/56 converged=0
ROUND variant=A5_close_waits run=6 round=7 headOK_min=56 headOK_max=56 cores_clean=56/56 converged=0
ROUND variant=A5_close_waits run=6 round=8 headOK_min=56 headOK_max=56 cores_clean=56/56 converged=0
ROUND variant=A5_close_waits run=6 round=9 headOK_min=56 headOK_max=56 cores_clean=56/56 converged=0
ROUND variant=A5_close_waits run=6 round=10 headOK_min=56 headOK_max=56 cores_clean=56/56 converged=0
ROUND variant=A5_close_waits run=6 round=11 headOK_min=56 headOK_max=56 cores_clean=56/56 converged=0
ROUND variant=A5_close_waits run=6 round=12 headOK_min=56 headOK_max=56 cores_clean=56/56 converged=0
ROUND variant=A5_close_waits run=6 round=13 headOK_min=56 headOK_max=56 cores_clean=56/56 converged=0
ROUND variant=A5_close_waits run=6 round=14 headOK_min=56 headOK_max=56 cores_clean=56/56 converged=0
ROUND variant=A5_close_waits run=6 round=15 headOK_min=56 headOK_max=56 cores_clean=56/56 converged=0
COREVIOL variant=A5_close_waits run=6 0,0,0,0,0,0,0,0,0,0,0,0,0,0,0,0,0,0,0,0,0,0,0,0,0,0,0,0,0,0,0,0,0,0,0,0,0,0,0,0,0,0,0,0,0,0,0,0,0,0,0,0,0,0,0,0
CYCLE variant=A5_close_waits run=6 -1418154461,-1418154385,-1418153511,-1418153654,-1418153026,-1418153049,-1418154593,-1418154185,-1418153569,-1418153069,-1418153985,-1418153314,-1418154664,-1418154508,-1418154095,-1418153014,-1418153549,-1418153762,-1418153897,-1418153417,-1418153292,-1418153913,-1418154541,-1418153945,-1418154918,-1418154911,-1418152889,-1418153601,-1418152972,-1418152626,-1418151431,-1418151927,-1418151584,-1418152055,-1418151421,-1418152733,-1418152409,-1418152311,-1418151775,-1418151277,-1418151978,-1418152259,-1418152759,-1418151707,-1418152215,-1418151886,-1418151353,-1418151235,-1418152170,-1418152457,-1418151249,-1418151532,-1418152797,-1418152773,-1418151871,-1418153024
SUMMARY variant=A5_close_waits run=7 vi=5 bk=2 ck=1 dk=2 fk=1 st=16 wl=64 sep=0 rounds=16 naiv=56 blocks=28 cores_clean=56/56 core_round_clean=896/896 rounds_clean=16/16 headOK_min=56 viol=0 final_head_ok=56 stale=0 zero=0 other=0 scribble=0 rel_spread_max=38 missing_rows=0 snap=0 rc=0
ROUND variant=A5_close_waits run=7 round=0 headOK_min=56 headOK_max=56 cores_clean=56/56 converged=0
ROUND variant=A5_close_waits run=7 round=1 headOK_min=56 headOK_max=56 cores_clean=56/56 converged=0
ROUND variant=A5_close_waits run=7 round=2 headOK_min=56 headOK_max=56 cores_clean=56/56 converged=0
ROUND variant=A5_close_waits run=7 round=3 headOK_min=56 headOK_max=56 cores_clean=56/56 converged=0
ROUND variant=A5_close_waits run=7 round=4 headOK_min=56 headOK_max=56 cores_clean=56/56 converged=0
ROUND variant=A5_close_waits run=7 round=5 headOK_min=56 headOK_max=56 cores_clean=56/56 converged=0
ROUND variant=A5_close_waits run=7 round=6 headOK_min=56 headOK_max=56 cores_clean=56/56 converged=0
ROUND variant=A5_close_waits run=7 round=7 headOK_min=56 headOK_max=56 cores_clean=56/56 converged=0
ROUND variant=A5_close_waits run=7 round=8 headOK_min=56 headOK_max=56 cores_clean=56/56 converged=0
ROUND variant=A5_close_waits run=7 round=9 headOK_min=56 headOK_max=56 cores_clean=56/56 converged=0
ROUND variant=A5_close_waits run=7 round=10 headOK_min=56 headOK_max=56 cores_clean=56/56 converged=0
ROUND variant=A5_close_waits run=7 round=11 headOK_min=56 headOK_max=56 cores_clean=56/56 converged=0
ROUND variant=A5_close_waits run=7 round=12 headOK_min=56 headOK_max=56 cores_clean=56/56 converged=0
ROUND variant=A5_close_waits run=7 round=13 headOK_min=56 headOK_max=56 cores_clean=56/56 converged=0
ROUND variant=A5_close_waits run=7 round=14 headOK_min=56 headOK_max=56 cores_clean=56/56 converged=0
ROUND variant=A5_close_waits run=7 round=15 headOK_min=56 headOK_max=56 cores_clean=56/56 converged=0
COREVIOL variant=A5_close_waits run=7 0,0,0,0,0,0,0,0,0,0,0,0,0,0,0,0,0,0,0,0,0,0,0,0,0,0,0,0,0,0,0,0,0,0,0,0,0,0,0,0,0,0,0,0,0,0,0,0,0,0,0,0,0,0,0,0
CYCLE variant=A5_close_waits run=7 -357356842,-357357558,-357357898,-357358629,-357357461,-357357390,-357358363,-357358259,-357357765,-357357433,-357357298,-357356943,-357357719,-357358399,-357357351,-357357018,-357358420,-357358075,-357356899,-357356871,-357356986,-357356915,-357358718,-357358574,-357357051,-357356803,-357357840,-357357911,-357357898,-357357797,-357356135,-357356039,-357357099,-357356573,-357356411,-357356957,-357356476,-357357367,-357357349,-357357541,-357356423,-357357684,-357356888,-357357471,-357356710,-357356378,-357357131,-357355898,-357356024,-357357748,-357356292,-357356124,-357355915,-357355975,-357356938,-357357282
SUMMARY variant=A5_close_waits run=8 vi=5 bk=2 ck=1 dk=2 fk=1 st=16 wl=64 sep=0 rounds=16 naiv=56 blocks=28 cores_clean=56/56 core_round_clean=896/896 rounds_clean=16/16 headOK_min=56 viol=0 final_head_ok=56 stale=0 zero=0 other=0 scribble=0 rel_spread_max=37 missing_rows=0 snap=0 rc=0
ROUND variant=A5_close_waits run=8 round=0 headOK_min=56 headOK_max=56 cores_clean=56/56 converged=0
ROUND variant=A5_close_waits run=8 round=1 headOK_min=56 headOK_max=56 cores_clean=56/56 converged=0
ROUND variant=A5_close_waits run=8 round=2 headOK_min=56 headOK_max=56 cores_clean=56/56 converged=0
ROUND variant=A5_close_waits run=8 round=3 headOK_min=56 headOK_max=56 cores_clean=56/56 converged=0
ROUND variant=A5_close_waits run=8 round=4 headOK_min=56 headOK_max=56 cores_clean=56/56 converged=0
ROUND variant=A5_close_waits run=8 round=5 headOK_min=56 headOK_max=56 cores_clean=56/56 converged=0
ROUND variant=A5_close_waits run=8 round=6 headOK_min=56 headOK_max=56 cores_clean=56/56 converged=0
ROUND variant=A5_close_waits run=8 round=7 headOK_min=56 headOK_max=56 cores_clean=56/56 converged=0
ROUND variant=A5_close_waits run=8 round=8 headOK_min=56 headOK_max=56 cores_clean=56/56 converged=0
ROUND variant=A5_close_waits run=8 round=9 headOK_min=56 headOK_max=56 cores_clean=56/56 converged=0
ROUND variant=A5_close_waits run=8 round=10 headOK_min=56 headOK_max=56 cores_clean=56/56 converged=0
ROUND variant=A5_close_waits run=8 round=11 headOK_min=56 headOK_max=56 cores_clean=56/56 converged=0
ROUND variant=A5_close_waits run=8 round=12 headOK_min=56 headOK_max=56 cores_clean=56/56 converged=0
ROUND variant=A5_close_waits run=8 round=13 headOK_min=56 headOK_max=56 cores_clean=56/56 converged=0
ROUND variant=A5_close_waits run=8 round=14 headOK_min=56 headOK_max=56 cores_clean=56/56 converged=0
ROUND variant=A5_close_waits run=8 round=15 headOK_min=56 headOK_max=56 cores_clean=56/56 converged=0
COREVIOL variant=A5_close_waits run=8 0,0,0,0,0,0,0,0,0,0,0,0,0,0,0,0,0,0,0,0,0,0,0,0,0,0,0,0,0,0,0,0,0,0,0,0,0,0,0,0,0,0,0,0,0,0,0,0,0,0,0,0,0,0,0,0
CYCLE variant=A5_close_waits run=8 -403910153,-403910594,-403909969,-403909610,-403909443,-403910258,-403908872,-403909946,-403909652,-403910236,-403908934,-403909468,-403909823,-403910465,-403909025,-403908839,-403910104,-403910334,-403909332,-403909841,-403909079,-403909103,-403910775,-403910775,-403909287,-403910001,-403909483,-403908668,-403908688,-403907817,-403907493,-403906832,-403907459,-403907841,-403908132,-403908656,-403907385,-403907563,-403907993,-403907768,-403907319,-403907752,-403908313,-403908364,-403906777,-403906910,-403907153,-403906948,-403908496,-403907696,-403908596,-403906720,-403908030,-403907930,-403907106,-403906876
SUMMARY variant=A5_close_waits run=9 vi=5 bk=2 ck=1 dk=2 fk=1 st=16 wl=64 sep=0 rounds=16 naiv=56 blocks=28 cores_clean=56/56 core_round_clean=896/896 rounds_clean=16/16 headOK_min=56 viol=0 final_head_ok=56 stale=0 zero=0 other=0 scribble=0 rel_spread_max=38 missing_rows=0 snap=0 rc=0
ROUND variant=A5_close_waits run=9 round=0 headOK_min=56 headOK_max=56 cores_clean=56/56 converged=0
ROUND variant=A5_close_waits run=9 round=1 headOK_min=56 headOK_max=56 cores_clean=56/56 converged=0
ROUND variant=A5_close_waits run=9 round=2 headOK_min=56 headOK_max=56 cores_clean=56/56 converged=0
ROUND variant=A5_close_waits run=9 round=3 headOK_min=56 headOK_max=56 cores_clean=56/56 converged=0
ROUND variant=A5_close_waits run=9 round=4 headOK_min=56 headOK_max=56 cores_clean=56/56 converged=0
ROUND variant=A5_close_waits run=9 round=5 headOK_min=56 headOK_max=56 cores_clean=56/56 converged=0
ROUND variant=A5_close_waits run=9 round=6 headOK_min=56 headOK_max=56 cores_clean=56/56 converged=0
ROUND variant=A5_close_waits run=9 round=7 headOK_min=56 headOK_max=56 cores_clean=56/56 converged=0
ROUND variant=A5_close_waits run=9 round=8 headOK_min=56 headOK_max=56 cores_clean=56/56 converged=0
ROUND variant=A5_close_waits run=9 round=9 headOK_min=56 headOK_max=56 cores_clean=56/56 converged=0
ROUND variant=A5_close_waits run=9 round=10 headOK_min=56 headOK_max=56 cores_clean=56/56 converged=0
ROUND variant=A5_close_waits run=9 round=11 headOK_min=56 headOK_max=56 cores_clean=56/56 converged=0
ROUND variant=A5_close_waits run=9 round=12 headOK_min=56 headOK_max=56 cores_clean=56/56 converged=0
ROUND variant=A5_close_waits run=9 round=13 headOK_min=56 headOK_max=56 cores_clean=56/56 converged=0
ROUND variant=A5_close_waits run=9 round=14 headOK_min=56 headOK_max=56 cores_clean=56/56 converged=0
ROUND variant=A5_close_waits run=9 round=15 headOK_min=56 headOK_max=56 cores_clean=56/56 converged=0
COREVIOL variant=A5_close_waits run=9 0,0,0,0,0,0,0,0,0,0,0,0,0,0,0,0,0,0,0,0,0,0,0,0,0,0,0,0,0,0,0,0,0,0,0,0,0,0,0,0,0,0,0,0,0,0,0,0,0,0,0,0,0,0,0,0
CYCLE variant=A5_close_waits run=9 364604573,364604655,364605200,364605821,364606187,364606462,364606273,364606481,364605551,364606049,364605475,364605617,364606095,364605859,364606425,364605943,364605313,364606383,364605424,364606111,364605261,364604684,364605134,364605758,364606029,364605723,364605234,364605091,364605140,364605009,364606869,364606611,364606459,364605211,364606219,364606643,364606413,364606838,364606762,364606940,364606018,364606923,364605472,364605618,364606889,364606159,364605813,364606499,364606438,364605752,364606479,364606969,364605238,364606393,364606286,364605862
