SUMMARY variant=A16_fid_fixed_close run=1 vi=16 bk=1 ck=1 dk=2 fk=2 st=16 wl=64 sep=0 rounds=16 naiv=56 blocks=28 cores_clean=56/56 core_round_clean=896/896 rounds_clean=16/16 headOK_min=56 viol=0 final_head_ok=56 stale=0 zero=0 other=0 scribble=0 rel_spread_max=15050 missing_rows=0 snap=0 rc=0
ROUND variant=A16_fid_fixed_close run=1 round=0 headOK_min=56 headOK_max=56 cores_clean=56/56 converged=0
ROUND variant=A16_fid_fixed_close run=1 round=1 headOK_min=56 headOK_max=56 cores_clean=56/56 converged=0
ROUND variant=A16_fid_fixed_close run=1 round=2 headOK_min=56 headOK_max=56 cores_clean=56/56 converged=0
ROUND variant=A16_fid_fixed_close run=1 round=3 headOK_min=56 headOK_max=56 cores_clean=56/56 converged=0
ROUND variant=A16_fid_fixed_close run=1 round=4 headOK_min=56 headOK_max=56 cores_clean=56/56 converged=0
ROUND variant=A16_fid_fixed_close run=1 round=5 headOK_min=56 headOK_max=56 cores_clean=56/56 converged=0
ROUND variant=A16_fid_fixed_close run=1 round=6 headOK_min=56 headOK_max=56 cores_clean=56/56 converged=0
ROUND variant=A16_fid_fixed_close run=1 round=7 headOK_min=56 headOK_max=56 cores_clean=56/56 converged=0
ROUND variant=A16_fid_fixed_close run=1 round=8 headOK_min=56 headOK_max=56 cores_clean=56/56 converged=0
ROUND variant=A16_fid_fixed_close run=1 round=9 headOK_min=56 headOK_max=56 cores_clean=56/56 converged=0
ROUND variant=A16_fid_fixed_close run=1 round=10 headOK_min=56 headOK_max=56 cores_clean=56/56 converged=0
ROUND variant=A16_fid_fixed_close run=1 round=11 headOK_min=56 headOK_max=56 cores_clean=56/56 converged=0
ROUND variant=A16_fid_fixed_close run=1 round=12 headOK_min=56 headOK_max=56 cores_clean=56/56 converged=0
ROUND variant=A16_fid_fixed_close run=1 round=13 headOK_min=56 headOK_max=56 cores_clean=56/56 converged=0
ROUND variant=A16_fid_fixed_close run=1 round=14 headOK_min=56 headOK_max=56 cores_clean=56/56 converged=0
ROUND variant=A16_fid_fixed_close run=1 round=15 headOK_min=56 headOK_max=56 cores_clean=56/56 converged=0
COREVIOL variant=A16_fid_fixed_close run=1 0,0,0,0,0,0,0,0,0,0,0,0,0,0,0,0,0,0,0,0,0,0,0,0,0,0,0,0,0,0,0,0,0,0,0,0,0,0,0,0,0,0,0,0,0,0,0,0,0,0,0,0,0,0,0,0
CYCLE variant=A16_fid_fixed_close run=1 -1612200080,-1612200234,-1612200032,-1612198563,-1612199231,-1612199561,-1612198824,-1612198674,-1612199698,-1612199772,-1612198856,-1612200191,-1612199005,-1612198510,-1612199437,-1612199852,-1612199979,-1612199210,-1612198625,-1612199184,-1612199053,-1612198977,-1612200574,-1612199158,-1612198957,-1612198654,-1612198602,-1612200371,-1612200060,-1612199882,-1612199933,-1612199555,-1612199282,-1612199505,-1612198947,-1612198819,-1612199326,-1612199224,-1612198365,-1612198440,-1612198620,-1612198390,-1612199354,-1612199201,-1612198668,-1612198871,-1612199175,-1612199523,-1612199799,-1612199774,-1612198543,-1612199102,-1612198124,-1612198094,-1612198308,-1612198175
SUMMARY variant=A16_fid_fixed_close run=2 vi=16 bk=1 ck=1 dk=2 fk=2 st=16 wl=64 sep=0 rounds=16 naiv=56 blocks=28 cores_clean=56/56 core_round_clean=896/896 rounds_clean=16/16 headOK_min=56 viol=0 final_head_ok=56 stale=0 zero=0 other=0 scribble=0 rel_spread_max=16685 missing_rows=0 snap=0 rc=0
ROUND variant=A16_fid_fixed_close run=2 round=0 headOK_min=56 headOK_max=56 cores_clean=56/56 converged=0
ROUND variant=A16_fid_fixed_close run=2 round=1 headOK_min=56 headOK_max=56 cores_clean=56/56 converged=0
ROUND variant=A16_fid_fixed_close run=2 round=2 headOK_min=56 headOK_max=56 cores_clean=56/56 converged=0
ROUND variant=A16_fid_fixed_close run=2 round=3 headOK_min=56 headOK_max=56 cores_clean=56/56 converged=0
ROUND variant=A16_fid_fixed_close run=2 round=4 headOK_min=56 headOK_max=56 cores_clean=56/56 converged=0
ROUND variant=A16_fid_fixed_close run=2 round=5 headOK_min=56 headOK_max=56 cores_clean=56/56 converged=0
ROUND variant=A16_fid_fixed_close run=2 round=6 headOK_min=56 headOK_max=56 cores_clean=56/56 converged=0
ROUND variant=A16_fid_fixed_close run=2 round=7 headOK_min=56 headOK_max=56 cores_clean=56/56 converged=0
ROUND variant=A16_fid_fixed_close run=2 round=8 headOK_min=56 headOK_max=56 cores_clean=56/56 converged=0
ROUND variant=A16_fid_fixed_close run=2 round=9 headOK_min=56 headOK_max=56 cores_clean=56/56 converged=0
ROUND variant=A16_fid_fixed_close run=2 round=10 headOK_min=56 headOK_max=56 cores_clean=56/56 converged=0
ROUND variant=A16_fid_fixed_close run=2 round=11 headOK_min=56 headOK_max=56 cores_clean=56/56 converged=0
ROUND variant=A16_fid_fixed_close run=2 round=12 headOK_min=56 headOK_max=56 cores_clean=56/56 converged=0
ROUND variant=A16_fid_fixed_close run=2 round=13 headOK_min=56 headOK_max=56 cores_clean=56/56 converged=0
ROUND variant=A16_fid_fixed_close run=2 round=14 headOK_min=56 headOK_max=56 cores_clean=56/56 converged=0
ROUND variant=A16_fid_fixed_close run=2 round=15 headOK_min=56 headOK_max=56 cores_clean=56/56 converged=0
COREVIOL variant=A16_fid_fixed_close run=2 0,0,0,0,0,0,0,0,0,0,0,0,0,0,0,0,0,0,0,0,0,0,0,0,0,0,0,0,0,0,0,0,0,0,0,0,0,0,0,0,0,0,0,0,0,0,0,0,0,0,0,0,0,0,0,0
CYCLE variant=A16_fid_fixed_close run=2 1079487705,1079488120,1079488915,1079489348,1079488649,1079489538,1079487862,1079489040,1079487789,1079487801,1079489110,1079489677,1079489186,1079488375,1079489374,1079488030,1079489565,1079488878,1079487944,1079488737,1079489243,1079489067,1079489503,1079489301,1079488328,1079489709,1079489170,1079488992,1079488874,1079489063,1079488979,1079489129,1079490207,1079490310,1079490388,1079488745,1079489899,1079488556,1079490127,1079490432,1079490447,1079490397,1079489816,1079490333,1079490616,1079490349,1079489462,1079490004,1079488788,1079488626,1079490070,1079490507,1079489248,1079489472,1079488766,1079490596
SUMMARY variant=A16_fid_fixed_close run=3 vi=16 bk=1 ck=1 dk=2 fk=2 st=16 wl=64 sep=0 rounds=16 naiv=56 blocks=28 cores_clean=56/56 core_round_clean=896/896 rounds_clean=16/16 headOK_min=56 viol=0 final_head_ok=56 stale=0 zero=0 other=0 scribble=0 rel_spread_max=15553 missing_rows=0 snap=0 rc=0
ROUND variant=A16_fid_fixed_close run=3 round=0 headOK_min=56 headOK_max=56 cores_clean=56/56 converged=0
ROUND variant=A16_fid_fixed_close run=3 round=1 headOK_min=56 headOK_max=56 cores_clean=56/56 converged=0
ROUND variant=A16_fid_fixed_close run=3 round=2 headOK_min=56 headOK_max=56 cores_clean=56/56 converged=0
ROUND variant=A16_fid_fixed_close run=3 round=3 headOK_min=56 headOK_max=56 cores_clean=56/56 converged=0
ROUND variant=A16_fid_fixed_close run=3 round=4 headOK_min=56 headOK_max=56 cores_clean=56/56 converged=0
ROUND variant=A16_fid_fixed_close run=3 round=5 headOK_min=56 headOK_max=56 cores_clean=56/56 converged=0
ROUND variant=A16_fid_fixed_close run=3 round=6 headOK_min=56 headOK_max=56 cores_clean=56/56 converged=0
ROUND variant=A16_fid_fixed_close run=3 round=7 headOK_min=56 headOK_max=56 cores_clean=56/56 converged=0
ROUND variant=A16_fid_fixed_close run=3 round=8 headOK_min=56 headOK_max=56 cores_clean=56/56 converged=0
ROUND variant=A16_fid_fixed_close run=3 round=9 headOK_min=56 headOK_max=56 cores_clean=56/56 converged=0
ROUND variant=A16_fid_fixed_close run=3 round=10 headOK_min=56 headOK_max=56 cores_clean=56/56 converged=0
ROUND variant=A16_fid_fixed_close run=3 round=11 headOK_min=56 headOK_max=56 cores_clean=56/56 converged=0
ROUND variant=A16_fid_fixed_close run=3 round=12 headOK_min=56 headOK_max=56 cores_clean=56/56 converged=0
ROUND variant=A16_fid_fixed_close run=3 round=13 headOK_min=56 headOK_max=56 cores_clean=56/56 converged=0
ROUND variant=A16_fid_fixed_close run=3 round=14 headOK_min=56 headOK_max=56 cores_clean=56/56 converged=0
ROUND variant=A16_fid_fixed_close run=3 round=15 headOK_min=56 headOK_max=56 cores_clean=56/56 converged=0
COREVIOL variant=A16_fid_fixed_close run=3 0,0,0,0,0,0,0,0,0,0,0,0,0,0,0,0,0,0,0,0,0,0,0,0,0,0,0,0,0,0,0,0,0,0,0,0,0,0,0,0,0,0,0,0,0,0,0,0,0,0,0,0,0,0,0,0
CYCLE variant=A16_fid_fixed_close run=3 -1401960138,-1401960084,-1401959519,-1401958824,-1401960062,-1401959242,-1401959574,-1401958928,-1401958494,-1401959398,-1401958782,-1401958731,-1401958660,-1401958710,-1401960215,-1401959917,-1401959070,-1401959094,-1401958855,-1401958804,-1401958757,-1401958513,-1401960232,-1401960227,-1401959500,-1401959194,-1401958568,-1401958881,-1401959324,-1401959402,-1401957845,-1401957450,-1401957496,-1401957523,-1401959503,-1401957854,-1401958219,-1401958294,-1401957710,-1401957963,-1401958866,-1401958585,-1401959201,-1401959227,-1401958329,-1401957793,-1401959059,-1401958932,-1401958683,-1401958606,-1401958551,-1401958963,-1401957615,-1401957475,-1401958907,-1401958238
SUMMARY variant=A16_fid_fixed_close run=4 vi=16 bk=1 ck=1 dk=2 fk=2 st=16 wl=64 sep=0 rounds=16 naiv=56 blocks=28 cores_clean=56/56 core_round_clean=896/896 rounds_clean=16/16 headOK_min=56 viol=0 final_head_ok=56 stale=0 zero=0 other=0 scribble=0 rel_spread_max=17878 missing_rows=0 snap=0 rc=0
ROUND variant=A16_fid_fixed_close run=4 round=0 headOK_min=56 headOK_max=56 cores_clean=56/56 converged=0
ROUND variant=A16_fid_fixed_close run=4 round=1 headOK_min=56 headOK_max=56 cores_clean=56/56 converged=0
ROUND variant=A16_fid_fixed_close run=4 round=2 headOK_min=56 headOK_max=56 cores_clean=56/56 converged=0
ROUND variant=A16_fid_fixed_close run=4 round=3 headOK_min=56 headOK_max=56 cores_clean=56/56 converged=0
ROUND variant=A16_fid_fixed_close run=4 round=4 headOK_min=56 headOK_max=56 cores_clean=56/56 converged=0
ROUND variant=A16_fid_fixed_close run=4 round=5 headOK_min=56 headOK_max=56 cores_clean=56/56 converged=0
ROUND variant=A16_fid_fixed_close run=4 round=6 headOK_min=56 headOK_max=56 cores_clean=56/56 converged=0
ROUND variant=A16_fid_fixed_close run=4 round=7 headOK_min=56 headOK_max=56 cores_clean=56/56 converged=0
ROUND variant=A16_fid_fixed_close run=4 round=8 headOK_min=56 headOK_max=56 cores_clean=56/56 converged=0
ROUND variant=A16_fid_fixed_close run=4 round=9 headOK_min=56 headOK_max=56 cores_clean=56/56 converged=0
ROUND variant=A16_fid_fixed_close run=4 round=10 headOK_min=56 headOK_max=56 cores_clean=56/56 converged=0
ROUND variant=A16_fid_fixed_close run=4 round=11 headOK_min=56 headOK_max=56 cores_clean=56/56 converged=0
ROUND variant=A16_fid_fixed_close run=4 round=12 headOK_min=56 headOK_max=56 cores_clean=56/56 converged=0
ROUND variant=A16_fid_fixed_close run=4 round=13 headOK_min=56 headOK_max=56 cores_clean=56/56 converged=0
ROUND variant=A16_fid_fixed_close run=4 round=14 headOK_min=56 headOK_max=56 cores_clean=56/56 converged=0
ROUND variant=A16_fid_fixed_close run=4 round=15 headOK_min=56 headOK_max=56 cores_clean=56/56 converged=0
COREVIOL variant=A16_fid_fixed_close run=4 0,0,0,0,0,0,0,0,0,0,0,0,0,0,0,0,0,0,0,0,0,0,0,0,0,0,0,0,0,0,0,0,0,0,0,0,0,0,0,0,0,0,0,0,0,0,0,0,0,0,0,0,0,0,0,0
CYCLE variant=A16_fid_fixed_close run=4 1177656390,1177656316,1177655814,1177655993,1177657427,1177657506,1177656596,1177656119,1177656736,1177656559,1177656266,1177656035,1177657120,1177657273,1177657003,1177656493,1177656506,1177657448,1177657052,1177656171,1177656820,1177657202,1177655554,1177655940,1177657299,1177657402,1177656644,1177656874,1177656536,1177656823,1177657437,1177656915,1177657956,1177658520,1177657782,1177657885,1177658544,1177656667,1177657394,1177657471,1177658592,1177658404,1177657548,1177657274,1177657743,1177657642,1177657374,1177656803,1177657413,1177657567,1177658259,1177658081,1177657338,1177657239,1177658577,1177658444
SUMMARY variant=A16_fid_fixed_close run=5 vi=16 bk=1 ck=1 dk=2 fk=2 st=16 wl=64 sep=0 rounds=16 naiv=56 blocks=28 cores_clean=56/56 core_round_clean=896/896 rounds_clean=16/16 headOK_min=56 viol=0 final_head_ok=56 stale=0 zero=0 other=0 scribble=0 rel_spread_max=20582437 missing_rows=0 snap=0 rc=0
ROUND variant=A16_fid_fixed_close run=5 round=0 headOK_min=56 headOK_max=56 cores_clean=56/56 converged=0
ROUND variant=A16_fid_fixed_close run=5 round=1 headOK_min=56 headOK_max=56 cores_clean=56/56 converged=0
ROUND variant=A16_fid_fixed_close run=5 round=2 headOK_min=56 headOK_max=56 cores_clean=56/56 converged=0
ROUND variant=A16_fid_fixed_close run=5 round=3 headOK_min=56 headOK_max=56 cores_clean=56/56 converged=0
ROUND variant=A16_fid_fixed_close run=5 round=4 headOK_min=56 headOK_max=56 cores_clean=56/56 converged=0
ROUND variant=A16_fid_fixed_close run=5 round=5 headOK_min=56 headOK_max=56 cores_clean=56/56 converged=0
ROUND variant=A16_fid_fixed_close run=5 round=6 headOK_min=56 headOK_max=56 cores_clean=56/56 converged=0
ROUND variant=A16_fid_fixed_close run=5 round=7 headOK_min=56 headOK_max=56 cores_clean=56/56 converged=0
ROUND variant=A16_fid_fixed_close run=5 round=8 headOK_min=56 headOK_max=56 cores_clean=56/56 converged=0
ROUND variant=A16_fid_fixed_close run=5 round=9 headOK_min=56 headOK_max=56 cores_clean=56/56 converged=0
ROUND variant=A16_fid_fixed_close run=5 round=10 headOK_min=56 headOK_max=56 cores_clean=56/56 converged=0
ROUND variant=A16_fid_fixed_close run=5 round=11 headOK_min=56 headOK_max=56 cores_clean=56/56 converged=0
ROUND variant=A16_fid_fixed_close run=5 round=12 headOK_min=56 headOK_max=56 cores_clean=56/56 converged=0
ROUND variant=A16_fid_fixed_close run=5 round=13 headOK_min=56 headOK_max=56 cores_clean=56/56 converged=0
ROUND variant=A16_fid_fixed_close run=5 round=14 headOK_min=56 headOK_max=56 cores_clean=56/56 converged=0
ROUND variant=A16_fid_fixed_close run=5 round=15 headOK_min=56 headOK_max=56 cores_clean=56/56 converged=0
COREVIOL variant=A16_fid_fixed_close run=5 0,0,0,0,0,0,0,0,0,0,0,0,0,0,0,0,0,0,0,0,0,0,0,0,0,0,0,0,0,0,0,0,0,0,0,0,0,0,0,0,0,0,0,0,0,0,0,0,0,0,0,0,0,0,0,0
CYCLE variant=A16_fid_fixed_close run=5 1633128760,1633128756,1633129507,1633129096,1633129760,1633129260,1633129587,1633130385,1633129995,1633128781,1633129320,1633130138,1633129290,1633130213,1633129479,1633129532,1633130296,1633128871,1633130110,1633129907,1633128749,1633128776,1633129425,1633129182,1633129938,1633129123,1653711521,1653711495,1633129732,1633129529,1633130560,1633130947,1633131097,1633131621,1633131246,1633131297,1633131422,1633130912,1633130045,1633131198,1633131536,1633130508,1633130966,1633130304,1633131018,1633131121,1633131396,1633129694,1633130787,1633129990,1633131383,1633131571,1633130461,1633130024,1633131174,1633130533
SUMMARY variant=A16_fid_fixed_close run=6 vi=16 bk=1 ck=1 dk=2 fk=2 st=16 wl=64 sep=0 rounds=16 naiv=56 blocks=28 cores_clean=56/56 core_round_clean=896/896 rounds_clean=16/16 headOK_min=56 viol=0 final_head_ok=56 stale=0 zero=0 other=0 scribble=0 rel_spread_max=15629 missing_rows=0 snap=0 rc=0
ROUND variant=A16_fid_fixed_close run=6 round=0 headOK_min=56 headOK_max=56 cores_clean=56/56 converged=0
ROUND variant=A16_fid_fixed_close run=6 round=1 headOK_min=56 headOK_max=56 cores_clean=56/56 converged=0
ROUND variant=A16_fid_fixed_close run=6 round=2 headOK_min=56 headOK_max=56 cores_clean=56/56 converged=0
ROUND variant=A16_fid_fixed_close run=6 round=3 headOK_min=56 headOK_max=56 cores_clean=56/56 converged=0
ROUND variant=A16_fid_fixed_close run=6 round=4 headOK_min=56 headOK_max=56 cores_clean=56/56 converged=0
ROUND variant=A16_fid_fixed_close run=6 round=5 headOK_min=56 headOK_max=56 cores_clean=56/56 converged=0
ROUND variant=A16_fid_fixed_close run=6 round=6 headOK_min=56 headOK_max=56 cores_clean=56/56 converged=0
ROUND variant=A16_fid_fixed_close run=6 round=7 headOK_min=56 headOK_max=56 cores_clean=56/56 converged=0
ROUND variant=A16_fid_fixed_close run=6 round=8 headOK_min=56 headOK_max=56 cores_clean=56/56 converged=0
ROUND variant=A16_fid_fixed_close run=6 round=9 headOK_min=56 headOK_max=56 cores_clean=56/56 converged=0
ROUND variant=A16_fid_fixed_close run=6 round=10 headOK_min=56 headOK_max=56 cores_clean=56/56 converged=0
ROUND variant=A16_fid_fixed_close run=6 round=11 headOK_min=56 headOK_max=56 cores_clean=56/56 converged=0
ROUND variant=A16_fid_fixed_close run=6 round=12 headOK_min=56 headOK_max=56 cores_clean=56/56 converged=0
ROUND variant=A16_fid_fixed_close run=6 round=13 headOK_min=56 headOK_max=56 cores_clean=56/56 converged=0
ROUND variant=A16_fid_fixed_close run=6 round=14 headOK_min=56 headOK_max=56 cores_clean=56/56 converged=0
ROUND variant=A16_fid_fixed_close run=6 round=15 headOK_min=56 headOK_max=56 cores_clean=56/56 converged=0
COREVIOL variant=A16_fid_fixed_close run=6 0,0,0,0,0,0,0,0,0,0,0,0,0,0,0,0,0,0,0,0,0,0,0,0,0,0,0,0,0,0,0,0,0,0,0,0,0,0,0,0,0,0,0,0,0,0,0,0,0,0,0,0,0,0,0,0
CYCLE variant=A16_fid_fixed_close run=6 -2115265970,-2115265711,-2115265799,-2115266002,-2115266070,-2115266094,-2115265899,-2115266837,-2115266574,-2115266294,-2115267037,-2115265684,-2115267062,-2115265868,-2115266998,-2115266867,-2115266044,-2115265626,-2115266181,-2115266028,-2115266783,-2115265843,-2115267729,-2115266943,-2115267107,-2115267414,-2115266633,-2115266201,-2115266901,-2115267060,-2115266096,-2115266147,-2115265050,-2115265316,-2115267035,-2115267008,-2115265238,-2115265133,-2115266880,-2115266775,-2115265463,-2115265564,-2115266315,-2115266087,-2115265771,-2115265100,-2115266417,-2115266242,-2115266258,-2115266486,-2115265416,-2115266028,-2115266711,-2115266123,-2115265882,-2115265855
SUMMARY variant=A16_fid_fixed_close run=7 vi=16 bk=1 ck=1 dk=2 fk=2 st=16 wl=64 sep=0 rounds=16 naiv=56 blocks=28 cores_clean=56/56 core_round_clean=896/896 rounds_clean=16/16 headOK_min=56 viol=0 final_head_ok=56 stale=0 zero=0 other=0 scribble=0 rel_spread_max=15442 missing_rows=0 snap=0 rc=0
ROUND variant=A16_fid_fixed_close run=7 round=0 headOK_min=56 headOK_max=56 cores_clean=56/56 converged=0
ROUND variant=A16_fid_fixed_close run=7 round=1 headOK_min=56 headOK_max=56 cores_clean=56/56 converged=0
ROUND variant=A16_fid_fixed_close run=7 round=2 headOK_min=56 headOK_max=56 cores_clean=56/56 converged=0
ROUND variant=A16_fid_fixed_close run=7 round=3 headOK_min=56 headOK_max=56 cores_clean=56/56 converged=0
ROUND variant=A16_fid_fixed_close run=7 round=4 headOK_min=56 headOK_max=56 cores_clean=56/56 converged=0
ROUND variant=A16_fid_fixed_close run=7 round=5 headOK_min=56 headOK_max=56 cores_clean=56/56 converged=0
ROUND variant=A16_fid_fixed_close run=7 round=6 headOK_min=56 headOK_max=56 cores_clean=56/56 converged=0
ROUND variant=A16_fid_fixed_close run=7 round=7 headOK_min=56 headOK_max=56 cores_clean=56/56 converged=0
ROUND variant=A16_fid_fixed_close run=7 round=8 headOK_min=56 headOK_max=56 cores_clean=56/56 converged=0
ROUND variant=A16_fid_fixed_close run=7 round=9 headOK_min=56 headOK_max=56 cores_clean=56/56 converged=0
ROUND variant=A16_fid_fixed_close run=7 round=10 headOK_min=56 headOK_max=56 cores_clean=56/56 converged=0
ROUND variant=A16_fid_fixed_close run=7 round=11 headOK_min=56 headOK_max=56 cores_clean=56/56 converged=0
ROUND variant=A16_fid_fixed_close run=7 round=12 headOK_min=56 headOK_max=56 cores_clean=56/56 converged=0
ROUND variant=A16_fid_fixed_close run=7 round=13 headOK_min=56 headOK_max=56 cores_clean=56/56 converged=0
ROUND variant=A16_fid_fixed_close run=7 round=14 headOK_min=56 headOK_max=56 cores_clean=56/56 converged=0
ROUND variant=A16_fid_fixed_close run=7 round=15 headOK_min=56 headOK_max=56 cores_clean=56/56 converged=0
COREVIOL variant=A16_fid_fixed_close run=7 0,0,0,0,0,0,0,0,0,0,0,0,0,0,0,0,0,0,0,0,0,0,0,0,0,0,0,0,0,0,0,0,0,0,0,0,0,0,0,0,0,0,0,0,0,0,0,0,0,0,0,0,0,0,0,0
CYCLE variant=A16_fid_fixed_close run=7 -1910684115,-1910684004,-1910682062,-1910682453,-1910683114,-1910682707,-1910683062,-1910683491,-1910683313,-1910682347,-1910682242,-1910682268,-1910682838,-1910682174,-1910682814,-1910683723,-1910682531,-1910683695,-1910683193,-1910683621,-1910682305,-1910682560,-1910682760,-1910684085,-1910682604,-1910683011,-1910682909,-1910682222,-1910683331,-1910683621,-1910682570,-1910682518,-1910682699,-1910682975,-1910683078,-1910682830,-1910682045,-1910681838,-1910683002,-1910682902,-1910683283,-1910683230,-1910683312,-1910683386,-1910681937,-1910682396,-1910681788,-1910682171,-1910681864,-1910681913,-1910681751,-1910681667,-1910683096,-1910682873,-1910682674,-1910682317
SUMMARY variant=A16_fid_fixed_close run=8 vi=16 bk=1 ck=1 dk=2 fk=2 st=16 wl=64 sep=0 rounds=16 naiv=56 blocks=28 cores_clean=56/56 core_round_clean=896/896 rounds_clean=16/16 headOK_min=56 viol=0 final_head_ok=56 stale=0 zero=0 other=0 scribble=0 rel_spread_max=12272684 missing_rows=0 snap=0 rc=0
ROUND variant=A16_fid_fixed_close run=8 round=0 headOK_min=56 headOK_max=56 cores_clean=56/56 converged=0
ROUND variant=A16_fid_fixed_close run=8 round=1 headOK_min=56 headOK_max=56 cores_clean=56/56 converged=0
ROUND variant=A16_fid_fixed_close run=8 round=2 headOK_min=56 headOK_max=56 cores_clean=56/56 converged=0
ROUND variant=A16_fid_fixed_close run=8 round=3 headOK_min=56 headOK_max=56 cores_clean=56/56 converged=0
ROUND variant=A16_fid_fixed_close run=8 round=4 headOK_min=56 headOK_max=56 cores_clean=56/56 converged=0
ROUND variant=A16_fid_fixed_close run=8 round=5 headOK_min=56 headOK_max=56 cores_clean=56/56 converged=0
ROUND variant=A16_fid_fixed_close run=8 round=6 headOK_min=56 headOK_max=56 cores_clean=56/56 converged=0
ROUND variant=A16_fid_fixed_close run=8 round=7 headOK_min=56 headOK_max=56 cores_clean=56/56 converged=0
ROUND variant=A16_fid_fixed_close run=8 round=8 headOK_min=56 headOK_max=56 cores_clean=56/56 converged=0
ROUND variant=A16_fid_fixed_close run=8 round=9 headOK_min=56 headOK_max=56 cores_clean=56/56 converged=0
ROUND variant=A16_fid_fixed_close run=8 round=10 headOK_min=56 headOK_max=56 cores_clean=56/56 converged=0
ROUND variant=A16_fid_fixed_close run=8 round=11 headOK_min=56 headOK_max=56 cores_clean=56/56 converged=0
ROUND variant=A16_fid_fixed_close run=8 round=12 headOK_min=56 headOK_max=56 cores_clean=56/56 converged=0
ROUND variant=A16_fid_fixed_close run=8 round=13 headOK_min=56 headOK_max=56 cores_clean=56/56 converged=0
ROUND variant=A16_fid_fixed_close run=8 round=14 headOK_min=56 headOK_max=56 cores_clean=56/56 converged=0
ROUND variant=A16_fid_fixed_close run=8 round=15 headOK_min=56 headOK_max=56 cores_clean=56/56 converged=0
COREVIOL variant=A16_fid_fixed_close run=8 0,0,0,0,0,0,0,0,0,0,0,0,0,0,0,0,0,0,0,0,0,0,0,0,0,0,0,0,0,0,0,0,0,0,0,0,0,0,0,0,0,0,0,0,0,0,0,0,0,0,0,0,0,0,0,0
CYCLE variant=A16_fid_fixed_close run=8 -1404481217,-1404480503,-1404480451,-1404480732,-1404481043,-1404481400,-1404481328,-1404481656,-1404481808,-1404481099,-1404480426,-1404480609,-1404481554,-1404481528,-1404482092,-1404481580,-1404480917,-1404480815,-1404480890,-1404481119,-1404482256,-1404481479,-1404480484,-1404480713,-1404482017,-1404481963,-1392210933,-1392210904,-1404483549,-1404483525,-1404481377,-1404481694,-1404482929,-1404481897,-1404482979,-1404482724,-1404481535,-1404481661,-1404482550,-1404483156,-1404482202,-1404482024,-1404481767,-1404481402,-1404481615,-1404482901,-1404481455,-1404481713,-1404482496,-1404482470,-1404481643,-1404483287,-1404481945,-1404481483,-1404481739,-1404482823
SUMMARY variant=A16_fid_fixed_close run=9 vi=16 bk=1 ck=1 dk=2 fk=2 st=16 wl=64 sep=0 rounds=16 naiv=56 blocks=28 cores_clean=56/56 core_round_clean=896/896 rounds_clean=16/16 headOK_min=56 viol=0 final_head_ok=56 stale=0 zero=0 other=0 scribble=0 rel_spread_max=14744 missing_rows=0 snap=0 rc=0
ROUND variant=A16_fid_fixed_close run=9 round=0 headOK_min=56 headOK_max=56 cores_clean=56/56 converged=0
ROUND variant=A16_fid_fixed_close run=9 round=1 headOK_min=56 headOK_max=56 cores_clean=56/56 converged=0
ROUND variant=A16_fid_fixed_close run=9 round=2 headOK_min=56 headOK_max=56 cores_clean=56/56 converged=0
ROUND variant=A16_fid_fixed_close run=9 round=3 headOK_min=56 headOK_max=56 cores_clean=56/56 converged=0
ROUND variant=A16_fid_fixed_close run=9 round=4 headOK_min=56 headOK_max=56 cores_clean=56/56 converged=0
ROUND variant=A16_fid_fixed_close run=9 round=5 headOK_min=56 headOK_max=56 cores_clean=56/56 converged=0
ROUND variant=A16_fid_fixed_close run=9 round=6 headOK_min=56 headOK_max=56 cores_clean=56/56 converged=0
ROUND variant=A16_fid_fixed_close run=9 round=7 headOK_min=56 headOK_max=56 cores_clean=56/56 converged=0
ROUND variant=A16_fid_fixed_close run=9 round=8 headOK_min=56 headOK_max=56 cores_clean=56/56 converged=0
ROUND variant=A16_fid_fixed_close run=9 round=9 headOK_min=56 headOK_max=56 cores_clean=56/56 converged=0
ROUND variant=A16_fid_fixed_close run=9 round=10 headOK_min=56 headOK_max=56 cores_clean=56/56 converged=0
ROUND variant=A16_fid_fixed_close run=9 round=11 headOK_min=56 headOK_max=56 cores_clean=56/56 converged=0
ROUND variant=A16_fid_fixed_close run=9 round=12 headOK_min=56 headOK_max=56 cores_clean=56/56 converged=0
ROUND variant=A16_fid_fixed_close run=9 round=13 headOK_min=56 headOK_max=56 cores_clean=56/56 converged=0
ROUND variant=A16_fid_fixed_close run=9 round=14 headOK_min=56 headOK_max=56 cores_clean=56/56 converged=0
ROUND variant=A16_fid_fixed_close run=9 round=15 headOK_min=56 headOK_max=56 cores_clean=56/56 converged=0
COREVIOL variant=A16_fid_fixed_close run=9 0,0,0,0,0,0,0,0,0,0,0,0,0,0,0,0,0,0,0,0,0,0,0,0,0,0,0,0,0,0,0,0,0,0,0,0,0,0,0,0,0,0,0,0,0,0,0,0,0,0,0,0,0,0,0,0
CYCLE variant=A16_fid_fixed_close run=9 -1701752083,-1701751710,-1701750722,-1701750665,-1701752054,-1701752004,-1701751040,-1701751110,-1701751742,-1701751015,-1701752415,-1701752164,-1701751332,-1701751615,-1701751131,-1701750688,-1701751428,-1701751234,-1701752383,-1701751928,-1701752557,-1701751897,-1701752639,-1701752480,-1701750613,-1701750871,-1701750845,-1701750778,-1701752917,-1701753091,-1701753097,-1701752792,-1701752842,-1701752653,-1701751669,-1701751972,-1701752955,-1701753003,-1701753100,-1701752893,-1701751957,-1701752076,-1701752705,-1701751443,-1701751381,-1701751576,-1701753114,-1701753116,-1701751607,-1701751754,-1701751816,-1701752617,-1701753118,-1701751646,-1701751735,-1701752314
