SUMMARY variant=B5_dense4_28aiv run=1 vi=31 bk=1 ck=1 dk=2 fk=1 st=1 wl=4 sep=0 rounds=16 naiv=28 blocks=14 cores_clean=28/28 core_round_clean=448/448 rounds_clean=16/16 headOK_min=28 viol=0 final_head_ok=28 stale=0 zero=0 other=0 scribble=0 rel_spread_max=7102 missing_rows=0 snap=0 rc=0 negctrl_selfonly=0 viol_under_selfonly_criterion=0
ROUND variant=B5_dense4_28aiv run=1 round=0 headOK_min=28 headOK_max=28 cores_clean=28/28 converged=0
ROUND variant=B5_dense4_28aiv run=1 round=1 headOK_min=28 headOK_max=28 cores_clean=28/28 converged=0
ROUND variant=B5_dense4_28aiv run=1 round=2 headOK_min=28 headOK_max=28 cores_clean=28/28 converged=0
ROUND variant=B5_dense4_28aiv run=1 round=3 headOK_min=28 headOK_max=28 cores_clean=28/28 converged=0
ROUND variant=B5_dense4_28aiv run=1 round=4 headOK_min=28 headOK_max=28 cores_clean=28/28 converged=0
ROUND variant=B5_dense4_28aiv run=1 round=5 headOK_min=28 headOK_max=28 cores_clean=28/28 converged=0
ROUND variant=B5_dense4_28aiv run=1 round=6 headOK_min=28 headOK_max=28 cores_clean=28/28 converged=0
ROUND variant=B5_dense4_28aiv run=1 round=7 headOK_min=28 headOK_max=28 cores_clean=28/28 converged=0
ROUND variant=B5_dense4_28aiv run=1 round=8 headOK_min=28 headOK_max=28 cores_clean=28/28 converged=0
ROUND variant=B5_dense4_28aiv run=1 round=9 headOK_min=28 headOK_max=28 cores_clean=28/28 converged=0
ROUND variant=B5_dense4_28aiv run=1 round=10 headOK_min=28 headOK_max=28 cores_clean=28/28 converged=0
ROUND variant=B5_dense4_28aiv run=1 round=11 headOK_min=28 headOK_max=28 cores_clean=28/28 converged=0
ROUND variant=B5_dense4_28aiv run=1 round=12 headOK_min=28 headOK_max=28 cores_clean=28/28 converged=0
ROUND variant=B5_dense4_28aiv run=1 round=13 headOK_min=28 headOK_max=28 cores_clean=28/28 converged=0
ROUND variant=B5_dense4_28aiv run=1 round=14 headOK_min=28 headOK_max=28 cores_clean=28/28 converged=0
ROUND variant=B5_dense4_28aiv run=1 round=15 headOK_min=28 headOK_max=28 cores_clean=28/28 converged=0
COREVIOL variant=B5_dense4_28aiv run=1 0,0,0,0,0,0,0,0,0,0,0,0,0,0,0,0,0,0,0,0,0,0,0,0,0,0,0,0
CYCLE variant=B5_dense4_28aiv run=1 -1083455619,-1083455873,-1083455343,-1083455521,-1083455485,-1083456101,-1083456085,-1083455979,-1083455354,-1083455431,-1083455202,-1083455670,-1083455116,-1083455143,-1083456035,-1083455515,-1083456179,-1083456000,-1083455986,-1083455601,-1083455659,-1083455494,-1083455831,-1083455572,-1083456311,-1083456499,-1083455846,-1083455533
SUMMARY variant=B5_dense4_28aiv run=2 vi=31 bk=1 ck=1 dk=2 fk=1 st=1 wl=4 sep=0 rounds=16 naiv=28 blocks=14 cores_clean=28/28 core_round_clean=448/448 rounds_clean=16/16 headOK_min=28 viol=0 final_head_ok=28 stale=0 zero=0 other=0 scribble=0 rel_spread_max=6970 missing_rows=0 snap=0 rc=0 negctrl_selfonly=0 viol_under_selfonly_criterion=0
ROUND variant=B5_dense4_28aiv run=2 round=0 headOK_min=28 headOK_max=28 cores_clean=28/28 converged=0
ROUND variant=B5_dense4_28aiv run=2 round=1 headOK_min=28 headOK_max=28 cores_clean=28/28 converged=0
ROUND variant=B5_dense4_28aiv run=2 round=2 headOK_min=28 headOK_max=28 cores_clean=28/28 converged=0
ROUND variant=B5_dense4_28aiv run=2 round=3 headOK_min=28 headOK_max=28 cores_clean=28/28 converged=0
ROUND variant=B5_dense4_28aiv run=2 round=4 headOK_min=28 headOK_max=28 cores_clean=28/28 converged=0
ROUND variant=B5_dense4_28aiv run=2 round=5 headOK_min=28 headOK_max=28 cores_clean=28/28 converged=0
ROUND variant=B5_dense4_28aiv run=2 round=6 headOK_min=28 headOK_max=28 cores_clean=28/28 converged=0
ROUND variant=B5_dense4_28aiv run=2 round=7 headOK_min=28 headOK_max=28 cores_clean=28/28 converged=0
ROUND variant=B5_dense4_28aiv run=2 round=8 headOK_min=28 headOK_max=28 cores_clean=28/28 converged=0
ROUND variant=B5_dense4_28aiv run=2 round=9 headOK_min=28 headOK_max=28 cores_clean=28/28 converged=0
ROUND variant=B5_dense4_28aiv run=2 round=10 headOK_min=28 headOK_max=28 cores_clean=28/28 converged=0
ROUND variant=B5_dense4_28aiv run=2 round=11 headOK_min=28 headOK_max=28 cores_clean=28/28 converged=0
ROUND variant=B5_dense4_28aiv run=2 round=12 headOK_min=28 headOK_max=28 cores_clean=28/28 converged=0
ROUND variant=B5_dense4_28aiv run=2 round=13 headOK_min=28 headOK_max=28 cores_clean=28/28 converged=0
ROUND variant=B5_dense4_28aiv run=2 round=14 headOK_min=28 headOK_max=28 cores_clean=28/28 converged=0
ROUND variant=B5_dense4_28aiv run=2 round=15 headOK_min=28 headOK_max=28 cores_clean=28/28 converged=0
COREVIOL variant=B5_dense4_28aiv run=2 0,0,0,0,0,0,0,0,0,0,0,0,0,0,0,0,0,0,0,0,0,0,0,0,0,0,0,0
CYCLE variant=B5_dense4_28aiv run=2 643576170,643576289,643576454,643576424,643575532,643575646,643575748,643576010,643576046,643575761,643576076,643576367,643575932,643576501,643574974,643575215,643575952,643575686,643575908,643575815,643575652,643575724,643575883,643575836,643574967,643574988,643575919,643575348
SUMMARY variant=B5_dense4_28aiv run=3 vi=31 bk=1 ck=1 dk=2 fk=1 st=1 wl=4 sep=0 rounds=16 naiv=28 blocks=14 cores_clean=28/28 core_round_clean=448/448 rounds_clean=16/16 headOK_min=28 viol=0 final_head_ok=28 stale=0 zero=0 other=0 scribble=0 rel_spread_max=7479 missing_rows=0 snap=0 rc=0 negctrl_selfonly=0 viol_under_selfonly_criterion=0
ROUND variant=B5_dense4_28aiv run=3 round=0 headOK_min=28 headOK_max=28 cores_clean=28/28 converged=0
ROUND variant=B5_dense4_28aiv run=3 round=1 headOK_min=28 headOK_max=28 cores_clean=28/28 converged=0
ROUND variant=B5_dense4_28aiv run=3 round=2 headOK_min=28 headOK_max=28 cores_clean=28/28 converged=0
ROUND variant=B5_dense4_28aiv run=3 round=3 headOK_min=28 headOK_max=28 cores_clean=28/28 converged=0
ROUND variant=B5_dense4_28aiv run=3 round=4 headOK_min=28 headOK_max=28 cores_clean=28/28 converged=0
ROUND variant=B5_dense4_28aiv run=3 round=5 headOK_min=28 headOK_max=28 cores_clean=28/28 converged=0
ROUND variant=B5_dense4_28aiv run=3 round=6 headOK_min=28 headOK_max=28 cores_clean=28/28 converged=0
ROUND variant=B5_dense4_28aiv run=3 round=7 headOK_min=28 headOK_max=28 cores_clean=28/28 converged=0
ROUND variant=B5_dense4_28aiv run=3 round=8 headOK_min=28 headOK_max=28 cores_clean=28/28 converged=0
ROUND variant=B5_dense4_28aiv run=3 round=9 headOK_min=28 headOK_max=28 cores_clean=28/28 converged=0
ROUND variant=B5_dense4_28aiv run=3 round=10 headOK_min=28 headOK_max=28 cores_clean=28/28 converged=0
ROUND variant=B5_dense4_28aiv run=3 round=11 headOK_min=28 headOK_max=28 cores_clean=28/28 converged=0
ROUND variant=B5_dense4_28aiv run=3 round=12 headOK_min=28 headOK_max=28 cores_clean=28/28 converged=0
ROUND variant=B5_dense4_28aiv run=3 round=13 headOK_min=28 headOK_max=28 cores_clean=28/28 converged=0
ROUND variant=B5_dense4_28aiv run=3 round=14 headOK_min=28 headOK_max=28 cores_clean=28/28 converged=0
ROUND variant=B5_dense4_28aiv run=3 round=15 headOK_min=28 headOK_max=28 cores_clean=28/28 converged=0
COREVIOL variant=B5_dense4_28aiv run=3 0,0,0,0,0,0,0,0,0,0,0,0,0,0,0,0,0,0,0,0,0,0,0,0,0,0,0,0
CYCLE variant=B5_dense4_28aiv run=3 898134944,898134968,898135448,898135681,898135414,898135296,898135281,898135163,898135609,898135128,898135369,898135535,898135228,898135588,898135021,898135526,898135904,898135878,898135433,898135693,898135554,898135744,898135809,898135620,898135382,898135069,898135632,898135562
SUMMARY variant=B5_dense4_28aiv run=4 vi=31 bk=1 ck=1 dk=2 fk=1 st=1 wl=4 sep=0 rounds=16 naiv=28 blocks=14 cores_clean=28/28 core_round_clean=448/448 rounds_clean=16/16 headOK_min=28 viol=0 final_head_ok=28 stale=0 zero=0 other=0 scribble=0 rel_spread_max=6713 missing_rows=0 snap=0 rc=0 negctrl_selfonly=0 viol_under_selfonly_criterion=0
ROUND variant=B5_dense4_28aiv run=4 round=0 headOK_min=28 headOK_max=28 cores_clean=28/28 converged=0
ROUND variant=B5_dense4_28aiv run=4 round=1 headOK_min=28 headOK_max=28 cores_clean=28/28 converged=0
ROUND variant=B5_dense4_28aiv run=4 round=2 headOK_min=28 headOK_max=28 cores_clean=28/28 converged=0
ROUND variant=B5_dense4_28aiv run=4 round=3 headOK_min=28 headOK_max=28 cores_clean=28/28 converged=0
ROUND variant=B5_dense4_28aiv run=4 round=4 headOK_min=28 headOK_max=28 cores_clean=28/28 converged=0
ROUND variant=B5_dense4_28aiv run=4 round=5 headOK_min=28 headOK_max=28 cores_clean=28/28 converged=0
ROUND variant=B5_dense4_28aiv run=4 round=6 headOK_min=28 headOK_max=28 cores_clean=28/28 converged=0
ROUND variant=B5_dense4_28aiv run=4 round=7 headOK_min=28 headOK_max=28 cores_clean=28/28 converged=0
ROUND variant=B5_dense4_28aiv run=4 round=8 headOK_min=28 headOK_max=28 cores_clean=28/28 converged=0
ROUND variant=B5_dense4_28aiv run=4 round=9 headOK_min=28 headOK_max=28 cores_clean=28/28 converged=0
ROUND variant=B5_dense4_28aiv run=4 round=10 headOK_min=28 headOK_max=28 cores_clean=28/28 converged=0
ROUND variant=B5_dense4_28aiv run=4 round=11 headOK_min=28 headOK_max=28 cores_clean=28/28 converged=0
ROUND variant=B5_dense4_28aiv run=4 round=12 headOK_min=28 headOK_max=28 cores_clean=28/28 converged=0
ROUND variant=B5_dense4_28aiv run=4 round=13 headOK_min=28 headOK_max=28 cores_clean=28/28 converged=0
ROUND variant=B5_dense4_28aiv run=4 round=14 headOK_min=28 headOK_max=28 cores_clean=28/28 converged=0
ROUND variant=B5_dense4_28aiv run=4 round=15 headOK_min=28 headOK_max=28 cores_clean=28/28 converged=0
COREVIOL variant=B5_dense4_28aiv run=4 0,0,0,0,0,0,0,0,0,0,0,0,0,0,0,0,0,0,0,0,0,0,0,0,0,0,0,0
CYCLE variant=B5_dense4_28aiv run=4 1542451030,1542450857,1542450997,1542450948,1542451790,1542451735,1542451511,1542451488,1542451821,1542451763,1542451422,1542451374,1542451159,1542451186,1542450623,1542450646,1542450657,1542451051,1542451708,1542451384,1542451173,1542451254,1542451551,1542451528,1542450647,1542451084,1542451510,1542451581
SUMMARY variant=B5_dense4_28aiv run=5 vi=31 bk=1 ck=1 dk=2 fk=1 st=1 wl=4 sep=0 rounds=16 naiv=28 blocks=14 cores_clean=28/28 core_round_clean=448/448 rounds_clean=16/16 headOK_min=28 viol=0 final_head_ok=28 stale=0 zero=0 other=0 scribble=0 rel_spread_max=6609 missing_rows=0 snap=0 rc=0 negctrl_selfonly=0 viol_under_selfonly_criterion=0
ROUND variant=B5_dense4_28aiv run=5 round=0 headOK_min=28 headOK_max=28 cores_clean=28/28 converged=0
ROUND variant=B5_dense4_28aiv run=5 round=1 headOK_min=28 headOK_max=28 cores_clean=28/28 converged=0
ROUND variant=B5_dense4_28aiv run=5 round=2 headOK_min=28 headOK_max=28 cores_clean=28/28 converged=0
ROUND variant=B5_dense4_28aiv run=5 round=3 headOK_min=28 headOK_max=28 cores_clean=28/28 converged=0
ROUND variant=B5_dense4_28aiv run=5 round=4 headOK_min=28 headOK_max=28 cores_clean=28/28 converged=0
ROUND variant=B5_dense4_28aiv run=5 round=5 headOK_min=28 headOK_max=28 cores_clean=28/28 converged=0
ROUND variant=B5_dense4_28aiv run=5 round=6 headOK_min=28 headOK_max=28 cores_clean=28/28 converged=0
ROUND variant=B5_dense4_28aiv run=5 round=7 headOK_min=28 headOK_max=28 cores_clean=28/28 converged=0
ROUND variant=B5_dense4_28aiv run=5 round=8 headOK_min=28 headOK_max=28 cores_clean=28/28 converged=0
ROUND variant=B5_dense4_28aiv run=5 round=9 headOK_min=28 headOK_max=28 cores_clean=28/28 converged=0
ROUND variant=B5_dense4_28aiv run=5 round=10 headOK_min=28 headOK_max=28 cores_clean=28/28 converged=0
ROUND variant=B5_dense4_28aiv run=5 round=11 headOK_min=28 headOK_max=28 cores_clean=28/28 converged=0
ROUND variant=B5_dense4_28aiv run=5 round=12 headOK_min=28 headOK_max=28 cores_clean=28/28 converged=0
ROUND variant=B5_dense4_28aiv run=5 round=13 headOK_min=28 headOK_max=28 cores_clean=28/28 converged=0
ROUND variant=B5_dense4_28aiv run=5 round=14 headOK_min=28 headOK_max=28 cores_clean=28/28 converged=0
ROUND variant=B5_dense4_28aiv run=5 round=15 headOK_min=28 headOK_max=28 cores_clean=28/28 converged=0
COREVIOL variant=B5_dense4_28aiv run=5 0,0,0,0,0,0,0,0,0,0,0,0,0,0,0,0,0,0,0,0,0,0,0,0,0,0,0,0
CYCLE variant=B5_dense4_28aiv run=5 836509825,836509851,836510621,836510433,836510525,836510503,836510665,836510478,836510568,836510180,836510072,836510818,836510149,836509957,836510339,836510798,836511200,836511253,836510918,836511311,836510945,836511288,836511231,836510737,836510819,836510890,836510984,836510867
SUMMARY variant=B5_dense4_28aiv run=6 vi=31 bk=1 ck=1 dk=2 fk=1 st=1 wl=4 sep=0 rounds=16 naiv=28 blocks=14 cores_clean=28/28 core_round_clean=448/448 rounds_clean=16/16 headOK_min=28 viol=0 final_head_ok=28 stale=0 zero=0 other=0 scribble=0 rel_spread_max=6677 missing_rows=0 snap=0 rc=0 negctrl_selfonly=0 viol_under_selfonly_criterion=0
ROUND variant=B5_dense4_28aiv run=6 round=0 headOK_min=28 headOK_max=28 cores_clean=28/28 converged=0
ROUND variant=B5_dense4_28aiv run=6 round=1 headOK_min=28 headOK_max=28 cores_clean=28/28 converged=0
ROUND variant=B5_dense4_28aiv run=6 round=2 headOK_min=28 headOK_max=28 cores_clean=28/28 converged=0
ROUND variant=B5_dense4_28aiv run=6 round=3 headOK_min=28 headOK_max=28 cores_clean=28/28 converged=0
ROUND variant=B5_dense4_28aiv run=6 round=4 headOK_min=28 headOK_max=28 cores_clean=28/28 converged=0
ROUND variant=B5_dense4_28aiv run=6 round=5 headOK_min=28 headOK_max=28 cores_clean=28/28 converged=0
ROUND variant=B5_dense4_28aiv run=6 round=6 headOK_min=28 headOK_max=28 cores_clean=28/28 converged=0
ROUND variant=B5_dense4_28aiv run=6 round=7 headOK_min=28 headOK_max=28 cores_clean=28/28 converged=0
ROUND variant=B5_dense4_28aiv run=6 round=8 headOK_min=28 headOK_max=28 cores_clean=28/28 converged=0
ROUND variant=B5_dense4_28aiv run=6 round=9 headOK_min=28 headOK_max=28 cores_clean=28/28 converged=0
ROUND variant=B5_dense4_28aiv run=6 round=10 headOK_min=28 headOK_max=28 cores_clean=28/28 converged=0
ROUND variant=B5_dense4_28aiv run=6 round=11 headOK_min=28 headOK_max=28 cores_clean=28/28 converged=0
ROUND variant=B5_dense4_28aiv run=6 round=12 headOK_min=28 headOK_max=28 cores_clean=28/28 converged=0
ROUND variant=B5_dense4_28aiv run=6 round=13 headOK_min=28 headOK_max=28 cores_clean=28/28 converged=0
ROUND variant=B5_dense4_28aiv run=6 round=14 headOK_min=28 headOK_max=28 cores_clean=28/28 converged=0
ROUND variant=B5_dense4_28aiv run=6 round=15 headOK_min=28 headOK_max=28 cores_clean=28/28 converged=0
COREVIOL variant=B5_dense4_28aiv run=6 0,0,0,0,0,0,0,0,0,0,0,0,0,0,0,0,0,0,0,0,0,0,0,0,0,0,0,0
CYCLE variant=B5_dense4_28aiv run=6 -1931255182,-1931255265,-1931255468,-1931255519,-1931255784,-1931255683,-1931255206,-1931255233,-1931255843,-1931255712,-1931256249,-1931256194,-1931255920,-1931255660,-1931255217,-1931255139,-1931255657,-1931255478,-1931254972,-1931255570,-1931255159,-1931255081,-1931255726,-1931255394,-1931255811,-1931255987,-1931255252,-1931255353
SUMMARY variant=B5_dense4_28aiv run=7 vi=31 bk=1 ck=1 dk=2 fk=1 st=1 wl=4 sep=0 rounds=16 naiv=28 blocks=14 cores_clean=28/28 core_round_clean=448/448 rounds_clean=16/16 headOK_min=28 viol=0 final_head_ok=28 stale=0 zero=0 other=0 scribble=0 rel_spread_max=6171 missing_rows=0 snap=0 rc=0 negctrl_selfonly=0 viol_under_selfonly_criterion=0
ROUND variant=B5_dense4_28aiv run=7 round=0 headOK_min=28 headOK_max=28 cores_clean=28/28 converged=0
ROUND variant=B5_dense4_28aiv run=7 round=1 headOK_min=28 headOK_max=28 cores_clean=28/28 converged=0
ROUND variant=B5_dense4_28aiv run=7 round=2 headOK_min=28 headOK_max=28 cores_clean=28/28 converged=0
ROUND variant=B5_dense4_28aiv run=7 round=3 headOK_min=28 headOK_max=28 cores_clean=28/28 converged=0
ROUND variant=B5_dense4_28aiv run=7 round=4 headOK_min=28 headOK_max=28 cores_clean=28/28 converged=0
ROUND variant=B5_dense4_28aiv run=7 round=5 headOK_min=28 headOK_max=28 cores_clean=28/28 converged=0
ROUND variant=B5_dense4_28aiv run=7 round=6 headOK_min=28 headOK_max=28 cores_clean=28/28 converged=0
ROUND variant=B5_dense4_28aiv run=7 round=7 headOK_min=28 headOK_max=28 cores_clean=28/28 converged=0
ROUND variant=B5_dense4_28aiv run=7 round=8 headOK_min=28 headOK_max=28 cores_clean=28/28 converged=0
ROUND variant=B5_dense4_28aiv run=7 round=9 headOK_min=28 headOK_max=28 cores_clean=28/28 converged=0
ROUND variant=B5_dense4_28aiv run=7 round=10 headOK_min=28 headOK_max=28 cores_clean=28/28 converged=0
ROUND variant=B5_dense4_28aiv run=7 round=11 headOK_min=28 headOK_max=28 cores_clean=28/28 converged=0
ROUND variant=B5_dense4_28aiv run=7 round=12 headOK_min=28 headOK_max=28 cores_clean=28/28 converged=0
ROUND variant=B5_dense4_28aiv run=7 round=13 headOK_min=28 headOK_max=28 cores_clean=28/28 converged=0
ROUND variant=B5_dense4_28aiv run=7 round=14 headOK_min=28 headOK_max=28 cores_clean=28/28 converged=0
ROUND variant=B5_dense4_28aiv run=7 round=15 headOK_min=28 headOK_max=28 cores_clean=28/28 converged=0
COREVIOL variant=B5_dense4_28aiv run=7 0,0,0,0,0,0,0,0,0,0,0,0,0,0,0,0,0,0,0,0,0,0,0,0,0,0,0,0
CYCLE variant=B5_dense4_28aiv run=7 497680649,497680641,497680643,497681017,497681293,497681476,497680654,497680878,497681451,497680961,497680762,497681388,497681338,497681316,497681367,497681604,497681871,497681920,497681648,497681886,497682093,497682156,497681698,497681556,497681240,497681410,497681988,497681845
SUMMARY variant=B5_dense4_28aiv run=8 vi=31 bk=1 ck=1 dk=2 fk=1 st=1 wl=4 sep=0 rounds=16 naiv=28 blocks=14 cores_clean=28/28 core_round_clean=448/448 rounds_clean=16/16 headOK_min=28 viol=0 final_head_ok=28 stale=0 zero=0 other=0 scribble=0 rel_spread_max=6500 missing_rows=0 snap=0 rc=0 negctrl_selfonly=0 viol_under_selfonly_criterion=0
ROUND variant=B5_dense4_28aiv run=8 round=0 headOK_min=28 headOK_max=28 cores_clean=28/28 converged=0
ROUND variant=B5_dense4_28aiv run=8 round=1 headOK_min=28 headOK_max=28 cores_clean=28/28 converged=0
ROUND variant=B5_dense4_28aiv run=8 round=2 headOK_min=28 headOK_max=28 cores_clean=28/28 converged=0
ROUND variant=B5_dense4_28aiv run=8 round=3 headOK_min=28 headOK_max=28 cores_clean=28/28 converged=0
ROUND variant=B5_dense4_28aiv run=8 round=4 headOK_min=28 headOK_max=28 cores_clean=28/28 converged=0
ROUND variant=B5_dense4_28aiv run=8 round=5 headOK_min=28 headOK_max=28 cores_clean=28/28 converged=0
ROUND variant=B5_dense4_28aiv run=8 round=6 headOK_min=28 headOK_max=28 cores_clean=28/28 converged=0
ROUND variant=B5_dense4_28aiv run=8 round=7 headOK_min=28 headOK_max=28 cores_clean=28/28 converged=0
ROUND variant=B5_dense4_28aiv run=8 round=8 headOK_min=28 headOK_max=28 cores_clean=28/28 converged=0
ROUND variant=B5_dense4_28aiv run=8 round=9 headOK_min=28 headOK_max=28 cores_clean=28/28 converged=0
ROUND variant=B5_dense4_28aiv run=8 round=10 headOK_min=28 headOK_max=28 cores_clean=28/28 converged=0
ROUND variant=B5_dense4_28aiv run=8 round=11 headOK_min=28 headOK_max=28 cores_clean=28/28 converged=0
ROUND variant=B5_dense4_28aiv run=8 round=12 headOK_min=28 headOK_max=28 cores_clean=28/28 converged=0
ROUND variant=B5_dense4_28aiv run=8 round=13 headOK_min=28 headOK_max=28 cores_clean=28/28 converged=0
ROUND variant=B5_dense4_28aiv run=8 round=14 headOK_min=28 headOK_max=28 cores_clean=28/28 converged=0
ROUND variant=B5_dense4_28aiv run=8 round=15 headOK_min=28 headOK_max=28 cores_clean=28/28 converged=0
COREVIOL variant=B5_dense4_28aiv run=8 0,0,0,0,0,0,0,0,0,0,0,0,0,0,0,0,0,0,0,0,0,0,0,0,0,0,0,0
CYCLE variant=B5_dense4_28aiv run=8 60916441,60916491,60916982,60917318,60916907,60916573,60917051,60917028,60916830,60916735,60917360,60917238,60917338,60917125,60915694,60915687,60915723,60915696,60916158,60916205,60916304,60916139,60916365,60915999,60915676,60915675,60916248,60916272
SUMMARY variant=B5_dense4_28aiv run=9 vi=31 bk=1 ck=1 dk=2 fk=1 st=1 wl=4 sep=0 rounds=16 naiv=28 blocks=14 cores_clean=28/28 core_round_clean=448/448 rounds_clean=16/16 headOK_min=28 viol=0 final_head_ok=28 stale=0 zero=0 other=0 scribble=0 rel_spread_max=7848 missing_rows=0 snap=0 rc=0 negctrl_selfonly=0 viol_under_selfonly_criterion=0
ROUND variant=B5_dense4_28aiv run=9 round=0 headOK_min=28 headOK_max=28 cores_clean=28/28 converged=0
ROUND variant=B5_dense4_28aiv run=9 round=1 headOK_min=28 headOK_max=28 cores_clean=28/28 converged=0
ROUND variant=B5_dense4_28aiv run=9 round=2 headOK_min=28 headOK_max=28 cores_clean=28/28 converged=0
ROUND variant=B5_dense4_28aiv run=9 round=3 headOK_min=28 headOK_max=28 cores_clean=28/28 converged=0
ROUND variant=B5_dense4_28aiv run=9 round=4 headOK_min=28 headOK_max=28 cores_clean=28/28 converged=0
ROUND variant=B5_dense4_28aiv run=9 round=5 headOK_min=28 headOK_max=28 cores_clean=28/28 converged=0
ROUND variant=B5_dense4_28aiv run=9 round=6 headOK_min=28 headOK_max=28 cores_clean=28/28 converged=0
ROUND variant=B5_dense4_28aiv run=9 round=7 headOK_min=28 headOK_max=28 cores_clean=28/28 converged=0
ROUND variant=B5_dense4_28aiv run=9 round=8 headOK_min=28 headOK_max=28 cores_clean=28/28 converged=0
ROUND variant=B5_dense4_28aiv run=9 round=9 headOK_min=28 headOK_max=28 cores_clean=28/28 converged=0
ROUND variant=B5_dense4_28aiv run=9 round=10 headOK_min=28 headOK_max=28 cores_clean=28/28 converged=0
ROUND variant=B5_dense4_28aiv run=9 round=11 headOK_min=28 headOK_max=28 cores_clean=28/28 converged=0
ROUND variant=B5_dense4_28aiv run=9 round=12 headOK_min=28 headOK_max=28 cores_clean=28/28 converged=0
ROUND variant=B5_dense4_28aiv run=9 round=13 headOK_min=28 headOK_max=28 cores_clean=28/28 converged=0
ROUND variant=B5_dense4_28aiv run=9 round=14 headOK_min=28 headOK_max=28 cores_clean=28/28 converged=0
ROUND variant=B5_dense4_28aiv run=9 round=15 headOK_min=28 headOK_max=28 cores_clean=28/28 converged=0
COREVIOL variant=B5_dense4_28aiv run=9 0,0,0,0,0,0,0,0,0,0,0,0,0,0,0,0,0,0,0,0,0,0,0,0,0,0,0,0
CYCLE variant=B5_dense4_28aiv run=9 1651751307,1651751921,1651751541,1651751470,1651751090,1651751813,1651751888,1651751830,1651751389,1651751343,1651751207,1651750977,1651751786,1651751714,1651751563,1651751611,1651751162,1651751115,1651751248,1651751634,1651751413,1651751652,1651750988,1651751012,1651750739,1651751390,1651751718,1651751137
