SUMMARY variant=A22_close_closepipeE2 run=1 vi=22 bk=1 ck=2 dk=2 fk=1 st=16 wl=64 sep=0 rounds=16 naiv=56 blocks=28 cores_clean=23/56 core_round_clean=516/896 rounds_clean=1/16 headOK_min=42 viol=380 final_head_ok=56 stale=0 zero=0 other=0 scribble=0 rel_spread_max=24627 missing_rows=0 snap=0 rc=1
ROUND variant=A22_close_closepipeE2 run=1 round=0 headOK_min=42 headOK_max=56 cores_clean=41/56 converged=0
ROUND variant=A22_close_closepipeE2 run=1 round=1 headOK_min=42 headOK_max=56 cores_clean=28/56 converged=0
ROUND variant=A22_close_closepipeE2 run=1 round=2 headOK_min=42 headOK_max=56 cores_clean=26/56 converged=0
ROUND variant=A22_close_closepipeE2 run=1 round=3 headOK_min=42 headOK_max=56 cores_clean=25/56 converged=0
ROUND variant=A22_close_closepipeE2 run=1 round=4 headOK_min=42 headOK_max=56 cores_clean=37/56 converged=0
ROUND variant=A22_close_closepipeE2 run=1 round=5 headOK_min=42 headOK_max=56 cores_clean=27/56 converged=0
ROUND variant=A22_close_closepipeE2 run=1 round=6 headOK_min=42 headOK_max=56 cores_clean=25/56 converged=0
ROUND variant=A22_close_closepipeE2 run=1 round=7 headOK_min=42 headOK_max=56 cores_clean=30/56 converged=0
ROUND variant=A22_close_closepipeE2 run=1 round=8 headOK_min=42 headOK_max=56 cores_clean=28/56 converged=0
ROUND variant=A22_close_closepipeE2 run=1 round=9 headOK_min=42 headOK_max=56 cores_clean=30/56 converged=0
ROUND variant=A22_close_closepipeE2 run=1 round=10 headOK_min=42 headOK_max=56 cores_clean=48/56 converged=0
ROUND variant=A22_close_closepipeE2 run=1 round=11 headOK_min=42 headOK_max=56 cores_clean=29/56 converged=0
ROUND variant=A22_close_closepipeE2 run=1 round=12 headOK_min=42 headOK_max=56 cores_clean=34/56 converged=0
ROUND variant=A22_close_closepipeE2 run=1 round=13 headOK_min=42 headOK_max=56 cores_clean=25/56 converged=0
ROUND variant=A22_close_closepipeE2 run=1 round=14 headOK_min=42 headOK_max=56 cores_clean=27/56 converged=0
ROUND variant=A22_close_closepipeE2 run=1 round=15 headOK_min=56 headOK_max=56 cores_clean=56/56 converged=0
COREVIOL variant=A22_close_closepipeE2 run=1 0,0,0,5,5,11,14,14,0,0,0,4,4,12,13,14,0,0,0,0,11,13,12,13,0,0,0,0,11,13,15,15,0,0,0,8,11,15,15,15,0,0,0,10,11,14,15,15,0,0,0,1,8,14,14,15
CYCLE variant=A22_close_closepipeE2 run=1 1492603827,1492603085,1492603039,1492602700,1492604420,1492603800,1492603859,1492604063,1492603237,1492604444,1492603369,1492603320,1492602586,1492603390,1492602470,1492603476,1492603948,1492603872,1492604480,1492604034,1492604364,1492604261,1492602883,1492602394,1492603440,1492603721,1492603677,1492603524,1492602144,1492602168,1492604187,1492604372,1492602785,1492602174,1492602513,1492603127,1492602991,1492603788,1492603330,1492602808,1492604427,1492604110,1492602892,1492604173,1492603983,1492603165,1492602837,1492603462,1492604266,1492603274,1492604016,1492604351,1492604214,1492603808,1492604251,1492603539
SUMMARY variant=A22_close_closepipeE2 run=2 vi=22 bk=1 ck=2 dk=2 fk=1 st=16 wl=64 sep=0 rounds=16 naiv=56 blocks=28 cores_clean=27/56 core_round_clean=602/896 rounds_clean=1/16 headOK_min=42 viol=294 final_head_ok=56 stale=0 zero=0 other=0 scribble=0 rel_spread_max=23428 missing_rows=0 snap=0 rc=1
ROUND variant=A22_close_closepipeE2 run=2 round=0 headOK_min=42 headOK_max=56 cores_clean=47/56 converged=0
ROUND variant=A22_close_closepipeE2 run=2 round=1 headOK_min=42 headOK_max=56 cores_clean=34/56 converged=0
ROUND variant=A22_close_closepipeE2 run=2 round=2 headOK_min=42 headOK_max=56 cores_clean=36/56 converged=0
ROUND variant=A22_close_closepipeE2 run=2 round=3 headOK_min=42 headOK_max=56 cores_clean=42/56 converged=0
ROUND variant=A22_close_closepipeE2 run=2 round=4 headOK_min=42 headOK_max=56 cores_clean=34/56 converged=0
ROUND variant=A22_close_closepipeE2 run=2 round=5 headOK_min=42 headOK_max=56 cores_clean=33/56 converged=0
ROUND variant=A22_close_closepipeE2 run=2 round=6 headOK_min=42 headOK_max=56 cores_clean=38/56 converged=0
ROUND variant=A22_close_closepipeE2 run=2 round=7 headOK_min=42 headOK_max=56 cores_clean=39/56 converged=0
ROUND variant=A22_close_closepipeE2 run=2 round=8 headOK_min=42 headOK_max=56 cores_clean=29/56 converged=0
ROUND variant=A22_close_closepipeE2 run=2 round=9 headOK_min=42 headOK_max=56 cores_clean=46/56 converged=0
ROUND variant=A22_close_closepipeE2 run=2 round=10 headOK_min=42 headOK_max=56 cores_clean=36/56 converged=0
ROUND variant=A22_close_closepipeE2 run=2 round=11 headOK_min=42 headOK_max=56 cores_clean=34/56 converged=0
ROUND variant=A22_close_closepipeE2 run=2 round=12 headOK_min=42 headOK_max=56 cores_clean=31/56 converged=0
ROUND variant=A22_close_closepipeE2 run=2 round=13 headOK_min=42 headOK_max=56 cores_clean=35/56 converged=0
ROUND variant=A22_close_closepipeE2 run=2 round=14 headOK_min=42 headOK_max=56 cores_clean=32/56 converged=0
ROUND variant=A22_close_closepipeE2 run=2 round=15 headOK_min=56 headOK_max=56 cores_clean=56/56 converged=0
COREVIOL variant=A22_close_closepipeE2 run=2 0,0,0,1,0,5,13,13,0,0,0,1,0,7,12,13,0,0,0,0,0,8,12,13,0,0,0,1,6,14,15,15,0,0,0,6,6,13,15,15,0,0,0,3,0,12,15,15,0,0,0,2,0,13,15,15
CYCLE variant=A22_close_closepipeE2 run=2 -98733163,-98733635,-98733729,-98733516,-98734751,-98734581,-98733184,-98733490,-98733369,-98733274,-98733817,-98734736,-98733230,-98733088,-98733443,-98733017,-98734550,-98732930,-98733465,-98733749,-98733996,-98734381,-98734747,-98734753,-98733342,-98734301,-98733035,-98734349,-98733991,-98734063,-98733397,-98732695,-98732390,-98732508,-98732324,-98732276,-98732727,-98732491,-98732794,-98732144,-98732675,-98733793,-98733821,-98734022,-98732748,-98733008,-98732634,-98732822,-98732419,-98732585,-98733053,-98733619,-98733573,-98733671,-98732350,-98733034
SUMMARY variant=A22_close_closepipeE2 run=3 vi=22 bk=1 ck=2 dk=2 fk=1 st=16 wl=64 sep=0 rounds=16 naiv=56 blocks=28 cores_clean=25/56 core_round_clean=583/896 rounds_clean=1/16 headOK_min=42 viol=313 final_head_ok=56 stale=0 zero=0 other=0 scribble=0 rel_spread_max=32499 missing_rows=0 snap=0 rc=1
ROUND variant=A22_close_closepipeE2 run=3 round=0 headOK_min=42 headOK_max=56 cores_clean=45/56 converged=0
ROUND variant=A22_close_closepipeE2 run=3 round=1 headOK_min=42 headOK_max=56 cores_clean=37/56 converged=0
ROUND variant=A22_close_closepipeE2 run=3 round=2 headOK_min=42 headOK_max=56 cores_clean=35/56 converged=0
ROUND variant=A22_close_closepipeE2 run=3 round=3 headOK_min=42 headOK_max=56 cores_clean=38/56 converged=0
ROUND variant=A22_close_closepipeE2 run=3 round=4 headOK_min=42 headOK_max=56 cores_clean=32/56 converged=0
ROUND variant=A22_close_closepipeE2 run=3 round=5 headOK_min=42 headOK_max=56 cores_clean=39/56 converged=0
ROUND variant=A22_close_closepipeE2 run=3 round=6 headOK_min=42 headOK_max=56 cores_clean=42/56 converged=0
ROUND variant=A22_close_closepipeE2 run=3 round=7 headOK_min=42 headOK_max=56 cores_clean=34/56 converged=0
ROUND variant=A22_close_closepipeE2 run=3 round=8 headOK_min=42 headOK_max=56 cores_clean=33/56 converged=0
ROUND variant=A22_close_closepipeE2 run=3 round=9 headOK_min=42 headOK_max=56 cores_clean=30/56 converged=0
ROUND variant=A22_close_closepipeE2 run=3 round=10 headOK_min=42 headOK_max=56 cores_clean=32/56 converged=0
ROUND variant=A22_close_closepipeE2 run=3 round=11 headOK_min=42 headOK_max=56 cores_clean=32/56 converged=0
ROUND variant=A22_close_closepipeE2 run=3 round=12 headOK_min=42 headOK_max=56 cores_clean=37/56 converged=0
ROUND variant=A22_close_closepipeE2 run=3 round=13 headOK_min=42 headOK_max=56 cores_clean=30/56 converged=0
ROUND variant=A22_close_closepipeE2 run=3 round=14 headOK_min=42 headOK_max=56 cores_clean=31/56 converged=0
ROUND variant=A22_close_closepipeE2 run=3 round=15 headOK_min=56 headOK_max=56 cores_clean=56/56 converged=0
COREVIOL variant=A22_close_closepipeE2 run=3 0,0,0,1,0,7,13,15,0,0,0,0,1,8,14,15,0,0,0,0,1,10,14,15,0,0,0,1,11,14,14,14,0,0,0,8,6,14,14,14,0,0,0,2,2,14,14,14,0,0,0,2,0,13,14,14
CYCLE variant=A22_close_closepipeE2 run=3 1848768275,1848769302,1848769056,1848768547,1848768201,1848767919,1848768779,1848768931,1848767821,1848767999,1848768402,1848768301,1848769089,1848769271,1848768824,1848768646,1848768734,1848768505,1848767618,1848769209,1848767833,1848767520,1848767267,1848767457,1848768912,1848768759,1848769373,1848769319,1848766935,1848767388,1848767624,1848767022,1848768715,1848768154,1848767533,1848769082,1848767312,1848767338,1848768564,1848768616,1848767601,1848767372,1848767949,1848767123,1848768011,1848767651,1848768508,1848768688,1848768366,1848768927,1848767828,1848768469,1848768989,1848769072,1848768642,1848768950
SUMMARY variant=A22_close_closepipeE2 run=4 vi=22 bk=1 ck=2 dk=2 fk=1 st=16 wl=64 sep=0 rounds=16 naiv=56 blocks=28 cores_clean=26/56 core_round_clean=572/896 rounds_clean=1/16 headOK_min=42 viol=324 final_head_ok=56 stale=0 zero=0 other=0 scribble=0 rel_spread_max=22369 missing_rows=0 snap=0 rc=1
ROUND variant=A22_close_closepipeE2 run=4 round=0 headOK_min=42 headOK_max=56 cores_clean=38/56 converged=0
ROUND variant=A22_close_closepipeE2 run=4 round=1 headOK_min=42 headOK_max=56 cores_clean=31/56 converged=0
ROUND variant=A22_close_closepipeE2 run=4 round=2 headOK_min=42 headOK_max=56 cores_clean=30/56 converged=0
ROUND variant=A22_close_closepipeE2 run=4 round=3 headOK_min=42 headOK_max=56 cores_clean=32/56 converged=0
ROUND variant=A22_close_closepipeE2 run=4 round=4 headOK_min=42 headOK_max=56 cores_clean=35/56 converged=0
ROUND variant=A22_close_closepipeE2 run=4 round=5 headOK_min=42 headOK_max=56 cores_clean=30/56 converged=0
ROUND variant=A22_close_closepipeE2 run=4 round=6 headOK_min=42 headOK_max=56 cores_clean=33/56 converged=0
ROUND variant=A22_close_closepipeE2 run=4 round=7 headOK_min=42 headOK_max=56 cores_clean=38/56 converged=0
ROUND variant=A22_close_closepipeE2 run=4 round=8 headOK_min=42 headOK_max=56 cores_clean=34/56 converged=0
ROUND variant=A22_close_closepipeE2 run=4 round=9 headOK_min=42 headOK_max=56 cores_clean=35/56 converged=0
ROUND variant=A22_close_closepipeE2 run=4 round=10 headOK_min=42 headOK_max=56 cores_clean=33/56 converged=0
ROUND variant=A22_close_closepipeE2 run=4 round=11 headOK_min=42 headOK_max=56 cores_clean=38/56 converged=0
ROUND variant=A22_close_closepipeE2 run=4 round=12 headOK_min=42 headOK_max=56 cores_clean=33/56 converged=0
ROUND variant=A22_close_closepipeE2 run=4 round=13 headOK_min=42 headOK_max=56 cores_clean=40/56 converged=0
ROUND variant=A22_close_closepipeE2 run=4 round=14 headOK_min=42 headOK_max=56 cores_clean=36/56 converged=0
ROUND variant=A22_close_closepipeE2 run=4 round=15 headOK_min=56 headOK_max=56 cores_clean=56/56 converged=0
COREVIOL variant=A22_close_closepipeE2 run=4 0,0,0,1,0,8,13,15,0,0,0,0,0,10,12,15,0,0,0,0,0,10,15,15,0,0,0,1,11,15,15,15,0,0,0,6,3,15,15,15,0,0,0,5,3,14,15,15,0,0,0,1,1,15,15,15
CYCLE variant=A22_close_closepipeE2 run=4 -847286387,-847286222,-847286677,-847286446,-847287409,-847286359,-847286860,-847287217,-847287923,-847286822,-847287743,-847286539,-847286906,-847286490,-847288209,-847288264,-847287509,-847286954,-847287910,-847286472,-847286623,-847287774,-847286426,-847286318,-847287288,-847286931,-847287195,-847287727,-847287016,-847286528,-847287084,-847287520,-847286611,-847287893,-847286454,-847287378,-847287636,-847286965,-847287815,-847288308,-847287576,-847287030,-847287614,-847287119,-847288243,-847288137,-847286638,-847286944,-847288553,-847288482,-847286384,-847286831,-847286405,-847286349,-847287244,-847287142
SUMMARY variant=A22_close_closepipeE2 run=5 vi=22 bk=1 ck=2 dk=2 fk=1 st=16 wl=64 sep=0 rounds=16 naiv=56 blocks=28 cores_clean=30/56 core_round_clean=628/896 rounds_clean=2/16 headOK_min=42 viol=268 final_head_ok=56 stale=0 zero=0 other=0 scribble=0 rel_spread_max=24193 missing_rows=0 snap=0 rc=1
ROUND variant=A22_close_closepipeE2 run=5 round=0 headOK_min=56 headOK_max=56 cores_clean=56/56 converged=0
ROUND variant=A22_close_closepipeE2 run=5 round=1 headOK_min=42 headOK_max=56 cores_clean=39/56 converged=0
ROUND variant=A22_close_closepipeE2 run=5 round=2 headOK_min=42 headOK_max=56 cores_clean=33/56 converged=0
ROUND variant=A22_close_closepipeE2 run=5 round=3 headOK_min=42 headOK_max=56 cores_clean=48/56 converged=0
ROUND variant=A22_close_closepipeE2 run=5 round=4 headOK_min=42 headOK_max=56 cores_clean=33/56 converged=0
ROUND variant=A22_close_closepipeE2 run=5 round=5 headOK_min=42 headOK_max=56 cores_clean=39/56 converged=0
ROUND variant=A22_close_closepipeE2 run=5 round=6 headOK_min=42 headOK_max=56 cores_clean=36/56 converged=0
ROUND variant=A22_close_closepipeE2 run=5 round=7 headOK_min=42 headOK_max=56 cores_clean=37/56 converged=0
ROUND variant=A22_close_closepipeE2 run=5 round=8 headOK_min=42 headOK_max=56 cores_clean=36/56 converged=0
ROUND variant=A22_close_closepipeE2 run=5 round=9 headOK_min=42 headOK_max=56 cores_clean=34/56 converged=0
ROUND variant=A22_close_closepipeE2 run=5 round=10 headOK_min=42 headOK_max=56 cores_clean=38/56 converged=0
ROUND variant=A22_close_closepipeE2 run=5 round=11 headOK_min=42 headOK_max=56 cores_clean=36/56 converged=0
ROUND variant=A22_close_closepipeE2 run=5 round=12 headOK_min=42 headOK_max=56 cores_clean=35/56 converged=0
ROUND variant=A22_close_closepipeE2 run=5 round=13 headOK_min=42 headOK_max=56 cores_clean=35/56 converged=0
ROUND variant=A22_close_closepipeE2 run=5 round=14 headOK_min=42 headOK_max=56 cores_clean=37/56 converged=0
ROUND variant=A22_close_closepipeE2 run=5 round=15 headOK_min=56 headOK_max=56 cores_clean=56/56 converged=0
COREVIOL variant=A22_close_closepipeE2 run=5 0,0,0,0,0,4,13,13,0,0,0,0,0,5,10,13,0,0,0,0,0,10,12,13,0,0,0,0,4,14,13,14,0,0,0,1,2,13,14,14,0,0,0,2,0,13,14,14,0,0,0,2,0,13,14,14
CYCLE variant=A22_close_closepipeE2 run=5 2063710650,2063711287,2063711193,2063709659,2063709997,2063710495,2063711115,2063711141,2063711000,2063710280,2063710412,2063710905,2063710234,2063709650,2063709628,2063709650,2063709946,2063711620,2063710369,2063709895,2063711597,2063711039,2063710944,2063710688,2063711338,2063711085,2063711684,2063710965,2063712662,2063712637,2063713555,2063713010,2063713508,2063712510,2063711743,2063713049,2063712814,2063713069,2063713092,2063711687,2063713386,2063713260,2063712713,2063713322,2063712525,2063713186,2063712235,2063712162,2063711781,2063711520,2063713471,2063713418,2063712546,2063713360,2063712940,2063712839
SUMMARY variant=A22_close_closepipeE2 run=6 vi=22 bk=1 ck=2 dk=2 fk=1 st=16 wl=64 sep=0 rounds=16 naiv=56 blocks=28 cores_clean=26/56 core_round_clean=569/896 rounds_clean=1/16 headOK_min=42 viol=327 final_head_ok=56 stale=0 zero=0 other=0 scribble=0 rel_spread_max=22083 missing_rows=0 snap=0 rc=1
ROUND variant=A22_close_closepipeE2 run=6 round=0 headOK_min=42 headOK_max=56 cores_clean=39/56 converged=0
ROUND variant=A22_close_closepipeE2 run=6 round=1 headOK_min=42 headOK_max=56 cores_clean=28/56 converged=0
ROUND variant=A22_close_closepipeE2 run=6 round=2 headOK_min=42 headOK_max=56 cores_clean=36/56 converged=0
ROUND variant=A22_close_closepipeE2 run=6 round=3 headOK_min=42 headOK_max=56 cores_clean=31/56 converged=0
ROUND variant=A22_close_closepipeE2 run=6 round=4 headOK_min=42 headOK_max=56 cores_clean=35/56 converged=0
ROUND variant=A22_close_closepipeE2 run=6 round=5 headOK_min=42 headOK_max=56 cores_clean=36/56 converged=0
ROUND variant=A22_close_closepipeE2 run=6 round=6 headOK_min=42 headOK_max=56 cores_clean=34/56 converged=0
ROUND variant=A22_close_closepipeE2 run=6 round=7 headOK_min=42 headOK_max=56 cores_clean=31/56 converged=0
ROUND variant=A22_close_closepipeE2 run=6 round=8 headOK_min=42 headOK_max=56 cores_clean=33/56 converged=0
ROUND variant=A22_close_closepipeE2 run=6 round=9 headOK_min=42 headOK_max=56 cores_clean=34/56 converged=0
ROUND variant=A22_close_closepipeE2 run=6 round=10 headOK_min=42 headOK_max=56 cores_clean=34/56 converged=0
ROUND variant=A22_close_closepipeE2 run=6 round=11 headOK_min=42 headOK_max=56 cores_clean=33/56 converged=0
ROUND variant=A22_close_closepipeE2 run=6 round=12 headOK_min=42 headOK_max=56 cores_clean=39/56 converged=0
ROUND variant=A22_close_closepipeE2 run=6 round=13 headOK_min=42 headOK_max=56 cores_clean=33/56 converged=0
ROUND variant=A22_close_closepipeE2 run=6 round=14 headOK_min=42 headOK_max=56 cores_clean=37/56 converged=0
ROUND variant=A22_close_closepipeE2 run=6 round=15 headOK_min=56 headOK_max=56 cores_clean=56/56 converged=0
COREVIOL variant=A22_close_closepipeE2 run=6 0,0,0,1,0,6,13,15,0,0,0,0,1,9,15,15,0,0,0,1,1,10,14,15,0,0,0,0,13,14,15,15,0,0,0,8,7,15,15,15,0,0,0,3,2,14,15,15,0,0,0,0,0,15,15,15
CYCLE variant=A22_close_closepipeE2 run=6 -528366173,-528366275,-528367187,-528366334,-528365537,-528366553,-528365383,-528366154,-528365635,-528365711,-528365347,-528366020,-528365693,-528365462,-528366363,-528366591,-528365817,-528366932,-528365498,-528366131,-528365926,-528365623,-528367432,-528367380,-528366377,-528365590,-528367019,-528367052,-528367674,-528367644,-528366039,-528366824,-528367639,-528367636,-528366385,-528366611,-528366352,-528366073,-528366682,-528367281,-528367634,-528366798,-528367070,-528366227,-528367135,-528367246,-528367642,-528366102,-528366778,-528366911,-528366447,-528366522,-528366928,-528366313,-528366021,-528366630
SUMMARY variant=A22_close_closepipeE2 run=7 vi=22 bk=1 ck=2 dk=2 fk=1 st=16 wl=64 sep=0 rounds=16 naiv=56 blocks=28 cores_clean=25/56 core_round_clean=593/896 rounds_clean=1/16 headOK_min=42 viol=303 final_head_ok=56 stale=0 zero=0 other=0 scribble=0 rel_spread_max=23914 missing_rows=0 snap=0 rc=1
ROUND variant=A22_close_closepipeE2 run=7 round=0 headOK_min=42 headOK_max=56 cores_clean=35/56 converged=0
ROUND variant=A22_close_closepipeE2 run=7 round=1 headOK_min=42 headOK_max=56 cores_clean=39/56 converged=0
ROUND variant=A22_close_closepipeE2 run=7 round=2 headOK_min=42 headOK_max=56 cores_clean=38/56 converged=0
ROUND variant=A22_close_closepipeE2 run=7 round=3 headOK_min=42 headOK_max=56 cores_clean=38/56 converged=0
ROUND variant=A22_close_closepipeE2 run=7 round=4 headOK_min=42 headOK_max=56 cores_clean=32/56 converged=0
ROUND variant=A22_close_closepipeE2 run=7 round=5 headOK_min=42 headOK_max=56 cores_clean=32/56 converged=0
ROUND variant=A22_close_closepipeE2 run=7 round=6 headOK_min=42 headOK_max=56 cores_clean=30/56 converged=0
ROUND variant=A22_close_closepipeE2 run=7 round=7 headOK_min=42 headOK_max=56 cores_clean=47/56 converged=0
ROUND variant=A22_close_closepipeE2 run=7 round=8 headOK_min=42 headOK_max=56 cores_clean=39/56 converged=0
ROUND variant=A22_close_closepipeE2 run=7 round=9 headOK_min=42 headOK_max=56 cores_clean=40/56 converged=0
ROUND variant=A22_close_closepipeE2 run=7 round=10 headOK_min=42 headOK_max=56 cores_clean=37/56 converged=0
ROUND variant=A22_close_closepipeE2 run=7 round=11 headOK_min=42 headOK_max=56 cores_clean=31/56 converged=0
ROUND variant=A22_close_closepipeE2 run=7 round=12 headOK_min=42 headOK_max=56 cores_clean=35/56 converged=0
ROUND variant=A22_close_closepipeE2 run=7 round=13 headOK_min=42 headOK_max=56 cores_clean=35/56 converged=0
ROUND variant=A22_close_closepipeE2 run=7 round=14 headOK_min=42 headOK_max=56 cores_clean=29/56 converged=0
ROUND variant=A22_close_closepipeE2 run=7 round=15 headOK_min=56 headOK_max=56 cores_clean=56/56 converged=0
COREVIOL variant=A22_close_closepipeE2 run=7 0,0,0,0,0,5,13,14,0,0,0,2,0,6,12,13,0,0,0,2,1,7,13,14,0,0,0,0,6,15,15,15,0,0,0,7,6,13,15,15,0,0,0,4,1,14,15,15,0,0,0,1,1,13,15,15
CYCLE variant=A22_close_closepipeE2 run=7 1012839807,1012839926,1012839182,1012840250,1012838569,1012840142,1012840095,1012840225,1012840004,1012840122,1012838499,1012838601,1012839065,1012839209,1012838403,1012838393,1012840199,1012839235,1012838941,1012838438,1012838406,1012838693,1012838670,1012838411,1012839646,1012839842,1012839623,1012839410,1012841357,1012841240,1012840577,1012840625,1012840229,1012839835,1012841446,1012841423,1012840663,1012841632,1012840056,1012840201,1012841472,1012841543,1012840877,1012840736,1012841563,1012841695,1012840344,1012840246,1012840101,1012841137,1012840764,1012840131,1012840926,1012841328,1012840077,1012840496
SUMMARY variant=A22_close_closepipeE2 run=8 vi=22 bk=1 ck=2 dk=2 fk=1 st=16 wl=64 sep=0 rounds=16 naiv=56 blocks=28 cores_clean=25/56 core_round_clean=577/896 rounds_clean=1/16 headOK_min=42 viol=319 final_head_ok=56 stale=0 zero=0 other=0 scribble=0 rel_spread_max=23034 missing_rows=0 snap=0 rc=1
ROUND variant=A22_close_closepipeE2 run=8 round=0 headOK_min=42 headOK_max=56 cores_clean=44/56 converged=0
ROUND variant=A22_close_closepipeE2 run=8 round=1 headOK_min=42 headOK_max=56 cores_clean=28/56 converged=0
ROUND variant=A22_close_closepipeE2 run=8 round=2 headOK_min=42 headOK_max=56 cores_clean=32/56 converged=0
ROUND variant=A22_close_closepipeE2 run=8 round=3 headOK_min=42 headOK_max=56 cores_clean=41/56 converged=0
ROUND variant=A22_close_closepipeE2 run=8 round=4 headOK_min=42 headOK_max=56 cores_clean=32/56 converged=0
ROUND variant=A22_close_closepipeE2 run=8 round=5 headOK_min=42 headOK_max=56 cores_clean=30/56 converged=0
ROUND variant=A22_close_closepipeE2 run=8 round=6 headOK_min=42 headOK_max=56 cores_clean=37/56 converged=0
ROUND variant=A22_close_closepipeE2 run=8 round=7 headOK_min=42 headOK_max=56 cores_clean=38/56 converged=0
ROUND variant=A22_close_closepipeE2 run=8 round=8 headOK_min=42 headOK_max=56 cores_clean=32/56 converged=0
ROUND variant=A22_close_closepipeE2 run=8 round=9 headOK_min=42 headOK_max=56 cores_clean=37/56 converged=0
ROUND variant=A22_close_closepipeE2 run=8 round=10 headOK_min=42 headOK_max=56 cores_clean=36/56 converged=0
ROUND variant=A22_close_closepipeE2 run=8 round=11 headOK_min=42 headOK_max=56 cores_clean=38/56 converged=0
ROUND variant=A22_close_closepipeE2 run=8 round=12 headOK_min=42 headOK_max=56 cores_clean=35/56 converged=0
ROUND variant=A22_close_closepipeE2 run=8 round=13 headOK_min=42 headOK_max=56 cores_clean=31/56 converged=0
ROUND variant=A22_close_closepipeE2 run=8 round=14 headOK_min=42 headOK_max=56 cores_clean=30/56 converged=0
ROUND variant=A22_close_closepipeE2 run=8 round=15 headOK_min=56 headOK_max=56 cores_clean=56/56 converged=0
COREVIOL variant=A22_close_closepipeE2 run=8 0,0,0,1,0,7,14,14,0,0,0,3,0,7,13,14,0,0,0,2,1,10,11,14,0,0,0,0,8,14,15,15,0,0,0,5,7,14,14,15,0,0,0,5,1,14,15,15,0,0,0,6,0,15,15,15
CYCLE variant=A22_close_closepipeE2 run=8 1245595299,1245595665,1245595228,1245595158,1245594202,1245593445,1245595538,1245595019,1245594308,1245593933,1245595284,1245595642,1245594686,1245594829,1245595395,1245595349,1245594182,1245594409,1245595209,1245595375,1245595585,1245595254,1245593471,1245593472,1245595474,1245595498,1245595142,1245595119,1245595366,1245594532,1245594964,1245595666,1245594206,1245594157,1245594935,1245595605,1245594788,1245594551,1245593909,1245595385,1245594035,1245594629,1245594742,1245595147,1245595478,1245595633,1245595332,1245595287,1245594600,1245594306,1245594818,1245595411,1245594081,1245593672,1245594859,1245595547
SUMMARY variant=A22_close_closepipeE2 run=9 vi=22 bk=1 ck=2 dk=2 fk=1 st=16 wl=64 sep=0 rounds=16 naiv=56 blocks=28 cores_clean=27/56 core_round_clean=643/896 rounds_clean=1/16 headOK_min=42 viol=253 final_head_ok=56 stale=0 zero=0 other=0 scribble=0 rel_spread_max=24267 missing_rows=0 snap=0 rc=1
ROUND variant=A22_close_closepipeE2 run=9 round=0 headOK_min=42 headOK_max=56 cores_clean=43/56 converged=0
ROUND variant=A22_close_closepipeE2 run=9 round=1 headOK_min=42 headOK_max=56 cores_clean=29/56 converged=0
ROUND variant=A22_close_closepipeE2 run=9 round=2 headOK_min=42 headOK_max=56 cores_clean=46/56 converged=0
ROUND variant=A22_close_closepipeE2 run=9 round=3 headOK_min=42 headOK_max=56 cores_clean=40/56 converged=0
ROUND variant=A22_close_closepipeE2 run=9 round=4 headOK_min=42 headOK_max=56 cores_clean=37/56 converged=0
ROUND variant=A22_close_closepipeE2 run=9 round=5 headOK_min=42 headOK_max=56 cores_clean=37/56 converged=0
ROUND variant=A22_close_closepipeE2 run=9 round=6 headOK_min=42 headOK_max=56 cores_clean=34/56 converged=0
ROUND variant=A22_close_closepipeE2 run=9 round=7 headOK_min=42 headOK_max=56 cores_clean=39/56 converged=0
ROUND variant=A22_close_closepipeE2 run=9 round=8 headOK_min=42 headOK_max=56 cores_clean=45/56 converged=0
ROUND variant=A22_close_closepipeE2 run=9 round=9 headOK_min=42 headOK_max=56 cores_clean=39/56 converged=0
ROUND variant=A22_close_closepipeE2 run=9 round=10 headOK_min=42 headOK_max=56 cores_clean=43/56 converged=0
ROUND variant=A22_close_closepipeE2 run=9 round=11 headOK_min=42 headOK_max=56 cores_clean=46/56 converged=0
ROUND variant=A22_close_closepipeE2 run=9 round=12 headOK_min=42 headOK_max=56 cores_clean=37/56 converged=0
ROUND variant=A22_close_closepipeE2 run=9 round=13 headOK_min=42 headOK_max=56 cores_clean=39/56 converged=0
ROUND variant=A22_close_closepipeE2 run=9 round=14 headOK_min=42 headOK_max=56 cores_clean=33/56 converged=0
ROUND variant=A22_close_closepipeE2 run=9 round=15 headOK_min=56 headOK_max=56 cores_clean=56/56 converged=0
COREVIOL variant=A22_close_closepipeE2 run=9 0,0,0,1,0,2,9,12,0,0,0,0,0,3,9,10,0,0,0,0,0,2,7,10,0,0,0,1,5,15,15,15,0,0,0,2,0,12,15,15,0,0,1,3,1,15,14,15,0,0,0,2,0,12,15,15
CYCLE variant=A22_close_closepipeE2 run=9 555936251,555935860,555937019,555936993,555936889,555936813,555936482,555935934,555937219,555937140,555935582,555935547,555936708,555935646,555937331,555937305,555935722,555937089,555935673,555936682,555935827,555935909,555935553,555936045,555935541,555935541,555937162,555936856,555937042,555937196,555937486,555937858,555936322,555936566,555937441,555937751,555936417,555936472,555936818,555937333,555937412,555937777,555935809,555935734,555937694,555937722,555935953,555935979,555937278,555937312,555937146,555936971,555937022,555936495,555937596,555937647
