SUMMARY variant=B3_geom_align64 run=1 vi=29 bk=1 ck=1 dk=2 fk=1 st=16 wl=64 sep=0 rounds=16 naiv=56 blocks=28 cores_clean=56/56 core_round_clean=896/896 rounds_clean=16/16 headOK_min=56 viol=0 final_head_ok=56 stale=0 zero=0 other=0 scribble=0 rel_spread_max=18058 missing_rows=0 snap=0 rc=0 negctrl_selfonly=0 viol_under_selfonly_criterion=0
ROUND variant=B3_geom_align64 run=1 round=0 headOK_min=56 headOK_max=56 cores_clean=56/56 converged=0
ROUND variant=B3_geom_align64 run=1 round=1 headOK_min=56 headOK_max=56 cores_clean=56/56 converged=0
ROUND variant=B3_geom_align64 run=1 round=2 headOK_min=56 headOK_max=56 cores_clean=56/56 converged=0
ROUND variant=B3_geom_align64 run=1 round=3 headOK_min=56 headOK_max=56 cores_clean=56/56 converged=0
ROUND variant=B3_geom_align64 run=1 round=4 headOK_min=56 headOK_max=56 cores_clean=56/56 converged=0
ROUND variant=B3_geom_align64 run=1 round=5 headOK_min=56 headOK_max=56 cores_clean=56/56 converged=0
ROUND variant=B3_geom_align64 run=1 round=6 headOK_min=56 headOK_max=56 cores_clean=56/56 converged=0
ROUND variant=B3_geom_align64 run=1 round=7 headOK_min=56 headOK_max=56 cores_clean=56/56 converged=0
ROUND variant=B3_geom_align64 run=1 round=8 headOK_min=56 headOK_max=56 cores_clean=56/56 converged=0
ROUND variant=B3_geom_align64 run=1 round=9 headOK_min=56 headOK_max=56 cores_clean=56/56 converged=0
ROUND variant=B3_geom_align64 run=1 round=10 headOK_min=56 headOK_max=56 cores_clean=56/56 converged=0
ROUND variant=B3_geom_align64 run=1 round=11 headOK_min=56 headOK_max=56 cores_clean=56/56 converged=0
ROUND variant=B3_geom_align64 run=1 round=12 headOK_min=56 headOK_max=56 cores_clean=56/56 converged=0
ROUND variant=B3_geom_align64 run=1 round=13 headOK_min=56 headOK_max=56 cores_clean=56/56 converged=0
ROUND variant=B3_geom_align64 run=1 round=14 headOK_min=56 headOK_max=56 cores_clean=56/56 converged=0
ROUND variant=B3_geom_align64 run=1 round=15 headOK_min=56 headOK_max=56 cores_clean=56/56 converged=0
COREVIOL variant=B3_geom_align64 run=1 0,0,0,0,0,0,0,0,0,0,0,0,0,0,0,0,0,0,0,0,0,0,0,0,0,0,0,0,0,0,0,0,0,0,0,0,0,0,0,0,0,0,0,0,0,0,0,0,0,0,0,0,0,0,0,0
CYCLE variant=B3_geom_align64 run=1 -274578670,-274578421,-274578342,-274579578,-274579537,-274578984,-274578805,-274578391,-274578127,-274579183,-274579329,-274579758,-274578229,-274579100,-274578753,-274578610,-274578694,-274579378,-274578195,-274579046,-274578779,-274578874,-274579721,-274579857,-274579879,-274579875,-274579700,-274579852,-274578449,-274578390,-274576757,-274576732,-274578188,-274578014,-274577381,-274576553,-274577893,-274578142,-274577699,-274577222,-274577423,-274576487,-274576914,-274576653,-274576687,-274576710,-274577148,-274577076,-274577300,-274577040,-274577632,-274577490,-274577260,-274578128,-274576987,-274576893
SUMMARY variant=B3_geom_align64 run=2 vi=29 bk=1 ck=1 dk=2 fk=1 st=16 wl=64 sep=0 rounds=16 naiv=56 blocks=28 cores_clean=56/56 core_round_clean=896/896 rounds_clean=16/16 headOK_min=56 viol=0 final_head_ok=56 stale=0 zero=0 other=0 scribble=0 rel_spread_max=17670 missing_rows=0 snap=0 rc=0 negctrl_selfonly=0 viol_under_selfonly_criterion=0
ROUND variant=B3_geom_align64 run=2 round=0 headOK_min=56 headOK_max=56 cores_clean=56/56 converged=0
ROUND variant=B3_geom_align64 run=2 round=1 headOK_min=56 headOK_max=56 cores_clean=56/56 converged=0
ROUND variant=B3_geom_align64 run=2 round=2 headOK_min=56 headOK_max=56 cores_clean=56/56 converged=0
ROUND variant=B3_geom_align64 run=2 round=3 headOK_min=56 headOK_max=56 cores_clean=56/56 converged=0
ROUND variant=B3_geom_align64 run=2 round=4 headOK_min=56 headOK_max=56 cores_clean=56/56 converged=0
ROUND variant=B3_geom_align64 run=2 round=5 headOK_min=56 headOK_max=56 cores_clean=56/56 converged=0
ROUND variant=B3_geom_align64 run=2 round=6 headOK_min=56 headOK_max=56 cores_clean=56/56 converged=0
ROUND variant=B3_geom_align64 run=2 round=7 headOK_min=56 headOK_max=56 cores_clean=56/56 converged=0
ROUND variant=B3_geom_align64 run=2 round=8 headOK_min=56 headOK_max=56 cores_clean=56/56 converged=0
ROUND variant=B3_geom_align64 run=2 round=9 headOK_min=56 headOK_max=56 cores_clean=56/56 converged=0
ROUND variant=B3_geom_align64 run=2 round=10 headOK_min=56 headOK_max=56 cores_clean=56/56 converged=0
ROUND variant=B3_geom_align64 run=2 round=11 headOK_min=56 headOK_max=56 cores_clean=56/56 converged=0
ROUND variant=B3_geom_align64 run=2 round=12 headOK_min=56 headOK_max=56 cores_clean=56/56 converged=0
ROUND variant=B3_geom_align64 run=2 round=13 headOK_min=56 headOK_max=56 cores_clean=56/56 converged=0
ROUND variant=B3_geom_align64 run=2 round=14 headOK_min=56 headOK_max=56 cores_clean=56/56 converged=0
ROUND variant=B3_geom_align64 run=2 round=15 headOK_min=56 headOK_max=56 cores_clean=56/56 converged=0
COREVIOL variant=B3_geom_align64 run=2 0,0,0,0,0,0,0,0,0,0,0,0,0,0,0,0,0,0,0,0,0,0,0,0,0,0,0,0,0,0,0,0,0,0,0,0,0,0,0,0,0,0,0,0,0,0,0,0,0,0,0,0,0,0,0,0
CYCLE variant=B3_geom_align64 run=2 -1891623860,-1891624095,-1891623893,-1891623787,-1891624181,-1891624156,-1891622516,-1891622901,-1891622656,-1891622861,-1891623496,-1891623469,-1891622168,-1891622282,-1891622418,-1891622393,-1891624147,-1891624121,-1891623009,-1891622797,-1891622314,-1891622145,-1891624166,-1891624166,-1891623937,-1891623911,-1891622620,-1891622958,-1891622783,-1891622354,-1891621803,-1891622898,-1891622225,-1891622276,-1891621591,-1891621666,-1891623031,-1891623368,-1891622122,-1891622171,-1891622087,-1891622372,-1891622712,-1891621763,-1891622552,-1891621987,-1891623213,-1891622987,-1891623566,-1891623334,-1891622452,-1891621728,-1891623170,-1891622919,-1891621785,-1891621525
SUMMARY variant=B3_geom_align64 run=3 vi=29 bk=1 ck=1 dk=2 fk=1 st=16 wl=64 sep=0 rounds=16 naiv=56 blocks=28 cores_clean=56/56 core_round_clean=896/896 rounds_clean=16/16 headOK_min=56 viol=0 final_head_ok=56 stale=0 zero=0 other=0 scribble=0 rel_spread_max=17372 missing_rows=0 snap=0 rc=0 negctrl_selfonly=0 viol_under_selfonly_criterion=0
ROUND variant=B3_geom_align64 run=3 round=0 headOK_min=56 headOK_max=56 cores_clean=56/56 converged=0
ROUND variant=B3_geom_align64 run=3 round=1 headOK_min=56 headOK_max=56 cores_clean=56/56 converged=0
ROUND variant=B3_geom_align64 run=3 round=2 headOK_min=56 headOK_max=56 cores_clean=56/56 converged=0
ROUND variant=B3_geom_align64 run=3 round=3 headOK_min=56 headOK_max=56 cores_clean=56/56 converged=0
ROUND variant=B3_geom_align64 run=3 round=4 headOK_min=56 headOK_max=56 cores_clean=56/56 converged=0
ROUND variant=B3_geom_align64 run=3 round=5 headOK_min=56 headOK_max=56 cores_clean=56/56 converged=0
ROUND variant=B3_geom_align64 run=3 round=6 headOK_min=56 headOK_max=56 cores_clean=56/56 converged=0
ROUND variant=B3_geom_align64 run=3 round=7 headOK_min=56 headOK_max=56 cores_clean=56/56 converged=0
ROUND variant=B3_geom_align64 run=3 round=8 headOK_min=56 headOK_max=56 cores_clean=56/56 converged=0
ROUND variant=B3_geom_align64 run=3 round=9 headOK_min=56 headOK_max=56 cores_clean=56/56 converged=0
ROUND variant=B3_geom_align64 run=3 round=10 headOK_min=56 headOK_max=56 cores_clean=56/56 converged=0
ROUND variant=B3_geom_align64 run=3 round=11 headOK_min=56 headOK_max=56 cores_clean=56/56 converged=0
ROUND variant=B3_geom_align64 run=3 round=12 headOK_min=56 headOK_max=56 cores_clean=56/56 converged=0
ROUND variant=B3_geom_align64 run=3 round=13 headOK_min=56 headOK_max=56 cores_clean=56/56 converged=0
ROUND variant=B3_geom_align64 run=3 round=14 headOK_min=56 headOK_max=56 cores_clean=56/56 converged=0
ROUND variant=B3_geom_align64 run=3 round=15 headOK_min=56 headOK_max=56 cores_clean=56/56 converged=0
COREVIOL variant=B3_geom_align64 run=3 0,0,0,0,0,0,0,0,0,0,0,0,0,0,0,0,0,0,0,0,0,0,0,0,0,0,0,0,0,0,0,0,0,0,0,0,0,0,0,0,0,0,0,0,0,0,0,0,0,0,0,0,0,0,0,0
CYCLE variant=B3_geom_align64 run=3 1837299007,1837298755,1837300004,1837299443,1837298681,1837298120,1837298160,1837298517,1837298373,1837298501,1837299134,1837299757,1837299704,1837298852,1837299592,1837299644,1837298804,1837298573,1837298894,1837299723,1837300115,1837298596,1837297917,1837297921,1837300094,1837299288,1837300166,1837299544,1837301325,1837300995,1837299884,1837300365,1837300634,1837300660,1837299589,1837299771,1837300560,1837299924,1837300941,1837300687,1837301442,1837301285,1837300277,1837300379,1837301359,1837301498,1837299461,1837299490,1837300793,1837301153,1837301469,1837300440,1837300120,1837300219,1837300840,1837301380
SUMMARY variant=B3_geom_align64 run=4 vi=29 bk=1 ck=1 dk=2 fk=1 st=16 wl=64 sep=0 rounds=16 naiv=56 blocks=28 cores_clean=56/56 core_round_clean=896/896 rounds_clean=16/16 headOK_min=56 viol=0 final_head_ok=56 stale=0 zero=0 other=0 scribble=0 rel_spread_max=15399 missing_rows=0 snap=0 rc=0 negctrl_selfonly=0 viol_under_selfonly_criterion=0
ROUND variant=B3_geom_align64 run=4 round=0 headOK_min=56 headOK_max=56 cores_clean=56/56 converged=0
ROUND variant=B3_geom_align64 run=4 round=1 headOK_min=56 headOK_max=56 cores_clean=56/56 converged=0
ROUND variant=B3_geom_align64 run=4 round=2 headOK_min=56 headOK_max=56 cores_clean=56/56 converged=0
ROUND variant=B3_geom_align64 run=4 round=3 headOK_min=56 headOK_max=56 cores_clean=56/56 converged=0
ROUND variant=B3_geom_align64 run=4 round=4 headOK_min=56 headOK_max=56 cores_clean=56/56 converged=0
ROUND variant=B3_geom_align64 run=4 round=5 headOK_min=56 headOK_max=56 cores_clean=56/56 converged=0
ROUND variant=B3_geom_align64 run=4 round=6 headOK_min=56 headOK_max=56 cores_clean=56/56 converged=0
ROUND variant=B3_geom_align64 run=4 round=7 headOK_min=56 headOK_max=56 cores_clean=56/56 converged=0
ROUND variant=B3_geom_align64 run=4 round=8 headOK_min=56 headOK_max=56 cores_clean=56/56 converged=0
ROUND variant=B3_geom_align64 run=4 round=9 headOK_min=56 headOK_max=56 cores_clean=56/56 converged=0
ROUND variant=B3_geom_align64 run=4 round=10 headOK_min=56 headOK_max=56 cores_clean=56/56 converged=0
ROUND variant=B3_geom_align64 run=4 round=11 headOK_min=56 headOK_max=56 cores_clean=56/56 converged=0
ROUND variant=B3_geom_align64 run=4 round=12 headOK_min=56 headOK_max=56 cores_clean=56/56 converged=0
ROUND variant=B3_geom_align64 run=4 round=13 headOK_min=56 headOK_max=56 cores_clean=56/56 converged=0
ROUND variant=B3_geom_align64 run=4 round=14 headOK_min=56 headOK_max=56 cores_clean=56/56 converged=0
ROUND variant=B3_geom_align64 run=4 round=15 headOK_min=56 headOK_max=56 cores_clean=56/56 converged=0
COREVIOL variant=B3_geom_align64 run=4 0,0,0,0,0,0,0,0,0,0,0,0,0,0,0,0,0,0,0,0,0,0,0,0,0,0,0,0,0,0,0,0,0,0,0,0,0,0,0,0,0,0,0,0,0,0,0,0,0,0,0,0,0,0,0,0
CYCLE variant=B3_geom_align64 run=4 -1580210207,-1580211829,-1580211900,-1580211025,-1580209432,-1580209403,-1580211959,-1580211958,-1580210615,-1580210538,-1580210433,-1580209488,-1580210183,-1580209902,-1580209556,-1580210039,-1580209697,-1580210129,-1580210468,-1580210241,-1580210914,-1580211869,-1580211992,-1580210739,-1580209647,-1580209774,-1580209525,-1580209630,-1580211680,-1580210848,-1580210766,-1580210483,-1580210188,-1580210316,-1580210116,-1580211462,-1580210034,-1580209906,-1580209957,-1580209931,-1580210609,-1580210226,-1580211350,-1580210880,-1580209634,-1580210000,-1580209675,-1580210420,-1580210715,-1580211052,-1580210637,-1580210433,-1580209602,-1580209765,-1580210928,-1580209697
SUMMARY variant=B3_geom_align64 run=5 vi=29 bk=1 ck=1 dk=2 fk=1 st=16 wl=64 sep=0 rounds=16 naiv=56 blocks=28 cores_clean=56/56 core_round_clean=896/896 rounds_clean=16/16 headOK_min=56 viol=0 final_head_ok=56 stale=0 zero=0 other=0 scribble=0 rel_spread_max=18134 missing_rows=0 snap=0 rc=0 negctrl_selfonly=0 viol_under_selfonly_criterion=0
ROUND variant=B3_geom_align64 run=5 round=0 headOK_min=56 headOK_max=56 cores_clean=56/56 converged=0
ROUND variant=B3_geom_align64 run=5 round=1 headOK_min=56 headOK_max=56 cores_clean=56/56 converged=0
ROUND variant=B3_geom_align64 run=5 round=2 headOK_min=56 headOK_max=56 cores_clean=56/56 converged=0
ROUND variant=B3_geom_align64 run=5 round=3 headOK_min=56 headOK_max=56 cores_clean=56/56 converged=0
ROUND variant=B3_geom_align64 run=5 round=4 headOK_min=56 headOK_max=56 cores_clean=56/56 converged=0
ROUND variant=B3_geom_align64 run=5 round=5 headOK_min=56 headOK_max=56 cores_clean=56/56 converged=0
ROUND variant=B3_geom_align64 run=5 round=6 headOK_min=56 headOK_max=56 cores_clean=56/56 converged=0
ROUND variant=B3_geom_align64 run=5 round=7 headOK_min=56 headOK_max=56 cores_clean=56/56 converged=0
ROUND variant=B3_geom_align64 run=5 round=8 headOK_min=56 headOK_max=56 cores_clean=56/56 converged=0
ROUND variant=B3_geom_align64 run=5 round=9 headOK_min=56 headOK_max=56 cores_clean=56/56 converged=0
ROUND variant=B3_geom_align64 run=5 round=10 headOK_min=56 headOK_max=56 cores_clean=56/56 converged=0
ROUND variant=B3_geom_align64 run=5 round=11 headOK_min=56 headOK_max=56 cores_clean=56/56 converged=0
ROUND variant=B3_geom_align64 run=5 round=12 headOK_min=56 headOK_max=56 cores_clean=56/56 converged=0
ROUND variant=B3_geom_align64 run=5 round=13 headOK_min=56 headOK_max=56 cores_clean=56/56 converged=0
ROUND variant=B3_geom_align64 run=5 round=14 headOK_min=56 headOK_max=56 cores_clean=56/56 converged=0
ROUND variant=B3_geom_align64 run=5 round=15 headOK_min=56 headOK_max=56 cores_clean=56/56 converged=0
COREVIOL variant=B3_geom_align64 run=5 0,0,0,0,0,0,0,0,0,0,0,0,0,0,0,0,0,0,0,0,0,0,0,0,0,0,0,0,0,0,0,0,0,0,0,0,0,0,0,0,0,0,0,0,0,0,0,0,0,0,0,0,0,0,0,0
CYCLE variant=B3_geom_align64 run=5 1154784586,1154783910,1154784132,1154783778,1154784027,1154784193,1154783555,1154784568,1154783643,1154783036,1154783334,1154784539,1154782896,1154784007,1154783969,1154784159,1154783501,1154783453,1154782900,1154783028,1154784345,1154784674,1154782898,1154782983,1154783795,1154784638,1154784370,1154783314,1154784571,1154784789,1154785780,1154785922,1154785553,1154785436,1154786078,1154785960,1154786493,1154784764,1154784665,1154786409,1154785847,1154786298,1154784619,1154785765,1154786346,1154785355,1154785068,1154786194,1154785185,1154785380,1154785233,1154785283,1154785796,1154784828,1154785337,1154786282
SUMMARY variant=B3_geom_align64 run=6 vi=29 bk=1 ck=1 dk=2 fk=1 st=16 wl=64 sep=0 rounds=16 naiv=56 blocks=28 cores_clean=56/56 core_round_clean=896/896 rounds_clean=16/16 headOK_min=56 viol=0 final_head_ok=56 stale=0 zero=0 other=0 scribble=0 rel_spread_max=18886 missing_rows=0 snap=0 rc=0 negctrl_selfonly=0 viol_under_selfonly_criterion=0
ROUND variant=B3_geom_align64 run=6 round=0 headOK_min=56 headOK_max=56 cores_clean=56/56 converged=0
ROUND variant=B3_geom_align64 run=6 round=1 headOK_min=56 headOK_max=56 cores_clean=56/56 converged=0
ROUND variant=B3_geom_align64 run=6 round=2 headOK_min=56 headOK_max=56 cores_clean=56/56 converged=0
ROUND variant=B3_geom_align64 run=6 round=3 headOK_min=56 headOK_max=56 cores_clean=56/56 converged=0
ROUND variant=B3_geom_align64 run=6 round=4 headOK_min=56 headOK_max=56 cores_clean=56/56 converged=0
ROUND variant=B3_geom_align64 run=6 round=5 headOK_min=56 headOK_max=56 cores_clean=56/56 converged=0
ROUND variant=B3_geom_align64 run=6 round=6 headOK_min=56 headOK_max=56 cores_clean=56/56 converged=0
ROUND variant=B3_geom_align64 run=6 round=7 headOK_min=56 headOK_max=56 cores_clean=56/56 converged=0
ROUND variant=B3_geom_align64 run=6 round=8 headOK_min=56 headOK_max=56 cores_clean=56/56 converged=0
ROUND variant=B3_geom_align64 run=6 round=9 headOK_min=56 headOK_max=56 cores_clean=56/56 converged=0
ROUND variant=B3_geom_align64 run=6 round=10 headOK_min=56 headOK_max=56 cores_clean=56/56 converged=0
ROUND variant=B3_geom_align64 run=6 round=11 headOK_min=56 headOK_max=56 cores_clean=56/56 converged=0
ROUND variant=B3_geom_align64 run=6 round=12 headOK_min=56 headOK_max=56 cores_clean=56/56 converged=0
ROUND variant=B3_geom_align64 run=6 round=13 headOK_min=56 headOK_max=56 cores_clean=56/56 converged=0
ROUND variant=B3_geom_align64 run=6 round=14 headOK_min=56 headOK_max=56 cores_clean=56/56 converged=0
ROUND variant=B3_geom_align64 run=6 round=15 headOK_min=56 headOK_max=56 cores_clean=56/56 converged=0
COREVIOL variant=B3_geom_align64 run=6 0,0,0,0,0,0,0,0,0,0,0,0,0,0,0,0,0,0,0,0,0,0,0,0,0,0,0,0,0,0,0,0,0,0,0,0,0,0,0,0,0,0,0,0,0,0,0,0,0,0,0,0,0,0,0,0
CYCLE variant=B3_geom_align64 run=6 -416922430,-416923022,-416923551,-416923947,-416922622,-416922598,-416923605,-416922504,-416924291,-416924133,-416922464,-416922960,-416922718,-416923143,-416922528,-416922385,-416923929,-416923753,-416923121,-416922333,-416923575,-416923207,-416924365,-416924288,-416923337,-416923675,-416922577,-416922693,-416922422,-416920937,-416922642,-416921693,-416921029,-416921882,-416921427,-416921473,-416921613,-416921353,-416922743,-416921458,-416922203,-416922325,-416922005,-416922053,-416920884,-416922078,-416920909,-416920826,-416921502,-416921125,-416921390,-416921646,-416922177,-416922225,-416922470,-416921005
SUMMARY variant=B3_geom_align64 run=7 vi=29 bk=1 ck=1 dk=2 fk=1 st=16 wl=64 sep=0 rounds=16 naiv=56 blocks=28 cores_clean=56/56 core_round_clean=896/896 rounds_clean=16/16 headOK_min=56 viol=0 final_head_ok=56 stale=0 zero=0 other=0 scribble=0 rel_spread_max=15010 missing_rows=0 snap=0 rc=0 negctrl_selfonly=0 viol_under_selfonly_criterion=0
ROUND variant=B3_geom_align64 run=7 round=0 headOK_min=56 headOK_max=56 cores_clean=56/56 converged=0
ROUND variant=B3_geom_align64 run=7 round=1 headOK_min=56 headOK_max=56 cores_clean=56/56 converged=0
ROUND variant=B3_geom_align64 run=7 round=2 headOK_min=56 headOK_max=56 cores_clean=56/56 converged=0
ROUND variant=B3_geom_align64 run=7 round=3 headOK_min=56 headOK_max=56 cores_clean=56/56 converged=0
ROUND variant=B3_geom_align64 run=7 round=4 headOK_min=56 headOK_max=56 cores_clean=56/56 converged=0
ROUND variant=B3_geom_align64 run=7 round=5 headOK_min=56 headOK_max=56 cores_clean=56/56 converged=0
ROUND variant=B3_geom_align64 run=7 round=6 headOK_min=56 headOK_max=56 cores_clean=56/56 converged=0
ROUND variant=B3_geom_align64 run=7 round=7 headOK_min=56 headOK_max=56 cores_clean=56/56 converged=0
ROUND variant=B3_geom_align64 run=7 round=8 headOK_min=56 headOK_max=56 cores_clean=56/56 converged=0
ROUND variant=B3_geom_align64 run=7 round=9 headOK_min=56 headOK_max=56 cores_clean=56/56 converged=0
ROUND variant=B3_geom_align64 run=7 round=10 headOK_min=56 headOK_max=56 cores_clean=56/56 converged=0
ROUND variant=B3_geom_align64 run=7 round=11 headOK_min=56 headOK_max=56 cores_clean=56/56 converged=0
ROUND variant=B3_geom_align64 run=7 round=12 headOK_min=56 headOK_max=56 cores_clean=56/56 converged=0
ROUND variant=B3_geom_align64 run=7 round=13 headOK_min=56 headOK_max=56 cores_clean=56/56 converged=0
ROUND variant=B3_geom_align64 run=7 round=14 headOK_min=56 headOK_max=56 cores_clean=56/56 converged=0
ROUND variant=B3_geom_align64 run=7 round=15 headOK_min=56 headOK_max=56 cores_clean=56/56 converged=0
COREVIOL variant=B3_geom_align64 run=7 0,0,0,0,0,0,0,0,0,0,0,0,0,0,0,0,0,0,0,0,0,0,0,0,0,0,0,0,0,0,0,0,0,0,0,0,0,0,0,0,0,0,0,0,0,0,0,0,0,0,0,0,0,0,0,0
CYCLE variant=B3_geom_align64 run=7 -2083009916,-2083009072,-2083010561,-2083009772,-2083009558,-2083009151,-2083009439,-2083010533,-2083009707,-2083008983,-2083009968,-2083010477,-2083009740,-2083009460,-2083010900,-2083010897,-2083009586,-2083010098,-2083009214,-2083009108,-2083009262,-2083009948,-2083009059,-2083010884,-2083010603,-2083009179,-2083010884,-2083010819,-2083008057,-2083009242,-2083008468,-2083009001,-2083008808,-2083009892,-2083008175,-2083008379,-2083009629,-2083008111,-2083010144,-2083009680,-2083008313,-2083009643,-2083008757,-2083008554,-2083008442,-2083008132,-2083008302,-2083008658,-2083008597,-2083008215,-2083010039,-2083008773,-2083008071,-2083008945,-2083008526,-2083008856
SUMMARY variant=B3_geom_align64 run=8 vi=29 bk=1 ck=1 dk=2 fk=1 st=16 wl=64 sep=0 rounds=16 naiv=56 blocks=28 cores_clean=56/56 core_round_clean=896/896 rounds_clean=16/16 headOK_min=56 viol=0 final_head_ok=56 stale=0 zero=0 other=0 scribble=0 rel_spread_max=16214 missing_rows=0 snap=0 rc=0 negctrl_selfonly=0 viol_under_selfonly_criterion=0
ROUND variant=B3_geom_align64 run=8 round=0 headOK_min=56 headOK_max=56 cores_clean=56/56 converged=0
ROUND variant=B3_geom_align64 run=8 round=1 headOK_min=56 headOK_max=56 cores_clean=56/56 converged=0
ROUND variant=B3_geom_align64 run=8 round=2 headOK_min=56 headOK_max=56 cores_clean=56/56 converged=0
ROUND variant=B3_geom_align64 run=8 round=3 headOK_min=56 headOK_max=56 cores_clean=56/56 converged=0
ROUND variant=B3_geom_align64 run=8 round=4 headOK_min=56 headOK_max=56 cores_clean=56/56 converged=0
ROUND variant=B3_geom_align64 run=8 round=5 headOK_min=56 headOK_max=56 cores_clean=56/56 converged=0
ROUND variant=B3_geom_align64 run=8 round=6 headOK_min=56 headOK_max=56 cores_clean=56/56 converged=0
ROUND variant=B3_geom_align64 run=8 round=7 headOK_min=56 headOK_max=56 cores_clean=56/56 converged=0
ROUND variant=B3_geom_align64 run=8 round=8 headOK_min=56 headOK_max=56 cores_clean=56/56 converged=0
ROUND variant=B3_geom_align64 run=8 round=9 headOK_min=56 headOK_max=56 cores_clean=56/56 converged=0
ROUND variant=B3_geom_align64 run=8 round=10 headOK_min=56 headOK_max=56 cores_clean=56/56 converged=0
ROUND variant=B3_geom_align64 run=8 round=11 headOK_min=56 headOK_max=56 cores_clean=56/56 converged=0
ROUND variant=B3_geom_align64 run=8 round=12 headOK_min=56 headOK_max=56 cores_clean=56/56 converged=0
ROUND variant=B3_geom_align64 run=8 round=13 headOK_min=56 headOK_max=56 cores_clean=56/56 converged=0
ROUND variant=B3_geom_align64 run=8 round=14 headOK_min=56 headOK_max=56 cores_clean=56/56 converged=0
ROUND variant=B3_geom_align64 run=8 round=15 headOK_min=56 headOK_max=56 cores_clean=56/56 converged=0
COREVIOL variant=B3_geom_align64 run=8 0,0,0,0,0,0,0,0,0,0,0,0,0,0,0,0,0,0,0,0,0,0,0,0,0,0,0,0,0,0,0,0,0,0,0,0,0,0,0,0,0,0,0,0,0,0,0,0,0,0,0,0,0,0,0,0
CYCLE variant=B3_geom_align64 run=8 -1493167160,-1493167723,-1493166378,-1493166212,-1493167797,-1493167922,-1493166350,-1493166553,-1493167128,-1493167180,-1493166317,-1493166651,-1493166500,-1493166524,-1493167251,-1493167120,-1493167544,-1493168049,-1493166271,-1493167504,-1493168164,-1493168112,-1493168093,-1493168012,-1493167622,-1493167444,-1493167018,-1493166430,-1493167859,-1493167833,-1493167674,-1493167799,-1493167292,-1493168167,-1493168499,-1493168773,-1493167262,-1493168012,-1493169003,-1493168952,-1493169323,-1493167518,-1493167350,-1493167322,-1493168107,-1493167648,-1493167508,-1493167456,-1493167230,-1493167751,-1493169054,-1493168895,-1493168808,-1493169156,-1493167375,-1493167579
SUMMARY variant=B3_geom_align64 run=9 vi=29 bk=1 ck=1 dk=2 fk=1 st=16 wl=64 sep=0 rounds=16 naiv=56 blocks=28 cores_clean=56/56 core_round_clean=896/896 rounds_clean=16/16 headOK_min=56 viol=0 final_head_ok=56 stale=0 zero=0 other=0 scribble=0 rel_spread_max=15203 missing_rows=0 snap=0 rc=0 negctrl_selfonly=0 viol_under_selfonly_criterion=0
ROUND variant=B3_geom_align64 run=9 round=0 headOK_min=56 headOK_max=56 cores_clean=56/56 converged=0
ROUND variant=B3_geom_align64 run=9 round=1 headOK_min=56 headOK_max=56 cores_clean=56/56 converged=0
ROUND variant=B3_geom_align64 run=9 round=2 headOK_min=56 headOK_max=56 cores_clean=56/56 converged=0
ROUND variant=B3_geom_align64 run=9 round=3 headOK_min=56 headOK_max=56 cores_clean=56/56 converged=0
ROUND variant=B3_geom_align64 run=9 round=4 headOK_min=56 headOK_max=56 cores_clean=56/56 converged=0
ROUND variant=B3_geom_align64 run=9 round=5 headOK_min=56 headOK_max=56 cores_clean=56/56 converged=0
ROUND variant=B3_geom_align64 run=9 round=6 headOK_min=56 headOK_max=56 cores_clean=56/56 converged=0
ROUND variant=B3_geom_align64 run=9 round=7 headOK_min=56 headOK_max=56 cores_clean=56/56 converged=0
ROUND variant=B3_geom_align64 run=9 round=8 headOK_min=56 headOK_max=56 cores_clean=56/56 converged=0
ROUND variant=B3_geom_align64 run=9 round=9 headOK_min=56 headOK_max=56 cores_clean=56/56 converged=0
ROUND variant=B3_geom_align64 run=9 round=10 headOK_min=56 headOK_max=56 cores_clean=56/56 converged=0
ROUND variant=B3_geom_align64 run=9 round=11 headOK_min=56 headOK_max=56 cores_clean=56/56 converged=0
ROUND variant=B3_geom_align64 run=9 round=12 headOK_min=56 headOK_max=56 cores_clean=56/56 converged=0
ROUND variant=B3_geom_align64 run=9 round=13 headOK_min=56 headOK_max=56 cores_clean=56/56 converged=0
ROUND variant=B3_geom_align64 run=9 round=14 headOK_min=56 headOK_max=56 cores_clean=56/56 converged=0
ROUND variant=B3_geom_align64 run=9 round=15 headOK_min=56 headOK_max=56 cores_clean=56/56 converged=0
COREVIOL variant=B3_geom_align64 run=9 0,0,0,0,0,0,0,0,0,0,0,0,0,0,0,0,0,0,0,0,0,0,0,0,0,0,0,0,0,0,0,0,0,0,0,0,0,0,0,0,0,0,0,0,0,0,0,0,0,0,0,0,0,0,0,0
CYCLE variant=B3_geom_align64 run=9 1645471896,1645471094,1645471756,1645471166,1645471686,1645471616,1645470733,1645471121,1645471407,1645471454,1645470859,1645470642,1645471002,1645471948,1645471923,1645472154,1645472073,1645472130,1645470882,1645470980,1645471734,1645472100,1645470338,1645470212,1645470520,1645471246,1645470716,1645471057,1645469500,1645469530,1645471149,1645471093,1645469550,1645469510,1645470298,1645469650,1645470009,1645470266,1645469755,1645471173,1645471043,1645471115,1645470395,1645470543,1645470222,1645470923,1645469936,1645469858,1645470196,1645469832,1645470736,1645471020,1645470616,1645470710,1645470990,1645470942
