SUMMARY variant=A17_fid_rot7_close run=1 vi=17 bk=1 ck=1 dk=2 fk=0 st=16 wl=64 sep=0 rounds=16 naiv=56 blocks=28 cores_clean=56/56 core_round_clean=896/896 rounds_clean=16/16 headOK_min=56 viol=0 final_head_ok=56 stale=0 zero=0 other=0 scribble=0 rel_spread_max=16102 missing_rows=0 snap=0 rc=0
ROUND variant=A17_fid_rot7_close run=1 round=0 headOK_min=56 headOK_max=56 cores_clean=56/56 converged=0
ROUND variant=A17_fid_rot7_close run=1 round=1 headOK_min=56 headOK_max=56 cores_clean=56/56 converged=0
ROUND variant=A17_fid_rot7_close run=1 round=2 headOK_min=56 headOK_max=56 cores_clean=56/56 converged=0
ROUND variant=A17_fid_rot7_close run=1 round=3 headOK_min=56 headOK_max=56 cores_clean=56/56 converged=0
ROUND variant=A17_fid_rot7_close run=1 round=4 headOK_min=56 headOK_max=56 cores_clean=56/56 converged=0
ROUND variant=A17_fid_rot7_close run=1 round=5 headOK_min=56 headOK_max=56 cores_clean=56/56 converged=0
ROUND variant=A17_fid_rot7_close run=1 round=6 headOK_min=56 headOK_max=56 cores_clean=56/56 converged=0
ROUND variant=A17_fid_rot7_close run=1 round=7 headOK_min=56 headOK_max=56 cores_clean=56/56 converged=0
ROUND variant=A17_fid_rot7_close run=1 round=8 headOK_min=56 headOK_max=56 cores_clean=56/56 converged=0
ROUND variant=A17_fid_rot7_close run=1 round=9 headOK_min=56 headOK_max=56 cores_clean=56/56 converged=0
ROUND variant=A17_fid_rot7_close run=1 round=10 headOK_min=56 headOK_max=56 cores_clean=56/56 converged=0
ROUND variant=A17_fid_rot7_close run=1 round=11 headOK_min=56 headOK_max=56 cores_clean=56/56 converged=0
ROUND variant=A17_fid_rot7_close run=1 round=12 headOK_min=56 headOK_max=56 cores_clean=56/56 converged=0
ROUND variant=A17_fid_rot7_close run=1 round=13 headOK_min=56 headOK_max=56 cores_clean=56/56 converged=0
ROUND variant=A17_fid_rot7_close run=1 round=14 headOK_min=56 headOK_max=56 cores_clean=56/56 converged=0
ROUND variant=A17_fid_rot7_close run=1 round=15 headOK_min=56 headOK_max=56 cores_clean=56/56 converged=0
COREVIOL variant=A17_fid_rot7_close run=1 0,0,0,0,0,0,0,0,0,0,0,0,0,0,0,0,0,0,0,0,0,0,0,0,0,0,0,0,0,0,0,0,0,0,0,0,0,0,0,0,0,0,0,0,0,0,0,0,0,0,0,0,0,0,0,0
CYCLE variant=A17_fid_rot7_close run=1 -1241181358,-1241181309,-1241181173,-1241180943,-1241180564,-1241180730,-1241180320,-1241180131,-1241180073,-1241180404,-1241180043,-1241179924,-1241179616,-1241179900,-1241179630,-1241179960,-1241179689,-1241179666,-1241180223,-1241179939,-1241180745,-1241180870,-1241181140,-1241181194,-1241180852,-1241180631,-1241181118,-1241180575,-1241181764,-1241180919,-1241181207,-1241179898,-1241181738,-1241181733,-1241181369,-1241180358,-1241180318,-1241179962,-1241181451,-1241181249,-1241179875,-1241180021,-1241180459,-1241181742,-1241181108,-1241180516,-1241180745,-1241180480,-1241180655,-1241181433,-1241180089,-1241179946,-1241180120,-1241179847,-1241181149,-1241180415
SUMMARY variant=A17_fid_rot7_close run=2 vi=17 bk=1 ck=1 dk=2 fk=0 st=16 wl=64 sep=0 rounds=16 naiv=56 blocks=28 cores_clean=56/56 core_round_clean=896/896 rounds_clean=16/16 headOK_min=56 viol=0 final_head_ok=56 stale=0 zero=0 other=0 scribble=0 rel_spread_max=15618 missing_rows=0 snap=0 rc=0
ROUND variant=A17_fid_rot7_close run=2 round=0 headOK_min=56 headOK_max=56 cores_clean=56/56 converged=0
ROUND variant=A17_fid_rot7_close run=2 round=1 headOK_min=56 headOK_max=56 cores_clean=56/56 converged=0
ROUND variant=A17_fid_rot7_close run=2 round=2 headOK_min=56 headOK_max=56 cores_clean=56/56 converged=0
ROUND variant=A17_fid_rot7_close run=2 round=3 headOK_min=56 headOK_max=56 cores_clean=56/56 converged=0
ROUND variant=A17_fid_rot7_close run=2 round=4 headOK_min=56 headOK_max=56 cores_clean=56/56 converged=0
ROUND variant=A17_fid_rot7_close run=2 round=5 headOK_min=56 headOK_max=56 cores_clean=56/56 converged=0
ROUND variant=A17_fid_rot7_close run=2 round=6 headOK_min=56 headOK_max=56 cores_clean=56/56 converged=0
ROUND variant=A17_fid_rot7_close run=2 round=7 headOK_min=56 headOK_max=56 cores_clean=56/56 converged=0
ROUND variant=A17_fid_rot7_close run=2 round=8 headOK_min=56 headOK_max=56 cores_clean=56/56 converged=0
ROUND variant=A17_fid_rot7_close run=2 round=9 headOK_min=56 headOK_max=56 cores_clean=56/56 converged=0
ROUND variant=A17_fid_rot7_close run=2 round=10 headOK_min=56 headOK_max=56 cores_clean=56/56 converged=0
ROUND variant=A17_fid_rot7_close run=2 round=11 headOK_min=56 headOK_max=56 cores_clean=56/56 converged=0
ROUND variant=A17_fid_rot7_close run=2 round=12 headOK_min=56 headOK_max=56 cores_clean=56/56 converged=0
ROUND variant=A17_fid_rot7_close run=2 round=13 headOK_min=56 headOK_max=56 cores_clean=56/56 converged=0
ROUND variant=A17_fid_rot7_close run=2 round=14 headOK_min=56 headOK_max=56 cores_clean=56/56 converged=0
ROUND variant=A17_fid_rot7_close run=2 round=15 headOK_min=56 headOK_max=56 cores_clean=56/56 converged=0
COREVIOL variant=A17_fid_rot7_close run=2 0,0,0,0,0,0,0,0,0,0,0,0,0,0,0,0,0,0,0,0,0,0,0,0,0,0,0,0,0,0,0,0,0,0,0,0,0,0,0,0,0,0,0,0,0,0,0,0,0,0,0,0,0,0,0,0
CYCLE variant=A17_fid_rot7_close run=2 594930515,594931036,594931298,594931479,594931621,594930984,594931400,594931964,594931540,594931979,594931188,594931750,594930490,594931522,594931275,594930742,594930704,594930539,594932020,594931018,594931655,594931579,594929939,594930232,594931827,594932071,594930092,594930251,594929950,594929692,594931431,594931098,594931082,594930667,594930726,594931733,594931130,594930924,594931387,594930770,594931529,594931301,594931157,594930030,594931455,594931227,594931006,594930135,594931559,594929793,594930180,594931661,594931604,594931741,594931779,594930796
SUMMARY variant=A17_fid_rot7_close run=3 vi=17 bk=1 ck=1 dk=2 fk=0 st=16 wl=64 sep=0 rounds=16 naiv=56 blocks=28 cores_clean=56/56 core_round_clean=896/896 rounds_clean=16/16 headOK_min=56 viol=0 final_head_ok=56 stale=0 zero=0 other=0 scribble=0 rel_spread_max=17453 missing_rows=0 snap=0 rc=0
ROUND variant=A17_fid_rot7_close run=3 round=0 headOK_min=56 headOK_max=56 cores_clean=56/56 converged=0
ROUND variant=A17_fid_rot7_close run=3 round=1 headOK_min=56 headOK_max=56 cores_clean=56/56 converged=0
ROUND variant=A17_fid_rot7_close run=3 round=2 headOK_min=56 headOK_max=56 cores_clean=56/56 converged=0
ROUND variant=A17_fid_rot7_close run=3 round=3 headOK_min=56 headOK_max=56 cores_clean=56/56 converged=0
ROUND variant=A17_fid_rot7_close run=3 round=4 headOK_min=56 headOK_max=56 cores_clean=56/56 converged=0
ROUND variant=A17_fid_rot7_close run=3 round=5 headOK_min=56 headOK_max=56 cores_clean=56/56 converged=0
ROUND variant=A17_fid_rot7_close run=3 round=6 headOK_min=56 headOK_max=56 cores_clean=56/56 converged=0
ROUND variant=A17_fid_rot7_close run=3 round=7 headOK_min=56 headOK_max=56 cores_clean=56/56 converged=0
ROUND variant=A17_fid_rot7_close run=3 round=8 headOK_min=56 headOK_max=56 cores_clean=56/56 converged=0
ROUND variant=A17_fid_rot7_close run=3 round=9 headOK_min=56 headOK_max=56 cores_clean=56/56 converged=0
ROUND variant=A17_fid_rot7_close run=3 round=10 headOK_min=56 headOK_max=56 cores_clean=56/56 converged=0
ROUND variant=A17_fid_rot7_close run=3 round=11 headOK_min=56 headOK_max=56 cores_clean=56/56 converged=0
ROUND variant=A17_fid_rot7_close run=3 round=12 headOK_min=56 headOK_max=56 cores_clean=56/56 converged=0
ROUND variant=A17_fid_rot7_close run=3 round=13 headOK_min=56 headOK_max=56 cores_clean=56/56 converged=0
ROUND variant=A17_fid_rot7_close run=3 round=14 headOK_min=56 headOK_max=56 cores_clean=56/56 converged=0
ROUND variant=A17_fid_rot7_close run=3 round=15 headOK_min=56 headOK_max=56 cores_clean=56/56 converged=0
COREVIOL variant=A17_fid_rot7_close run=3 0,0,0,0,0,0,0,0,0,0,0,0,0,0,0,0,0,0,0,0,0,0,0,0,0,0,0,0,0,0,0,0,0,0,0,0,0,0,0,0,0,0,0,0,0,0,0,0,0,0,0,0,0,0,0,0
CYCLE variant=A17_fid_rot7_close run=3 768335107,768335151,768335702,768336894,768336822,768336480,768336192,768336243,768336533,768335949,768336121,768336579,768336017,768335630,768335384,768335196,768335155,768336275,768336289,768336622,768336949,768336923,768335271,768336860,768335150,768335145,768336086,768336785,768336752,768337087,768337494,768337146,768338117,768337938,768338786,768338596,768338398,768338629,768338576,768338767,768337645,768337595,768337811,768337710,768337846,768336991,768338703,768338191,768337068,768337342,768338050,768338457,768338081,768338158,768337386,768337535
SUMMARY variant=A17_fid_rot7_close run=4 vi=17 bk=1 ck=1 dk=2 fk=0 st=16 wl=64 sep=0 rounds=16 naiv=56 blocks=28 cores_clean=56/56 core_round_clean=896/896 rounds_clean=16/16 headOK_min=56 viol=0 final_head_ok=56 stale=0 zero=0 other=0 scribble=0 rel_spread_max=15176 missing_rows=0 snap=0 rc=0
ROUND variant=A17_fid_rot7_close run=4 round=0 headOK_min=56 headOK_max=56 cores_clean=56/56 converged=0
ROUND variant=A17_fid_rot7_close run=4 round=1 headOK_min=56 headOK_max=56 cores_clean=56/56 converged=0
ROUND variant=A17_fid_rot7_close run=4 round=2 headOK_min=56 headOK_max=56 cores_clean=56/56 converged=0
ROUND variant=A17_fid_rot7_close run=4 round=3 headOK_min=56 headOK_max=56 cores_clean=56/56 converged=0
ROUND variant=A17_fid_rot7_close run=4 round=4 headOK_min=56 headOK_max=56 cores_clean=56/56 converged=0
ROUND variant=A17_fid_rot7_close run=4 round=5 headOK_min=56 headOK_max=56 cores_clean=56/56 converged=0
ROUND variant=A17_fid_rot7_close run=4 round=6 headOK_min=56 headOK_max=56 cores_clean=56/56 converged=0
ROUND variant=A17_fid_rot7_close run=4 round=7 headOK_min=56 headOK_max=56 cores_clean=56/56 converged=0
ROUND variant=A17_fid_rot7_close run=4 round=8 headOK_min=56 headOK_max=56 cores_clean=56/56 converged=0
ROUND variant=A17_fid_rot7_close run=4 round=9 headOK_min=56 headOK_max=56 cores_clean=56/56 converged=0
ROUND variant=A17_fid_rot7_close run=4 round=10 headOK_min=56 headOK_max=56 cores_clean=56/56 converged=0
ROUND variant=A17_fid_rot7_close run=4 round=11 headOK_min=56 headOK_max=56 cores_clean=56/56 converged=0
ROUND variant=A17_fid_rot7_close run=4 round=12 headOK_min=56 headOK_max=56 cores_clean=56/56 converged=0
ROUND variant=A17_fid_rot7_close run=4 round=13 headOK_min=56 headOK_max=56 cores_clean=56/56 converged=0
ROUND variant=A17_fid_rot7_close run=4 round=14 headOK_min=56 headOK_max=56 cores_clean=56/56 converged=0
ROUND variant=A17_fid_rot7_close run=4 round=15 headOK_min=56 headOK_max=56 cores_clean=56/56 converged=0
COREVIOL variant=A17_fid_rot7_close run=4 0,0,0,0,0,0,0,0,0,0,0,0,0,0,0,0,0,0,0,0,0,0,0,0,0,0,0,0,0,0,0,0,0,0,0,0,0,0,0,0,0,0,0,0,0,0,0,0,0,0,0,0,0,0,0,0
CYCLE variant=A17_fid_rot7_close run=4 -2084652174,-2084653308,-2084652558,-2084653260,-2084653109,-2084652917,-2084652365,-2084652964,-2084653504,-2084653479,-2084651999,-2084652190,-2084651826,-2084651853,-2084652318,-2084652508,-2084653334,-2084652099,-2084651955,-2084653382,-2084652748,-2084652723,-2084653801,-2084653776,-2084652215,-2084653428,-2084651974,-2084652693,-2084653716,-2084654076,-2084652985,-2084653197,-2084653742,-2084654104,-2084653321,-2084653604,-2084653347,-2084652921,-2084654358,-2084653986,-2084652823,-2084652620,-2084654158,-2084654307,-2084653699,-2084653485,-2084653064,-2084653087,-2084652780,-2084652654,-2084653790,-2084653863,-2084654455,-2084654429,-2084652851,-2084652874
SUMMARY variant=A17_fid_rot7_close run=5 vi=17 bk=1 ck=1 dk=2 fk=0 st=16 wl=64 sep=0 rounds=16 naiv=56 blocks=28 cores_clean=56/56 core_round_clean=896/896 rounds_clean=16/16 headOK_min=56 viol=0 final_head_ok=56 stale=0 zero=0 other=0 scribble=0 rel_spread_max=18697 missing_rows=0 snap=0 rc=0
ROUND variant=A17_fid_rot7_close run=5 round=0 headOK_min=56 headOK_max=56 cores_clean=56/56 converged=0
ROUND variant=A17_fid_rot7_close run=5 round=1 headOK_min=56 headOK_max=56 cores_clean=56/56 converged=0
ROUND variant=A17_fid_rot7_close run=5 round=2 headOK_min=56 headOK_max=56 cores_clean=56/56 converged=0
ROUND variant=A17_fid_rot7_close run=5 round=3 headOK_min=56 headOK_max=56 cores_clean=56/56 converged=0
ROUND variant=A17_fid_rot7_close run=5 round=4 headOK_min=56 headOK_max=56 cores_clean=56/56 converged=0
ROUND variant=A17_fid_rot7_close run=5 round=5 headOK_min=56 headOK_max=56 cores_clean=56/56 converged=0
ROUND variant=A17_fid_rot7_close run=5 round=6 headOK_min=56 headOK_max=56 cores_clean=56/56 converged=0
ROUND variant=A17_fid_rot7_close run=5 round=7 headOK_min=56 headOK_max=56 cores_clean=56/56 converged=0
ROUND variant=A17_fid_rot7_close run=5 round=8 headOK_min=56 headOK_max=56 cores_clean=56/56 converged=0
ROUND variant=A17_fid_rot7_close run=5 round=9 headOK_min=56 headOK_max=56 cores_clean=56/56 converged=0
ROUND variant=A17_fid_rot7_close run=5 round=10 headOK_min=56 headOK_max=56 cores_clean=56/56 converged=0
ROUND variant=A17_fid_rot7_close run=5 round=11 headOK_min=56 headOK_max=56 cores_clean=56/56 converged=0
ROUND variant=A17_fid_rot7_close run=5 round=12 headOK_min=56 headOK_max=56 cores_clean=56/56 converged=0
ROUND variant=A17_fid_rot7_close run=5 round=13 headOK_min=56 headOK_max=56 cores_clean=56/56 converged=0
ROUND variant=A17_fid_rot7_close run=5 round=14 headOK_min=56 headOK_max=56 cores_clean=56/56 converged=0
ROUND variant=A17_fid_rot7_close run=5 round=15 headOK_min=56 headOK_max=56 cores_clean=56/56 converged=0
COREVIOL variant=A17_fid_rot7_close run=5 0,0,0,0,0,0,0,0,0,0,0,0,0,0,0,0,0,0,0,0,0,0,0,0,0,0,0,0,0,0,0,0,0,0,0,0,0,0,0,0,0,0,0,0,0,0,0,0,0,0,0,0,0,0,0,0
CYCLE variant=A17_fid_rot7_close run=5 490163390,490163474,490164757,490163465,490165326,490165268,490164641,490163603,490164629,490165055,490164504,490165120,490164811,490164693,490163991,490165062,490164553,490164956,490164827,490165017,490163480,490163848,490164186,490163650,490164293,490165184,490164999,490164786,490165635,490166382,490165857,490165456,490165727,490165752,490164654,490164603,490166273,490166108,490165536,490166432,490166255,490165499,490165416,490165959,490166356,490165709,490165791,490166317,490165824,490165043,490165211,490165067,490164439,490164945,490165866,490166150
SUMMARY variant=A17_fid_rot7_close run=6 vi=17 bk=1 ck=1 dk=2 fk=0 st=16 wl=64 sep=0 rounds=16 naiv=56 blocks=28 cores_clean=56/56 core_round_clean=896/896 rounds_clean=16/16 headOK_min=56 viol=0 final_head_ok=56 stale=0 zero=0 other=0 scribble=0 rel_spread_max=15316 missing_rows=0 snap=0 rc=0
ROUND variant=A17_fid_rot7_close run=6 round=0 headOK_min=56 headOK_max=56 cores_clean=56/56 converged=0
ROUND variant=A17_fid_rot7_close run=6 round=1 headOK_min=56 headOK_max=56 cores_clean=56/56 converged=0
ROUND variant=A17_fid_rot7_close run=6 round=2 headOK_min=56 headOK_max=56 cores_clean=56/56 converged=0
ROUND variant=A17_fid_rot7_close run=6 round=3 headOK_min=56 headOK_max=56 cores_clean=56/56 converged=0
ROUND variant=A17_fid_rot7_close run=6 round=4 headOK_min=56 headOK_max=56 cores_clean=56/56 converged=0
ROUND variant=A17_fid_rot7_close run=6 round=5 headOK_min=56 headOK_max=56 cores_clean=56/56 converged=0
ROUND variant=A17_fid_rot7_close run=6 round=6 headOK_min=56 headOK_max=56 cores_clean=56/56 converged=0
ROUND variant=A17_fid_rot7_close run=6 round=7 headOK_min=56 headOK_max=56 cores_clean=56/56 converged=0
ROUND variant=A17_fid_rot7_close run=6 round=8 headOK_min=56 headOK_max=56 cores_clean=56/56 converged=0
ROUND variant=A17_fid_rot7_close run=6 round=9 headOK_min=56 headOK_max=56 cores_clean=56/56 converged=0
ROUND variant=A17_fid_rot7_close run=6 round=10 headOK_min=56 headOK_max=56 cores_clean=56/56 converged=0
ROUND variant=A17_fid_rot7_close run=6 round=11 headOK_min=56 headOK_max=56 cores_clean=56/56 converged=0
ROUND variant=A17_fid_rot7_close run=6 round=12 headOK_min=56 headOK_max=56 cores_clean=56/56 converged=0
ROUND variant=A17_fid_rot7_close run=6 round=13 headOK_min=56 headOK_max=56 cores_clean=56/56 converged=0
ROUND variant=A17_fid_rot7_close run=6 round=14 headOK_min=56 headOK_max=56 cores_clean=56/56 converged=0
ROUND variant=A17_fid_rot7_close run=6 round=15 headOK_min=56 headOK_max=56 cores_clean=56/56 converged=0
COREVIOL variant=A17_fid_rot7_close run=6 0,0,0,0,0,0,0,0,0,0,0,0,0,0,0,0,0,0,0,0,0,0,0,0,0,0,0,0,0,0,0,0,0,0,0,0,0,0,0,0,0,0,0,0,0,0,0,0,0,0,0,0,0,0,0,0
CYCLE variant=A17_fid_rot7_close run=6 574300512,574300414,574300783,574301252,574301841,574301120,574301200,574301826,574300918,574301621,574302056,574302199,574300752,574300634,574301974,574302234,574301362,574302245,574300593,574300983,574301659,574302278,574301306,574301354,574301701,574301534,574301996,574302328,574300192,574300252,574302150,574301241,574300906,574301805,574301713,574301761,574302015,574301826,574301586,574302131,574301357,574301309,574300627,574301225,574301840,574300918,574301923,574300883,574300369,574300421,574302054,574301937,574302175,574301283,574301728,574302036
SUMMARY variant=A17_fid_rot7_close run=7 vi=17 bk=1 ck=1 dk=2 fk=0 st=16 wl=64 sep=0 rounds=16 naiv=56 blocks=28 cores_clean=56/56 core_round_clean=896/896 rounds_clean=16/16 headOK_min=56 viol=0 final_head_ok=56 stale=0 zero=0 other=0 scribble=0 rel_spread_max=16193 missing_rows=0 snap=0 rc=0
ROUND variant=A17_fid_rot7_close run=7 round=0 headOK_min=56 headOK_max=56 cores_clean=56/56 converged=0
ROUND variant=A17_fid_rot7_close run=7 round=1 headOK_min=56 headOK_max=56 cores_clean=56/56 converged=0
ROUND variant=A17_fid_rot7_close run=7 round=2 headOK_min=56 headOK_max=56 cores_clean=56/56 converged=0
ROUND variant=A17_fid_rot7_close run=7 round=3 headOK_min=56 headOK_max=56 cores_clean=56/56 converged=0
ROUND variant=A17_fid_rot7_close run=7 round=4 headOK_min=56 headOK_max=56 cores_clean=56/56 converged=0
ROUND variant=A17_fid_rot7_close run=7 round=5 headOK_min=56 headOK_max=56 cores_clean=56/56 converged=0
ROUND variant=A17_fid_rot7_close run=7 round=6 headOK_min=56 headOK_max=56 cores_clean=56/56 converged=0
ROUND variant=A17_fid_rot7_close run=7 round=7 headOK_min=56 headOK_max=56 cores_clean=56/56 converged=0
ROUND variant=A17_fid_rot7_close run=7 round=8 headOK_min=56 headOK_max=56 cores_clean=56/56 converged=0
ROUND variant=A17_fid_rot7_close run=7 round=9 headOK_min=56 headOK_max=56 cores_clean=56/56 converged=0
ROUND variant=A17_fid_rot7_close run=7 round=10 headOK_min=56 headOK_max=56 cores_clean=56/56 converged=0
ROUND variant=A17_fid_rot7_close run=7 round=11 headOK_min=56 headOK_max=56 cores_clean=56/56 converged=0
ROUND variant=A17_fid_rot7_close run=7 round=12 headOK_min=56 headOK_max=56 cores_clean=56/56 converged=0
ROUND variant=A17_fid_rot7_close run=7 round=13 headOK_min=56 headOK_max=56 cores_clean=56/56 converged=0
ROUND variant=A17_fid_rot7_close run=7 round=14 headOK_min=56 headOK_max=56 cores_clean=56/56 converged=0
ROUND variant=A17_fid_rot7_close run=7 round=15 headOK_min=56 headOK_max=56 cores_clean=56/56 converged=0
COREVIOL variant=A17_fid_rot7_close run=7 0,0,0,0,0,0,0,0,0,0,0,0,0,0,0,0,0,0,0,0,0,0,0,0,0,0,0,0,0,0,0,0,0,0,0,0,0,0,0,0,0,0,0,0,0,0,0,0,0,0,0,0,0,0,0,0
CYCLE variant=A17_fid_rot7_close run=7 1815531118,1815530525,1815531222,1815530083,1815529713,1815529475,1815530136,1815530731,1815530480,1815530301,1815530888,1815531067,1815530683,1815530064,1815529724,1815529406,1815530711,1815531043,1815529197,1815530592,1815531196,1815530391,1815529247,1815529353,1815529760,1815529891,1815530802,1815531163,1815529228,1815529360,1815529160,1815529398,1815529174,1815528991,1815531150,1815531000,1815530346,1815530573,1815530954,1815531269,1815529085,1815529454,1815530313,1815530159,1815531089,1815530506,1815531292,1815531180,1815529422,1815529312,1815530707,1815530092,1815529346,1815529268,1815530422,1815531032
SUMMARY variant=A17_fid_rot7_close run=8 vi=17 bk=1 ck=1 dk=2 fk=0 st=16 wl=64 sep=0 rounds=16 naiv=56 blocks=28 cores_clean=56/56 core_round_clean=896/896 rounds_clean=16/16 headOK_min=56 viol=0 final_head_ok=56 stale=0 zero=0 other=0 scribble=0 rel_spread_max=23423 missing_rows=0 snap=0 rc=0
ROUND variant=A17_fid_rot7_close run=8 round=0 headOK_min=56 headOK_max=56 cores_clean=56/56 converged=0
ROUND variant=A17_fid_rot7_close run=8 round=1 headOK_min=56 headOK_max=56 cores_clean=56/56 converged=0
ROUND variant=A17_fid_rot7_close run=8 round=2 headOK_min=56 headOK_max=56 cores_clean=56/56 converged=0
ROUND variant=A17_fid_rot7_close run=8 round=3 headOK_min=56 headOK_max=56 cores_clean=56/56 converged=0
ROUND variant=A17_fid_rot7_close run=8 round=4 headOK_min=56 headOK_max=56 cores_clean=56/56 converged=0
ROUND variant=A17_fid_rot7_close run=8 round=5 headOK_min=56 headOK_max=56 cores_clean=56/56 converged=0
ROUND variant=A17_fid_rot7_close run=8 round=6 headOK_min=56 headOK_max=56 cores_clean=56/56 converged=0
ROUND variant=A17_fid_rot7_close run=8 round=7 headOK_min=56 headOK_max=56 cores_clean=56/56 converged=0
ROUND variant=A17_fid_rot7_close run=8 round=8 headOK_min=56 headOK_max=56 cores_clean=56/56 converged=0
ROUND variant=A17_fid_rot7_close run=8 round=9 headOK_min=56 headOK_max=56 cores_clean=56/56 converged=0
ROUND variant=A17_fid_rot7_close run=8 round=10 headOK_min=56 headOK_max=56 cores_clean=56/56 converged=0
ROUND variant=A17_fid_rot7_close run=8 round=11 headOK_min=56 headOK_max=56 cores_clean=56/56 converged=0
ROUND variant=A17_fid_rot7_close run=8 round=12 headOK_min=56 headOK_max=56 cores_clean=56/56 converged=0
ROUND variant=A17_fid_rot7_close run=8 round=13 headOK_min=56 headOK_max=56 cores_clean=56/56 converged=0
ROUND variant=A17_fid_rot7_close run=8 round=14 headOK_min=56 headOK_max=56 cores_clean=56/56 converged=0
ROUND variant=A17_fid_rot7_close run=8 round=15 headOK_min=56 headOK_max=56 cores_clean=56/56 converged=0
COREVIOL variant=A17_fid_rot7_close run=8 0,0,0,0,0,0,0,0,0,0,0,0,0,0,0,0,0,0,0,0,0,0,0,0,0,0,0,0,0,0,0,0,0,0,0,0,0,0,0,0,0,0,0,0,0,0,0,0,0,0,0,0,0,0,0,0
CYCLE variant=A17_fid_rot7_close run=8 -1688360879,-1688360575,-1688360233,-1688360004,-1688360020,-1688360522,-1688359314,-1688359264,-1688359430,-1688360643,-1688360200,-1688360352,-1688359149,-1688359514,-1688359396,-1688359132,-1688360326,-1688359715,-1688360510,-1688360787,-1688360055,-1688360631,-1688361122,-1688361096,-1688359094,-1688359538,-1688359879,-1688359623,-1688361948,-1688361920,-1688360858,-1688360680,-1688360818,-1688360640,-1688361726,-1688361283,-1688360740,-1688360557,-1688360301,-1688361562,-1688361785,-1688360262,-1688360534,-1688360584,-1688360397,-1688360833,-1688361699,-1688361332,-1688361612,-1688361449,-1688360372,-1688360181,-1688360417,-1688360442,-1688361644,-1688361926
SUMMARY variant=A17_fid_rot7_close run=9 vi=17 bk=1 ck=1 dk=2 fk=0 st=16 wl=64 sep=0 rounds=16 naiv=56 blocks=28 cores_clean=56/56 core_round_clean=896/896 rounds_clean=16/16 headOK_min=56 viol=0 final_head_ok=56 stale=0 zero=0 other=0 scribble=0 rel_spread_max=15662 missing_rows=0 snap=0 rc=0
ROUND variant=A17_fid_rot7_close run=9 round=0 headOK_min=56 headOK_max=56 cores_clean=56/56 converged=0
ROUND variant=A17_fid_rot7_close run=9 round=1 headOK_min=56 headOK_max=56 cores_clean=56/56 converged=0
ROUND variant=A17_fid_rot7_close run=9 round=2 headOK_min=56 headOK_max=56 cores_clean=56/56 converged=0
ROUND variant=A17_fid_rot7_close run=9 round=3 headOK_min=56 headOK_max=56 cores_clean=56/56 converged=0
ROUND variant=A17_fid_rot7_close run=9 round=4 headOK_min=56 headOK_max=56 cores_clean=56/56 converged=0
ROUND variant=A17_fid_rot7_close run=9 round=5 headOK_min=56 headOK_max=56 cores_clean=56/56 converged=0
ROUND variant=A17_fid_rot7_close run=9 round=6 headOK_min=56 headOK_max=56 cores_clean=56/56 converged=0
ROUND variant=A17_fid_rot7_close run=9 round=7 headOK_min=56 headOK_max=56 cores_clean=56/56 converged=0
ROUND variant=A17_fid_rot7_close run=9 round=8 headOK_min=56 headOK_max=56 cores_clean=56/56 converged=0
ROUND variant=A17_fid_rot7_close run=9 round=9 headOK_min=56 headOK_max=56 cores_clean=56/56 converged=0
ROUND variant=A17_fid_rot7_close run=9 round=10 headOK_min=56 headOK_max=56 cores_clean=56/56 converged=0
ROUND variant=A17_fid_rot7_close run=9 round=11 headOK_min=56 headOK_max=56 cores_clean=56/56 converged=0
ROUND variant=A17_fid_rot7_close run=9 round=12 headOK_min=56 headOK_max=56 cores_clean=56/56 converged=0
ROUND variant=A17_fid_rot7_close run=9 round=13 headOK_min=56 headOK_max=56 cores_clean=56/56 converged=0
ROUND variant=A17_fid_rot7_close run=9 round=14 headOK_min=56 headOK_max=56 cores_clean=56/56 converged=0
ROUND variant=A17_fid_rot7_close run=9 round=15 headOK_min=56 headOK_max=56 cores_clean=56/56 converged=0
COREVIOL variant=A17_fid_rot7_close run=9 0,0,0,0,0,0,0,0,0,0,0,0,0,0,0,0,0,0,0,0,0,0,0,0,0,0,0,0,0,0,0,0,0,0,0,0,0,0,0,0,0,0,0,0,0,0,0,0,0,0,0,0,0,0,0,0
CYCLE variant=A17_fid_rot7_close run=9 1075117742,1075118152,1075117007,1075118271,1075118868,1075117721,1075118822,1075118368,1075118417,1075118560,1075118326,1075118468,1075117674,1075118037,1075118846,1075118681,1075117170,1075117141,1075118534,1075118754,1075117600,1075117064,1075117387,1075117269,1075118639,1075118900,1075118255,1075118398,1075116807,1075117826,1075117399,1075117590,1075118472,1075118368,1075118055,1075118152,1075118005,1075118172,1075118318,1075117845,1075117940,1075117917,1075117558,1075117369,1075117149,1075117323,1075117721,1075117959,1075118409,1075118196,1075117176,1075117202,1075117347,1075117749,1075117097,1075116773
