SUMMARY variant=A3_open_close run=1 vi=3 bk=1 ck=1 dk=2 fk=1 st=16 wl=64 sep=0 rounds=16 naiv=56 blocks=28 cores_clean=56/56 core_round_clean=896/896 rounds_clean=16/16 headOK_min=56 viol=0 final_head_ok=56 stale=0 zero=0 other=0 scribble=0 rel_spread_max=6977636 missing_rows=0 snap=0 rc=0
ROUND variant=A3_open_close run=1 round=0 headOK_min=56 headOK_max=56 cores_clean=56/56 converged=0
ROUND variant=A3_open_close run=1 round=1 headOK_min=56 headOK_max=56 cores_clean=56/56 converged=0
ROUND variant=A3_open_close run=1 round=2 headOK_min=56 headOK_max=56 cores_clean=56/56 converged=0
ROUND variant=A3_open_close run=1 round=3 headOK_min=56 headOK_max=56 cores_clean=56/56 converged=0
ROUND variant=A3_open_close run=1 round=4 headOK_min=56 headOK_max=56 cores_clean=56/56 converged=0
ROUND variant=A3_open_close run=1 round=5 headOK_min=56 headOK_max=56 cores_clean=56/56 converged=0
ROUND variant=A3_open_close run=1 round=6 headOK_min=56 headOK_max=56 cores_clean=56/56 converged=0
ROUND variant=A3_open_close run=1 round=7 headOK_min=56 headOK_max=56 cores_clean=56/56 converged=0
ROUND variant=A3_open_close run=1 round=8 headOK_min=56 headOK_max=56 cores_clean=56/56 converged=0
ROUND variant=A3_open_close run=1 round=9 headOK_min=56 headOK_max=56 cores_clean=56/56 converged=0
ROUND variant=A3_open_close run=1 round=10 headOK_min=56 headOK_max=56 cores_clean=56/56 converged=0
ROUND variant=A3_open_close run=1 round=11 headOK_min=56 headOK_max=56 cores_clean=56/56 converged=0
ROUND variant=A3_open_close run=1 round=12 headOK_min=56 headOK_max=56 cores_clean=56/56 converged=0
ROUND variant=A3_open_close run=1 round=13 headOK_min=56 headOK_max=56 cores_clean=56/56 converged=0
ROUND variant=A3_open_close run=1 round=14 headOK_min=56 headOK_max=56 cores_clean=56/56 converged=0
ROUND variant=A3_open_close run=1 round=15 headOK_min=56 headOK_max=56 cores_clean=56/56 converged=0
COREVIOL variant=A3_open_close run=1 0,0,0,0,0,0,0,0,0,0,0,0,0,0,0,0,0,0,0,0,0,0,0,0,0,0,0,0,0,0,0,0,0,0,0,0,0,0,0,0,0,0,0,0,0,0,0,0,0,0,0,0,0,0,0,0
CYCLE variant=A3_open_close run=1 -1094241150,-1094239789,-1094240966,-1094240113,-1094240342,-1094240189,-1094239647,-1094240986,-1094240881,-1094241240,-1094240494,-1094240061,-1094241349,-1094241581,-1094239864,-1094239757,-1094239813,-1094240645,-1094240139,-1094240697,-1094241633,-1094241633,-1094240233,-1094239670,-1094239833,-1094240156,-1087263748,-1087263718,-1094239879,-1094239722,-1094237879,-1094239065,-1094238860,-1094238940,-1094239146,-1094239422,-1094239123,-1094239349,-1094238733,-1094238681,-1094237856,-1094239168,-1094238199,-1094238763,-1094238555,-1094238169,-1094238586,-1094237943,-1094239604,-1094238972,-1094238244,-1094237961,-1094238454,-1094239577,-1094238097,-1094237994
SUMMARY variant=A3_open_close run=2 vi=3 bk=1 ck=1 dk=2 fk=1 st=16 wl=64 sep=0 rounds=16 naiv=56 blocks=28 cores_clean=56/56 core_round_clean=896/896 rounds_clean=16/16 headOK_min=56 viol=0 final_head_ok=56 stale=0 zero=0 other=0 scribble=0 rel_spread_max=15790 missing_rows=0 snap=0 rc=0
ROUND variant=A3_open_close run=2 round=0 headOK_min=56 headOK_max=56 cores_clean=56/56 converged=0
ROUND variant=A3_open_close run=2 round=1 headOK_min=56 headOK_max=56 cores_clean=56/56 converged=0
ROUND variant=A3_open_close run=2 round=2 headOK_min=56 headOK_max=56 cores_clean=56/56 converged=0
ROUND variant=A3_open_close run=2 round=3 headOK_min=56 headOK_max=56 cores_clean=56/56 converged=0
ROUND variant=A3_open_close run=2 round=4 headOK_min=56 headOK_max=56 cores_clean=56/56 converged=0
ROUND variant=A3_open_close run=2 round=5 headOK_min=56 headOK_max=56 cores_clean=56/56 converged=0
ROUND variant=A3_open_close run=2 round=6 headOK_min=56 headOK_max=56 cores_clean=56/56 converged=0
ROUND variant=A3_open_close run=2 round=7 headOK_min=56 headOK_max=56 cores_clean=56/56 converged=0
ROUND variant=A3_open_close run=2 round=8 headOK_min=56 headOK_max=56 cores_clean=56/56 converged=0
ROUND variant=A3_open_close run=2 round=9 headOK_min=56 headOK_max=56 cores_clean=56/56 converged=0
ROUND variant=A3_open_close run=2 round=10 headOK_min=56 headOK_max=56 cores_clean=56/56 converged=0
ROUND variant=A3_open_close run=2 round=11 headOK_min=56 headOK_max=56 cores_clean=56/56 converged=0
ROUND variant=A3_open_close run=2 round=12 headOK_min=56 headOK_max=56 cores_clean=56/56 converged=0
ROUND variant=A3_open_close run=2 round=13 headOK_min=56 headOK_max=56 cores_clean=56/56 converged=0
ROUND variant=A3_open_close run=2 round=14 headOK_min=56 headOK_max=56 cores_clean=56/56 converged=0
ROUND variant=A3_open_close run=2 round=15 headOK_min=56 headOK_max=56 cores_clean=56/56 converged=0
COREVIOL variant=A3_open_close run=2 0,0,0,0,0,0,0,0,0,0,0,0,0,0,0,0,0,0,0,0,0,0,0,0,0,0,0,0,0,0,0,0,0,0,0,0,0,0,0,0,0,0,0,0,0,0,0,0,0,0,0,0,0,0,0,0
CYCLE variant=A3_open_close run=2 -1291443450,-1291444509,-1291443017,-1291443169,-1291443705,-1291443627,-1291443499,-1291442648,-1291442936,-1291443189,-1291444009,-1291443112,-1291444065,-1291443243,-1291444172,-1291444090,-1291442812,-1291442701,-1291443906,-1291444677,-1291443989,-1291443421,-1291444782,-1291444477,-1291442856,-1291442668,-1291443671,-1291443362,-1291444979,-1291444632,-1291443085,-1291443415,-1291444256,-1291443831,-1291443472,-1291443784,-1291443660,-1291443558,-1291444719,-1291444955,-1291444011,-1291444793,-1291442906,-1291444614,-1291443861,-1291443606,-1291444903,-1291443043,-1291443143,-1291443583,-1291442931,-1291444149,-1291443166,-1291442876,-1291442964,-1291442989
SUMMARY variant=A3_open_close run=3 vi=3 bk=1 ck=1 dk=2 fk=1 st=16 wl=64 sep=0 rounds=16 naiv=56 blocks=28 cores_clean=56/56 core_round_clean=896/896 rounds_clean=16/16 headOK_min=56 viol=0 final_head_ok=56 stale=0 zero=0 other=0 scribble=0 rel_spread_max=18330 missing_rows=0 snap=0 rc=0
ROUND variant=A3_open_close run=3 round=0 headOK_min=56 headOK_max=56 cores_clean=56/56 converged=0
ROUND variant=A3_open_close run=3 round=1 headOK_min=56 headOK_max=56 cores_clean=56/56 converged=0
ROUND variant=A3_open_close run=3 round=2 headOK_min=56 headOK_max=56 cores_clean=56/56 converged=0
ROUND variant=A3_open_close run=3 round=3 headOK_min=56 headOK_max=56 cores_clean=56/56 converged=0
ROUND variant=A3_open_close run=3 round=4 headOK_min=56 headOK_max=56 cores_clean=56/56 converged=0
ROUND variant=A3_open_close run=3 round=5 headOK_min=56 headOK_max=56 cores_clean=56/56 converged=0
ROUND variant=A3_open_close run=3 round=6 headOK_min=56 headOK_max=56 cores_clean=56/56 converged=0
ROUND variant=A3_open_close run=3 round=7 headOK_min=56 headOK_max=56 cores_clean=56/56 converged=0
ROUND variant=A3_open_close run=3 round=8 headOK_min=56 headOK_max=56 cores_clean=56/56 converged=0
ROUND variant=A3_open_close run=3 round=9 headOK_min=56 headOK_max=56 cores_clean=56/56 converged=0
ROUND variant=A3_open_close run=3 round=10 headOK_min=56 headOK_max=56 cores_clean=56/56 converged=0
ROUND variant=A3_open_close run=3 round=11 headOK_min=56 headOK_max=56 cores_clean=56/56 converged=0
ROUND variant=A3_open_close run=3 round=12 headOK_min=56 headOK_max=56 cores_clean=56/56 converged=0
ROUND variant=A3_open_close run=3 round=13 headOK_min=56 headOK_max=56 cores_clean=56/56 converged=0
ROUND variant=A3_open_close run=3 round=14 headOK_min=56 headOK_max=56 cores_clean=56/56 converged=0
ROUND variant=A3_open_close run=3 round=15 headOK_min=56 headOK_max=56 cores_clean=56/56 converged=0
COREVIOL variant=A3_open_close run=3 0,0,0,0,0,0,0,0,0,0,0,0,0,0,0,0,0,0,0,0,0,0,0,0,0,0,0,0,0,0,0,0,0,0,0,0,0,0,0,0,0,0,0,0,0,0,0,0,0,0,0,0,0,0,0,0
CYCLE variant=A3_open_close run=3 -1484893392,-1484893239,-1484893843,-1484892804,-1484893084,-1484893515,-1484893210,-1484892853,-1484892774,-1484892646,-1484892382,-1484893657,-1484893539,-1484893158,-1484893261,-1484892701,-1484892953,-1484892622,-1484892521,-1484892495,-1484893968,-1484893915,-1484894146,-1484894203,-1484892923,-1484892353,-1484893330,-1484892872,-1484893170,-1484894019,-1484892733,-1484892916,-1484894641,-1484894322,-1484892710,-1484893533,-1484893927,-1484894254,-1484893200,-1484892654,-1484893047,-1484893352,-1484893382,-1484892871,-1484894075,-1484894175,-1484893825,-1484893722,-1484894228,-1484892684,-1484892945,-1484892816,-1484894814,-1484894486,-1484892899,-1484893485
SUMMARY variant=A3_open_close run=4 vi=3 bk=1 ck=1 dk=2 fk=1 st=16 wl=64 sep=0 rounds=16 naiv=56 blocks=28 cores_clean=56/56 core_round_clean=896/896 rounds_clean=16/16 headOK_min=56 viol=0 final_head_ok=56 stale=0 zero=0 other=0 scribble=0 rel_spread_max=15407 missing_rows=0 snap=0 rc=0
ROUND variant=A3_open_close run=4 round=0 headOK_min=56 headOK_max=56 cores_clean=56/56 converged=0
ROUND variant=A3_open_close run=4 round=1 headOK_min=56 headOK_max=56 cores_clean=56/56 converged=0
ROUND variant=A3_open_close run=4 round=2 headOK_min=56 headOK_max=56 cores_clean=56/56 converged=0
ROUND variant=A3_open_close run=4 round=3 headOK_min=56 headOK_max=56 cores_clean=56/56 converged=0
ROUND variant=A3_open_close run=4 round=4 headOK_min=56 headOK_max=56 cores_clean=56/56 converged=0
ROUND variant=A3_open_close run=4 round=5 headOK_min=56 headOK_max=56 cores_clean=56/56 converged=0
ROUND variant=A3_open_close run=4 round=6 headOK_min=56 headOK_max=56 cores_clean=56/56 converged=0
ROUND variant=A3_open_close run=4 round=7 headOK_min=56 headOK_max=56 cores_clean=56/56 converged=0
ROUND variant=A3_open_close run=4 round=8 headOK_min=56 headOK_max=56 cores_clean=56/56 converged=0
ROUND variant=A3_open_close run=4 round=9 headOK_min=56 headOK_max=56 cores_clean=56/56 converged=0
ROUND variant=A3_open_close run=4 round=10 headOK_min=56 headOK_max=56 cores_clean=56/56 converged=0
ROUND variant=A3_open_close run=4 round=11 headOK_min=56 headOK_max=56 cores_clean=56/56 converged=0
ROUND variant=A3_open_close run=4 round=12 headOK_min=56 headOK_max=56 cores_clean=56/56 converged=0
ROUND variant=A3_open_close run=4 round=13 headOK_min=56 headOK_max=56 cores_clean=56/56 converged=0
ROUND variant=A3_open_close run=4 round=14 headOK_min=56 headOK_max=56 cores_clean=56/56 converged=0
ROUND variant=A3_open_close run=4 round=15 headOK_min=56 headOK_max=56 cores_clean=56/56 converged=0
COREVIOL variant=A3_open_close run=4 0,0,0,0,0,0,0,0,0,0,0,0,0,0,0,0,0,0,0,0,0,0,0,0,0,0,0,0,0,0,0,0,0,0,0,0,0,0,0,0,0,0,0,0,0,0,0,0,0,0,0,0,0,0,0,0
CYCLE variant=A3_open_close run=4 -1515060564,-1515060752,-1515060619,-1515060666,-1515060987,-1515060727,-1515060853,-1515060805,-1515061101,-1515061407,-1515060777,-1515062072,-1515061226,-1515060487,-1515061284,-1515061472,-1515061678,-1515061011,-1515062272,-1515061541,-1515061446,-1515061764,-1515061992,-1515062205,-1515061250,-1515060706,-1515061964,-1515060834,-1515062920,-1515062521,-1515061476,-1515061522,-1515062346,-1515061652,-1515061420,-1515061885,-1515061083,-1515060886,-1515061801,-1515062023,-1515062790,-1515062687,-1515061296,-1515060860,-1515061121,-1515060932,-1515062156,-1515062202,-1515062723,-1515062818,-1515060797,-1515061215,-1515061020,-1515061232,-1515062120,-1515061198
SUMMARY variant=A3_open_close run=5 vi=3 bk=1 ck=1 dk=2 fk=1 st=16 wl=64 sep=0 rounds=16 naiv=56 blocks=28 cores_clean=56/56 core_round_clean=896/896 rounds_clean=16/16 headOK_min=56 viol=0 final_head_ok=56 stale=0 zero=0 other=0 scribble=0 rel_spread_max=15293 missing_rows=0 snap=0 rc=0
ROUND variant=A3_open_close run=5 round=0 headOK_min=56 headOK_max=56 cores_clean=56/56 converged=0
ROUND variant=A3_open_close run=5 round=1 headOK_min=56 headOK_max=56 cores_clean=56/56 converged=0
ROUND variant=A3_open_close run=5 round=2 headOK_min=56 headOK_max=56 cores_clean=56/56 converged=0
ROUND variant=A3_open_close run=5 round=3 headOK_min=56 headOK_max=56 cores_clean=56/56 converged=0
ROUND variant=A3_open_close run=5 round=4 headOK_min=56 headOK_max=56 cores_clean=56/56 converged=0
ROUND variant=A3_open_close run=5 round=5 headOK_min=56 headOK_max=56 cores_clean=56/56 converged=0
ROUND variant=A3_open_close run=5 round=6 headOK_min=56 headOK_max=56 cores_clean=56/56 converged=0
ROUND variant=A3_open_close run=5 round=7 headOK_min=56 headOK_max=56 cores_clean=56/56 converged=0
ROUND variant=A3_open_close run=5 round=8 headOK_min=56 headOK_max=56 cores_clean=56/56 converged=0
ROUND variant=A3_open_close run=5 round=9 headOK_min=56 headOK_max=56 cores_clean=56/56 converged=0
ROUND variant=A3_open_close run=5 round=10 headOK_min=56 headOK_max=56 cores_clean=56/56 converged=0
ROUND variant=A3_open_close run=5 round=11 headOK_min=56 headOK_max=56 cores_clean=56/56 converged=0
ROUND variant=A3_open_close run=5 round=12 headOK_min=56 headOK_max=56 cores_clean=56/56 converged=0
ROUND variant=A3_open_close run=5 round=13 headOK_min=56 headOK_max=56 cores_clean=56/56 converged=0
ROUND variant=A3_open_close run=5 round=14 headOK_min=56 headOK_max=56 cores_clean=56/56 converged=0
ROUND variant=A3_open_close run=5 round=15 headOK_min=56 headOK_max=56 cores_clean=56/56 converged=0
COREVIOL variant=A3_open_close run=5 0,0,0,0,0,0,0,0,0,0,0,0,0,0,0,0,0,0,0,0,0,0,0,0,0,0,0,0,0,0,0,0,0,0,0,0,0,0,0,0,0,0,0,0,0,0,0,0,0,0,0,0,0,0,0,0
CYCLE variant=A3_open_close run=5 -1326981353,-1326981121,-1326982418,-1326981322,-1326982559,-1326982536,-1326981400,-1326980607,-1326980859,-1326981140,-1326980908,-1326980391,-1326982443,-1326980710,-1326980939,-1326981169,-1326980470,-1326980987,-1326980370,-1326980631,-1326980292,-1326980345,-1326981425,-1326980579,-1326982378,-1326980517,-1326980314,-1326980440,-1326981722,-1326981829,-1326981884,-1326981984,-1326980003,-1326980217,-1326980757,-1326979980,-1326980633,-1326980122,-1326980527,-1326981776,-1326980984,-1326980575,-1326981166,-1326981315,-1326981422,-1326980374,-1326981117,-1326980709,-1326980836,-1326980095,-1326980035,-1326980447,-1326981011,-1326980501,-1326980862,-1326981579
SUMMARY variant=A3_open_close run=6 vi=3 bk=1 ck=1 dk=2 fk=1 st=16 wl=64 sep=0 rounds=16 naiv=56 blocks=28 cores_clean=56/56 core_round_clean=896/896 rounds_clean=16/16 headOK_min=56 viol=0 final_head_ok=56 stale=0 zero=0 other=0 scribble=0 rel_spread_max=16489 missing_rows=0 snap=0 rc=0
ROUND variant=A3_open_close run=6 round=0 headOK_min=56 headOK_max=56 cores_clean=56/56 converged=0
ROUND variant=A3_open_close run=6 round=1 headOK_min=56 headOK_max=56 cores_clean=56/56 converged=0
ROUND variant=A3_open_close run=6 round=2 headOK_min=56 headOK_max=56 cores_clean=56/56 converged=0
ROUND variant=A3_open_close run=6 round=3 headOK_min=56 headOK_max=56 cores_clean=56/56 converged=0
ROUND variant=A3_open_close run=6 round=4 headOK_min=56 headOK_max=56 cores_clean=56/56 converged=0
ROUND variant=A3_open_close run=6 round=5 headOK_min=56 headOK_max=56 cores_clean=56/56 converged=0
ROUND variant=A3_open_close run=6 round=6 headOK_min=56 headOK_max=56 cores_clean=56/56 converged=0
ROUND variant=A3_open_close run=6 round=7 headOK_min=56 headOK_max=56 cores_clean=56/56 converged=0
ROUND variant=A3_open_close run=6 round=8 headOK_min=56 headOK_max=56 cores_clean=56/56 converged=0
ROUND variant=A3_open_close run=6 round=9 headOK_min=56 headOK_max=56 cores_clean=56/56 converged=0
ROUND variant=A3_open_close run=6 round=10 headOK_min=56 headOK_max=56 cores_clean=56/56 converged=0
ROUND variant=A3_open_close run=6 round=11 headOK_min=56 headOK_max=56 cores_clean=56/56 converged=0
ROUND variant=A3_open_close run=6 round=12 headOK_min=56 headOK_max=56 cores_clean=56/56 converged=0
ROUND variant=A3_open_close run=6 round=13 headOK_min=56 headOK_max=56 cores_clean=56/56 converged=0
ROUND variant=A3_open_close run=6 round=14 headOK_min=56 headOK_max=56 cores_clean=56/56 converged=0
ROUND variant=A3_open_close run=6 round=15 headOK_min=56 headOK_max=56 cores_clean=56/56 converged=0
COREVIOL variant=A3_open_close run=6 0,0,0,0,0,0,0,0,0,0,0,0,0,0,0,0,0,0,0,0,0,0,0,0,0,0,0,0,0,0,0,0,0,0,0,0,0,0,0,0,0,0,0,0,0,0,0,0,0,0,0,0,0,0,0,0
CYCLE variant=A3_open_close run=6 1258814541,1258814109,1258812968,1258814654,1258814726,1258813372,1258814762,1258814497,1258814331,1258813692,1258813139,1258813854,1258814566,1258813572,1258814399,1258814298,1258814670,1258814133,1258813680,1258814193,1258812862,1258812857,1258812866,1258812855,1258813424,1258814366,1258813201,1258814270,1258813469,1258813883,1258815010,1258814807,1258813674,1258813998,1258814185,1258814388,1258813570,1258813776,1258814533,1258814992,1258813840,1258813790,1258815045,1258815121,1258815291,1258815265,1258814411,1258815073,1258813323,1258813354,1258814859,1258814579,1258814267,1258814649,1258815169,1258815438
SUMMARY variant=A3_open_close run=7 vi=3 bk=1 ck=1 dk=2 fk=1 st=16 wl=64 sep=0 rounds=16 naiv=56 blocks=28 cores_clean=56/56 core_round_clean=896/896 rounds_clean=16/16 headOK_min=56 viol=0 final_head_ok=56 stale=0 zero=0 other=0 scribble=0 rel_spread_max=16005 missing_rows=0 snap=0 rc=0
ROUND variant=A3_open_close run=7 round=0 headOK_min=56 headOK_max=56 cores_clean=56/56 converged=0
ROUND variant=A3_open_close run=7 round=1 headOK_min=56 headOK_max=56 cores_clean=56/56 converged=0
ROUND variant=A3_open_close run=7 round=2 headOK_min=56 headOK_max=56 cores_clean=56/56 converged=0
ROUND variant=A3_open_close run=7 round=3 headOK_min=56 headOK_max=56 cores_clean=56/56 converged=0
ROUND variant=A3_open_close run=7 round=4 headOK_min=56 headOK_max=56 cores_clean=56/56 converged=0
ROUND variant=A3_open_close run=7 round=5 headOK_min=56 headOK_max=56 cores_clean=56/56 converged=0
ROUND variant=A3_open_close run=7 round=6 headOK_min=56 headOK_max=56 cores_clean=56/56 converged=0
ROUND variant=A3_open_close run=7 round=7 headOK_min=56 headOK_max=56 cores_clean=56/56 converged=0
ROUND variant=A3_open_close run=7 round=8 headOK_min=56 headOK_max=56 cores_clean=56/56 converged=0
ROUND variant=A3_open_close run=7 round=9 headOK_min=56 headOK_max=56 cores_clean=56/56 converged=0
ROUND variant=A3_open_close run=7 round=10 headOK_min=56 headOK_max=56 cores_clean=56/56 converged=0
ROUND variant=A3_open_close run=7 round=11 headOK_min=56 headOK_max=56 cores_clean=56/56 converged=0
ROUND variant=A3_open_close run=7 round=12 headOK_min=56 headOK_max=56 cores_clean=56/56 converged=0
ROUND variant=A3_open_close run=7 round=13 headOK_min=56 headOK_max=56 cores_clean=56/56 converged=0
ROUND variant=A3_open_close run=7 round=14 headOK_min=56 headOK_max=56 cores_clean=56/56 converged=0
ROUND variant=A3_open_close run=7 round=15 headOK_min=56 headOK_max=56 cores_clean=56/56 converged=0
COREVIOL variant=A3_open_close run=7 0,0,0,0,0,0,0,0,0,0,0,0,0,0,0,0,0,0,0,0,0,0,0,0,0,0,0,0,0,0,0,0,0,0,0,0,0,0,0,0,0,0,0,0,0,0,0,0,0,0,0,0,0,0,0,0
CYCLE variant=A3_open_close run=7 -78791505,-78791759,-78791243,-78791035,-78792069,-78792359,-78790593,-78792532,-78790659,-78791075,-78792279,-78791784,-78790839,-78791276,-78791925,-78791948,-78792198,-78792016,-78791982,-78792033,-78790960,-78790729,-78792631,-78792656,-78790762,-78790707,-78790856,-78790907,-78793467,-78792921,-78793211,-78791938,-78792234,-78792515,-78791976,-78792128,-78791727,-78791676,-78791881,-78791778,-78792780,-78791610,-78791853,-78793045,-78793325,-78792876,-78791800,-78791484,-78792601,-78791759,-78792421,-78792396,-78792199,-78793191,-78792162,-78792670
SUMMARY variant=A3_open_close run=8 vi=3 bk=1 ck=1 dk=2 fk=1 st=16 wl=64 sep=0 rounds=16 naiv=56 blocks=28 cores_clean=56/56 core_round_clean=896/896 rounds_clean=16/16 headOK_min=56 viol=0 final_head_ok=56 stale=0 zero=0 other=0 scribble=0 rel_spread_max=17880 missing_rows=0 snap=0 rc=0
ROUND variant=A3_open_close run=8 round=0 headOK_min=56 headOK_max=56 cores_clean=56/56 converged=0
ROUND variant=A3_open_close run=8 round=1 headOK_min=56 headOK_max=56 cores_clean=56/56 converged=0
ROUND variant=A3_open_close run=8 round=2 headOK_min=56 headOK_max=56 cores_clean=56/56 converged=0
ROUND variant=A3_open_close run=8 round=3 headOK_min=56 headOK_max=56 cores_clean=56/56 converged=0
ROUND variant=A3_open_close run=8 round=4 headOK_min=56 headOK_max=56 cores_clean=56/56 converged=0
ROUND variant=A3_open_close run=8 round=5 headOK_min=56 headOK_max=56 cores_clean=56/56 converged=0
ROUND variant=A3_open_close run=8 round=6 headOK_min=56 headOK_max=56 cores_clean=56/56 converged=0
ROUND variant=A3_open_close run=8 round=7 headOK_min=56 headOK_max=56 cores_clean=56/56 converged=0
ROUND variant=A3_open_close run=8 round=8 headOK_min=56 headOK_max=56 cores_clean=56/56 converged=0
ROUND variant=A3_open_close run=8 round=9 headOK_min=56 headOK_max=56 cores_clean=56/56 converged=0
ROUND variant=A3_open_close run=8 round=10 headOK_min=56 headOK_max=56 cores_clean=56/56 converged=0
ROUND variant=A3_open_close run=8 round=11 headOK_min=56 headOK_max=56 cores_clean=56/56 converged=0
ROUND variant=A3_open_close run=8 round=12 headOK_min=56 headOK_max=56 cores_clean=56/56 converged=0
ROUND variant=A3_open_close run=8 round=13 headOK_min=56 headOK_max=56 cores_clean=56/56 converged=0
ROUND variant=A3_open_close run=8 round=14 headOK_min=56 headOK_max=56 cores_clean=56/56 converged=0
ROUND variant=A3_open_close run=8 round=15 headOK_min=56 headOK_max=56 cores_clean=56/56 converged=0
COREVIOL variant=A3_open_close run=8 0,0,0,0,0,0,0,0,0,0,0,0,0,0,0,0,0,0,0,0,0,0,0,0,0,0,0,0,0,0,0,0,0,0,0,0,0,0,0,0,0,0,0,0,0,0,0,0,0,0,0,0,0,0,0,0
CYCLE variant=A3_open_close run=8 388383628,388383519,388383202,388384499,388384621,388384797,388382808,388382857,388383544,388384027,388384415,388384084,388384339,388384836,388384579,388384222,388383055,388383161,388383439,388384474,388384141,388384243,388382811,388382819,388382821,388382817,388382949,388383988,388385001,388385811,388386516,388386777,388385585,388385737,388385842,388386046,388384841,388384892,388385154,388385181,388385697,388385875,388386574,388386447,388385017,388385550,388386246,388386068,388385602,388385280,388386261,388386834,388386662,388386745,388386700,388386369
SUMMARY variant=A3_open_close run=9 vi=3 bk=1 ck=1 dk=2 fk=1 st=16 wl=64 sep=0 rounds=16 naiv=56 blocks=28 cores_clean=56/56 core_round_clean=896/896 rounds_clean=16/16 headOK_min=56 viol=0 final_head_ok=56 stale=0 zero=0 other=0 scribble=0 rel_spread_max=17254 missing_rows=0 snap=0 rc=0
ROUND variant=A3_open_close run=9 round=0 headOK_min=56 headOK_max=56 cores_clean=56/56 converged=0
ROUND variant=A3_open_close run=9 round=1 headOK_min=56 headOK_max=56 cores_clean=56/56 converged=0
ROUND variant=A3_open_close run=9 round=2 headOK_min=56 headOK_max=56 cores_clean=56/56 converged=0
ROUND variant=A3_open_close run=9 round=3 headOK_min=56 headOK_max=56 cores_clean=56/56 converged=0
ROUND variant=A3_open_close run=9 round=4 headOK_min=56 headOK_max=56 cores_clean=56/56 converged=0
ROUND variant=A3_open_close run=9 round=5 headOK_min=56 headOK_max=56 cores_clean=56/56 converged=0
ROUND variant=A3_open_close run=9 round=6 headOK_min=56 headOK_max=56 cores_clean=56/56 converged=0
ROUND variant=A3_open_close run=9 round=7 headOK_min=56 headOK_max=56 cores_clean=56/56 converged=0
ROUND variant=A3_open_close run=9 round=8 headOK_min=56 headOK_max=56 cores_clean=56/56 converged=0
ROUND variant=A3_open_close run=9 round=9 headOK_min=56 headOK_max=56 cores_clean=56/56 converged=0
ROUND variant=A3_open_close run=9 round=10 headOK_min=56 headOK_max=56 cores_clean=56/56 converged=0
ROUND variant=A3_open_close run=9 round=11 headOK_min=56 headOK_max=56 cores_clean=56/56 converged=0
ROUND variant=A3_open_close run=9 round=12 headOK_min=56 headOK_max=56 cores_clean=56/56 converged=0
ROUND variant=A3_open_close run=9 round=13 headOK_min=56 headOK_max=56 cores_clean=56/56 converged=0
ROUND variant=A3_open_close run=9 round=14 headOK_min=56 headOK_max=56 cores_clean=56/56 converged=0
ROUND variant=A3_open_close run=9 round=15 headOK_min=56 headOK_max=56 cores_clean=56/56 converged=0
COREVIOL variant=A3_open_close run=9 0,0,0,0,0,0,0,0,0,0,0,0,0,0,0,0,0,0,0,0,0,0,0,0,0,0,0,0,0,0,0,0,0,0,0,0,0,0,0,0,0,0,0,0,0,0,0,0,0,0,0,0,0,0,0,0
CYCLE variant=A3_open_close run=9 -757700350,-757700799,-757701218,-757700128,-757700542,-757700281,-757700226,-757700415,-757700688,-757700214,-757701516,-757700894,-757700445,-757700846,-757700576,-757701481,-757700637,-757701912,-757700556,-757701147,-757700461,-757701123,-757702074,-757702051,-757701814,-757700107,-757701170,-757700648,-757701004,-757700016,-757699597,-757699312,-757700720,-757700621,-757699251,-757699178,-757699825,-757699801,-757700354,-757700806,-757699978,-757699410,-757700087,-757700576,-757699503,-757699573,-757699515,-757699230,-757700262,-757700069,-757699287,-757699642,-757700687,-757700004,-757700160,-757699329
