SUMMARY variant=A9_setE2_close run=1 vi=9 bk=6 ck=1 dk=2 fk=1 st=16 wl=64 sep=0 rounds=16 naiv=56 blocks=28 cores_clean=56/56 core_round_clean=896/896 rounds_clean=16/16 headOK_min=56 viol=0 final_head_ok=56 stale=0 zero=0 other=0 scribble=0 rel_spread_max=22848 missing_rows=0 snap=0 rc=0
ROUND variant=A9_setE2_close run=1 round=0 headOK_min=56 headOK_max=56 cores_clean=56/56 converged=0
ROUND variant=A9_setE2_close run=1 round=1 headOK_min=56 headOK_max=56 cores_clean=56/56 converged=0
ROUND variant=A9_setE2_close run=1 round=2 headOK_min=56 headOK_max=56 cores_clean=56/56 converged=0
ROUND variant=A9_setE2_close run=1 round=3 headOK_min=56 headOK_max=56 cores_clean=56/56 converged=0
ROUND variant=A9_setE2_close run=1 round=4 headOK_min=56 headOK_max=56 cores_clean=56/56 converged=0
ROUND variant=A9_setE2_close run=1 round=5 headOK_min=56 headOK_max=56 cores_clean=56/56 converged=0
ROUND variant=A9_setE2_close run=1 round=6 headOK_min=56 headOK_max=56 cores_clean=56/56 converged=0
ROUND variant=A9_setE2_close run=1 round=7 headOK_min=56 headOK_max=56 cores_clean=56/56 converged=0
ROUND variant=A9_setE2_close run=1 round=8 headOK_min=56 headOK_max=56 cores_clean=56/56 converged=0
ROUND variant=A9_setE2_close run=1 round=9 headOK_min=56 headOK_max=56 cores_clean=56/56 converged=0
ROUND variant=A9_setE2_close run=1 round=10 headOK_min=56 headOK_max=56 cores_clean=56/56 converged=0
ROUND variant=A9_setE2_close run=1 round=11 headOK_min=56 headOK_max=56 cores_clean=56/56 converged=0
ROUND variant=A9_setE2_close run=1 round=12 headOK_min=56 headOK_max=56 cores_clean=56/56 converged=0
ROUND variant=A9_setE2_close run=1 round=13 headOK_min=56 headOK_max=56 cores_clean=56/56 converged=0
ROUND variant=A9_setE2_close run=1 round=14 headOK_min=56 headOK_max=56 cores_clean=56/56 converged=0
ROUND variant=A9_setE2_close run=1 round=15 headOK_min=56 headOK_max=56 cores_clean=56/56 converged=0
COREVIOL variant=A9_setE2_close run=1 0,0,0,0,0,0,0,0,0,0,0,0,0,0,0,0,0,0,0,0,0,0,0,0,0,0,0,0,0,0,0,0,0,0,0,0,0,0,0,0,0,0,0,0,0,0,0,0,0,0,0,0,0,0,0,0
CYCLE variant=A9_setE2_close run=1 -1277874764,-1277875448,-1277874128,-1277873924,-1277875147,-1277875022,-1277874602,-1277875405,-1277875089,-1277875368,-1277874524,-1277874405,-1277875778,-1277874262,-1277874345,-1277874487,-1277874452,-1277874070,-1277874152,-1277874366,-1277874549,-1277873945,-1277876026,-1277875988,-1277875417,-1277875268,-1277874957,-1277874241,-1277874612,-1277874095,-1277873206,-1277873396,-1277872731,-1277873076,-1277872867,-1277872890,-1277873594,-1277873475,-1277873956,-1277873361,-1277874162,-1277874043,-1277873199,-1277873576,-1277873094,-1277874416,-1277873391,-1277872766,-1277873805,-1277874143,-1277872699,-1277872907,-1277873704,-1277873515,-1277874030,-1277874300
SUMMARY variant=A9_setE2_close run=2 vi=9 bk=6 ck=1 dk=2 fk=1 st=16 wl=64 sep=0 rounds=16 naiv=56 blocks=28 cores_clean=56/56 core_round_clean=896/896 rounds_clean=16/16 headOK_min=56 viol=0 final_head_ok=56 stale=0 zero=0 other=0 scribble=0 rel_spread_max=15492 missing_rows=0 snap=0 rc=0
ROUND variant=A9_setE2_close run=2 round=0 headOK_min=56 headOK_max=56 cores_clean=56/56 converged=0
ROUND variant=A9_setE2_close run=2 round=1 headOK_min=56 headOK_max=56 cores_clean=56/56 converged=0
ROUND variant=A9_setE2_close run=2 round=2 headOK_min=56 headOK_max=56 cores_clean=56/56 converged=0
ROUND variant=A9_setE2_close run=2 round=3 headOK_min=56 headOK_max=56 cores_clean=56/56 converged=0
ROUND variant=A9_setE2_close run=2 round=4 headOK_min=56 headOK_max=56 cores_clean=56/56 converged=0
ROUND variant=A9_setE2_close run=2 round=5 headOK_min=56 headOK_max=56 cores_clean=56/56 converged=0
ROUND variant=A9_setE2_close run=2 round=6 headOK_min=56 headOK_max=56 cores_clean=56/56 converged=0
ROUND variant=A9_setE2_close run=2 round=7 headOK_min=56 headOK_max=56 cores_clean=56/56 converged=0
ROUND variant=A9_setE2_close run=2 round=8 headOK_min=56 headOK_max=56 cores_clean=56/56 converged=0
ROUND variant=A9_setE2_close run=2 round=9 headOK_min=56 headOK_max=56 cores_clean=56/56 converged=0
ROUND variant=A9_setE2_close run=2 round=10 headOK_min=56 headOK_max=56 cores_clean=56/56 converged=0
ROUND variant=A9_setE2_close run=2 round=11 headOK_min=56 headOK_max=56 cores_clean=56/56 converged=0
ROUND variant=A9_setE2_close run=2 round=12 headOK_min=56 headOK_max=56 cores_clean=56/56 converged=0
ROUND variant=A9_setE2_close run=2 round=13 headOK_min=56 headOK_max=56 cores_clean=56/56 converged=0
ROUND variant=A9_setE2_close run=2 round=14 headOK_min=56 headOK_max=56 cores_clean=56/56 converged=0
ROUND variant=A9_setE2_close run=2 round=15 headOK_min=56 headOK_max=56 cores_clean=56/56 converged=0
COREVIOL variant=A9_setE2_close run=2 0,0,0,0,0,0,0,0,0,0,0,0,0,0,0,0,0,0,0,0,0,0,0,0,0,0,0,0,0,0,0,0,0,0,0,0,0,0,0,0,0,0,0,0,0,0,0,0,0,0,0,0,0,0,0,0
CYCLE variant=A9_setE2_close run=2 1298253139,1298253825,1298252829,1298252878,1298253750,1298253775,1298253806,1298254092,1298254108,1298253912,1298253659,1298253707,1298254142,1298253021,1298252735,1298252909,1298252442,1298252575,1298253075,1298253550,1298252252,1298252655,1298252515,1298252335,1298254170,1298254062,1298253903,1298253315,1298251820,1298252010,1298253744,1298253720,1298252135,1298251916,1298252407,1298252511,1298253326,1298253350,1298252252,1298252055,1298252732,1298252146,1298253587,1298253398,1298252788,1298253270,1298252896,1298251894,1298253437,1298253057,1298253795,1298253827,1298252311,1298253004,1298253561,1298252844
SUMMARY variant=A9_setE2_close run=3 vi=9 bk=6 ck=1 dk=2 fk=1 st=16 wl=64 sep=0 rounds=16 naiv=56 blocks=28 cores_clean=56/56 core_round_clean=896/896 rounds_clean=16/16 headOK_min=56 viol=0 final_head_ok=56 stale=0 zero=0 other=0 scribble=0 rel_spread_max=15271 missing_rows=0 snap=0 rc=0
ROUND variant=A9_setE2_close run=3 round=0 headOK_min=56 headOK_max=56 cores_clean=56/56 converged=0
ROUND variant=A9_setE2_close run=3 round=1 headOK_min=56 headOK_max=56 cores_clean=56/56 converged=0
ROUND variant=A9_setE2_close run=3 round=2 headOK_min=56 headOK_max=56 cores_clean=56/56 converged=0
ROUND variant=A9_setE2_close run=3 round=3 headOK_min=56 headOK_max=56 cores_clean=56/56 converged=0
ROUND variant=A9_setE2_close run=3 round=4 headOK_min=56 headOK_max=56 cores_clean=56/56 converged=0
ROUND variant=A9_setE2_close run=3 round=5 headOK_min=56 headOK_max=56 cores_clean=56/56 converged=0
ROUND variant=A9_setE2_close run=3 round=6 headOK_min=56 headOK_max=56 cores_clean=56/56 converged=0
ROUND variant=A9_setE2_close run=3 round=7 headOK_min=56 headOK_max=56 cores_clean=56/56 converged=0
ROUND variant=A9_setE2_close run=3 round=8 headOK_min=56 headOK_max=56 cores_clean=56/56 converged=0
ROUND variant=A9_setE2_close run=3 round=9 headOK_min=56 headOK_max=56 cores_clean=56/56 converged=0
ROUND variant=A9_setE2_close run=3 round=10 headOK_min=56 headOK_max=56 cores_clean=56/56 converged=0
ROUND variant=A9_setE2_close run=3 round=11 headOK_min=56 headOK_max=56 cores_clean=56/56 converged=0
ROUND variant=A9_setE2_close run=3 round=12 headOK_min=56 headOK_max=56 cores_clean=56/56 converged=0
ROUND variant=A9_setE2_close run=3 round=13 headOK_min=56 headOK_max=56 cores_clean=56/56 converged=0
ROUND variant=A9_setE2_close run=3 round=14 headOK_min=56 headOK_max=56 cores_clean=56/56 converged=0
ROUND variant=A9_setE2_close run=3 round=15 headOK_min=56 headOK_max=56 cores_clean=56/56 converged=0
COREVIOL variant=A9_setE2_close run=3 0,0,0,0,0,0,0,0,0,0,0,0,0,0,0,0,0,0,0,0,0,0,0,0,0,0,0,0,0,0,0,0,0,0,0,0,0,0,0,0,0,0,0,0,0,0,0,0,0,0,0,0,0,0,0,0
CYCLE variant=A9_setE2_close run=3 -1344454966,-1344455304,-1344453661,-1344453851,-1344455584,-1344455413,-1344453824,-1344454104,-1344453787,-1344454016,-1344454378,-1344454402,-1344453739,-1344453766,-1344455828,-1344455753,-1344454200,-1344453919,-1344454824,-1344454748,-1344454257,-1344455021,-1344453959,-1344454853,-1344454124,-1344454939,-1344455289,-1344454335,-1344452967,-1344452937,-1344454452,-1344454536,-1344453257,-1344454862,-1344453489,-1344453000,-1344454179,-1344454066,-1344455085,-1344455056,-1344454337,-1344454280,-1344453105,-1344454998,-1344453703,-1344453779,-1344453284,-1344454264,-1344454805,-1344454399,-1344453425,-1344454930,-1344453825,-1344453977,-1344453078,-1344453304
SUMMARY variant=A9_setE2_close run=4 vi=9 bk=6 ck=1 dk=2 fk=1 st=16 wl=64 sep=0 rounds=16 naiv=56 blocks=28 cores_clean=56/56 core_round_clean=896/896 rounds_clean=16/16 headOK_min=56 viol=0 final_head_ok=56 stale=0 zero=0 other=0 scribble=0 rel_spread_max=16542 missing_rows=0 snap=0 rc=0
ROUND variant=A9_setE2_close run=4 round=0 headOK_min=56 headOK_max=56 cores_clean=56/56 converged=0
ROUND variant=A9_setE2_close run=4 round=1 headOK_min=56 headOK_max=56 cores_clean=56/56 converged=0
ROUND variant=A9_setE2_close run=4 round=2 headOK_min=56 headOK_max=56 cores_clean=56/56 converged=0
ROUND variant=A9_setE2_close run=4 round=3 headOK_min=56 headOK_max=56 cores_clean=56/56 converged=0
ROUND variant=A9_setE2_close run=4 round=4 headOK_min=56 headOK_max=56 cores_clean=56/56 converged=0
ROUND variant=A9_setE2_close run=4 round=5 headOK_min=56 headOK_max=56 cores_clean=56/56 converged=0
ROUND variant=A9_setE2_close run=4 round=6 headOK_min=56 headOK_max=56 cores_clean=56/56 converged=0
ROUND variant=A9_setE2_close run=4 round=7 headOK_min=56 headOK_max=56 cores_clean=56/56 converged=0
ROUND variant=A9_setE2_close run=4 round=8 headOK_min=56 headOK_max=56 cores_clean=56/56 converged=0
ROUND variant=A9_setE2_close run=4 round=9 headOK_min=56 headOK_max=56 cores_clean=56/56 converged=0
ROUND variant=A9_setE2_close run=4 round=10 headOK_min=56 headOK_max=56 cores_clean=56/56 converged=0
ROUND variant=A9_setE2_close run=4 round=11 headOK_min=56 headOK_max=56 cores_clean=56/56 converged=0
ROUND variant=A9_setE2_close run=4 round=12 headOK_min=56 headOK_max=56 cores_clean=56/56 converged=0
ROUND variant=A9_setE2_close run=4 round=13 headOK_min=56 headOK_max=56 cores_clean=56/56 converged=0
ROUND variant=A9_setE2_close run=4 round=14 headOK_min=56 headOK_max=56 cores_clean=56/56 converged=0
ROUND variant=A9_setE2_close run=4 round=15 headOK_min=56 headOK_max=56 cores_clean=56/56 converged=0
COREVIOL variant=A9_setE2_close run=4 0,0,0,0,0,0,0,0,0,0,0,0,0,0,0,0,0,0,0,0,0,0,0,0,0,0,0,0,0,0,0,0,0,0,0,0,0,0,0,0,0,0,0,0,0,0,0,0,0,0,0,0,0,0,0,0
CYCLE variant=A9_setE2_close run=4 1541587121,1541588190,1541586808,1541587424,1541586510,1541586485,1541587619,1541588159,1541587970,1541587795,1541587993,1541588472,1541588389,1541588420,1541588051,1541587950,1541587167,1541586938,1541588100,1541588334,1541588031,1541587880,1541586300,1541586358,1541586866,1541587068,1541588129,1541587924,1541587619,1541587700,1541588369,1541588749,1541589599,1541589209,1541588780,1541588652,1541589661,1541589445,1541589459,1541589358,1541588593,1541588113,1541587812,1541588042,1541588543,1541588620,1541589082,1541588981,1541589310,1541589570,1541588948,1541589152,1541588342,1541587725,1541588296,1541588143
SUMMARY variant=A9_setE2_close run=5 vi=9 bk=6 ck=1 dk=2 fk=1 st=16 wl=64 sep=0 rounds=16 naiv=56 blocks=28 cores_clean=56/56 core_round_clean=896/896 rounds_clean=16/16 headOK_min=56 viol=0 final_head_ok=56 stale=0 zero=0 other=0 scribble=0 rel_spread_max=16558 missing_rows=0 snap=0 rc=0
ROUND variant=A9_setE2_close run=5 round=0 headOK_min=56 headOK_max=56 cores_clean=56/56 converged=0
ROUND variant=A9_setE2_close run=5 round=1 headOK_min=56 headOK_max=56 cores_clean=56/56 converged=0
ROUND variant=A9_setE2_close run=5 round=2 headOK_min=56 headOK_max=56 cores_clean=56/56 converged=0
ROUND variant=A9_setE2_close run=5 round=3 headOK_min=56 headOK_max=56 cores_clean=56/56 converged=0
ROUND variant=A9_setE2_close run=5 round=4 headOK_min=56 headOK_max=56 cores_clean=56/56 converged=0
ROUND variant=A9_setE2_close run=5 round=5 headOK_min=56 headOK_max=56 cores_clean=56/56 converged=0
ROUND variant=A9_setE2_close run=5 round=6 headOK_min=56 headOK_max=56 cores_clean=56/56 converged=0
ROUND variant=A9_setE2_close run=5 round=7 headOK_min=56 headOK_max=56 cores_clean=56/56 converged=0
ROUND variant=A9_setE2_close run=5 round=8 headOK_min=56 headOK_max=56 cores_clean=56/56 converged=0
ROUND variant=A9_setE2_close run=5 round=9 headOK_min=56 headOK_max=56 cores_clean=56/56 converged=0
ROUND variant=A9_setE2_close run=5 round=10 headOK_min=56 headOK_max=56 cores_clean=56/56 converged=0
ROUND variant=A9_setE2_close run=5 round=11 headOK_min=56 headOK_max=56 cores_clean=56/56 converged=0
ROUND variant=A9_setE2_close run=5 round=12 headOK_min=56 headOK_max=56 cores_clean=56/56 converged=0
ROUND variant=A9_setE2_close run=5 round=13 headOK_min=56 headOK_max=56 cores_clean=56/56 converged=0
ROUND variant=A9_setE2_close run=5 round=14 headOK_min=56 headOK_max=56 cores_clean=56/56 converged=0
ROUND variant=A9_setE2_close run=5 round=15 headOK_min=56 headOK_max=56 cores_clean=56/56 converged=0
COREVIOL variant=A9_setE2_close run=5 0,0,0,0,0,0,0,0,0,0,0,0,0,0,0,0,0,0,0,0,0,0,0,0,0,0,0,0,0,0,0,0,0,0,0,0,0,0,0,0,0,0,0,0,0,0,0,0,0,0,0,0,0,0,0,0
CYCLE variant=A9_setE2_close run=5 359195080,359195054,359195573,359194848,359194550,359195208,359196522,359196264,359195885,359194803,359196500,359195392,359196580,359196188,359194825,359194723,359195960,359196036,359195832,359194640,359196606,359195442,359194545,359194550,359195635,359194564,359196321,359195711,359195007,359195143,359196907,359196991,359197070,359196426,359196370,359196547,359196671,359196823,359196066,359196042,359196448,359195588,359195160,359196648,359195963,359195712,359196924,359196848,359195320,359195397,359196752,359195564,359195913,359195273,359196113,359195884
SUMMARY variant=A9_setE2_close run=6 vi=9 bk=6 ck=1 dk=2 fk=1 st=16 wl=64 sep=0 rounds=16 naiv=56 blocks=28 cores_clean=56/56 core_round_clean=896/896 rounds_clean=16/16 headOK_min=56 viol=0 final_head_ok=56 stale=0 zero=0 other=0 scribble=0 rel_spread_max=17039 missing_rows=0 snap=0 rc=0
ROUND variant=A9_setE2_close run=6 round=0 headOK_min=56 headOK_max=56 cores_clean=56/56 converged=0
ROUND variant=A9_setE2_close run=6 round=1 headOK_min=56 headOK_max=56 cores_clean=56/56 converged=0
ROUND variant=A9_setE2_close run=6 round=2 headOK_min=56 headOK_max=56 cores_clean=56/56 converged=0
ROUND variant=A9_setE2_close run=6 round=3 headOK_min=56 headOK_max=56 cores_clean=56/56 converged=0
ROUND variant=A9_setE2_close run=6 round=4 headOK_min=56 headOK_max=56 cores_clean=56/56 converged=0
ROUND variant=A9_setE2_close run=6 round=5 headOK_min=56 headOK_max=56 cores_clean=56/56 converged=0
ROUND variant=A9_setE2_close run=6 round=6 headOK_min=56 headOK_max=56 cores_clean=56/56 converged=0
ROUND variant=A9_setE2_close run=6 round=7 headOK_min=56 headOK_max=56 cores_clean=56/56 converged=0
ROUND variant=A9_setE2_close run=6 round=8 headOK_min=56 headOK_max=56 cores_clean=56/56 converged=0
ROUND variant=A9_setE2_close run=6 round=9 headOK_min=56 headOK_max=56 cores_clean=56/56 converged=0
ROUND variant=A9_setE2_close run=6 round=10 headOK_min=56 headOK_max=56 cores_clean=56/56 converged=0
ROUND variant=A9_setE2_close run=6 round=11 headOK_min=56 headOK_max=56 cores_clean=56/56 converged=0
ROUND variant=A9_setE2_close run=6 round=12 headOK_min=56 headOK_max=56 cores_clean=56/56 converged=0
ROUND variant=A9_setE2_close run=6 round=13 headOK_min=56 headOK_max=56 cores_clean=56/56 converged=0
ROUND variant=A9_setE2_close run=6 round=14 headOK_min=56 headOK_max=56 cores_clean=56/56 converged=0
ROUND variant=A9_setE2_close run=6 round=15 headOK_min=56 headOK_max=56 cores_clean=56/56 converged=0
COREVIOL variant=A9_setE2_close run=6 0,0,0,0,0,0,0,0,0,0,0,0,0,0,0,0,0,0,0,0,0,0,0,0,0,0,0,0,0,0,0,0,0,0,0,0,0,0,0,0,0,0,0,0,0,0,0,0,0,0,0,0,0,0,0,0
CYCLE variant=A9_setE2_close run=6 1883897680,1883898343,1883899014,1883899360,1883897530,1883897499,1883899304,1883899040,1883899185,1883898949,1883898619,1883898975,1883899255,1883897495,1883898803,1883898496,1883898396,1883898830,1883899090,1883899067,1883897492,1883897563,1883897490,1883897484,1883898244,1883898320,1883898881,1883899286,1883898575,1883898528,1883898373,1883898224,1883898324,1883899694,1883899239,1883898885,1883898239,1883898762,1883899596,1883899336,1883898791,1883899099,1883899758,1883899807,1883898040,1883898862,1883899070,1883899615,1883899047,1883899900,1883899882,1883899834,1883898594,1883898470,1883899780,1883899985
SUMMARY variant=A9_setE2_close run=7 vi=9 bk=6 ck=1 dk=2 fk=1 st=16 wl=64 sep=0 rounds=16 naiv=56 blocks=28 cores_clean=56/56 core_round_clean=896/896 rounds_clean=16/16 headOK_min=56 viol=0 final_head_ok=56 stale=0 zero=0 other=0 scribble=0 rel_spread_max=15534 missing_rows=0 snap=0 rc=0
ROUND variant=A9_setE2_close run=7 round=0 headOK_min=56 headOK_max=56 cores_clean=56/56 converged=0
ROUND variant=A9_setE2_close run=7 round=1 headOK_min=56 headOK_max=56 cores_clean=56/56 converged=0
ROUND variant=A9_setE2_close run=7 round=2 headOK_min=56 headOK_max=56 cores_clean=56/56 converged=0
ROUND variant=A9_setE2_close run=7 round=3 headOK_min=56 headOK_max=56 cores_clean=56/56 converged=0
ROUND variant=A9_setE2_close run=7 round=4 headOK_min=56 headOK_max=56 cores_clean=56/56 converged=0
ROUND variant=A9_setE2_close run=7 round=5 headOK_min=56 headOK_max=56 cores_clean=56/56 converged=0
ROUND variant=A9_setE2_close run=7 round=6 headOK_min=56 headOK_max=56 cores_clean=56/56 converged=0
ROUND variant=A9_setE2_close run=7 round=7 headOK_min=56 headOK_max=56 cores_clean=56/56 converged=0
ROUND variant=A9_setE2_close run=7 round=8 headOK_min=56 headOK_max=56 cores_clean=56/56 converged=0
ROUND variant=A9_setE2_close run=7 round=9 headOK_min=56 headOK_max=56 cores_clean=56/56 converged=0
ROUND variant=A9_setE2_close run=7 round=10 headOK_min=56 headOK_max=56 cores_clean=56/56 converged=0
ROUND variant=A9_setE2_close run=7 round=11 headOK_min=56 headOK_max=56 cores_clean=56/56 converged=0
ROUND variant=A9_setE2_close run=7 round=12 headOK_min=56 headOK_max=56 cores_clean=56/56 converged=0
ROUND variant=A9_setE2_close run=7 round=13 headOK_min=56 headOK_max=56 cores_clean=56/56 converged=0
ROUND variant=A9_setE2_close run=7 round=14 headOK_min=56 headOK_max=56 cores_clean=56/56 converged=0
ROUND variant=A9_setE2_close run=7 round=15 headOK_min=56 headOK_max=56 cores_clean=56/56 converged=0
COREVIOL variant=A9_setE2_close run=7 0,0,0,0,0,0,0,0,0,0,0,0,0,0,0,0,0,0,0,0,0,0,0,0,0,0,0,0,0,0,0,0,0,0,0,0,0,0,0,0,0,0,0,0,0,0,0,0,0,0,0,0,0,0,0,0
CYCLE variant=A9_setE2_close run=7 813601892,813601408,813601791,813601970,813600233,813599644,813601563,813601947,813601117,813602134,813600306,813599651,813600833,813600934,813601742,813602214,813600755,813601016,813601147,813601820,813601360,813602049,813599648,813600174,813601443,813600584,813602083,813601877,813600323,813599852,813601096,813601275,813600245,813600460,813601726,813601859,813600017,813600053,813600587,813600268,813600915,813600663,813601190,813601472,813601675,813601651,813601011,813601138,813601884,813601940,813600508,813600534,813600206,813600046,813601520,813601062
SUMMARY variant=A9_setE2_close run=8 vi=9 bk=6 ck=1 dk=2 fk=1 st=16 wl=64 sep=0 rounds=16 naiv=56 blocks=28 cores_clean=56/56 core_round_clean=896/896 rounds_clean=16/16 headOK_min=56 viol=0 final_head_ok=56 stale=0 zero=0 other=0 scribble=0 rel_spread_max=18363 missing_rows=0 snap=0 rc=0
ROUND variant=A9_setE2_close run=8 round=0 headOK_min=56 headOK_max=56 cores_clean=56/56 converged=0
ROUND variant=A9_setE2_close run=8 round=1 headOK_min=56 headOK_max=56 cores_clean=56/56 converged=0
ROUND variant=A9_setE2_close run=8 round=2 headOK_min=56 headOK_max=56 cores_clean=56/56 converged=0
ROUND variant=A9_setE2_close run=8 round=3 headOK_min=56 headOK_max=56 cores_clean=56/56 converged=0
ROUND variant=A9_setE2_close run=8 round=4 headOK_min=56 headOK_max=56 cores_clean=56/56 converged=0
ROUND variant=A9_setE2_close run=8 round=5 headOK_min=56 headOK_max=56 cores_clean=56/56 converged=0
ROUND variant=A9_setE2_close run=8 round=6 headOK_min=56 headOK_max=56 cores_clean=56/56 converged=0
ROUND variant=A9_setE2_close run=8 round=7 headOK_min=56 headOK_max=56 cores_clean=56/56 converged=0
ROUND variant=A9_setE2_close run=8 round=8 headOK_min=56 headOK_max=56 cores_clean=56/56 converged=0
ROUND variant=A9_setE2_close run=8 round=9 headOK_min=56 headOK_max=56 cores_clean=56/56 converged=0
ROUND variant=A9_setE2_close run=8 round=10 headOK_min=56 headOK_max=56 cores_clean=56/56 converged=0
ROUND variant=A9_setE2_close run=8 round=11 headOK_min=56 headOK_max=56 cores_clean=56/56 converged=0
ROUND variant=A9_setE2_close run=8 round=12 headOK_min=56 headOK_max=56 cores_clean=56/56 converged=0
ROUND variant=A9_setE2_close run=8 round=13 headOK_min=56 headOK_max=56 cores_clean=56/56 converged=0
ROUND variant=A9_setE2_close run=8 round=14 headOK_min=56 headOK_max=56 cores_clean=56/56 converged=0
ROUND variant=A9_setE2_close run=8 round=15 headOK_min=56 headOK_max=56 cores_clean=56/56 converged=0
COREVIOL variant=A9_setE2_close run=8 0,0,0,0,0,0,0,0,0,0,0,0,0,0,0,0,0,0,0,0,0,0,0,0,0,0,0,0,0,0,0,0,0,0,0,0,0,0,0,0,0,0,0,0,0,0,0,0,0,0,0,0,0,0,0,0
CYCLE variant=A9_setE2_close run=8 -365906742,-365907149,-365908047,-365908046,-365907280,-365906668,-365907584,-365906693,-365906349,-365906952,-365907414,-365907107,-365907204,-365906617,-365908141,-365908056,-365908060,-365907257,-365906925,-365907179,-365906416,-365906286,-365906206,-365907046,-365906151,-365906394,-365906848,-365907331,-365904385,-365904780,-365906224,-365906148,-365904728,-365905387,-365904952,-365904546,-365905608,-365905658,-365906478,-365906418,-365905316,-365905189,-365904603,-365906327,-365906025,-365904856,-365905236,-365904879,-365905287,-365905788,-365904473,-365905367,-365905741,-365905593,-365904576,-365904493
SUMMARY variant=A9_setE2_close run=9 vi=9 bk=6 ck=1 dk=2 fk=1 st=16 wl=64 sep=0 rounds=16 naiv=56 blocks=28 cores_clean=56/56 core_round_clean=896/896 rounds_clean=16/16 headOK_min=56 viol=0 final_head_ok=56 stale=0 zero=0 other=0 scribble=0 rel_spread_max=16089 missing_rows=0 snap=0 rc=0
ROUND variant=A9_setE2_close run=9 round=0 headOK_min=56 headOK_max=56 cores_clean=56/56 converged=0
ROUND variant=A9_setE2_close run=9 round=1 headOK_min=56 headOK_max=56 cores_clean=56/56 converged=0
ROUND variant=A9_setE2_close run=9 round=2 headOK_min=56 headOK_max=56 cores_clean=56/56 converged=0
ROUND variant=A9_setE2_close run=9 round=3 headOK_min=56 headOK_max=56 cores_clean=56/56 converged=0
ROUND variant=A9_setE2_close run=9 round=4 headOK_min=56 headOK_max=56 cores_clean=56/56 converged=0
ROUND variant=A9_setE2_close run=9 round=5 headOK_min=56 headOK_max=56 cores_clean=56/56 converged=0
ROUND variant=A9_setE2_close run=9 round=6 headOK_min=56 headOK_max=56 cores_clean=56/56 converged=0
ROUND variant=A9_setE2_close run=9 round=7 headOK_min=56 headOK_max=56 cores_clean=56/56 converged=0
ROUND variant=A9_setE2_close run=9 round=8 headOK_min=56 headOK_max=56 cores_clean=56/56 converged=0
ROUND variant=A9_setE2_close run=9 round=9 headOK_min=56 headOK_max=56 cores_clean=56/56 converged=0
ROUND variant=A9_setE2_close run=9 round=10 headOK_min=56 headOK_max=56 cores_clean=56/56 converged=0
ROUND variant=A9_setE2_close run=9 round=11 headOK_min=56 headOK_max=56 cores_clean=56/56 converged=0
ROUND variant=A9_setE2_close run=9 round=12 headOK_min=56 headOK_max=56 cores_clean=56/56 converged=0
ROUND variant=A9_setE2_close run=9 round=13 headOK_min=56 headOK_max=56 cores_clean=56/56 converged=0
ROUND variant=A9_setE2_close run=9 round=14 headOK_min=56 headOK_max=56 cores_clean=56/56 converged=0
ROUND variant=A9_setE2_close run=9 round=15 headOK_min=56 headOK_max=56 cores_clean=56/56 converged=0
COREVIOL variant=A9_setE2_close run=9 0,0,0,0,0,0,0,0,0,0,0,0,0,0,0,0,0,0,0,0,0,0,0,0,0,0,0,0,0,0,0,0,0,0,0,0,0,0,0,0,0,0,0,0,0,0,0,0,0,0,0,0,0,0,0,0
CYCLE variant=A9_setE2_close run=9 -1625910336,-1625910360,-1625910992,-1625910384,-1625911142,-1625911367,-1625909621,-1625909668,-1625909577,-1625909884,-1625910241,-1625909446,-1625910189,-1625909526,-1625910817,-1625910288,-1625909860,-1625909499,-1625911381,-1625911377,-1625910908,-1625911209,-1625911372,-1625909463,-1625910745,-1625909998,-1625909693,-1625909975,-1625910483,-1625910538,-1625909941,-1625909184,-1625909207,-1625908898,-1625908729,-1625909446,-1625908749,-1625909230,-1625909525,-1625909692,-1625908627,-1625909021,-1625908853,-1625908994,-1625910452,-1625910513,-1625909742,-1625909158,-1625908828,-1625908969,-1625908716,-1625908881,-1625909844,-1625908681,-1625910369,-1625909791
