SUMMARY variant=A19_poll_hybrid_close run=1 vi=19 bk=1 ck=1 dk=2 fk=1 st=16 wl=64 sep=0 rounds=4 naiv=56 blocks=28 cores_clean=56/56 core_round_clean=224/224 rounds_clean=4/4 headOK_min=56 viol=0 final_head_ok=56 stale=0 zero=0 other=0 scribble=0 rel_spread_max=14597 missing_rows=0 snap=0 rc=0
ROUND variant=A19_poll_hybrid_close run=1 round=0 headOK_min=56 headOK_max=56 cores_clean=56/56 converged=56
ROUND variant=A19_poll_hybrid_close run=1 round=1 headOK_min=56 headOK_max=56 cores_clean=56/56 converged=56
ROUND variant=A19_poll_hybrid_close run=1 round=2 headOK_min=56 headOK_max=56 cores_clean=56/56 converged=56
ROUND variant=A19_poll_hybrid_close run=1 round=3 headOK_min=56 headOK_max=56 cores_clean=56/56 converged=56
COREVIOL variant=A19_poll_hybrid_close run=1 0,0,0,0,0,0,0,0,0,0,0,0,0,0,0,0,0,0,0,0,0,0,0,0,0,0,0,0,0,0,0,0,0,0,0,0,0,0,0,0,0,0,0,0,0,0,0,0,0,0,0,0,0,0,0,0
CYCLE variant=A19_poll_hybrid_close run=1 -1973760891,-1973759946,-1973759164,-1973758873,-1973759842,-1973758945,-1973758900,-1973759111,-1973759379,-1973759022,-1973760074,-1973759639,-1973759512,-1973759054,-1973760870,-1973760876,-1973760512,-1973759281,-1973760133,-1973759877,-1973760541,-1973759743,-1973759010,-1973760749,-1973759456,-1973759251,-1973760656,-1973759133,-1973760592,-1973759851,-1973759743,-1973759641,-1973760011,-1973760243,-1973759147,-1973759375,-1973758886,-1973758732,-1973759964,-1973760116,-1973760317,-1973759109,-1973758632,-1973759198,-1973759673,-1973759621,-1973759405,-1973759251,-1973760669,-1973760460,-1973758597,-1973758651,-1973758751,-1973758673,-1973759451,-1973759502
SUMMARY variant=A19_poll_hybrid_close run=2 vi=19 bk=1 ck=1 dk=2 fk=1 st=16 wl=64 sep=0 rounds=4 naiv=56 blocks=28 cores_clean=56/56 core_round_clean=224/224 rounds_clean=4/4 headOK_min=56 viol=0 final_head_ok=56 stale=0 zero=0 other=0 scribble=0 rel_spread_max=14871 missing_rows=0 snap=0 rc=0
ROUND variant=A19_poll_hybrid_close run=2 round=0 headOK_min=56 headOK_max=56 cores_clean=56/56 converged=56
ROUND variant=A19_poll_hybrid_close run=2 round=1 headOK_min=56 headOK_max=56 cores_clean=56/56 converged=56
ROUND variant=A19_poll_hybrid_close run=2 round=2 headOK_min=56 headOK_max=56 cores_clean=56/56 converged=56
ROUND variant=A19_poll_hybrid_close run=2 round=3 headOK_min=56 headOK_max=56 cores_clean=56/56 converged=56
COREVIOL variant=A19_poll_hybrid_close run=2 0,0,0,0,0,0,0,0,0,0,0,0,0,0,0,0,0,0,0,0,0,0,0,0,0,0,0,0,0,0,0,0,0,0,0,0,0,0,0,0,0,0,0,0,0,0,0,0,0,0,0,0,0,0,0,0
CYCLE variant=A19_poll_hybrid_close run=2 -2070328072,-2070328166,-2070329193,-2070328820,-2070328123,-2070328287,-2070327853,-2070327709,-2070329535,-2070329563,-2070328569,-2070328025,-2070328449,-2070328981,-2070329363,-2070329442,-2070328523,-2070328853,-2070327802,-2070327826,-2070327685,-2070327994,-2070329283,-2070329211,-2070328708,-2070328589,-2070327754,-2070328369,-2070329854,-2070329822,-2070328221,-2070328127,-2070329143,-2070328495,-2070327969,-2070329064,-2070329295,-2070328380,-2070328405,-2070329594,-2070328178,-2070329278,-2070329241,-2070329094,-2070328010,-2070328530,-2070328330,-2070328659,-2070328433,-2070328292,-2070328057,-2070328032,-2070329632,-2070329462,-2070328476,-2070328594
SUMMARY variant=A19_poll_hybrid_close run=3 vi=19 bk=1 ck=1 dk=2 fk=1 st=16 wl=64 sep=0 rounds=4 naiv=56 blocks=28 cores_clean=56/56 core_round_clean=224/224 rounds_clean=4/4 headOK_min=56 viol=0 final_head_ok=56 stale=0 zero=0 other=0 scribble=0 rel_spread_max=16726 missing_rows=0 snap=0 rc=0
ROUND variant=A19_poll_hybrid_close run=3 round=0 headOK_min=56 headOK_max=56 cores_clean=56/56 converged=56
ROUND variant=A19_poll_hybrid_close run=3 round=1 headOK_min=56 headOK_max=56 cores_clean=56/56 converged=56
ROUND variant=A19_poll_hybrid_close run=3 round=2 headOK_min=56 headOK_max=56 cores_clean=56/56 converged=56
ROUND variant=A19_poll_hybrid_close run=3 round=3 headOK_min=56 headOK_max=56 cores_clean=56/56 converged=56
COREVIOL variant=A19_poll_hybrid_close run=3 0,0,0,0,0,0,0,0,0,0,0,0,0,0,0,0,0,0,0,0,0,0,0,0,0,0,0,0,0,0,0,0,0,0,0,0,0,0,0,0,0,0,0,0,0,0,0,0,0,0,0,0,0,0,0,0
CYCLE variant=A19_poll_hybrid_close run=3 1872817576,1872817322,1872818050,1872818902,1872818608,1872818490,1872817715,1872817953,1872818768,1872818698,1872818089,1872818327,1872818471,1872818281,1872818527,1872817983,1872818397,1872817605,1872817429,1872817863,1872818854,1872818596,1872817121,1872817085,1872818636,1872817736,1872817121,1872817119,1872817547,1872817864,1872818655,1872818226,1872817770,1872817648,1872817896,1872818839,1872818615,1872818354,1872818423,1872819401,1872818080,1872819496,1872817940,1872818140,1872819059,1872818965,1872817695,1872817794,1872819473,1872819299,1872818369,1872818155,1872818936,1872819412,1872818566,1872818878
SUMMARY variant=A19_poll_hybrid_close run=4 vi=19 bk=1 ck=1 dk=2 fk=1 st=16 wl=64 sep=0 rounds=4 naiv=56 blocks=28 cores_clean=56/56 core_round_clean=224/224 rounds_clean=4/4 headOK_min=56 viol=0 final_head_ok=56 stale=0 zero=0 other=0 scribble=0 rel_spread_max=14876 missing_rows=0 snap=0 rc=0
ROUND variant=A19_poll_hybrid_close run=4 round=0 headOK_min=56 headOK_max=56 cores_clean=56/56 converged=56
ROUND variant=A19_poll_hybrid_close run=4 round=1 headOK_min=56 headOK_max=56 cores_clean=56/56 converged=56
ROUND variant=A19_poll_hybrid_close run=4 round=2 headOK_min=56 headOK_max=56 cores_clean=56/56 converged=56
ROUND variant=A19_poll_hybrid_close run=4 round=3 headOK_min=56 headOK_max=56 cores_clean=56/56 converged=56
COREVIOL variant=A19_poll_hybrid_close run=4 0,0,0,0,0,0,0,0,0,0,0,0,0,0,0,0,0,0,0,0,0,0,0,0,0,0,0,0,0,0,0,0,0,0,0,0,0,0,0,0,0,0,0,0,0,0,0,0,0,0,0,0,0,0,0,0
CYCLE variant=A19_poll_hybrid_close run=4 -840419779,-840419028,-840419264,-840418956,-840418409,-840419073,-840420006,-840420110,-840419495,-840418322,-840419091,-840418713,-840418766,-840418349,-840418931,-840419286,-840419820,-840419956,-840418552,-840418693,-840418435,-840419214,-840420159,-840419923,-840418570,-840419326,-840419231,-840418499,-840420469,-840420450,-840418839,-840418791,-840418628,-840418532,-840418892,-840418607,-840419083,-840419177,-840418772,-840420462,-840419846,-840419868,-840418412,-840418490,-840420472,-840418512,-840420472,-840420467,-840418704,-840419495,-840418913,-840419101,-840418820,-840419709,-840418965,-840420460
SUMMARY variant=A19_poll_hybrid_close run=5 vi=19 bk=1 ck=1 dk=2 fk=1 st=16 wl=64 sep=0 rounds=4 naiv=56 blocks=28 cores_clean=56/56 core_round_clean=224/224 rounds_clean=4/4 headOK_min=56 viol=0 final_head_ok=56 stale=0 zero=0 other=0 scribble=0 rel_spread_max=14981 missing_rows=0 snap=0 rc=0
ROUND variant=A19_poll_hybrid_close run=5 round=0 headOK_min=56 headOK_max=56 cores_clean=56/56 converged=56
ROUND variant=A19_poll_hybrid_close run=5 round=1 headOK_min=56 headOK_max=56 cores_clean=56/56 converged=56
ROUND variant=A19_poll_hybrid_close run=5 round=2 headOK_min=56 headOK_max=56 cores_clean=56/56 converged=56
ROUND variant=A19_poll_hybrid_close run=5 round=3 headOK_min=56 headOK_max=56 cores_clean=56/56 converged=56
COREVIOL variant=A19_poll_hybrid_close run=5 0,0,0,0,0,0,0,0,0,0,0,0,0,0,0,0,0,0,0,0,0,0,0,0,0,0,0,0,0,0,0,0,0,0,0,0,0,0,0,0,0,0,0,0,0,0,0,0,0,0,0,0,0,0,0,0
CYCLE variant=A19_poll_hybrid_close run=5 1854522208,1854522232,1854522162,1854522399,1854522060,1854522139,1854523016,1854523287,1854522664,1854522475,1854521433,1854522384,1854523229,1854522804,1854523181,1854522638,1854521760,1854521734,1854523257,1854523089,1854523314,1854522567,1854521299,1854521503,1854522312,1854522999,1854522833,1854522881,1854521287,1854521996,1854522633,1854522704,1854521708,1854521086,1854522343,1854522722,1854522922,1854522365,1854522818,1854522747,1854522534,1854521849,1854521751,1854522603,1854522437,1854522674,1854521603,1854522483,1854522648,1854521306,1854522418,1854522300,1854522250,1854522898,1854521821,1854521103
SUMMARY variant=A19_poll_hybrid_close run=6 vi=19 bk=1 ck=1 dk=2 fk=1 st=16 wl=64 sep=0 rounds=4 naiv=56 blocks=28 cores_clean=56/56 core_round_clean=224/224 rounds_clean=4/4 headOK_min=56 viol=0 final_head_ok=56 stale=0 zero=0 other=0 scribble=0 rel_spread_max=14607 missing_rows=0 snap=0 rc=0
ROUND variant=A19_poll_hybrid_close run=6 round=0 headOK_min=56 headOK_max=56 cores_clean=56/56 converged=56
ROUND variant=A19_poll_hybrid_close run=6 round=1 headOK_min=56 headOK_max=56 cores_clean=56/56 converged=56
ROUND variant=A19_poll_hybrid_close run=6 round=2 headOK_min=56 headOK_max=56 cores_clean=56/56 converged=56
ROUND variant=A19_poll_hybrid_close run=6 round=3 headOK_min=56 headOK_max=56 cores_clean=56/56 converged=56
COREVIOL variant=A19_poll_hybrid_close run=6 0,0,0,0,0,0,0,0,0,0,0,0,0,0,0,0,0,0,0,0,0,0,0,0,0,0,0,0,0,0,0,0,0,0,0,0,0,0,0,0,0,0,0,0,0,0,0,0,0,0,0,0,0,0,0,0
CYCLE variant=A19_poll_hybrid_close run=6 1541656038,1541656012,1541656710,1541656683,1541655143,1541655324,1541656059,1541656137,1541655188,1541655397,1541656562,1541656538,1541656186,1541656339,1541656652,1541656391,1541654756,1541654785,1541656438,1541655522,1541654952,1541655039,1541654600,1541654577,1541655470,1541655623,1541655823,1541655901,1541656681,1541656605,1541656557,1541656708,1541656050,1541656432,1541656181,1541656411,1541656767,1541656742,1541655653,1541656382,1541655794,1541655974,1541655872,1541656792,1541655208,1541655467,1541656820,1541656514,1541654802,1541654829,1541656844,1541655283,1541656002,1541655605,1541654882,1541656878
SUMMARY variant=A19_poll_hybrid_close run=7 vi=19 bk=1 ck=1 dk=2 fk=1 st=16 wl=64 sep=0 rounds=4 naiv=56 blocks=28 cores_clean=56/56 core_round_clean=224/224 rounds_clean=4/4 headOK_min=56 viol=0 final_head_ok=56 stale=0 zero=0 other=0 scribble=0 rel_spread_max=15633 missing_rows=0 snap=0 rc=0
ROUND variant=A19_poll_hybrid_close run=7 round=0 headOK_min=56 headOK_max=56 cores_clean=56/56 converged=56
ROUND variant=A19_poll_hybrid_close run=7 round=1 headOK_min=56 headOK_max=56 cores_clean=56/56 converged=56
ROUND variant=A19_poll_hybrid_close run=7 round=2 headOK_min=56 headOK_max=56 cores_clean=56/56 converged=56
ROUND variant=A19_poll_hybrid_close run=7 round=3 headOK_min=56 headOK_max=56 cores_clean=56/56 converged=56
COREVIOL variant=A19_poll_hybrid_close run=7 0,0,0,0,0,0,0,0,0,0,0,0,0,0,0,0,0,0,0,0,0,0,0,0,0,0,0,0,0,0,0,0,0,0,0,0,0,0,0,0,0,0,0,0,0,0,0,0,0,0,0,0,0,0,0,0
CYCLE variant=A19_poll_hybrid_close run=7 1275054358,1275054282,1275055740,1275055638,1275055291,1275055014,1275056143,1275056172,1275056036,1275055703,1275055365,1275055416,1275054436,1275054331,1275054641,1275055201,1275055264,1275055137,1275056395,1275055941,1275056303,1275056450,1275054895,1275054764,1275056061,1275056256,1275054488,1275054569,1275053905,1275054488,1275055889,1275055611,1275055914,1275055852,1275054209,1275054870,1275054438,1275055461,1275054565,1275054063,1275055748,1275055724,1275055152,1275055408,1275055549,1275054859,1275054509,1275054410,1275055520,1275055061,1275054832,1275055637,1275055499,1275055395,1275054799,1275054015
SUMMARY variant=A19_poll_hybrid_close run=8 vi=19 bk=1 ck=1 dk=2 fk=1 st=16 wl=64 sep=0 rounds=4 naiv=56 blocks=28 cores_clean=56/56 core_round_clean=224/224 rounds_clean=4/4 headOK_min=56 viol=0 final_head_ok=56 stale=0 zero=0 other=0 scribble=0 rel_spread_max=16480 missing_rows=0 snap=0 rc=0
ROUND variant=A19_poll_hybrid_close run=8 round=0 headOK_min=56 headOK_max=56 cores_clean=56/56 converged=56
ROUND variant=A19_poll_hybrid_close run=8 round=1 headOK_min=56 headOK_max=56 cores_clean=56/56 converged=56
ROUND variant=A19_poll_hybrid_close run=8 round=2 headOK_min=56 headOK_max=56 cores_clean=56/56 converged=56
ROUND variant=A19_poll_hybrid_close run=8 round=3 headOK_min=56 headOK_max=56 cores_clean=56/56 converged=56
COREVIOL variant=A19_poll_hybrid_close run=8 0,0,0,0,0,0,0,0,0,0,0,0,0,0,0,0,0,0,0,0,0,0,0,0,0,0,0,0,0,0,0,0,0,0,0,0,0,0,0,0,0,0,0,0,0,0,0,0,0,0,0,0,0,0,0,0
CYCLE variant=A19_poll_hybrid_close run=8 -261667013,-261666910,-261665182,-261665073,-261665909,-261665196,-261665125,-261665357,-261665003,-261665803,-261665403,-261665092,-261665226,-261666921,-261665465,-261665745,-261665326,-261666651,-261665591,-261665284,-261666242,-261665613,-261666968,-261666938,-261665429,-261665148,-261665768,-261666327,-261664380,-261664710,-261665010,-261665811,-261665347,-261665321,-261664668,-261664948,-261664560,-261665618,-261664278,-261664071,-261665058,-261665086,-261664331,-261664764,-261663982,-261664167,-261664971,-261665498,-261664399,-261665562,-261664246,-261663927,-261665680,-261665995,-261664584,-261664991
SUMMARY variant=A19_poll_hybrid_close run=9 vi=19 bk=1 ck=1 dk=2 fk=1 st=16 wl=64 sep=0 rounds=4 naiv=56 blocks=28 cores_clean=56/56 core_round_clean=224/224 rounds_clean=4/4 headOK_min=56 viol=0 final_head_ok=56 stale=0 zero=0 other=0 scribble=0 rel_spread_max=16549 missing_rows=0 snap=0 rc=0
ROUND variant=A19_poll_hybrid_close run=9 round=0 headOK_min=56 headOK_max=56 cores_clean=56/56 converged=56
ROUND variant=A19_poll_hybrid_close run=9 round=1 headOK_min=56 headOK_max=56 cores_clean=56/56 converged=56
ROUND variant=A19_poll_hybrid_close run=9 round=2 headOK_min=56 headOK_max=56 cores_clean=56/56 converged=56
ROUND variant=A19_poll_hybrid_close run=9 round=3 headOK_min=56 headOK_max=56 cores_clean=56/56 converged=56
COREVIOL variant=A19_poll_hybrid_close run=9 0,0,0,0,0,0,0,0,0,0,0,0,0,0,0,0,0,0,0,0,0,0,0,0,0,0,0,0,0,0,0,0,0,0,0,0,0,0,0,0,0,0,0,0,0,0,0,0,0,0,0,0,0,0,0,0
CYCLE variant=A19_poll_hybrid_close run=9 292221433,292220892,292222280,292222433,292222100,292222006,292221665,292222353,292222176,292222473,292222075,292221860,292221096,292221909,292221352,292221971,292221074,292221147,292222257,292221283,292222311,292221576,292220649,292220473,292222223,292222390,292221953,292220627,292222188,292222283,292222078,292222315,292221468,292221516,292221654,292221070,292221100,292221495,292220340,292220338,292221332,292221286,292220756,292220343,292222457,292222357,292221871,292221580,292221029,292220354,292222425,292222236,292221404,292222148,292222477,292222533
