SUMMARY variant=N0_negctrl_selfonly run=1 vi=33 bk=0 ck=0 dk=2 fk=1 st=16 wl=64 sep=0 rounds=16 naiv=56 blocks=28 cores_clean=0/56 core_round_clean=0/896 rounds_clean=0/16 headOK_min=1 viol=896 final_head_ok=56 stale=0 zero=0 other=0 scribble=0 rel_spread_max=313701 missing_rows=0 snap=0 rc=0 negctrl_selfonly=1 viol_under_selfonly_criterion=0
ROUND variant=N0_negctrl_selfonly run=1 round=0 headOK_min=1 headOK_max=1 cores_clean=0/56 converged=0
ROUND variant=N0_negctrl_selfonly run=1 round=1 headOK_min=1 headOK_max=1 cores_clean=0/56 converged=0
ROUND variant=N0_negctrl_selfonly run=1 round=2 headOK_min=1 headOK_max=1 cores_clean=0/56 converged=0
ROUND variant=N0_negctrl_selfonly run=1 round=3 headOK_min=1 headOK_max=1 cores_clean=0/56 converged=0
ROUND variant=N0_negctrl_selfonly run=1 round=4 headOK_min=1 headOK_max=1 cores_clean=0/56 converged=0
ROUND variant=N0_negctrl_selfonly run=1 round=5 headOK_min=1 headOK_max=1 cores_clean=0/56 converged=0
ROUND variant=N0_negctrl_selfonly run=1 round=6 headOK_min=1 headOK_max=1 cores_clean=0/56 converged=0
ROUND variant=N0_negctrl_selfonly run=1 round=7 headOK_min=1 headOK_max=1 cores_clean=0/56 converged=0
ROUND variant=N0_negctrl_selfonly run=1 round=8 headOK_min=1 headOK_max=1 cores_clean=0/56 converged=0
ROUND variant=N0_negctrl_selfonly run=1 round=9 headOK_min=1 headOK_max=1 cores_clean=0/56 converged=0
ROUND variant=N0_negctrl_selfonly run=1 round=10 headOK_min=1 headOK_max=1 cores_clean=0/56 converged=0
ROUND variant=N0_negctrl_selfonly run=1 round=11 headOK_min=1 headOK_max=1 cores_clean=0/56 converged=0
ROUND variant=N0_negctrl_selfonly run=1 round=12 headOK_min=1 headOK_max=1 cores_clean=0/56 converged=0
ROUND variant=N0_negctrl_selfonly run=1 round=13 headOK_min=1 headOK_max=1 cores_clean=0/56 converged=0
ROUND variant=N0_negctrl_selfonly run=1 round=14 headOK_min=1 headOK_max=1 cores_clean=0/56 converged=0
ROUND variant=N0_negctrl_selfonly run=1 round=15 headOK_min=1 headOK_max=1 cores_clean=0/56 converged=0
COREVIOL variant=N0_negctrl_selfonly run=1 16,16,16,16,16,16,16,16,16,16,16,16,16,16,16,16,16,16,16,16,16,16,16,16,16,16,16,16,16,16,16,16,16,16,16,16,16,16,16,16,16,16,16,16,16,16,16,16,16,16,16,16,16,16,16,16
CYCLE variant=N0_negctrl_selfonly run=1 1557745571,1557745117,1557745713,1557745666,1557744851,1557744825,1557744619,1557744670,1557744356,1557744520,1557744744,1557744989,1557746093,1557746023,1557744262,1557744180,1557745252,1557745323,1557745516,1557745422,1557744316,1557744726,1557744974,1557745594,1557745448,1557745978,1557746118,1557745878,1557745253,1557744543,1557745680,1557745632,1557744332,1557744411,1557745911,1557745471,1557745073,1557745758,1557744664,1557744712,1557743972,1557743969,1557745135,1557745490,1557745933,1557745371,1557745350,1557745776,1557743969,1557744068,1557745956,1557745723,1557745701,1557744885,1557745586,1557745800
SUMMARY variant=N0_negctrl_selfonly run=2 vi=33 bk=0 ck=0 dk=2 fk=1 st=16 wl=64 sep=0 rounds=16 naiv=56 blocks=28 cores_clean=0/56 core_round_clean=0/896 rounds_clean=0/16 headOK_min=1 viol=896 final_head_ok=56 stale=0 zero=0 other=0 scribble=0 rel_spread_max=312796 missing_rows=0 snap=0 rc=0 negctrl_selfonly=1 viol_under_selfonly_criterion=0
ROUND variant=N0_negctrl_selfonly run=2 round=0 headOK_min=1 headOK_max=1 cores_clean=0/56 converged=0
ROUND variant=N0_negctrl_selfonly run=2 round=1 headOK_min=1 headOK_max=1 cores_clean=0/56 converged=0
ROUND variant=N0_negctrl_selfonly run=2 round=2 headOK_min=1 headOK_max=1 cores_clean=0/56 converged=0
ROUND variant=N0_negctrl_selfonly run=2 round=3 headOK_min=1 headOK_max=1 cores_clean=0/56 converged=0
ROUND variant=N0_negctrl_selfonly run=2 round=4 headOK_min=1 headOK_max=1 cores_clean=0/56 converged=0
ROUND variant=N0_negctrl_selfonly run=2 round=5 headOK_min=1 headOK_max=1 cores_clean=0/56 converged=0
ROUND variant=N0_negctrl_selfonly run=2 round=6 headOK_min=1 headOK_max=1 cores_clean=0/56 converged=0
ROUND variant=N0_negctrl_selfonly run=2 round=7 headOK_min=1 headOK_max=1 cores_clean=0/56 converged=0
ROUND variant=N0_negctrl_selfonly run=2 round=8 headOK_min=1 headOK_max=1 cores_clean=0/56 converged=0
ROUND variant=N0_negctrl_selfonly run=2 round=9 headOK_min=1 headOK_max=1 cores_clean=0/56 converged=0
ROUND variant=N0_negctrl_selfonly run=2 round=10 headOK_min=1 headOK_max=1 cores_clean=0/56 converged=0
ROUND variant=N0_negctrl_selfonly run=2 round=11 headOK_min=1 headOK_max=1 cores_clean=0/56 converged=0
ROUND variant=N0_negctrl_selfonly run=2 round=12 headOK_min=1 headOK_max=1 cores_clean=0/56 converged=0
ROUND variant=N0_negctrl_selfonly run=2 round=13 headOK_min=1 headOK_max=1 cores_clean=0/56 converged=0
ROUND variant=N0_negctrl_selfonly run=2 round=14 headOK_min=1 headOK_max=1 cores_clean=0/56 converged=0
ROUND variant=N0_negctrl_selfonly run=2 round=15 headOK_min=1 headOK_max=1 cores_clean=0/56 converged=0
COREVIOL variant=N0_negctrl_selfonly run=2 16,16,16,16,16,16,16,16,16,16,16,16,16,16,16,16,16,16,16,16,16,16,16,16,16,16,16,16,16,16,16,16,16,16,16,16,16,16,16,16,16,16,16,16,16,16,16,16,16,16,16,16,16,16,16,16
CYCLE variant=N0_negctrl_selfonly run=2 537876994,537878098,537878432,537878304,537877322,537877226,537878257,537878211,537876920,537876819,537877673,537877343,537878288,537878384,537878483,537878160,537876841,537877201,537878328,537878352,537878074,537877816,537876557,537876585,537877798,537877751,537876863,537876966,537876298,537876331,537877163,537877116,537877555,537878123,537876619,537876595,537877249,537878284,537877030,537877671,537878261,537877988,537876872,537877881,537877300,537878152,537877169,537877406,537876480,537877747,537877818,537877060,537876685,537877729,537876973,537877954
SUMMARY variant=N0_negctrl_selfonly run=3 vi=33 bk=0 ck=0 dk=2 fk=1 st=16 wl=64 sep=0 rounds=16 naiv=56 blocks=28 cores_clean=0/56 core_round_clean=0/896 rounds_clean=0/16 headOK_min=1 viol=896 final_head_ok=56 stale=0 zero=0 other=0 scribble=0 rel_spread_max=314709 missing_rows=0 snap=0 rc=0 negctrl_selfonly=1 viol_under_selfonly_criterion=0
ROUND variant=N0_negctrl_selfonly run=3 round=0 headOK_min=1 headOK_max=1 cores_clean=0/56 converged=0
ROUND variant=N0_negctrl_selfonly run=3 round=1 headOK_min=1 headOK_max=1 cores_clean=0/56 converged=0
ROUND variant=N0_negctrl_selfonly run=3 round=2 headOK_min=1 headOK_max=1 cores_clean=0/56 converged=0
ROUND variant=N0_negctrl_selfonly run=3 round=3 headOK_min=1 headOK_max=1 cores_clean=0/56 converged=0
ROUND variant=N0_negctrl_selfonly run=3 round=4 headOK_min=1 headOK_max=1 cores_clean=0/56 converged=0
ROUND variant=N0_negctrl_selfonly run=3 round=5 headOK_min=1 headOK_max=1 cores_clean=0/56 converged=0
ROUND variant=N0_negctrl_selfonly run=3 round=6 headOK_min=1 headOK_max=1 cores_clean=0/56 converged=0
ROUND variant=N0_negctrl_selfonly run=3 round=7 headOK_min=1 headOK_max=1 cores_clean=0/56 converged=0
ROUND variant=N0_negctrl_selfonly run=3 round=8 headOK_min=1 headOK_max=1 cores_clean=0/56 converged=0
ROUND variant=N0_negctrl_selfonly run=3 round=9 headOK_min=1 headOK_max=1 cores_clean=0/56 converged=0
ROUND variant=N0_negctrl_selfonly run=3 round=10 headOK_min=1 headOK_max=1 cores_clean=0/56 converged=0
ROUND variant=N0_negctrl_selfonly run=3 round=11 headOK_min=1 headOK_max=1 cores_clean=0/56 converged=0
ROUND variant=N0_negctrl_selfonly run=3 round=12 headOK_min=1 headOK_max=1 cores_clean=0/56 converged=0
ROUND variant=N0_negctrl_selfonly run=3 round=13 headOK_min=1 headOK_max=1 cores_clean=0/56 converged=0
ROUND variant=N0_negctrl_selfonly run=3 round=14 headOK_min=1 headOK_max=1 cores_clean=0/56 converged=0
ROUND variant=N0_negctrl_selfonly run=3 round=15 headOK_min=1 headOK_max=1 cores_clean=0/56 converged=0
COREVIOL variant=N0_negctrl_selfonly run=3 16,16,16,16,16,16,16,16,16,16,16,16,16,16,16,16,16,16,16,16,16,16,16,16,16,16,16,16,16,16,16,16,16,16,16,16,16,16,16,16,16,16,16,16,16,16,16,16,16,16,16,16,16,16,16,16
CYCLE variant=N0_negctrl_selfonly run=3 -823064989,-823065567,-823065070,-823063968,-823063993,-823064726,-823064562,-823063829,-823064424,-823063721,-823064047,-823063778,-823063853,-823064586,-823064443,-823064183,-823065022,-823064092,-823064825,-823063901,-823065195,-823064366,-823065615,-823065701,-823064278,-823064253,-823064848,-823063745,-823065890,-823065779,-823064244,-823065556,-823065165,-823064313,-823064593,-823064545,-823064448,-823065075,-823065874,-823065885,-823064507,-823064161,-823064857,-823065460,-823065413,-823065054,-823065141,-823064831,-823065387,-823065879,-823064720,-823064366,-823065731,-823065706,-823064213,-823064478
SUMMARY variant=N0_negctrl_selfonly run=4 vi=33 bk=0 ck=0 dk=2 fk=1 st=16 wl=64 sep=0 rounds=16 naiv=56 blocks=28 cores_clean=0/56 core_round_clean=0/896 rounds_clean=0/16 headOK_min=1 viol=896 final_head_ok=56 stale=0 zero=0 other=0 scribble=0 rel_spread_max=312015 missing_rows=0 snap=0 rc=0 negctrl_selfonly=1 viol_under_selfonly_criterion=0
ROUND variant=N0_negctrl_selfonly run=4 round=0 headOK_min=1 headOK_max=1 cores_clean=0/56 converged=0
ROUND variant=N0_negctrl_selfonly run=4 round=1 headOK_min=1 headOK_max=1 cores_clean=0/56 converged=0
ROUND variant=N0_negctrl_selfonly run=4 round=2 headOK_min=1 headOK_max=1 cores_clean=0/56 converged=0
ROUND variant=N0_negctrl_selfonly run=4 round=3 headOK_min=1 headOK_max=1 cores_clean=0/56 converged=0
ROUND variant=N0_negctrl_selfonly run=4 round=4 headOK_min=1 headOK_max=1 cores_clean=0/56 converged=0
ROUND variant=N0_negctrl_selfonly run=4 round=5 headOK_min=1 headOK_max=1 cores_clean=0/56 converged=0
ROUND variant=N0_negctrl_selfonly run=4 round=6 headOK_min=1 headOK_max=1 cores_clean=0/56 converged=0
ROUND variant=N0_negctrl_selfonly run=4 round=7 headOK_min=1 headOK_max=1 cores_clean=0/56 converged=0
ROUND variant=N0_negctrl_selfonly run=4 round=8 headOK_min=1 headOK_max=1 cores_clean=0/56 converged=0
ROUND variant=N0_negctrl_selfonly run=4 round=9 headOK_min=1 headOK_max=1 cores_clean=0/56 converged=0
ROUND variant=N0_negctrl_selfonly run=4 round=10 headOK_min=1 headOK_max=1 cores_clean=0/56 converged=0
ROUND variant=N0_negctrl_selfonly run=4 round=11 headOK_min=1 headOK_max=1 cores_clean=0/56 converged=0
ROUND variant=N0_negctrl_selfonly run=4 round=12 headOK_min=1 headOK_max=1 cores_clean=0/56 converged=0
ROUND variant=N0_negctrl_selfonly run=4 round=13 headOK_min=1 headOK_max=1 cores_clean=0/56 converged=0
ROUND variant=N0_negctrl_selfonly run=4 round=14 headOK_min=1 headOK_max=1 cores_clean=0/56 converged=0
ROUND variant=N0_negctrl_selfonly run=4 round=15 headOK_min=1 headOK_max=1 cores_clean=0/56 converged=0
COREVIOL variant=N0_negctrl_selfonly run=4 16,16,16,16,16,16,16,16,16,16,16,16,16,16,16,16,16,16,16,16,16,16,16,16,16,16,16,16,16,16,16,16,16,16,16,16,16,16,16,16,16,16,16,16,16,16,16,16,16,16,16,16,16,16,16,16
CYCLE variant=N0_negctrl_selfonly run=4 2027649350,2027650430,2027650205,2027650129,2027649151,2027649808,2027649978,2027650339,2027648372,2027648538,2027649553,2027648862,2027648726,2027648701,2027649820,2027649923,2027650010,2027649756,2027650178,2027650028,2027649723,2027649851,2027648405,2027648302,2027649502,2027650375,2027650392,2027649899,2027649023,2027649100,2027648980,2027648827,2027648072,2027648255,2027648863,2027648837,2027648895,2027649259,2027647538,2027647649,2027648956,2027649008,2027648355,2027647528,2027648491,2027649208,2027647697,2027647535,2027647518,2027647973,2027648314,2027648697,2027648755,2027649164,2027647755,2027649289
SUMMARY variant=N0_negctrl_selfonly run=5 vi=33 bk=0 ck=0 dk=2 fk=1 st=16 wl=64 sep=0 rounds=16 naiv=56 blocks=28 cores_clean=0/56 core_round_clean=0/896 rounds_clean=0/16 headOK_min=1 viol=896 final_head_ok=56 stale=0 zero=0 other=0 scribble=0 rel_spread_max=312134 missing_rows=0 snap=0 rc=0 negctrl_selfonly=1 viol_under_selfonly_criterion=0
ROUND variant=N0_negctrl_selfonly run=5 round=0 headOK_min=1 headOK_max=1 cores_clean=0/56 converged=0
ROUND variant=N0_negctrl_selfonly run=5 round=1 headOK_min=1 headOK_max=1 cores_clean=0/56 converged=0
ROUND variant=N0_negctrl_selfonly run=5 round=2 headOK_min=1 headOK_max=1 cores_clean=0/56 converged=0
ROUND variant=N0_negctrl_selfonly run=5 round=3 headOK_min=1 headOK_max=1 cores_clean=0/56 converged=0
ROUND variant=N0_negctrl_selfonly run=5 round=4 headOK_min=1 headOK_max=1 cores_clean=0/56 converged=0
ROUND variant=N0_negctrl_selfonly run=5 round=5 headOK_min=1 headOK_max=1 cores_clean=0/56 converged=0
ROUND variant=N0_negctrl_selfonly run=5 round=6 headOK_min=1 headOK_max=1 cores_clean=0/56 converged=0
ROUND variant=N0_negctrl_selfonly run=5 round=7 headOK_min=1 headOK_max=1 cores_clean=0/56 converged=0
ROUND variant=N0_negctrl_selfonly run=5 round=8 headOK_min=1 headOK_max=1 cores_clean=0/56 converged=0
ROUND variant=N0_negctrl_selfonly run=5 round=9 headOK_min=1 headOK_max=1 cores_clean=0/56 converged=0
ROUND variant=N0_negctrl_selfonly run=5 round=10 headOK_min=1 headOK_max=1 cores_clean=0/56 converged=0
ROUND variant=N0_negctrl_selfonly run=5 round=11 headOK_min=1 headOK_max=1 cores_clean=0/56 converged=0
ROUND variant=N0_negctrl_selfonly run=5 round=12 headOK_min=1 headOK_max=1 cores_clean=0/56 converged=0
ROUND variant=N0_negctrl_selfonly run=5 round=13 headOK_min=1 headOK_max=1 cores_clean=0/56 converged=0
ROUND variant=N0_negctrl_selfonly run=5 round=14 headOK_min=1 headOK_max=1 cores_clean=0/56 converged=0
ROUND variant=N0_negctrl_selfonly run=5 round=15 headOK_min=1 headOK_max=1 cores_clean=0/56 converged=0
COREVIOL variant=N0_negctrl_selfonly run=5 16,16,16,16,16,16,16,16,16,16,16,16,16,16,16,16,16,16,16,16,16,16,16,16,16,16,16,16,16,16,16,16,16,16,16,16,16,16,16,16,16,16,16,16,16,16,16,16,16,16,16,16,16,16,16,16
CYCLE variant=N0_negctrl_selfonly run=5 945724255,945724741,945724390,945725689,945725449,945725143,945725915,945726134,945725011,945723996,945725248,945724457,945725878,945724913,945725582,945725863,945724607,945724761,945725301,945725276,945724640,945724717,945725178,945725636,945724425,945724327,945725834,945726103,945725623,945726402,945725257,945725231,945724283,945724529,945725755,945725348,945724449,945725111,945724886,945724861,945726201,945725817,945725777,945725164,945725052,945725460,945726011,945726164,945724930,945724831,945724683,945724550,945726368,945726179,945725805,945725448
SUMMARY variant=N0_negctrl_selfonly run=6 vi=33 bk=0 ck=0 dk=2 fk=1 st=16 wl=64 sep=0 rounds=16 naiv=56 blocks=28 cores_clean=0/56 core_round_clean=0/896 rounds_clean=0/16 headOK_min=1 viol=896 final_head_ok=56 stale=0 zero=0 other=0 scribble=0 rel_spread_max=319737 missing_rows=0 snap=0 rc=0 negctrl_selfonly=1 viol_under_selfonly_criterion=0
ROUND variant=N0_negctrl_selfonly run=6 round=0 headOK_min=1 headOK_max=1 cores_clean=0/56 converged=0
ROUND variant=N0_negctrl_selfonly run=6 round=1 headOK_min=1 headOK_max=1 cores_clean=0/56 converged=0
ROUND variant=N0_negctrl_selfonly run=6 round=2 headOK_min=1 headOK_max=1 cores_clean=0/56 converged=0
ROUND variant=N0_negctrl_selfonly run=6 round=3 headOK_min=1 headOK_max=1 cores_clean=0/56 converged=0
ROUND variant=N0_negctrl_selfonly run=6 round=4 headOK_min=1 headOK_max=1 cores_clean=0/56 converged=0
ROUND variant=N0_negctrl_selfonly run=6 round=5 headOK_min=1 headOK_max=1 cores_clean=0/56 converged=0
ROUND variant=N0_negctrl_selfonly run=6 round=6 headOK_min=1 headOK_max=1 cores_clean=0/56 converged=0
ROUND variant=N0_negctrl_selfonly run=6 round=7 headOK_min=1 headOK_max=1 cores_clean=0/56 converged=0
ROUND variant=N0_negctrl_selfonly run=6 round=8 headOK_min=1 headOK_max=1 cores_clean=0/56 converged=0
ROUND variant=N0_negctrl_selfonly run=6 round=9 headOK_min=1 headOK_max=1 cores_clean=0/56 converged=0
ROUND variant=N0_negctrl_selfonly run=6 round=10 headOK_min=1 headOK_max=1 cores_clean=0/56 converged=0
ROUND variant=N0_negctrl_selfonly run=6 round=11 headOK_min=1 headOK_max=1 cores_clean=0/56 converged=0
ROUND variant=N0_negctrl_selfonly run=6 round=12 headOK_min=1 headOK_max=1 cores_clean=0/56 converged=0
ROUND variant=N0_negctrl_selfonly run=6 round=13 headOK_min=1 headOK_max=1 cores_clean=0/56 converged=0
ROUND variant=N0_negctrl_selfonly run=6 round=14 headOK_min=1 headOK_max=1 cores_clean=0/56 converged=0
ROUND variant=N0_negctrl_selfonly run=6 round=15 headOK_min=1 headOK_max=1 cores_clean=0/56 converged=0
COREVIOL variant=N0_negctrl_selfonly run=6 16,16,16,16,16,16,16,16,16,16,16,16,16,16,16,16,16,16,16,16,16,16,16,16,16,16,16,16,16,16,16,16,16,16,16,16,16,16,16,16,16,16,16,16,16,16,16,16,16,16,16,16,16,16,16,16
CYCLE variant=N0_negctrl_selfonly run=6 -1734928659,-1734928224,-1734928643,-1734928208,-1734927653,-1734928554,-1734927638,-1734928442,-1734928454,-1734927447,-1734928154,-1734928532,-1734927750,-1734928083,-1734929332,-1734928766,-1734929472,-1734928505,-1734927973,-1734928256,-1734929008,-1734927918,-1734929536,-1734929538,-1734928677,-1734928313,-1734928133,-1734928039,-1734927799,-1734927617,-1734927198,-1734926382,-1734926106,-1734925888,-1734927165,-1734927139,-1734925856,-1734926223,-1734925939,-1734926059,-1734927272,-1734926937,-1734925918,-1734926181,-1734927323,-1734927298,-1734927192,-1734926903,-1734926846,-1734926821,-1734926534,-1734926654,-1734927587,-1734927490,-1734926157,-1734926132
SUMMARY variant=N0_negctrl_selfonly run=7 vi=33 bk=0 ck=0 dk=2 fk=1 st=16 wl=64 sep=0 rounds=16 naiv=56 blocks=28 cores_clean=0/56 core_round_clean=0/896 rounds_clean=0/16 headOK_min=1 viol=896 final_head_ok=56 stale=0 zero=0 other=0 scribble=0 rel_spread_max=314060 missing_rows=0 snap=0 rc=0 negctrl_selfonly=1 viol_under_selfonly_criterion=0
ROUND variant=N0_negctrl_selfonly run=7 round=0 headOK_min=1 headOK_max=1 cores_clean=0/56 converged=0
ROUND variant=N0_negctrl_selfonly run=7 round=1 headOK_min=1 headOK_max=1 cores_clean=0/56 converged=0
ROUND variant=N0_negctrl_selfonly run=7 round=2 headOK_min=1 headOK_max=1 cores_clean=0/56 converged=0
ROUND variant=N0_negctrl_selfonly run=7 round=3 headOK_min=1 headOK_max=1 cores_clean=0/56 converged=0
ROUND variant=N0_negctrl_selfonly run=7 round=4 headOK_min=1 headOK_max=1 cores_clean=0/56 converged=0
ROUND variant=N0_negctrl_selfonly run=7 round=5 headOK_min=1 headOK_max=1 cores_clean=0/56 converged=0
ROUND variant=N0_negctrl_selfonly run=7 round=6 headOK_min=1 headOK_max=1 cores_clean=0/56 converged=0
ROUND variant=N0_negctrl_selfonly run=7 round=7 headOK_min=1 headOK_max=1 cores_clean=0/56 converged=0
ROUND variant=N0_negctrl_selfonly run=7 round=8 headOK_min=1 headOK_max=1 cores_clean=0/56 converged=0
ROUND variant=N0_negctrl_selfonly run=7 round=9 headOK_min=1 headOK_max=1 cores_clean=0/56 converged=0
ROUND variant=N0_negctrl_selfonly run=7 round=10 headOK_min=1 headOK_max=1 cores_clean=0/56 converged=0
ROUND variant=N0_negctrl_selfonly run=7 round=11 headOK_min=1 headOK_max=1 cores_clean=0/56 converged=0
ROUND variant=N0_negctrl_selfonly run=7 round=12 headOK_min=1 headOK_max=1 cores_clean=0/56 converged=0
ROUND variant=N0_negctrl_selfonly run=7 round=13 headOK_min=1 headOK_max=1 cores_clean=0/56 converged=0
ROUND variant=N0_negctrl_selfonly run=7 round=14 headOK_min=1 headOK_max=1 cores_clean=0/56 converged=0
ROUND variant=N0_negctrl_selfonly run=7 round=15 headOK_min=1 headOK_max=1 cores_clean=0/56 converged=0
COREVIOL variant=N0_negctrl_selfonly run=7 16,16,16,16,16,16,16,16,16,16,16,16,16,16,16,16,16,16,16,16,16,16,16,16,16,16,16,16,16,16,16,16,16,16,16,16,16,16,16,16,16,16,16,16,16,16,16,16,16,16,16,16,16,16,16,16
CYCLE variant=N0_negctrl_selfonly run=7 1135035929,1135037611,1135036011,1135037260,1135037452,1135037402,1135036270,1135035953,1135037269,1135037372,1135035936,1135035942,1135036787,1135037323,1135035934,1135036345,1135036912,1135036430,1135037698,1135036564,1135037665,1135036665,1135036543,1135037360,1135036102,1135036179,1135036820,1135036770,1135038618,1135038491,1135036804,1135036982,1135037754,1135037528,1135038757,1135038114,1135038362,1135037649,1135036734,1135036914,1135037108,1135037160,1135038698,1135038725,1135038253,1135038126,1135037604,1135037505,1135037873,1135037283,1135036888,1135037226,1135038508,1135038203,1135037910,1135037859
SUMMARY variant=N0_negctrl_selfonly run=8 vi=33 bk=0 ck=0 dk=2 fk=1 st=16 wl=64 sep=0 rounds=16 naiv=56 blocks=28 cores_clean=0/56 core_round_clean=0/896 rounds_clean=0/16 headOK_min=1 viol=896 final_head_ok=56 stale=0 zero=0 other=0 scribble=0 rel_spread_max=312710 missing_rows=0 snap=0 rc=0 negctrl_selfonly=1 viol_under_selfonly_criterion=0
ROUND variant=N0_negctrl_selfonly run=8 round=0 headOK_min=1 headOK_max=1 cores_clean=0/56 converged=0
ROUND variant=N0_negctrl_selfonly run=8 round=1 headOK_min=1 headOK_max=1 cores_clean=0/56 converged=0
ROUND variant=N0_negctrl_selfonly run=8 round=2 headOK_min=1 headOK_max=1 cores_clean=0/56 converged=0
ROUND variant=N0_negctrl_selfonly run=8 round=3 headOK_min=1 headOK_max=1 cores_clean=0/56 converged=0
ROUND variant=N0_negctrl_selfonly run=8 round=4 headOK_min=1 headOK_max=1 cores_clean=0/56 converged=0
ROUND variant=N0_negctrl_selfonly run=8 round=5 headOK_min=1 headOK_max=1 cores_clean=0/56 converged=0
ROUND variant=N0_negctrl_selfonly run=8 round=6 headOK_min=1 headOK_max=1 cores_clean=0/56 converged=0
ROUND variant=N0_negctrl_selfonly run=8 round=7 headOK_min=1 headOK_max=1 cores_clean=0/56 converged=0
ROUND variant=N0_negctrl_selfonly run=8 round=8 headOK_min=1 headOK_max=1 cores_clean=0/56 converged=0
ROUND variant=N0_negctrl_selfonly run=8 round=9 headOK_min=1 headOK_max=1 cores_clean=0/56 converged=0
ROUND variant=N0_negctrl_selfonly run=8 round=10 headOK_min=1 headOK_max=1 cores_clean=0/56 converged=0
ROUND variant=N0_negctrl_selfonly run=8 round=11 headOK_min=1 headOK_max=1 cores_clean=0/56 converged=0
ROUND variant=N0_negctrl_selfonly run=8 round=12 headOK_min=1 headOK_max=1 cores_clean=0/56 converged=0
ROUND variant=N0_negctrl_selfonly run=8 round=13 headOK_min=1 headOK_max=1 cores_clean=0/56 converged=0
ROUND variant=N0_negctrl_selfonly run=8 round=14 headOK_min=1 headOK_max=1 cores_clean=0/56 converged=0
ROUND variant=N0_negctrl_selfonly run=8 round=15 headOK_min=1 headOK_max=1 cores_clean=0/56 converged=0
COREVIOL variant=N0_negctrl_selfonly run=8 16,16,16,16,16,16,16,16,16,16,16,16,16,16,16,16,16,16,16,16,16,16,16,16,16,16,16,16,16,16,16,16,16,16,16,16,16,16,16,16,16,16,16,16,16,16,16,16,16,16,16,16,16,16,16,16
CYCLE variant=N0_negctrl_selfonly run=8 -374945298,-374945567,-374944168,-374944522,-374944791,-374944131,-374944445,-374945101,-374945398,-374945064,-374944083,-374943956,-374943676,-374943563,-374943814,-374944323,-374945146,-374943588,-374944246,-374944575,-374943733,-374943784,-374945496,-374944477,-374944618,-374943751,-374943838,-374944194,-374945856,-374945750,-374944856,-374944906,-374945454,-374944408,-374944031,-374944590,-374945500,-374944939,-374945346,-374945134,-374945624,-374945183,-374944128,-374944637,-374943940,-374943834,-374943876,-374944207,-374944707,-374945801,-374944247,-374943915,-374944088,-374944775,-374944048,-374943785
SUMMARY variant=N0_negctrl_selfonly run=9 vi=33 bk=0 ck=0 dk=2 fk=1 st=16 wl=64 sep=0 rounds=16 naiv=56 blocks=28 cores_clean=0/56 core_round_clean=0/896 rounds_clean=0/16 headOK_min=1 viol=896 final_head_ok=56 stale=0 zero=0 other=0 scribble=0 rel_spread_max=310410 missing_rows=0 snap=0 rc=0 negctrl_selfonly=1 viol_under_selfonly_criterion=0
ROUND variant=N0_negctrl_selfonly run=9 round=0 headOK_min=1 headOK_max=1 cores_clean=0/56 converged=0
ROUND variant=N0_negctrl_selfonly run=9 round=1 headOK_min=1 headOK_max=1 cores_clean=0/56 converged=0
ROUND variant=N0_negctrl_selfonly run=9 round=2 headOK_min=1 headOK_max=1 cores_clean=0/56 converged=0
ROUND variant=N0_negctrl_selfonly run=9 round=3 headOK_min=1 headOK_max=1 cores_clean=0/56 converged=0
ROUND variant=N0_negctrl_selfonly run=9 round=4 headOK_min=1 headOK_max=1 cores_clean=0/56 converged=0
ROUND variant=N0_negctrl_selfonly run=9 round=5 headOK_min=1 headOK_max=1 cores_clean=0/56 converged=0
ROUND variant=N0_negctrl_selfonly run=9 round=6 headOK_min=1 headOK_max=1 cores_clean=0/56 converged=0
ROUND variant=N0_negctrl_selfonly run=9 round=7 headOK_min=1 headOK_max=1 cores_clean=0/56 converged=0
ROUND variant=N0_negctrl_selfonly run=9 round=8 headOK_min=1 headOK_max=1 cores_clean=0/56 converged=0
ROUND variant=N0_negctrl_selfonly run=9 round=9 headOK_min=1 headOK_max=1 cores_clean=0/56 converged=0
ROUND variant=N0_negctrl_selfonly run=9 round=10 headOK_min=1 headOK_max=1 cores_clean=0/56 converged=0
ROUND variant=N0_negctrl_selfonly run=9 round=11 headOK_min=1 headOK_max=1 cores_clean=0/56 converged=0
ROUND variant=N0_negctrl_selfonly run=9 round=12 headOK_min=1 headOK_max=1 cores_clean=0/56 converged=0
ROUND variant=N0_negctrl_selfonly run=9 round=13 headOK_min=1 headOK_max=1 cores_clean=0/56 converged=0
ROUND variant=N0_negctrl_selfonly run=9 round=14 headOK_min=1 headOK_max=1 cores_clean=0/56 converged=0
ROUND variant=N0_negctrl_selfonly run=9 round=15 headOK_min=1 headOK_max=1 cores_clean=0/56 converged=0
COREVIOL variant=N0_negctrl_selfonly run=9 16,16,16,16,16,16,16,16,16,16,16,16,16,16,16,16,16,16,16,16,16,16,16,16,16,16,16,16,16,16,16,16,16,16,16,16,16,16,16,16,16,16,16,16,16,16,16,16,16,16,16,16,16,16,16,16
CYCLE variant=N0_negctrl_selfonly run=9 -1941663509,-1941663410,-1941662218,-1941662685,-1941663389,-1941663771,-1941662945,-1941662972,-1941662344,-1941662393,-1941663898,-1941663638,-1941662723,-1941663086,-1941663431,-1941663553,-1941662854,-1941663138,-1941662923,-1941663000,-1941662489,-1941662309,-1941664217,-1941664107,-1941664034,-1941663954,-1941662251,-1941662277,-1941664647,-1941664048,-1941663606,-1941662937,-1941663395,-1941662198,-1941662517,-1941663802,-1941662752,-1941662260,-1941662727,-1941662802,-1941662558,-1941662325,-1941663976,-1941664613,-1941663251,-1941663631,-1941662901,-1941662695,-1941664502,-1941663654,-1941663372,-1941662289,-1941662784,-1941664475,-1941664437,-1941662873
