SUMMARY variant=A21_28aiv_close run=1 vi=21 bk=1 ck=1 dk=2 fk=1 st=16 wl=64 sep=0 rounds=16 naiv=28 blocks=14 cores_clean=28/28 core_round_clean=448/448 rounds_clean=16/16 headOK_min=28 viol=0 final_head_ok=28 stale=0 zero=0 other=0 scribble=0 rel_spread_max=6028 missing_rows=0 snap=0 rc=0
ROUND variant=A21_28aiv_close run=1 round=0 headOK_min=28 headOK_max=28 cores_clean=28/28 converged=0
ROUND variant=A21_28aiv_close run=1 round=1 headOK_min=28 headOK_max=28 cores_clean=28/28 converged=0
ROUND variant=A21_28aiv_close run=1 round=2 headOK_min=28 headOK_max=28 cores_clean=28/28 converged=0
ROUND variant=A21_28aiv_close run=1 round=3 headOK_min=28 headOK_max=28 cores_clean=28/28 converged=0
ROUND variant=A21_28aiv_close run=1 round=4 headOK_min=28 headOK_max=28 cores_clean=28/28 converged=0
ROUND variant=A21_28aiv_close run=1 round=5 headOK_min=28 headOK_max=28 cores_clean=28/28 converged=0
ROUND variant=A21_28aiv_close run=1 round=6 headOK_min=28 headOK_max=28 cores_clean=28/28 converged=0
ROUND variant=A21_28aiv_close run=1 round=7 headOK_min=28 headOK_max=28 cores_clean=28/28 converged=0
ROUND variant=A21_28aiv_close run=1 round=8 headOK_min=28 headOK_max=28 cores_clean=28/28 converged=0
ROUND variant=A21_28aiv_close run=1 round=9 headOK_min=28 headOK_max=28 cores_clean=28/28 converged=0
ROUND variant=A21_28aiv_close run=1 round=10 headOK_min=28 headOK_max=28 cores_clean=28/28 converged=0
ROUND variant=A21_28aiv_close run=1 round=11 headOK_min=28 headOK_max=28 cores_clean=28/28 converged=0
ROUND variant=A21_28aiv_close run=1 round=12 headOK_min=28 headOK_max=28 cores_clean=28/28 converged=0
ROUND variant=A21_28aiv_close run=1 round=13 headOK_min=28 headOK_max=28 cores_clean=28/28 converged=0
ROUND variant=A21_28aiv_close run=1 round=14 headOK_min=28 headOK_max=28 cores_clean=28/28 converged=0
ROUND variant=A21_28aiv_close run=1 round=15 headOK_min=28 headOK_max=28 cores_clean=28/28 converged=0
COREVIOL variant=A21_28aiv_close run=1 0,0,0,0,0,0,0,0,0,0,0,0,0,0,0,0,0,0,0,0,0,0,0,0,0,0,0,0
CYCLE variant=A21_28aiv_close run=1 1518399879,1518399681,1518400458,1518400060,1518399834,1518400307,1518400350,1518400040,1518400240,1518400335,1518399579,1518399927,1518400210,1518400282,1518399090,1518399247,1518399943,1518399919,1518399956,1518399198,1518399431,1518400008,1518399816,1518399674,1518399835,1518399883,1518399467,1518399869
SUMMARY variant=A21_28aiv_close run=2 vi=21 bk=1 ck=1 dk=2 fk=1 st=16 wl=64 sep=0 rounds=16 naiv=28 blocks=14 cores_clean=28/28 core_round_clean=448/448 rounds_clean=16/16 headOK_min=28 viol=0 final_head_ok=28 stale=0 zero=0 other=0 scribble=0 rel_spread_max=6822 missing_rows=0 snap=0 rc=0
ROUND variant=A21_28aiv_close run=2 round=0 headOK_min=28 headOK_max=28 cores_clean=28/28 converged=0
ROUND variant=A21_28aiv_close run=2 round=1 headOK_min=28 headOK_max=28 cores_clean=28/28 converged=0
ROUND variant=A21_28aiv_close run=2 round=2 headOK_min=28 headOK_max=28 cores_clean=28/28 converged=0
ROUND variant=A21_28aiv_close run=2 round=3 headOK_min=28 headOK_max=28 cores_clean=28/28 converged=0
ROUND variant=A21_28aiv_close run=2 round=4 headOK_min=28 headOK_max=28 cores_clean=28/28 converged=0
ROUND variant=A21_28aiv_close run=2 round=5 headOK_min=28 headOK_max=28 cores_clean=28/28 converged=0
ROUND variant=A21_28aiv_close run=2 round=6 headOK_min=28 headOK_max=28 cores_clean=28/28 converged=0
ROUND variant=A21_28aiv_close run=2 round=7 headOK_min=28 headOK_max=28 cores_clean=28/28 converged=0
ROUND variant=A21_28aiv_close run=2 round=8 headOK_min=28 headOK_max=28 cores_clean=28/28 converged=0
ROUND variant=A21_28aiv_close run=2 round=9 headOK_min=28 headOK_max=28 cores_clean=28/28 converged=0
ROUND variant=A21_28aiv_close run=2 round=10 headOK_min=28 headOK_max=28 cores_clean=28/28 converged=0
ROUND variant=A21_28aiv_close run=2 round=11 headOK_min=28 headOK_max=28 cores_clean=28/28 converged=0
ROUND variant=A21_28aiv_close run=2 round=12 headOK_min=28 headOK_max=28 cores_clean=28/28 converged=0
ROUND variant=A21_28aiv_close run=2 round=13 headOK_min=28 headOK_max=28 cores_clean=28/28 converged=0
ROUND variant=A21_28aiv_close run=2 round=14 headOK_min=28 headOK_max=28 cores_clean=28/28 converged=0
ROUND variant=A21_28aiv_close run=2 round=15 headOK_min=28 headOK_max=28 cores_clean=28/28 converged=0
COREVIOL variant=A21_28aiv_close run=2 0,0,0,0,0,0,0,0,0,0,0,0,0,0,0,0,0,0,0,0,0,0,0,0,0,0,0,0
CYCLE variant=A21_28aiv_close run=2 1091396142,1091396168,1091396939,1091397178,1091396721,1091396903,1091397090,1091397066,1091397132,1091396433,1091396672,1091396542,1091396249,1091396327,1091395935,1091395914,1091396429,1091396300,1091395926,1091396039,1091396068,1091396238,1091396384,1091396359,1091396573,1091396547,1091395919,1091395920
SUMMARY variant=A21_28aiv_close run=3 vi=21 bk=1 ck=1 dk=2 fk=1 st=16 wl=64 sep=0 rounds=16 naiv=28 blocks=14 cores_clean=28/28 core_round_clean=448/448 rounds_clean=16/16 headOK_min=28 viol=0 final_head_ok=28 stale=0 zero=0 other=0 scribble=0 rel_spread_max=7389 missing_rows=0 snap=0 rc=0
ROUND variant=A21_28aiv_close run=3 round=0 headOK_min=28 headOK_max=28 cores_clean=28/28 converged=0
ROUND variant=A21_28aiv_close run=3 round=1 headOK_min=28 headOK_max=28 cores_clean=28/28 converged=0
ROUND variant=A21_28aiv_close run=3 round=2 headOK_min=28 headOK_max=28 cores_clean=28/28 converged=0
ROUND variant=A21_28aiv_close run=3 round=3 headOK_min=28 headOK_max=28 cores_clean=28/28 converged=0
ROUND variant=A21_28aiv_close run=3 round=4 headOK_min=28 headOK_max=28 cores_clean=28/28 converged=0
ROUND variant=A21_28aiv_close run=3 round=5 headOK_min=28 headOK_max=28 cores_clean=28/28 converged=0
ROUND variant=A21_28aiv_close run=3 round=6 headOK_min=28 headOK_max=28 cores_clean=28/28 converged=0
ROUND variant=A21_28aiv_close run=3 round=7 headOK_min=28 headOK_max=28 cores_clean=28/28 converged=0
ROUND variant=A21_28aiv_close run=3 round=8 headOK_min=28 headOK_max=28 cores_clean=28/28 converged=0
ROUND variant=A21_28aiv_close run=3 round=9 headOK_min=28 headOK_max=28 cores_clean=28/28 converged=0
ROUND variant=A21_28aiv_close run=3 round=10 headOK_min=28 headOK_max=28 cores_clean=28/28 converged=0
ROUND variant=A21_28aiv_close run=3 round=11 headOK_min=28 headOK_max=28 cores_clean=28/28 converged=0
ROUND variant=A21_28aiv_close run=3 round=12 headOK_min=28 headOK_max=28 cores_clean=28/28 converged=0
ROUND variant=A21_28aiv_close run=3 round=13 headOK_min=28 headOK_max=28 cores_clean=28/28 converged=0
ROUND variant=A21_28aiv_close run=3 round=14 headOK_min=28 headOK_max=28 cores_clean=28/28 converged=0
ROUND variant=A21_28aiv_close run=3 round=15 headOK_min=28 headOK_max=28 cores_clean=28/28 converged=0
COREVIOL variant=A21_28aiv_close run=3 0,0,0,0,0,0,0,0,0,0,0,0,0,0,0,0,0,0,0,0,0,0,0,0,0,0,0,0
CYCLE variant=A21_28aiv_close run=3 924564924,924564928,924565667,924565785,924565549,924565961,924565382,924565241,924565292,924565457,924565317,924565152,924565645,924565716,924566399,924566425,924566007,924566059,924566225,924566828,924565904,924565975,924566678,924566703,924566197,924566801,924566731,924566539
SUMMARY variant=A21_28aiv_close run=4 vi=21 bk=1 ck=1 dk=2 fk=1 st=16 wl=64 sep=0 rounds=16 naiv=28 blocks=14 cores_clean=28/28 core_round_clean=448/448 rounds_clean=16/16 headOK_min=28 viol=0 final_head_ok=28 stale=0 zero=0 other=0 scribble=0 rel_spread_max=7088 missing_rows=0 snap=0 rc=0
ROUND variant=A21_28aiv_close run=4 round=0 headOK_min=28 headOK_max=28 cores_clean=28/28 converged=0
ROUND variant=A21_28aiv_close run=4 round=1 headOK_min=28 headOK_max=28 cores_clean=28/28 converged=0
ROUND variant=A21_28aiv_close run=4 round=2 headOK_min=28 headOK_max=28 cores_clean=28/28 converged=0
ROUND variant=A21_28aiv_close run=4 round=3 headOK_min=28 headOK_max=28 cores_clean=28/28 converged=0
ROUND variant=A21_28aiv_close run=4 round=4 headOK_min=28 headOK_max=28 cores_clean=28/28 converged=0
ROUND variant=A21_28aiv_close run=4 round=5 headOK_min=28 headOK_max=28 cores_clean=28/28 converged=0
ROUND variant=A21_28aiv_close run=4 round=6 headOK_min=28 headOK_max=28 cores_clean=28/28 converged=0
ROUND variant=A21_28aiv_close run=4 round=7 headOK_min=28 headOK_max=28 cores_clean=28/28 converged=0
ROUND variant=A21_28aiv_close run=4 round=8 headOK_min=28 headOK_max=28 cores_clean=28/28 converged=0
ROUND variant=A21_28aiv_close run=4 round=9 headOK_min=28 headOK_max=28 cores_clean=28/28 converged=0
ROUND variant=A21_28aiv_close run=4 round=10 headOK_min=28 headOK_max=28 cores_clean=28/28 converged=0
ROUND variant=A21_28aiv_close run=4 round=11 headOK_min=28 headOK_max=28 cores_clean=28/28 converged=0
ROUND variant=A21_28aiv_close run=4 round=12 headOK_min=28 headOK_max=28 cores_clean=28/28 converged=0
ROUND variant=A21_28aiv_close run=4 round=13 headOK_min=28 headOK_max=28 cores_clean=28/28 converged=0
ROUND variant=A21_28aiv_close run=4 round=14 headOK_min=28 headOK_max=28 cores_clean=28/28 converged=0
ROUND variant=A21_28aiv_close run=4 round=15 headOK_min=28 headOK_max=28 cores_clean=28/28 converged=0
COREVIOL variant=A21_28aiv_close run=4 0,0,0,0,0,0,0,0,0,0,0,0,0,0,0,0,0,0,0,0,0,0,0,0,0,0,0,0
CYCLE variant=A21_28aiv_close run=4 802353881,802354678,802354208,802354434,802353648,802353646,802353945,802353667,802354199,802354153,802354027,802354268,802354622,802354563,802354901,802354731,802354619,802354596,802355339,802355282,802355110,802355014,802355236,802355189,802354991,802354464,802354784,802354759
SUMMARY variant=A21_28aiv_close run=5 vi=21 bk=1 ck=1 dk=2 fk=1 st=16 wl=64 sep=0 rounds=16 naiv=28 blocks=14 cores_clean=28/28 core_round_clean=448/448 rounds_clean=16/16 headOK_min=28 viol=0 final_head_ok=28 stale=0 zero=0 other=0 scribble=0 rel_spread_max=7155 missing_rows=0 snap=0 rc=0
ROUND variant=A21_28aiv_close run=5 round=0 headOK_min=28 headOK_max=28 cores_clean=28/28 converged=0
ROUND variant=A21_28aiv_close run=5 round=1 headOK_min=28 headOK_max=28 cores_clean=28/28 converged=0
ROUND variant=A21_28aiv_close run=5 round=2 headOK_min=28 headOK_max=28 cores_clean=28/28 converged=0
ROUND variant=A21_28aiv_close run=5 round=3 headOK_min=28 headOK_max=28 cores_clean=28/28 converged=0
ROUND variant=A21_28aiv_close run=5 round=4 headOK_min=28 headOK_max=28 cores_clean=28/28 converged=0
ROUND variant=A21_28aiv_close run=5 round=5 headOK_min=28 headOK_max=28 cores_clean=28/28 converged=0
ROUND variant=A21_28aiv_close run=5 round=6 headOK_min=28 headOK_max=28 cores_clean=28/28 converged=0
ROUND variant=A21_28aiv_close run=5 round=7 headOK_min=28 headOK_max=28 cores_clean=28/28 converged=0
ROUND variant=A21_28aiv_close run=5 round=8 headOK_min=28 headOK_max=28 cores_clean=28/28 converged=0
ROUND variant=A21_28aiv_close run=5 round=9 headOK_min=28 headOK_max=28 cores_clean=28/28 converged=0
ROUND variant=A21_28aiv_close run=5 round=10 headOK_min=28 headOK_max=28 cores_clean=28/28 converged=0
ROUND variant=A21_28aiv_close run=5 round=11 headOK_min=28 headOK_max=28 cores_clean=28/28 converged=0
ROUND variant=A21_28aiv_close run=5 round=12 headOK_min=28 headOK_max=28 cores_clean=28/28 converged=0
ROUND variant=A21_28aiv_close run=5 round=13 headOK_min=28 headOK_max=28 cores_clean=28/28 converged=0
ROUND variant=A21_28aiv_close run=5 round=14 headOK_min=28 headOK_max=28 cores_clean=28/28 converged=0
ROUND variant=A21_28aiv_close run=5 round=15 headOK_min=28 headOK_max=28 cores_clean=28/28 converged=0
COREVIOL variant=A21_28aiv_close run=5 0,0,0,0,0,0,0,0,0,0,0,0,0,0,0,0,0,0,0,0,0,0,0,0,0,0,0,0
CYCLE variant=A21_28aiv_close run=5 -718810928,-718810957,-718810267,-718810137,-718809960,-718810353,-718810370,-718810216,-718810831,-718810255,-718810478,-718810504,-718810014,-718810095,-718811161,-718811167,-718811142,-718811184,-718811162,-718810921,-718810754,-718811028,-718810656,-718810601,-718810867,-718810684,-718810526,-718810583
SUMMARY variant=A21_28aiv_close run=6 vi=21 bk=1 ck=1 dk=2 fk=1 st=16 wl=64 sep=0 rounds=16 naiv=28 blocks=14 cores_clean=28/28 core_round_clean=448/448 rounds_clean=16/16 headOK_min=28 viol=0 final_head_ok=28 stale=0 zero=0 other=0 scribble=0 rel_spread_max=8032 missing_rows=0 snap=0 rc=0
ROUND variant=A21_28aiv_close run=6 round=0 headOK_min=28 headOK_max=28 cores_clean=28/28 converged=0
ROUND variant=A21_28aiv_close run=6 round=1 headOK_min=28 headOK_max=28 cores_clean=28/28 converged=0
ROUND variant=A21_28aiv_close run=6 round=2 headOK_min=28 headOK_max=28 cores_clean=28/28 converged=0
ROUND variant=A21_28aiv_close run=6 round=3 headOK_min=28 headOK_max=28 cores_clean=28/28 converged=0
ROUND variant=A21_28aiv_close run=6 round=4 headOK_min=28 headOK_max=28 cores_clean=28/28 converged=0
ROUND variant=A21_28aiv_close run=6 round=5 headOK_min=28 headOK_max=28 cores_clean=28/28 converged=0
ROUND variant=A21_28aiv_close run=6 round=6 headOK_min=28 headOK_max=28 cores_clean=28/28 converged=0
ROUND variant=A21_28aiv_close run=6 round=7 headOK_min=28 headOK_max=28 cores_clean=28/28 converged=0
ROUND variant=A21_28aiv_close run=6 round=8 headOK_min=28 headOK_max=28 cores_clean=28/28 converged=0
ROUND variant=A21_28aiv_close run=6 round=9 headOK_min=28 headOK_max=28 cores_clean=28/28 converged=0
ROUND variant=A21_28aiv_close run=6 round=10 headOK_min=28 headOK_max=28 cores_clean=28/28 converged=0
ROUND variant=A21_28aiv_close run=6 round=11 headOK_min=28 headOK_max=28 cores_clean=28/28 converged=0
ROUND variant=A21_28aiv_close run=6 round=12 headOK_min=28 headOK_max=28 cores_clean=28/28 converged=0
ROUND variant=A21_28aiv_close run=6 round=13 headOK_min=28 headOK_max=28 cores_clean=28/28 converged=0
ROUND variant=A21_28aiv_close run=6 round=14 headOK_min=28 headOK_max=28 cores_clean=28/28 converged=0
ROUND variant=A21_28aiv_close run=6 round=15 headOK_min=28 headOK_max=28 cores_clean=28/28 converged=0
COREVIOL variant=A21_28aiv_close run=6 0,0,0,0,0,0,0,0,0,0,0,0,0,0,0,0,0,0,0,0,0,0,0,0,0,0,0,0
CYCLE variant=A21_28aiv_close run=6 -635040623,-635039761,-635039894,-635040558,-635040740,-635039928,-635040133,-635040649,-635040719,-635040292,-635039879,-635039704,-635040090,-635040710,-635040227,-635040109,-635039594,-635039535,-635039632,-635039680,-635040299,-635040429,-635040133,-635039706,-635039613,-635039992,-635039788,-635039836
SUMMARY variant=A21_28aiv_close run=7 vi=21 bk=1 ck=1 dk=2 fk=1 st=16 wl=64 sep=0 rounds=16 naiv=28 blocks=14 cores_clean=28/28 core_round_clean=448/448 rounds_clean=16/16 headOK_min=28 viol=0 final_head_ok=28 stale=0 zero=0 other=0 scribble=0 rel_spread_max=8639 missing_rows=0 snap=0 rc=0
ROUND variant=A21_28aiv_close run=7 round=0 headOK_min=28 headOK_max=28 cores_clean=28/28 converged=0
ROUND variant=A21_28aiv_close run=7 round=1 headOK_min=28 headOK_max=28 cores_clean=28/28 converged=0
ROUND variant=A21_28aiv_close run=7 round=2 headOK_min=28 headOK_max=28 cores_clean=28/28 converged=0
ROUND variant=A21_28aiv_close run=7 round=3 headOK_min=28 headOK_max=28 cores_clean=28/28 converged=0
ROUND variant=A21_28aiv_close run=7 round=4 headOK_min=28 headOK_max=28 cores_clean=28/28 converged=0
ROUND variant=A21_28aiv_close run=7 round=5 headOK_min=28 headOK_max=28 cores_clean=28/28 converged=0
ROUND variant=A21_28aiv_close run=7 round=6 headOK_min=28 headOK_max=28 cores_clean=28/28 converged=0
ROUND variant=A21_28aiv_close run=7 round=7 headOK_min=28 headOK_max=28 cores_clean=28/28 converged=0
ROUND variant=A21_28aiv_close run=7 round=8 headOK_min=28 headOK_max=28 cores_clean=28/28 converged=0
ROUND variant=A21_28aiv_close run=7 round=9 headOK_min=28 headOK_max=28 cores_clean=28/28 converged=0
ROUND variant=A21_28aiv_close run=7 round=10 headOK_min=28 headOK_max=28 cores_clean=28/28 converged=0
ROUND variant=A21_28aiv_close run=7 round=11 headOK_min=28 headOK_max=28 cores_clean=28/28 converged=0
ROUND variant=A21_28aiv_close run=7 round=12 headOK_min=28 headOK_max=28 cores_clean=28/28 converged=0
ROUND variant=A21_28aiv_close run=7 round=13 headOK_min=28 headOK_max=28 cores_clean=28/28 converged=0
ROUND variant=A21_28aiv_close run=7 round=14 headOK_min=28 headOK_max=28 cores_clean=28/28 converged=0
ROUND variant=A21_28aiv_close run=7 round=15 headOK_min=28 headOK_max=28 cores_clean=28/28 converged=0
COREVIOL variant=A21_28aiv_close run=7 0,0,0,0,0,0,0,0,0,0,0,0,0,0,0,0,0,0,0,0,0,0,0,0,0,0,0,0
CYCLE variant=A21_28aiv_close run=7 -2088330314,-2088330280,-2088329895,-2088329449,-2088329957,-2088329855,-2088330006,-2088329395,-2088329678,-2088329757,-2088329486,-2088330290,-2088330219,-2088330036,-2088329444,-2088329527,-2088328540,-2088328704,-2088328848,-2088328770,-2088329179,-2088329279,-2088328954,-2088328978,-2088329110,-2088329058,-2088328629,-2088328601
SUMMARY variant=A21_28aiv_close run=8 vi=21 bk=1 ck=1 dk=2 fk=1 st=16 wl=64 sep=0 rounds=16 naiv=28 blocks=14 cores_clean=28/28 core_round_clean=448/448 rounds_clean=16/16 headOK_min=28 viol=0 final_head_ok=28 stale=0 zero=0 other=0 scribble=0 rel_spread_max=10012 missing_rows=0 snap=0 rc=0
ROUND variant=A21_28aiv_close run=8 round=0 headOK_min=28 headOK_max=28 cores_clean=28/28 converged=0
ROUND variant=A21_28aiv_close run=8 round=1 headOK_min=28 headOK_max=28 cores_clean=28/28 converged=0
ROUND variant=A21_28aiv_close run=8 round=2 headOK_min=28 headOK_max=28 cores_clean=28/28 converged=0
ROUND variant=A21_28aiv_close run=8 round=3 headOK_min=28 headOK_max=28 cores_clean=28/28 converged=0
ROUND variant=A21_28aiv_close run=8 round=4 headOK_min=28 headOK_max=28 cores_clean=28/28 converged=0
ROUND variant=A21_28aiv_close run=8 round=5 headOK_min=28 headOK_max=28 cores_clean=28/28 converged=0
ROUND variant=A21_28aiv_close run=8 round=6 headOK_min=28 headOK_max=28 cores_clean=28/28 converged=0
ROUND variant=A21_28aiv_close run=8 round=7 headOK_min=28 headOK_max=28 cores_clean=28/28 converged=0
ROUND variant=A21_28aiv_close run=8 round=8 headOK_min=28 headOK_max=28 cores_clean=28/28 converged=0
ROUND variant=A21_28aiv_close run=8 round=9 headOK_min=28 headOK_max=28 cores_clean=28/28 converged=0
ROUND variant=A21_28aiv_close run=8 round=10 headOK_min=28 headOK_max=28 cores_clean=28/28 converged=0
ROUND variant=A21_28aiv_close run=8 round=11 headOK_min=28 headOK_max=28 cores_clean=28/28 converged=0
ROUND variant=A21_28aiv_close run=8 round=12 headOK_min=28 headOK_max=28 cores_clean=28/28 converged=0
ROUND variant=A21_28aiv_close run=8 round=13 headOK_min=28 headOK_max=28 cores_clean=28/28 converged=0
ROUND variant=A21_28aiv_close run=8 round=14 headOK_min=28 headOK_max=28 cores_clean=28/28 converged=0
ROUND variant=A21_28aiv_close run=8 round=15 headOK_min=28 headOK_max=28 cores_clean=28/28 converged=0
COREVIOL variant=A21_28aiv_close run=8 0,0,0,0,0,0,0,0,0,0,0,0,0,0,0,0,0,0,0,0,0,0,0,0,0,0,0,0
CYCLE variant=A21_28aiv_close run=8 970583295,970583322,970583848,970584002,970584225,970584254,970584050,970583974,970584140,970584168,970584283,970583866,970583545,970583627,970584415,970584705,970584459,970585217,970585412,970585253,970584971,970584795,970585122,970585042,970585382,970584863,970584608,970584635
SUMMARY variant=A21_28aiv_close run=9 vi=21 bk=1 ck=1 dk=2 fk=1 st=16 wl=64 sep=0 rounds=16 naiv=28 blocks=14 cores_clean=28/28 core_round_clean=448/448 rounds_clean=16/16 headOK_min=28 viol=0 final_head_ok=28 stale=0 zero=0 other=0 scribble=0 rel_spread_max=13650 missing_rows=0 snap=0 rc=0
ROUND variant=A21_28aiv_close run=9 round=0 headOK_min=28 headOK_max=28 cores_clean=28/28 converged=0
ROUND variant=A21_28aiv_close run=9 round=1 headOK_min=28 headOK_max=28 cores_clean=28/28 converged=0
ROUND variant=A21_28aiv_close run=9 round=2 headOK_min=28 headOK_max=28 cores_clean=28/28 converged=0
ROUND variant=A21_28aiv_close run=9 round=3 headOK_min=28 headOK_max=28 cores_clean=28/28 converged=0
ROUND variant=A21_28aiv_close run=9 round=4 headOK_min=28 headOK_max=28 cores_clean=28/28 converged=0
ROUND variant=A21_28aiv_close run=9 round=5 headOK_min=28 headOK_max=28 cores_clean=28/28 converged=0
ROUND variant=A21_28aiv_close run=9 round=6 headOK_min=28 headOK_max=28 cores_clean=28/28 converged=0
ROUND variant=A21_28aiv_close run=9 round=7 headOK_min=28 headOK_max=28 cores_clean=28/28 converged=0
ROUND variant=A21_28aiv_close run=9 round=8 headOK_min=28 headOK_max=28 cores_clean=28/28 converged=0
ROUND variant=A21_28aiv_close run=9 round=9 headOK_min=28 headOK_max=28 cores_clean=28/28 converged=0
ROUND variant=A21_28aiv_close run=9 round=10 headOK_min=28 headOK_max=28 cores_clean=28/28 converged=0
ROUND variant=A21_28aiv_close run=9 round=11 headOK_min=28 headOK_max=28 cores_clean=28/28 converged=0
ROUND variant=A21_28aiv_close run=9 round=12 headOK_min=28 headOK_max=28 cores_clean=28/28 converged=0
ROUND variant=A21_28aiv_close run=9 round=13 headOK_min=28 headOK_max=28 cores_clean=28/28 converged=0
ROUND variant=A21_28aiv_close run=9 round=14 headOK_min=28 headOK_max=28 cores_clean=28/28 converged=0
ROUND variant=A21_28aiv_close run=9 round=15 headOK_min=28 headOK_max=28 cores_clean=28/28 converged=0
COREVIOL variant=A21_28aiv_close run=9 0,0,0,0,0,0,0,0,0,0,0,0,0,0,0,0,0,0,0,0,0,0,0,0,0,0,0,0
CYCLE variant=A21_28aiv_close run=9 1489686839,1489687054,1489687790,1489687597,1489687667,1489687721,1489687518,1489687468,1489687403,1489687608,1489687206,1489687283,1489686755,1489686945,1489686554,1489686934,1489687332,1489687442,1489687088,1489687533,1489687219,1489687143,1489686857,1489687111,1489686729,1489687391,1489686871,1489687494
