SUMMARY variant=B2_geom_align32 run=1 vi=28 bk=1 ck=1 dk=2 fk=1 st=8 wl=32 sep=0 rounds=16 naiv=56 blocks=28 cores_clean=56/56 core_round_clean=896/896 rounds_clean=16/16 headOK_min=56 viol=0 final_head_ok=56 stale=0 zero=0 other=0 scribble=0 rel_spread_max=16059 missing_rows=0 snap=0 rc=0 negctrl_selfonly=0 viol_under_selfonly_criterion=0
ROUND variant=B2_geom_align32 run=1 round=0 headOK_min=56 headOK_max=56 cores_clean=56/56 converged=0
ROUND variant=B2_geom_align32 run=1 round=1 headOK_min=56 headOK_max=56 cores_clean=56/56 converged=0
ROUND variant=B2_geom_align32 run=1 round=2 headOK_min=56 headOK_max=56 cores_clean=56/56 converged=0
ROUND variant=B2_geom_align32 run=1 round=3 headOK_min=56 headOK_max=56 cores_clean=56/56 converged=0
ROUND variant=B2_geom_align32 run=1 round=4 headOK_min=56 headOK_max=56 cores_clean=56/56 converged=0
ROUND variant=B2_geom_align32 run=1 round=5 headOK_min=56 headOK_max=56 cores_clean=56/56 converged=0
ROUND variant=B2_geom_align32 run=1 round=6 headOK_min=56 headOK_max=56 cores_clean=56/56 converged=0
ROUND variant=B2_geom_align32 run=1 round=7 headOK_min=56 headOK_max=56 cores_clean=56/56 converged=0
ROUND variant=B2_geom_align32 run=1 round=8 headOK_min=56 headOK_max=56 cores_clean=56/56 converged=0
ROUND variant=B2_geom_align32 run=1 round=9 headOK_min=56 headOK_max=56 cores_clean=56/56 converged=0
ROUND variant=B2_geom_align32 run=1 round=10 headOK_min=56 headOK_max=56 cores_clean=56/56 converged=0
ROUND variant=B2_geom_align32 run=1 round=11 headOK_min=56 headOK_max=56 cores_clean=56/56 converged=0
ROUND variant=B2_geom_align32 run=1 round=12 headOK_min=56 headOK_max=56 cores_clean=56/56 converged=0
ROUND variant=B2_geom_align32 run=1 round=13 headOK_min=56 headOK_max=56 cores_clean=56/56 converged=0
ROUND variant=B2_geom_align32 run=1 round=14 headOK_min=56 headOK_max=56 cores_clean=56/56 converged=0
ROUND variant=B2_geom_align32 run=1 round=15 headOK_min=56 headOK_max=56 cores_clean=56/56 converged=0
COREVIOL variant=B2_geom_align32 run=1 0,0,0,0,0,0,0,0,0,0,0,0,0,0,0,0,0,0,0,0,0,0,0,0,0,0,0,0,0,0,0,0,0,0,0,0,0,0,0,0,0,0,0,0,0,0,0,0,0,0,0,0,0,0,0,0
CYCLE variant=B2_geom_align32 run=1 647047708,647047605,647048560,647048484,647048499,647048976,647048532,647047488,647049136,647048877,647049338,647049096,647047877,647047933,647048728,647048682,647049408,647049219,647048383,647048916,647049056,647049276,647047842,647047747,647048649,647047911,647048585,647048436,647047720,647046976,647046945,647047488,647047801,647047873,647046978,647047147,647048036,647047752,647047004,647046970,647047686,647048632,647048417,647048394,647046947,647048479,647048278,647047850,647048580,647047959,647048196,647048100,647047272,647047226,647048152,647048509
SUMMARY variant=B2_geom_align32 run=2 vi=28 bk=1 ck=1 dk=2 fk=1 st=8 wl=32 sep=0 rounds=16 naiv=56 blocks=28 cores_clean=56/56 core_round_clean=896/896 rounds_clean=16/16 headOK_min=56 viol=0 final_head_ok=56 stale=0 zero=0 other=0 scribble=0 rel_spread_max=16218 missing_rows=0 snap=0 rc=0 negctrl_selfonly=0 viol_under_selfonly_criterion=0
ROUND variant=B2_geom_align32 run=2 round=0 headOK_min=56 headOK_max=56 cores_clean=56/56 converged=0
ROUND variant=B2_geom_align32 run=2 round=1 headOK_min=56 headOK_max=56 cores_clean=56/56 converged=0
ROUND variant=B2_geom_align32 run=2 round=2 headOK_min=56 headOK_max=56 cores_clean=56/56 converged=0
ROUND variant=B2_geom_align32 run=2 round=3 headOK_min=56 headOK_max=56 cores_clean=56/56 converged=0
ROUND variant=B2_geom_align32 run=2 round=4 headOK_min=56 headOK_max=56 cores_clean=56/56 converged=0
ROUND variant=B2_geom_align32 run=2 round=5 headOK_min=56 headOK_max=56 cores_clean=56/56 converged=0
ROUND variant=B2_geom_align32 run=2 round=6 headOK_min=56 headOK_max=56 cores_clean=56/56 converged=0
ROUND variant=B2_geom_align32 run=2 round=7 headOK_min=56 headOK_max=56 cores_clean=56/56 converged=0
ROUND variant=B2_geom_align32 run=2 round=8 headOK_min=56 headOK_max=56 cores_clean=56/56 converged=0
ROUND variant=B2_geom_align32 run=2 round=9 headOK_min=56 headOK_max=56 cores_clean=56/56 converged=0
ROUND variant=B2_geom_align32 run=2 round=10 headOK_min=56 headOK_max=56 cores_clean=56/56 converged=0
ROUND variant=B2_geom_align32 run=2 round=11 headOK_min=56 headOK_max=56 cores_clean=56/56 converged=0
ROUND variant=B2_geom_align32 run=2 round=12 headOK_min=56 headOK_max=56 cores_clean=56/56 converged=0
ROUND variant=B2_geom_align32 run=2 round=13 headOK_min=56 headOK_max=56 cores_clean=56/56 converged=0
ROUND variant=B2_geom_align32 run=2 round=14 headOK_min=56 headOK_max=56 cores_clean=56/56 converged=0
ROUND variant=B2_geom_align32 run=2 round=15 headOK_min=56 headOK_max=56 cores_clean=56/56 converged=0
COREVIOL variant=B2_geom_align32 run=2 0,0,0,0,0,0,0,0,0,0,0,0,0,0,0,0,0,0,0,0,0,0,0,0,0,0,0,0,0,0,0,0,0,0,0,0,0,0,0,0,0,0,0,0,0,0,0,0,0,0,0,0,0,0,0,0
CYCLE variant=B2_geom_align32 run=2 1842448883,1842448891,1842449568,1842450132,1842450158,1842450337,1842449594,1842450363,1842449363,1842449046,1842449073,1842449910,1842449873,1842450589,1842449668,1842449720,1842448889,1842448896,1842450002,1842450729,1842449007,1842449216,1842448875,1842449301,1842450648,1842450465,1842450312,1842450260,1842449088,1842449164,1842450526,1842450220,1842451088,1842450091,1842449806,1842450163,1842449514,1842450467,1842449835,1842449468,1842451060,1842450116,1842450571,1842450878,1842450190,1842451113,1842449727,1842450952,1842449572,1842450010,1842450274,1842451038,1842450705,1842450680,1842450344,1842450422
SUMMARY variant=B2_geom_align32 run=3 vi=28 bk=1 ck=1 dk=2 fk=1 st=8 wl=32 sep=0 rounds=16 naiv=56 blocks=28 cores_clean=56/56 core_round_clean=896/896 rounds_clean=16/16 headOK_min=56 viol=0 final_head_ok=56 stale=0 zero=0 other=0 scribble=0 rel_spread_max=15486 missing_rows=0 snap=0 rc=0 negctrl_selfonly=0 viol_under_selfonly_criterion=0
ROUND variant=B2_geom_align32 run=3 round=0 headOK_min=56 headOK_max=56 cores_clean=56/56 converged=0
ROUND variant=B2_geom_align32 run=3 round=1 headOK_min=56 headOK_max=56 cores_clean=56/56 converged=0
ROUND variant=B2_geom_align32 run=3 round=2 headOK_min=56 headOK_max=56 cores_clean=56/56 converged=0
ROUND variant=B2_geom_align32 run=3 round=3 headOK_min=56 headOK_max=56 cores_clean=56/56 converged=0
ROUND variant=B2_geom_align32 run=3 round=4 headOK_min=56 headOK_max=56 cores_clean=56/56 converged=0
ROUND variant=B2_geom_align32 run=3 round=5 headOK_min=56 headOK_max=56 cores_clean=56/56 converged=0
ROUND variant=B2_geom_align32 run=3 round=6 headOK_min=56 headOK_max=56 cores_clean=56/56 converged=0
ROUND variant=B2_geom_align32 run=3 round=7 headOK_min=56 headOK_max=56 cores_clean=56/56 converged=0
ROUND variant=B2_geom_align32 run=3 round=8 headOK_min=56 headOK_max=56 cores_clean=56/56 converged=0
ROUND variant=B2_geom_align32 run=3 round=9 headOK_min=56 headOK_max=56 cores_clean=56/56 converged=0
ROUND variant=B2_geom_align32 run=3 round=10 headOK_min=56 headOK_max=56 cores_clean=56/56 converged=0
ROUND variant=B2_geom_align32 run=3 round=11 headOK_min=56 headOK_max=56 cores_clean=56/56 converged=0
ROUND variant=B2_geom_align32 run=3 round=12 headOK_min=56 headOK_max=56 cores_clean=56/56 converged=0
ROUND variant=B2_geom_align32 run=3 round=13 headOK_min=56 headOK_max=56 cores_clean=56/56 converged=0
ROUND variant=B2_geom_align32 run=3 round=14 headOK_min=56 headOK_max=56 cores_clean=56/56 converged=0
ROUND variant=B2_geom_align32 run=3 round=15 headOK_min=56 headOK_max=56 cores_clean=56/56 converged=0
COREVIOL variant=B2_geom_align32 run=3 0,0,0,0,0,0,0,0,0,0,0,0,0,0,0,0,0,0,0,0,0,0,0,0,0,0,0,0,0,0,0,0,0,0,0,0,0,0,0,0,0,0,0,0,0,0,0,0,0,0,0,0,0,0,0,0
CYCLE variant=B2_geom_align32 run=3 282709654,282711199,282711051,282710569,282711115,282710757,282708888,282709543,282711146,282711041,282710780,282711086,282709784,282710219,282710539,282708939,282710010,282709601,282709565,282710337,282710161,282710391,282708844,282709331,282710321,282710628,282710413,282711160,282709215,282709241,282709455,282710993,282710651,282709802,282711191,282711055,282710296,282710449,282710424,282710883,282711263,282711096,282710804,282709602,282709560,282711233,282709955,282709393,282711143,282710200,282711042,282710966,282710845,282709793,282710706,282711113
SUMMARY variant=B2_geom_align32 run=4 vi=28 bk=1 ck=1 dk=2 fk=1 st=8 wl=32 sep=0 rounds=16 naiv=56 blocks=28 cores_clean=56/56 core_round_clean=896/896 rounds_clean=16/16 headOK_min=56 viol=0 final_head_ok=56 stale=0 zero=0 other=0 scribble=0 rel_spread_max=15826 missing_rows=0 snap=0 rc=0 negctrl_selfonly=0 viol_under_selfonly_criterion=0
ROUND variant=B2_geom_align32 run=4 round=0 headOK_min=56 headOK_max=56 cores_clean=56/56 converged=0
ROUND variant=B2_geom_align32 run=4 round=1 headOK_min=56 headOK_max=56 cores_clean=56/56 converged=0
ROUND variant=B2_geom_align32 run=4 round=2 headOK_min=56 headOK_max=56 cores_clean=56/56 converged=0
ROUND variant=B2_geom_align32 run=4 round=3 headOK_min=56 headOK_max=56 cores_clean=56/56 converged=0
ROUND variant=B2_geom_align32 run=4 round=4 headOK_min=56 headOK_max=56 cores_clean=56/56 converged=0
ROUND variant=B2_geom_align32 run=4 round=5 headOK_min=56 headOK_max=56 cores_clean=56/56 converged=0
ROUND variant=B2_geom_align32 run=4 round=6 headOK_min=56 headOK_max=56 cores_clean=56/56 converged=0
ROUND variant=B2_geom_align32 run=4 round=7 headOK_min=56 headOK_max=56 cores_clean=56/56 converged=0
ROUND variant=B2_geom_align32 run=4 round=8 headOK_min=56 headOK_max=56 cores_clean=56/56 converged=0
ROUND variant=B2_geom_align32 run=4 round=9 headOK_min=56 headOK_max=56 cores_clean=56/56 converged=0
ROUND variant=B2_geom_align32 run=4 round=10 headOK_min=56 headOK_max=56 cores_clean=56/56 converged=0
ROUND variant=B2_geom_align32 run=4 round=11 headOK_min=56 headOK_max=56 cores_clean=56/56 converged=0
ROUND variant=B2_geom_align32 run=4 round=12 headOK_min=56 headOK_max=56 cores_clean=56/56 converged=0
ROUND variant=B2_geom_align32 run=4 round=13 headOK_min=56 headOK_max=56 cores_clean=56/56 converged=0
ROUND variant=B2_geom_align32 run=4 round=14 headOK_min=56 headOK_max=56 cores_clean=56/56 converged=0
ROUND variant=B2_geom_align32 run=4 round=15 headOK_min=56 headOK_max=56 cores_clean=56/56 converged=0
COREVIOL variant=B2_geom_align32 run=4 0,0,0,0,0,0,0,0,0,0,0,0,0,0,0,0,0,0,0,0,0,0,0,0,0,0,0,0,0,0,0,0,0,0,0,0,0,0,0,0,0,0,0,0,0,0,0,0,0,0,0,0,0,0,0,0
CYCLE variant=B2_geom_align32 run=4 -142748094,-142748602,-142748052,-142748206,-142747407,-142746824,-142747750,-142747468,-142746680,-142746893,-142748502,-142748378,-142747666,-142747514,-142747344,-142747293,-142746850,-142746951,-142747368,-142747879,-142747315,-142748434,-142748540,-142748716,-142747232,-142747128,-142747623,-142747392,-142749828,-142749697,-142748681,-142748297,-142748206,-142747876,-142747955,-142748390,-142748127,-142747823,-142747794,-142747737,-142748245,-142748450,-142748361,-142747925,-142748835,-142749160,-142749728,-142749574,-142749590,-142749010,-142749288,-142749367,-142749028,-142749052,-142748178,-142747764
SUMMARY variant=B2_geom_align32 run=5 vi=28 bk=1 ck=1 dk=2 fk=1 st=8 wl=32 sep=0 rounds=16 naiv=56 blocks=28 cores_clean=56/56 core_round_clean=896/896 rounds_clean=16/16 headOK_min=56 viol=0 final_head_ok=56 stale=0 zero=0 other=0 scribble=0 rel_spread_max=16531 missing_rows=0 snap=0 rc=0 negctrl_selfonly=0 viol_under_selfonly_criterion=0
ROUND variant=B2_geom_align32 run=5 round=0 headOK_min=56 headOK_max=56 cores_clean=56/56 converged=0
ROUND variant=B2_geom_align32 run=5 round=1 headOK_min=56 headOK_max=56 cores_clean=56/56 converged=0
ROUND variant=B2_geom_align32 run=5 round=2 headOK_min=56 headOK_max=56 cores_clean=56/56 converged=0
ROUND variant=B2_geom_align32 run=5 round=3 headOK_min=56 headOK_max=56 cores_clean=56/56 converged=0
ROUND variant=B2_geom_align32 run=5 round=4 headOK_min=56 headOK_max=56 cores_clean=56/56 converged=0
ROUND variant=B2_geom_align32 run=5 round=5 headOK_min=56 headOK_max=56 cores_clean=56/56 converged=0
ROUND variant=B2_geom_align32 run=5 round=6 headOK_min=56 headOK_max=56 cores_clean=56/56 converged=0
ROUND variant=B2_geom_align32 run=5 round=7 headOK_min=56 headOK_max=56 cores_clean=56/56 converged=0
ROUND variant=B2_geom_align32 run=5 round=8 headOK_min=56 headOK_max=56 cores_clean=56/56 converged=0
ROUND variant=B2_geom_align32 run=5 round=9 headOK_min=56 headOK_max=56 cores_clean=56/56 converged=0
ROUND variant=B2_geom_align32 run=5 round=10 headOK_min=56 headOK_max=56 cores_clean=56/56 converged=0
ROUND variant=B2_geom_align32 run=5 round=11 headOK_min=56 headOK_max=56 cores_clean=56/56 converged=0
ROUND variant=B2_geom_align32 run=5 round=12 headOK_min=56 headOK_max=56 cores_clean=56/56 converged=0
ROUND variant=B2_geom_align32 run=5 round=13 headOK_min=56 headOK_max=56 cores_clean=56/56 converged=0
ROUND variant=B2_geom_align32 run=5 round=14 headOK_min=56 headOK_max=56 cores_clean=56/56 converged=0
ROUND variant=B2_geom_align32 run=5 round=15 headOK_min=56 headOK_max=56 cores_clean=56/56 converged=0
COREVIOL variant=B2_geom_align32 run=5 0,0,0,0,0,0,0,0,0,0,0,0,0,0,0,0,0,0,0,0,0,0,0,0,0,0,0,0,0,0,0,0,0,0,0,0,0,0,0,0,0,0,0,0,0,0,0,0,0,0,0,0,0,0,0,0
CYCLE variant=B2_geom_align32 run=5 -651205327,-651206052,-651206369,-651204754,-651206484,-651206588,-651204836,-651206391,-651204714,-651205702,-651205820,-651205148,-651204692,-651204663,-651206652,-651205566,-651205479,-651205096,-651205693,-651206471,-651205079,-651206290,-651206847,-651206839,-651205301,-651204996,-651205234,-651205641,-651204848,-651204495,-651204314,-651203913,-651202982,-651203031,-651202848,-651203011,-651204674,-651204445,-651204024,-651204147,-651202915,-651204763,-651202955,-651203949,-651203073,-651203251,-651204053,-651204827,-651204242,-651204543,-651203456,-651202890,-651203577,-651203654,-651203641,-651203564
SUMMARY variant=B2_geom_align32 run=6 vi=28 bk=1 ck=1 dk=2 fk=1 st=8 wl=32 sep=0 rounds=16 naiv=56 blocks=28 cores_clean=56/56 core_round_clean=896/896 rounds_clean=16/16 headOK_min=56 viol=0 final_head_ok=56 stale=0 zero=0 other=0 scribble=0 rel_spread_max=15505 missing_rows=0 snap=0 rc=0 negctrl_selfonly=0 viol_under_selfonly_criterion=0
ROUND variant=B2_geom_align32 run=6 round=0 headOK_min=56 headOK_max=56 cores_clean=56/56 converged=0
ROUND variant=B2_geom_align32 run=6 round=1 headOK_min=56 headOK_max=56 cores_clean=56/56 converged=0
ROUND variant=B2_geom_align32 run=6 round=2 headOK_min=56 headOK_max=56 cores_clean=56/56 converged=0
ROUND variant=B2_geom_align32 run=6 round=3 headOK_min=56 headOK_max=56 cores_clean=56/56 converged=0
ROUND variant=B2_geom_align32 run=6 round=4 headOK_min=56 headOK_max=56 cores_clean=56/56 converged=0
ROUND variant=B2_geom_align32 run=6 round=5 headOK_min=56 headOK_max=56 cores_clean=56/56 converged=0
ROUND variant=B2_geom_align32 run=6 round=6 headOK_min=56 headOK_max=56 cores_clean=56/56 converged=0
ROUND variant=B2_geom_align32 run=6 round=7 headOK_min=56 headOK_max=56 cores_clean=56/56 converged=0
ROUND variant=B2_geom_align32 run=6 round=8 headOK_min=56 headOK_max=56 cores_clean=56/56 converged=0
ROUND variant=B2_geom_align32 run=6 round=9 headOK_min=56 headOK_max=56 cores_clean=56/56 converged=0
ROUND variant=B2_geom_align32 run=6 round=10 headOK_min=56 headOK_max=56 cores_clean=56/56 converged=0
ROUND variant=B2_geom_align32 run=6 round=11 headOK_min=56 headOK_max=56 cores_clean=56/56 converged=0
ROUND variant=B2_geom_align32 run=6 round=12 headOK_min=56 headOK_max=56 cores_clean=56/56 converged=0
ROUND variant=B2_geom_align32 run=6 round=13 headOK_min=56 headOK_max=56 cores_clean=56/56 converged=0
ROUND variant=B2_geom_align32 run=6 round=14 headOK_min=56 headOK_max=56 cores_clean=56/56 converged=0
ROUND variant=B2_geom_align32 run=6 round=15 headOK_min=56 headOK_max=56 cores_clean=56/56 converged=0
COREVIOL variant=B2_geom_align32 run=6 0,0,0,0,0,0,0,0,0,0,0,0,0,0,0,0,0,0,0,0,0,0,0,0,0,0,0,0,0,0,0,0,0,0,0,0,0,0,0,0,0,0,0,0,0,0,0,0,0,0,0,0,0,0,0,0
CYCLE variant=B2_geom_align32 run=6 -2001078437,-2001078063,-2001077306,-2001076526,-2001078357,-2001078439,-2001077839,-2001078285,-2001076827,-2001077266,-2001077961,-2001077062,-2001077986,-2001077909,-2001076666,-2001076718,-2001078410,-2001078253,-2001078045,-2001077664,-2001076581,-2001076993,-2001078485,-2001078455,-2001076547,-2001076680,-2001077613,-2001077096,-2001078111,-2001078031,-2001077068,-2001077149,-2001076614,-2001076745,-2001076128,-2001076207,-2001076353,-2001076871,-2001077485,-2001077892,-2001076784,-2001076027,-2001077611,-2001077685,-2001077353,-2001077174,-2001077213,-2001077414,-2001076297,-2001075976,-2001077044,-2001077627,-2001076704,-2001076133,-2001076638,-2001076276
SUMMARY variant=B2_geom_align32 run=7 vi=28 bk=1 ck=1 dk=2 fk=1 st=8 wl=32 sep=0 rounds=16 naiv=56 blocks=28 cores_clean=56/56 core_round_clean=896/896 rounds_clean=16/16 headOK_min=56 viol=0 final_head_ok=56 stale=0 zero=0 other=0 scribble=0 rel_spread_max=16170 missing_rows=0 snap=0 rc=0 negctrl_selfonly=0 viol_under_selfonly_criterion=0
ROUND variant=B2_geom_align32 run=7 round=0 headOK_min=56 headOK_max=56 cores_clean=56/56 converged=0
ROUND variant=B2_geom_align32 run=7 round=1 headOK_min=56 headOK_max=56 cores_clean=56/56 converged=0
ROUND variant=B2_geom_align32 run=7 round=2 headOK_min=56 headOK_max=56 cores_clean=56/56 converged=0
ROUND variant=B2_geom_align32 run=7 round=3 headOK_min=56 headOK_max=56 cores_clean=56/56 converged=0
ROUND variant=B2_geom_align32 run=7 round=4 headOK_min=56 headOK_max=56 cores_clean=56/56 converged=0
ROUND variant=B2_geom_align32 run=7 round=5 headOK_min=56 headOK_max=56 cores_clean=56/56 converged=0
ROUND variant=B2_geom_align32 run=7 round=6 headOK_min=56 headOK_max=56 cores_clean=56/56 converged=0
ROUND variant=B2_geom_align32 run=7 round=7 headOK_min=56 headOK_max=56 cores_clean=56/56 converged=0
ROUND variant=B2_geom_align32 run=7 round=8 headOK_min=56 headOK_max=56 cores_clean=56/56 converged=0
ROUND variant=B2_geom_align32 run=7 round=9 headOK_min=56 headOK_max=56 cores_clean=56/56 converged=0
ROUND variant=B2_geom_align32 run=7 round=10 headOK_min=56 headOK_max=56 cores_clean=56/56 converged=0
ROUND variant=B2_geom_align32 run=7 round=11 headOK_min=56 headOK_max=56 cores_clean=56/56 converged=0
ROUND variant=B2_geom_align32 run=7 round=12 headOK_min=56 headOK_max=56 cores_clean=56/56 converged=0
ROUND variant=B2_geom_align32 run=7 round=13 headOK_min=56 headOK_max=56 cores_clean=56/56 converged=0
ROUND variant=B2_geom_align32 run=7 round=14 headOK_min=56 headOK_max=56 cores_clean=56/56 converged=0
ROUND variant=B2_geom_align32 run=7 round=15 headOK_min=56 headOK_max=56 cores_clean=56/56 converged=0
COREVIOL variant=B2_geom_align32 run=7 0,0,0,0,0,0,0,0,0,0,0,0,0,0,0,0,0,0,0,0,0,0,0,0,0,0,0,0,0,0,0,0,0,0,0,0,0,0,0,0,0,0,0,0,0,0,0,0,0,0,0,0,0,0,0,0
CYCLE variant=B2_geom_align32 run=7 882173162,882173010,882173288,882172798,882171473,882171246,882171647,882171727,882172684,882171452,882171526,882171886,882172600,882173136,882172820,882171669,882173243,882172960,882173205,882173051,882172263,882172188,882172869,882172156,882172730,882173324,882172644,882171695,882170909,882171295,882172899,882172288,882172070,882172173,882171888,882172553,882172787,882171845,882171721,882172839,882171955,882171458,882172428,882171262,882173011,882171878,882172579,882172325,882171161,882171703,882172540,882172668,882171249,882171784,882172864,882172978
SUMMARY variant=B2_geom_align32 run=8 vi=28 bk=1 ck=1 dk=2 fk=1 st=8 wl=32 sep=0 rounds=16 naiv=56 blocks=28 cores_clean=56/56 core_round_clean=896/896 rounds_clean=16/16 headOK_min=56 viol=0 final_head_ok=56 stale=0 zero=0 other=0 scribble=0 rel_spread_max=15455 missing_rows=0 snap=0 rc=0 negctrl_selfonly=0 viol_under_selfonly_criterion=0
ROUND variant=B2_geom_align32 run=8 round=0 headOK_min=56 headOK_max=56 cores_clean=56/56 converged=0
ROUND variant=B2_geom_align32 run=8 round=1 headOK_min=56 headOK_max=56 cores_clean=56/56 converged=0
ROUND variant=B2_geom_align32 run=8 round=2 headOK_min=56 headOK_max=56 cores_clean=56/56 converged=0
ROUND variant=B2_geom_align32 run=8 round=3 headOK_min=56 headOK_max=56 cores_clean=56/56 converged=0
ROUND variant=B2_geom_align32 run=8 round=4 headOK_min=56 headOK_max=56 cores_clean=56/56 converged=0
ROUND variant=B2_geom_align32 run=8 round=5 headOK_min=56 headOK_max=56 cores_clean=56/56 converged=0
ROUND variant=B2_geom_align32 run=8 round=6 headOK_min=56 headOK_max=56 cores_clean=56/56 converged=0
ROUND variant=B2_geom_align32 run=8 round=7 headOK_min=56 headOK_max=56 cores_clean=56/56 converged=0
ROUND variant=B2_geom_align32 run=8 round=8 headOK_min=56 headOK_max=56 cores_clean=56/56 converged=0
ROUND variant=B2_geom_align32 run=8 round=9 headOK_min=56 headOK_max=56 cores_clean=56/56 converged=0
ROUND variant=B2_geom_align32 run=8 round=10 headOK_min=56 headOK_max=56 cores_clean=56/56 converged=0
ROUND variant=B2_geom_align32 run=8 round=11 headOK_min=56 headOK_max=56 cores_clean=56/56 converged=0
ROUND variant=B2_geom_align32 run=8 round=12 headOK_min=56 headOK_max=56 cores_clean=56/56 converged=0
ROUND variant=B2_geom_align32 run=8 round=13 headOK_min=56 headOK_max=56 cores_clean=56/56 converged=0
ROUND variant=B2_geom_align32 run=8 round=14 headOK_min=56 headOK_max=56 cores_clean=56/56 converged=0
ROUND variant=B2_geom_align32 run=8 round=15 headOK_min=56 headOK_max=56 cores_clean=56/56 converged=0
COREVIOL variant=B2_geom_align32 run=8 0,0,0,0,0,0,0,0,0,0,0,0,0,0,0,0,0,0,0,0,0,0,0,0,0,0,0,0,0,0,0,0,0,0,0,0,0,0,0,0,0,0,0,0,0,0,0,0,0,0,0,0,0,0,0,0
CYCLE variant=B2_geom_align32 run=8 1468937035,1468937343,1468937271,1468936490,1468936777,1468937634,1468937227,1468937322,1468937667,1468937254,1468936878,1468936616,1468937156,1468936920,1468937717,1468937014,1468937693,1468936757,1468936803,1468936993,1468936341,1468937062,1468935622,1468935644,1468937590,1468936141,1468935913,1468935995,1468937469,1468937745,1468938274,1468938323,1468938557,1468939007,1468939215,1468939338,1468939284,1468939261,1468938909,1468939146,1468938053,1468937543,1468938025,1468938098,1468937856,1468937786,1468939117,1468938810,1468938146,1468938954,1468938532,1468938604,1468939098,1468939193,1468937633,1468937830
SUMMARY variant=B2_geom_align32 run=9 vi=28 bk=1 ck=1 dk=2 fk=1 st=8 wl=32 sep=0 rounds=16 naiv=56 blocks=28 cores_clean=56/56 core_round_clean=896/896 rounds_clean=16/16 headOK_min=56 viol=0 final_head_ok=56 stale=0 zero=0 other=0 scribble=0 rel_spread_max=15601 missing_rows=0 snap=0 rc=0 negctrl_selfonly=0 viol_under_selfonly_criterion=0
ROUND variant=B2_geom_align32 run=9 round=0 headOK_min=56 headOK_max=56 cores_clean=56/56 converged=0
ROUND variant=B2_geom_align32 run=9 round=1 headOK_min=56 headOK_max=56 cores_clean=56/56 converged=0
ROUND variant=B2_geom_align32 run=9 round=2 headOK_min=56 headOK_max=56 cores_clean=56/56 converged=0
ROUND variant=B2_geom_align32 run=9 round=3 headOK_min=56 headOK_max=56 cores_clean=56/56 converged=0
ROUND variant=B2_geom_align32 run=9 round=4 headOK_min=56 headOK_max=56 cores_clean=56/56 converged=0
ROUND variant=B2_geom_align32 run=9 round=5 headOK_min=56 headOK_max=56 cores_clean=56/56 converged=0
ROUND variant=B2_geom_align32 run=9 round=6 headOK_min=56 headOK_max=56 cores_clean=56/56 converged=0
ROUND variant=B2_geom_align32 run=9 round=7 headOK_min=56 headOK_max=56 cores_clean=56/56 converged=0
ROUND variant=B2_geom_align32 run=9 round=8 headOK_min=56 headOK_max=56 cores_clean=56/56 converged=0
ROUND variant=B2_geom_align32 run=9 round=9 headOK_min=56 headOK_max=56 cores_clean=56/56 converged=0
ROUND variant=B2_geom_align32 run=9 round=10 headOK_min=56 headOK_max=56 cores_clean=56/56 converged=0
ROUND variant=B2_geom_align32 run=9 round=11 headOK_min=56 headOK_max=56 cores_clean=56/56 converged=0
ROUND variant=B2_geom_align32 run=9 round=12 headOK_min=56 headOK_max=56 cores_clean=56/56 converged=0
ROUND variant=B2_geom_align32 run=9 round=13 headOK_min=56 headOK_max=56 cores_clean=56/56 converged=0
ROUND variant=B2_geom_align32 run=9 round=14 headOK_min=56 headOK_max=56 cores_clean=56/56 converged=0
ROUND variant=B2_geom_align32 run=9 round=15 headOK_min=56 headOK_max=56 cores_clean=56/56 converged=0
COREVIOL variant=B2_geom_align32 run=9 0,0,0,0,0,0,0,0,0,0,0,0,0,0,0,0,0,0,0,0,0,0,0,0,0,0,0,0,0,0,0,0,0,0,0,0,0,0,0,0,0,0,0,0,0,0,0,0,0,0,0,0,0,0,0,0
CYCLE variant=B2_geom_align32 run=9 1457621844,1457621894,1457622514,1457623183,1457621793,1457621260,1457622842,1457622913,1457621540,1457621328,1457621482,1457622031,1457622984,1457622771,1457623079,1457622418,1457622201,1457621912,1457622462,1457622793,1457623245,1457623156,1457623034,1457622964,1457621714,1457621643,1457622109,1457622275,1457620967,1457620823,1457622108,1457622367,1457621343,1457621614,1457622020,1457621220,1457622517,1457622141,1457621259,1457620845,1457620918,1457620942,1457621191,1457621064,1457622084,1457621802,1457622463,1457621042,1457622062,1457621366,1457622693,1457622623,1457621160,1457621539,1457622676,1457622582
