SUMMARY variant=A8_setV_close run=1 vi=8 bk=5 ck=1 dk=2 fk=1 st=16 wl=64 sep=0 rounds=16 naiv=56 blocks=28 cores_clean=56/56 core_round_clean=896/896 rounds_clean=16/16 headOK_min=56 viol=0 final_head_ok=56 stale=0 zero=0 other=0 scribble=0 rel_spread_max=21321630 missing_rows=0 snap=0 rc=0
ROUND variant=A8_setV_close run=1 round=0 headOK_min=56 headOK_max=56 cores_clean=56/56 converged=0
ROUND variant=A8_setV_close run=1 round=1 headOK_min=56 headOK_max=56 cores_clean=56/56 converged=0
ROUND variant=A8_setV_close run=1 round=2 headOK_min=56 headOK_max=56 cores_clean=56/56 converged=0
ROUND variant=A8_setV_close run=1 round=3 headOK_min=56 headOK_max=56 cores_clean=56/56 converged=0
ROUND variant=A8_setV_close run=1 round=4 headOK_min=56 headOK_max=56 cores_clean=56/56 converged=0
ROUND variant=A8_setV_close run=1 round=5 headOK_min=56 headOK_max=56 cores_clean=56/56 converged=0
ROUND variant=A8_setV_close run=1 round=6 headOK_min=56 headOK_max=56 cores_clean=56/56 converged=0
ROUND variant=A8_setV_close run=1 round=7 headOK_min=56 headOK_max=56 cores_clean=56/56 converged=0
ROUND variant=A8_setV_close run=1 round=8 headOK_min=56 headOK_max=56 cores_clean=56/56 converged=0
ROUND variant=A8_setV_close run=1 round=9 headOK_min=56 headOK_max=56 cores_clean=56/56 converged=0
ROUND variant=A8_setV_close run=1 round=10 headOK_min=56 headOK_max=56 cores_clean=56/56 converged=0
ROUND variant=A8_setV_close run=1 round=11 headOK_min=56 headOK_max=56 cores_clean=56/56 converged=0
ROUND variant=A8_setV_close run=1 round=12 headOK_min=56 headOK_max=56 cores_clean=56/56 converged=0
ROUND variant=A8_setV_close run=1 round=13 headOK_min=56 headOK_max=56 cores_clean=56/56 converged=0
ROUND variant=A8_setV_close run=1 round=14 headOK_min=56 headOK_max=56 cores_clean=56/56 converged=0
ROUND variant=A8_setV_close run=1 round=15 headOK_min=56 headOK_max=56 cores_clean=56/56 converged=0
COREVIOL variant=A8_setV_close run=1 0,0,0,0,0,0,0,0,0,0,0,0,0,0,0,0,0,0,0,0,0,0,0,0,0,0,0,0,0,0,0,0,0,0,0,0,0,0,0,0,0,0,0,0,0,0,0,0,0,0,0,0,0,0,0,0
CYCLE variant=A8_setV_close run=1 -154660864,-154661360,-154660735,-154660617,-154660815,-154660494,-154660827,-154660755,-154661282,-154661329,-154661300,-154661797,-154661647,-154661239,-154660920,-154660508,-154660646,-154661475,-154661183,-154661563,-154662258,-154662208,-154661708,-154661151,-154661209,-154662040,-133340322,-133340344,-154661418,-154661283,-154661026,-154660250,-154660238,-154660191,-154659449,-154659626,-154659905,-154659714,-154660336,-154660431,-154659465,-154661153,-154661089,-154660457,-154659688,-154659592,-154660104,-154659961,-154660497,-154660569,-154660917,-154660843,-154660788,-154659499,-154660677,-154661192
SUMMARY variant=A8_setV_close run=2 vi=8 bk=5 ck=1 dk=2 fk=1 st=16 wl=64 sep=0 rounds=16 naiv=56 blocks=28 cores_clean=56/56 core_round_clean=896/896 rounds_clean=16/16 headOK_min=56 viol=0 final_head_ok=56 stale=0 zero=0 other=0 scribble=0 rel_spread_max=15361 missing_rows=0 snap=0 rc=0
ROUND variant=A8_setV_close run=2 round=0 headOK_min=56 headOK_max=56 cores_clean=56/56 converged=0
ROUND variant=A8_setV_close run=2 round=1 headOK_min=56 headOK_max=56 cores_clean=56/56 converged=0
ROUND variant=A8_setV_close run=2 round=2 headOK_min=56 headOK_max=56 cores_clean=56/56 converged=0
ROUND variant=A8_setV_close run=2 round=3 headOK_min=56 headOK_max=56 cores_clean=56/56 converged=0
ROUND variant=A8_setV_close run=2 round=4 headOK_min=56 headOK_max=56 cores_clean=56/56 converged=0
ROUND variant=A8_setV_close run=2 round=5 headOK_min=56 headOK_max=56 cores_clean=56/56 converged=0
ROUND variant=A8_setV_close run=2 round=6 headOK_min=56 headOK_max=56 cores_clean=56/56 converged=0
ROUND variant=A8_setV_close run=2 round=7 headOK_min=56 headOK_max=56 cores_clean=56/56 converged=0
ROUND variant=A8_setV_close run=2 round=8 headOK_min=56 headOK_max=56 cores_clean=56/56 converged=0
ROUND variant=A8_setV_close run=2 round=9 headOK_min=56 headOK_max=56 cores_clean=56/56 converged=0
ROUND variant=A8_setV_close run=2 round=10 headOK_min=56 headOK_max=56 cores_clean=56/56 converged=0
ROUND variant=A8_setV_close run=2 round=11 headOK_min=56 headOK_max=56 cores_clean=56/56 converged=0
ROUND variant=A8_setV_close run=2 round=12 headOK_min=56 headOK_max=56 cores_clean=56/56 converged=0
ROUND variant=A8_setV_close run=2 round=13 headOK_min=56 headOK_max=56 cores_clean=56/56 converged=0
ROUND variant=A8_setV_close run=2 round=14 headOK_min=56 headOK_max=56 cores_clean=56/56 converged=0
ROUND variant=A8_setV_close run=2 round=15 headOK_min=56 headOK_max=56 cores_clean=56/56 converged=0
COREVIOL variant=A8_setV_close run=2 0,0,0,0,0,0,0,0,0,0,0,0,0,0,0,0,0,0,0,0,0,0,0,0,0,0,0,0,0,0,0,0,0,0,0,0,0,0,0,0,0,0,0,0,0,0,0,0,0,0,0,0,0,0,0,0
CYCLE variant=A8_setV_close run=2 -543749487,-543750046,-543751000,-543750893,-543750602,-543750196,-543750028,-543750383,-543749990,-543749342,-543749640,-543749843,-543750837,-543750225,-543749676,-543749727,-543749537,-543751153,-543749776,-543750688,-543750334,-543750130,-543751465,-543751438,-543749920,-543750579,-543749330,-543749572,-543752278,-543752269,-543750768,-543751800,-543750959,-543751135,-543750731,-543750937,-543751682,-543751656,-543751262,-543751706,-543752249,-543752248,-543750563,-543750804,-543750662,-543751509,-543751470,-543750859,-543752249,-543751829,-543750581,-543750873,-543751145,-543751769,-543750698,-543751362
SUMMARY variant=A8_setV_close run=3 vi=8 bk=5 ck=1 dk=2 fk=1 st=16 wl=64 sep=0 rounds=16 naiv=56 blocks=28 cores_clean=56/56 core_round_clean=896/896 rounds_clean=16/16 headOK_min=56 viol=0 final_head_ok=56 stale=0 zero=0 other=0 scribble=0 rel_spread_max=18388 missing_rows=0 snap=0 rc=0
ROUND variant=A8_setV_close run=3 round=0 headOK_min=56 headOK_max=56 cores_clean=56/56 converged=0
ROUND variant=A8_setV_close run=3 round=1 headOK_min=56 headOK_max=56 cores_clean=56/56 converged=0
ROUND variant=A8_setV_close run=3 round=2 headOK_min=56 headOK_max=56 cores_clean=56/56 converged=0
ROUND variant=A8_setV_close run=3 round=3 headOK_min=56 headOK_max=56 cores_clean=56/56 converged=0
ROUND variant=A8_setV_close run=3 round=4 headOK_min=56 headOK_max=56 cores_clean=56/56 converged=0
ROUND variant=A8_setV_close run=3 round=5 headOK_min=56 headOK_max=56 cores_clean=56/56 converged=0
ROUND variant=A8_setV_close run=3 round=6 headOK_min=56 headOK_max=56 cores_clean=56/56 converged=0
ROUND variant=A8_setV_close run=3 round=7 headOK_min=56 headOK_max=56 cores_clean=56/56 converged=0
ROUND variant=A8_setV_close run=3 round=8 headOK_min=56 headOK_max=56 cores_clean=56/56 converged=0
ROUND variant=A8_setV_close run=3 round=9 headOK_min=56 headOK_max=56 cores_clean=56/56 converged=0
ROUND variant=A8_setV_close run=3 round=10 headOK_min=56 headOK_max=56 cores_clean=56/56 converged=0
ROUND variant=A8_setV_close run=3 round=11 headOK_min=56 headOK_max=56 cores_clean=56/56 converged=0
ROUND variant=A8_setV_close run=3 round=12 headOK_min=56 headOK_max=56 cores_clean=56/56 converged=0
ROUND variant=A8_setV_close run=3 round=13 headOK_min=56 headOK_max=56 cores_clean=56/56 converged=0
ROUND variant=A8_setV_close run=3 round=14 headOK_min=56 headOK_max=56 cores_clean=56/56 converged=0
ROUND variant=A8_setV_close run=3 round=15 headOK_min=56 headOK_max=56 cores_clean=56/56 converged=0
COREVIOL variant=A8_setV_close run=3 0,0,0,0,0,0,0,0,0,0,0,0,0,0,0,0,0,0,0,0,0,0,0,0,0,0,0,0,0,0,0,0,0,0,0,0,0,0,0,0,0,0,0,0,0,0,0,0,0,0,0,0,0,0,0,0
CYCLE variant=A8_setV_close run=3 2103421858,2103421932,2103423068,2103422641,2103423081,2103422512,2103423214,2103422592,2103422841,2103422271,2103422918,2103421481,2103423235,2103423179,2103422453,2103422095,2103421627,2103421406,2103423114,2103423138,2103423297,2103422011,2103421343,2103421324,2103422063,2103422136,2103422500,2103421810,2103422940,2103422812,2103424608,2103424656,2103424005,2103423697,2103424718,2103424032,2103423503,2103423528,2103424734,2103424261,2103423049,2103422872,2103423159,2103423260,2103424560,2103424394,2103424359,2103424217,2103423735,2103424516,2103424586,2103424184,2103423440,2103423658,2103423953,2103424474
SUMMARY variant=A8_setV_close run=4 vi=8 bk=5 ck=1 dk=2 fk=1 st=16 wl=64 sep=0 rounds=16 naiv=56 blocks=28 cores_clean=56/56 core_round_clean=896/896 rounds_clean=16/16 headOK_min=56 viol=0 final_head_ok=56 stale=0 zero=0 other=0 scribble=0 rel_spread_max=14904 missing_rows=0 snap=0 rc=0
ROUND variant=A8_setV_close run=4 round=0 headOK_min=56 headOK_max=56 cores_clean=56/56 converged=0
ROUND variant=A8_setV_close run=4 round=1 headOK_min=56 headOK_max=56 cores_clean=56/56 converged=0
ROUND variant=A8_setV_close run=4 round=2 headOK_min=56 headOK_max=56 cores_clean=56/56 converged=0
ROUND variant=A8_setV_close run=4 round=3 headOK_min=56 headOK_max=56 cores_clean=56/56 converged=0
ROUND variant=A8_setV_close run=4 round=4 headOK_min=56 headOK_max=56 cores_clean=56/56 converged=0
ROUND variant=A8_setV_close run=4 round=5 headOK_min=56 headOK_max=56 cores_clean=56/56 converged=0
ROUND variant=A8_setV_close run=4 round=6 headOK_min=56 headOK_max=56 cores_clean=56/56 converged=0
ROUND variant=A8_setV_close run=4 round=7 headOK_min=56 headOK_max=56 cores_clean=56/56 converged=0
ROUND variant=A8_setV_close run=4 round=8 headOK_min=56 headOK_max=56 cores_clean=56/56 converged=0
ROUND variant=A8_setV_close run=4 round=9 headOK_min=56 headOK_max=56 cores_clean=56/56 converged=0
ROUND variant=A8_setV_close run=4 round=10 headOK_min=56 headOK_max=56 cores_clean=56/56 converged=0
ROUND variant=A8_setV_close run=4 round=11 headOK_min=56 headOK_max=56 cores_clean=56/56 converged=0
ROUND variant=A8_setV_close run=4 round=12 headOK_min=56 headOK_max=56 cores_clean=56/56 converged=0
ROUND variant=A8_setV_close run=4 round=13 headOK_min=56 headOK_max=56 cores_clean=56/56 converged=0
ROUND variant=A8_setV_close run=4 round=14 headOK_min=56 headOK_max=56 cores_clean=56/56 converged=0
ROUND variant=A8_setV_close run=4 round=15 headOK_min=56 headOK_max=56 cores_clean=56/56 converged=0
COREVIOL variant=A8_setV_close run=4 0,0,0,0,0,0,0,0,0,0,0,0,0,0,0,0,0,0,0,0,0,0,0,0,0,0,0,0,0,0,0,0,0,0,0,0,0,0,0,0,0,0,0,0,0,0,0,0,0,0,0,0,0,0,0,0
CYCLE variant=A8_setV_close run=4 452071389,452072066,452072751,452071624,452071419,452071474,452071550,452071248,452070856,452070909,452072444,452072370,452071860,452072786,452070677,452070948,452071531,452071497,452072616,452072724,452072669,452071828,452072204,452072510,452072395,452072040,452071954,452072489,452072064,452072434,452071690,452071819,452071883,452072404,452072134,452072342,452072012,452071607,452070320,452070666,452071870,452072202,452072318,452070804,452071715,452072225,452071214,452071314,452072094,452072172,452070404,452070723,452071746,452070530,452072294,452071912
SUMMARY variant=A8_setV_close run=5 vi=8 bk=5 ck=1 dk=2 fk=1 st=16 wl=64 sep=0 rounds=16 naiv=56 blocks=28 cores_clean=56/56 core_round_clean=896/896 rounds_clean=16/16 headOK_min=56 viol=0 final_head_ok=56 stale=0 zero=0 other=0 scribble=0 rel_spread_max=15508 missing_rows=0 snap=0 rc=0
ROUND variant=A8_setV_close run=5 round=0 headOK_min=56 headOK_max=56 cores_clean=56/56 converged=0
ROUND variant=A8_setV_close run=5 round=1 headOK_min=56 headOK_max=56 cores_clean=56/56 converged=0
ROUND variant=A8_setV_close run=5 round=2 headOK_min=56 headOK_max=56 cores_clean=56/56 converged=0
ROUND variant=A8_setV_close run=5 round=3 headOK_min=56 headOK_max=56 cores_clean=56/56 converged=0
ROUND variant=A8_setV_close run=5 round=4 headOK_min=56 headOK_max=56 cores_clean=56/56 converged=0
ROUND variant=A8_setV_close run=5 round=5 headOK_min=56 headOK_max=56 cores_clean=56/56 converged=0
ROUND variant=A8_setV_close run=5 round=6 headOK_min=56 headOK_max=56 cores_clean=56/56 converged=0
ROUND variant=A8_setV_close run=5 round=7 headOK_min=56 headOK_max=56 cores_clean=56/56 converged=0
ROUND variant=A8_setV_close run=5 round=8 headOK_min=56 headOK_max=56 cores_clean=56/56 converged=0
ROUND variant=A8_setV_close run=5 round=9 headOK_min=56 headOK_max=56 cores_clean=56/56 converged=0
ROUND variant=A8_setV_close run=5 round=10 headOK_min=56 headOK_max=56 cores_clean=56/56 converged=0
ROUND variant=A8_setV_close run=5 round=11 headOK_min=56 headOK_max=56 cores_clean=56/56 converged=0
ROUND variant=A8_setV_close run=5 round=12 headOK_min=56 headOK_max=56 cores_clean=56/56 converged=0
ROUND variant=A8_setV_close run=5 round=13 headOK_min=56 headOK_max=56 cores_clean=56/56 converged=0
ROUND variant=A8_setV_close run=5 round=14 headOK_min=56 headOK_max=56 cores_clean=56/56 converged=0
ROUND variant=A8_setV_close run=5 round=15 headOK_min=56 headOK_max=56 cores_clean=56/56 converged=0
COREVIOL variant=A8_setV_close run=5 0,0,0,0,0,0,0,0,0,0,0,0,0,0,0,0,0,0,0,0,0,0,0,0,0,0,0,0,0,0,0,0,0,0,0,0,0,0,0,0,0,0,0,0,0,0,0,0,0,0,0,0,0,0,0,0
CYCLE variant=A8_setV_close run=5 -976693600,-976693829,-976693245,-976692558,-976693452,-976693552,-976692353,-976692637,-976692437,-976692384,-976692872,-976693101,-976693351,-976692298,-976692688,-976693324,-976693681,-976693655,-976693377,-976692271,-976693166,-976692834,-976694289,-976694110,-976693044,-976692763,-976694141,-976692409,-976695229,-976695221,-976693749,-976693927,-976694678,-976694508,-976694729,-976694430,-976694023,-976695207,-976695211,-976695207,-976693804,-976693537,-976693563,-976694966,-976694082,-976694704,-976694483,-976694358,-976694309,-976694940,-976694658,-976694589,-976693648,-976694057,-976693774,-976693875
SUMMARY variant=A8_setV_close run=6 vi=8 bk=5 ck=1 dk=2 fk=1 st=16 wl=64 sep=0 rounds=16 naiv=56 blocks=28 cores_clean=56/56 core_round_clean=896/896 rounds_clean=16/16 headOK_min=56 viol=0 final_head_ok=56 stale=0 zero=0 other=0 scribble=0 rel_spread_max=15288 missing_rows=0 snap=0 rc=0
ROUND variant=A8_setV_close run=6 round=0 headOK_min=56 headOK_max=56 cores_clean=56/56 converged=0
ROUND variant=A8_setV_close run=6 round=1 headOK_min=56 headOK_max=56 cores_clean=56/56 converged=0
ROUND variant=A8_setV_close run=6 round=2 headOK_min=56 headOK_max=56 cores_clean=56/56 converged=0
ROUND variant=A8_setV_close run=6 round=3 headOK_min=56 headOK_max=56 cores_clean=56/56 converged=0
ROUND variant=A8_setV_close run=6 round=4 headOK_min=56 headOK_max=56 cores_clean=56/56 converged=0
ROUND variant=A8_setV_close run=6 round=5 headOK_min=56 headOK_max=56 cores_clean=56/56 converged=0
ROUND variant=A8_setV_close run=6 round=6 headOK_min=56 headOK_max=56 cores_clean=56/56 converged=0
ROUND variant=A8_setV_close run=6 round=7 headOK_min=56 headOK_max=56 cores_clean=56/56 converged=0
ROUND variant=A8_setV_close run=6 round=8 headOK_min=56 headOK_max=56 cores_clean=56/56 converged=0
ROUND variant=A8_setV_close run=6 round=9 headOK_min=56 headOK_max=56 cores_clean=56/56 converged=0
ROUND variant=A8_setV_close run=6 round=10 headOK_min=56 headOK_max=56 cores_clean=56/56 converged=0
ROUND variant=A8_setV_close run=6 round=11 headOK_min=56 headOK_max=56 cores_clean=56/56 converged=0
ROUND variant=A8_setV_close run=6 round=12 headOK_min=56 headOK_max=56 cores_clean=56/56 converged=0
ROUND variant=A8_setV_close run=6 round=13 headOK_min=56 headOK_max=56 cores_clean=56/56 converged=0
ROUND variant=A8_setV_close run=6 round=14 headOK_min=56 headOK_max=56 cores_clean=56/56 converged=0
ROUND variant=A8_setV_close run=6 round=15 headOK_min=56 headOK_max=56 cores_clean=56/56 converged=0
COREVIOL variant=A8_setV_close run=6 0,0,0,0,0,0,0,0,0,0,0,0,0,0,0,0,0,0,0,0,0,0,0,0,0,0,0,0,0,0,0,0,0,0,0,0,0,0,0,0,0,0,0,0,0,0,0,0,0,0,0,0,0,0,0,0
CYCLE variant=A8_setV_close run=6 1912848942,1912848893,1912848442,1912848361,1912849199,1912849047,1912849089,1912849345,1912848749,1912848724,1912848868,1912849121,1912849908,1912849963,1912850008,1912849981,1912848000,1912847973,1912848175,1912848094,1912849394,1912849726,1912848407,1912848544,1912849655,1912849682,1912849596,1912849520,1912847738,1912847758,1912849503,1912847922,1912849204,1912849357,1912848087,1912847748,1912848545,1912848673,1912847749,1912848384,1912847974,1912848213,1912847739,1912849280,1912849138,1912849241,1912848428,1912849461,1912848364,1912847745,1912848781,1912848832,1912849016,1912849423,1912848571,1912849551
SUMMARY variant=A8_setV_close run=7 vi=8 bk=5 ck=1 dk=2 fk=1 st=16 wl=64 sep=0 rounds=16 naiv=56 blocks=28 cores_clean=56/56 core_round_clean=896/896 rounds_clean=16/16 headOK_min=56 viol=0 final_head_ok=56 stale=0 zero=0 other=0 scribble=0 rel_spread_max=15465 missing_rows=0 snap=0 rc=0
ROUND variant=A8_setV_close run=7 round=0 headOK_min=56 headOK_max=56 cores_clean=56/56 converged=0
ROUND variant=A8_setV_close run=7 round=1 headOK_min=56 headOK_max=56 cores_clean=56/56 converged=0
ROUND variant=A8_setV_close run=7 round=2 headOK_min=56 headOK_max=56 cores_clean=56/56 converged=0
ROUND variant=A8_setV_close run=7 round=3 headOK_min=56 headOK_max=56 cores_clean=56/56 converged=0
ROUND variant=A8_setV_close run=7 round=4 headOK_min=56 headOK_max=56 cores_clean=56/56 converged=0
ROUND variant=A8_setV_close run=7 round=5 headOK_min=56 headOK_max=56 cores_clean=56/56 converged=0
ROUND variant=A8_setV_close run=7 round=6 headOK_min=56 headOK_max=56 cores_clean=56/56 converged=0
ROUND variant=A8_setV_close run=7 round=7 headOK_min=56 headOK_max=56 cores_clean=56/56 converged=0
ROUND variant=A8_setV_close run=7 round=8 headOK_min=56 headOK_max=56 cores_clean=56/56 converged=0
ROUND variant=A8_setV_close run=7 round=9 headOK_min=56 headOK_max=56 cores_clean=56/56 converged=0
ROUND variant=A8_setV_close run=7 round=10 headOK_min=56 headOK_max=56 cores_clean=56/56 converged=0
ROUND variant=A8_setV_close run=7 round=11 headOK_min=56 headOK_max=56 cores_clean=56/56 converged=0
ROUND variant=A8_setV_close run=7 round=12 headOK_min=56 headOK_max=56 cores_clean=56/56 converged=0
ROUND variant=A8_setV_close run=7 round=13 headOK_min=56 headOK_max=56 cores_clean=56/56 converged=0
ROUND variant=A8_setV_close run=7 round=14 headOK_min=56 headOK_max=56 cores_clean=56/56 converged=0
ROUND variant=A8_setV_close run=7 round=15 headOK_min=56 headOK_max=56 cores_clean=56/56 converged=0
COREVIOL variant=A8_setV_close run=7 0,0,0,0,0,0,0,0,0,0,0,0,0,0,0,0,0,0,0,0,0,0,0,0,0,0,0,0,0,0,0,0,0,0,0,0,0,0,0,0,0,0,0,0,0,0,0,0,0,0,0,0,0,0,0,0
CYCLE variant=A8_setV_close run=7 -84134710,-84134684,-84134334,-84134386,-84136049,-84136132,-84134435,-84136197,-84134857,-84134346,-84135502,-84134404,-84134533,-84134456,-84134286,-84134146,-84135451,-84135990,-84135261,-84135107,-84135080,-84135181,-84135954,-84134982,-84134761,-84135526,-84135005,-84135689,-84135221,-84135999,-84134412,-84135653,-84135069,-84134737,-84135099,-84134971,-84134606,-84134913,-84136076,-84135711,-84136479,-84136342,-84134531,-84134392,-84134574,-84134467,-84135200,-84134765,-84136246,-84136448,-84135832,-84136122,-84134849,-84135623,-84135688,-84134502
SUMMARY variant=A8_setV_close run=8 vi=8 bk=5 ck=1 dk=2 fk=1 st=16 wl=64 sep=0 rounds=16 naiv=56 blocks=28 cores_clean=56/56 core_round_clean=896/896 rounds_clean=16/16 headOK_min=56 viol=0 final_head_ok=56 stale=0 zero=0 other=0 scribble=0 rel_spread_max=19492 missing_rows=0 snap=0 rc=0
ROUND variant=A8_setV_close run=8 round=0 headOK_min=56 headOK_max=56 cores_clean=56/56 converged=0
ROUND variant=A8_setV_close run=8 round=1 headOK_min=56 headOK_max=56 cores_clean=56/56 converged=0
ROUND variant=A8_setV_close run=8 round=2 headOK_min=56 headOK_max=56 cores_clean=56/56 converged=0
ROUND variant=A8_setV_close run=8 round=3 headOK_min=56 headOK_max=56 cores_clean=56/56 converged=0
ROUND variant=A8_setV_close run=8 round=4 headOK_min=56 headOK_max=56 cores_clean=56/56 converged=0
ROUND variant=A8_setV_close run=8 round=5 headOK_min=56 headOK_max=56 cores_clean=56/56 converged=0
ROUND variant=A8_setV_close run=8 round=6 headOK_min=56 headOK_max=56 cores_clean=56/56 converged=0
ROUND variant=A8_setV_close run=8 round=7 headOK_min=56 headOK_max=56 cores_clean=56/56 converged=0
ROUND variant=A8_setV_close run=8 round=8 headOK_min=56 headOK_max=56 cores_clean=56/56 converged=0
ROUND variant=A8_setV_close run=8 round=9 headOK_min=56 headOK_max=56 cores_clean=56/56 converged=0
ROUND variant=A8_setV_close run=8 round=10 headOK_min=56 headOK_max=56 cores_clean=56/56 converged=0
ROUND variant=A8_setV_close run=8 round=11 headOK_min=56 headOK_max=56 cores_clean=56/56 converged=0
ROUND variant=A8_setV_close run=8 round=12 headOK_min=56 headOK_max=56 cores_clean=56/56 converged=0
ROUND variant=A8_setV_close run=8 round=13 headOK_min=56 headOK_max=56 cores_clean=56/56 converged=0
ROUND variant=A8_setV_close run=8 round=14 headOK_min=56 headOK_max=56 cores_clean=56/56 converged=0
ROUND variant=A8_setV_close run=8 round=15 headOK_min=56 headOK_max=56 cores_clean=56/56 converged=0
COREVIOL variant=A8_setV_close run=8 0,0,0,0,0,0,0,0,0,0,0,0,0,0,0,0,0,0,0,0,0,0,0,0,0,0,0,0,0,0,0,0,0,0,0,0,0,0,0,0,0,0,0,0,0,0,0,0,0,0,0,0,0,0,0,0
CYCLE variant=A8_setV_close run=8 -1648382450,-1648382685,-1648382110,-1648382157,-1648382665,-1648382191,-1648383013,-1648382798,-1648382764,-1648382148,-1648383611,-1648383067,-1648382568,-1648382402,-1648382534,-1648382226,-1648382310,-1648382096,-1648383036,-1648382323,-1648383258,-1648382820,-1648383878,-1648383877,-1648383882,-1648383763,-1648382418,-1648382369,-1648381747,-1648381584,-1648380584,-1648380748,-1648381632,-1648380903,-1648381480,-1648381456,-1648381361,-1648380068,-1648380043,-1648380530,-1648381082,-1648380657,-1648380268,-1648380692,-1648381701,-1648380772,-1648380289,-1648380219,-1648380133,-1648380179,-1648380418,-1648380984,-1648380730,-1648381523,-1648381971,-1648381892
SUMMARY variant=A8_setV_close run=9 vi=8 bk=5 ck=1 dk=2 fk=1 st=16 wl=64 sep=0 rounds=16 naiv=56 blocks=28 cores_clean=56/56 core_round_clean=896/896 rounds_clean=16/16 headOK_min=56 viol=0 final_head_ok=56 stale=0 zero=0 other=0 scribble=0 rel_spread_max=18704 missing_rows=0 snap=0 rc=0
ROUND variant=A8_setV_close run=9 round=0 headOK_min=56 headOK_max=56 cores_clean=56/56 converged=0
ROUND variant=A8_setV_close run=9 round=1 headOK_min=56 headOK_max=56 cores_clean=56/56 converged=0
ROUND variant=A8_setV_close run=9 round=2 headOK_min=56 headOK_max=56 cores_clean=56/56 converged=0
ROUND variant=A8_setV_close run=9 round=3 headOK_min=56 headOK_max=56 cores_clean=56/56 converged=0
ROUND variant=A8_setV_close run=9 round=4 headOK_min=56 headOK_max=56 cores_clean=56/56 converged=0
ROUND variant=A8_setV_close run=9 round=5 headOK_min=56 headOK_max=56 cores_clean=56/56 converged=0
ROUND variant=A8_setV_close run=9 round=6 headOK_min=56 headOK_max=56 cores_clean=56/56 converged=0
ROUND variant=A8_setV_close run=9 round=7 headOK_min=56 headOK_max=56 cores_clean=56/56 converged=0
ROUND variant=A8_setV_close run=9 round=8 headOK_min=56 headOK_max=56 cores_clean=56/56 converged=0
ROUND variant=A8_setV_close run=9 round=9 headOK_min=56 headOK_max=56 cores_clean=56/56 converged=0
ROUND variant=A8_setV_close run=9 round=10 headOK_min=56 headOK_max=56 cores_clean=56/56 converged=0
ROUND variant=A8_setV_close run=9 round=11 headOK_min=56 headOK_max=56 cores_clean=56/56 converged=0
ROUND variant=A8_setV_close run=9 round=12 headOK_min=56 headOK_max=56 cores_clean=56/56 converged=0
ROUND variant=A8_setV_close run=9 round=13 headOK_min=56 headOK_max=56 cores_clean=56/56 converged=0
ROUND variant=A8_setV_close run=9 round=14 headOK_min=56 headOK_max=56 cores_clean=56/56 converged=0
ROUND variant=A8_setV_close run=9 round=15 headOK_min=56 headOK_max=56 cores_clean=56/56 converged=0
COREVIOL variant=A8_setV_close run=9 0,0,0,0,0,0,0,0,0,0,0,0,0,0,0,0,0,0,0,0,0,0,0,0,0,0,0,0,0,0,0,0,0,0,0,0,0,0,0,0,0,0,0,0,0,0,0,0,0,0,0,0,0,0,0,0
CYCLE variant=A8_setV_close run=9 1215077273,1215077248,1215077590,1215076127,1215075823,1215076766,1215077622,1215077191,1215076434,1215076486,1215076839,1215076401,1215076812,1215076941,1215075775,1215075799,1215077018,1215077517,1215077035,1215076882,1215076237,1215077292,1215076979,1215075807,1215077171,1215076454,1215077702,1215077757,1215078858,1215078808,1215079465,1215079492,1215077947,1215077843,1215078520,1215078597,1215078125,1215078680,1215077869,1215078426,1215078462,1215078334,1215077973,1215077892,1215079301,1215078383,1215079033,1215079161,1215077447,1215077479,1215079326,1215079518,1215079204,1215078924,1215078074,1215078102
