SUMMARY variant=B1_geom_align4 run=1 vi=27 bk=1 ck=1 dk=2 fk=1 st=8 wl=4 sep=0 rounds=16 naiv=56 blocks=28 cores_clean=56/56 core_round_clean=896/896 rounds_clean=16/16 headOK_min=56 viol=0 final_head_ok=56 stale=0 zero=0 other=0 scribble=0 rel_spread_max=31449 missing_rows=0 snap=0 rc=0 negctrl_selfonly=0 viol_under_selfonly_criterion=0
ROUND variant=B1_geom_align4 run=1 round=0 headOK_min=56 headOK_max=56 cores_clean=56/56 converged=0
ROUND variant=B1_geom_align4 run=1 round=1 headOK_min=56 headOK_max=56 cores_clean=56/56 converged=0
ROUND variant=B1_geom_align4 run=1 round=2 headOK_min=56 headOK_max=56 cores_clean=56/56 converged=0
ROUND variant=B1_geom_align4 run=1 round=3 headOK_min=56 headOK_max=56 cores_clean=56/56 converged=0
ROUND variant=B1_geom_align4 run=1 round=4 headOK_min=56 headOK_max=56 cores_clean=56/56 converged=0
ROUND variant=B1_geom_align4 run=1 round=5 headOK_min=56 headOK_max=56 cores_clean=56/56 converged=0
ROUND variant=B1_geom_align4 run=1 round=6 headOK_min=56 headOK_max=56 cores_clean=56/56 converged=0
ROUND variant=B1_geom_align4 run=1 round=7 headOK_min=56 headOK_max=56 cores_clean=56/56 converged=0
ROUND variant=B1_geom_align4 run=1 round=8 headOK_min=56 headOK_max=56 cores_clean=56/56 converged=0
ROUND variant=B1_geom_align4 run=1 round=9 headOK_min=56 headOK_max=56 cores_clean=56/56 converged=0
ROUND variant=B1_geom_align4 run=1 round=10 headOK_min=56 headOK_max=56 cores_clean=56/56 converged=0
ROUND variant=B1_geom_align4 run=1 round=11 headOK_min=56 headOK_max=56 cores_clean=56/56 converged=0
ROUND variant=B1_geom_align4 run=1 round=12 headOK_min=56 headOK_max=56 cores_clean=56/56 converged=0
ROUND variant=B1_geom_align4 run=1 round=13 headOK_min=56 headOK_max=56 cores_clean=56/56 converged=0
ROUND variant=B1_geom_align4 run=1 round=14 headOK_min=56 headOK_max=56 cores_clean=56/56 converged=0
ROUND variant=B1_geom_align4 run=1 round=15 headOK_min=56 headOK_max=56 cores_clean=56/56 converged=0
COREVIOL variant=B1_geom_align4 run=1 0,0,0,0,0,0,0,0,0,0,0,0,0,0,0,0,0,0,0,0,0,0,0,0,0,0,0,0,0,0,0,0,0,0,0,0,0,0,0,0,0,0,0,0,0,0,0,0,0,0,0,0,0,0,0,0
CYCLE variant=B1_geom_align4 run=1 -1366079551,-1366079547,-1366077939,-1366078015,-1366079093,-1366079063,-1366079177,-1366077691,-1366079451,-1366078511,-1366078110,-1366078543,-1366077715,-1366078391,-1366078503,-1366078222,-1366078160,-1366078057,-1366078578,-1366078603,-1366077774,-1366078421,-1366079547,-1366079550,-1366078314,-1366078440,-1366077750,-1366078144,-1366076910,-1366077482,-1366077301,-1366076850,-1366076097,-1366076963,-1366075807,-1366077141,-1366075830,-1366075992,-1366076324,-1366075913,-1366076570,-1366076722,-1366076377,-1366076454,-1366077004,-1366075933,-1366076534,-1366076787,-1366075852,-1366075960,-1366076497,-1366076979,-1366077694,-1366077669,-1366077506,-1366077456
SUMMARY variant=B1_geom_align4 run=2 vi=27 bk=1 ck=1 dk=2 fk=1 st=8 wl=4 sep=0 rounds=16 naiv=56 blocks=28 cores_clean=56/56 core_round_clean=896/896 rounds_clean=16/16 headOK_min=56 viol=0 final_head_ok=56 stale=0 zero=0 other=0 scribble=0 rel_spread_max=14779 missing_rows=0 snap=0 rc=0 negctrl_selfonly=0 viol_under_selfonly_criterion=0
ROUND variant=B1_geom_align4 run=2 round=0 headOK_min=56 headOK_max=56 cores_clean=56/56 converged=0
ROUND variant=B1_geom_align4 run=2 round=1 headOK_min=56 headOK_max=56 cores_clean=56/56 converged=0
ROUND variant=B1_geom_align4 run=2 round=2 headOK_min=56 headOK_max=56 cores_clean=56/56 converged=0
ROUND variant=B1_geom_align4 run=2 round=3 headOK_min=56 headOK_max=56 cores_clean=56/56 converged=0
ROUND variant=B1_geom_align4 run=2 round=4 headOK_min=56 headOK_max=56 cores_clean=56/56 converged=0
ROUND variant=B1_geom_align4 run=2 round=5 headOK_min=56 headOK_max=56 cores_clean=56/56 converged=0
ROUND variant=B1_geom_align4 run=2 round=6 headOK_min=56 headOK_max=56 cores_clean=56/56 converged=0
ROUND variant=B1_geom_align4 run=2 round=7 headOK_min=56 headOK_max=56 cores_clean=56/56 converged=0
ROUND variant=B1_geom_align4 run=2 round=8 headOK_min=56 headOK_max=56 cores_clean=56/56 converged=0
ROUND variant=B1_geom_align4 run=2 round=9 headOK_min=56 headOK_max=56 cores_clean=56/56 converged=0
ROUND variant=B1_geom_align4 run=2 round=10 headOK_min=56 headOK_max=56 cores_clean=56/56 converged=0
ROUND variant=B1_geom_align4 run=2 round=11 headOK_min=56 headOK_max=56 cores_clean=56/56 converged=0
ROUND variant=B1_geom_align4 run=2 round=12 headOK_min=56 headOK_max=56 cores_clean=56/56 converged=0
ROUND variant=B1_geom_align4 run=2 round=13 headOK_min=56 headOK_max=56 cores_clean=56/56 converged=0
ROUND variant=B1_geom_align4 run=2 round=14 headOK_min=56 headOK_max=56 cores_clean=56/56 converged=0
ROUND variant=B1_geom_align4 run=2 round=15 headOK_min=56 headOK_max=56 cores_clean=56/56 converged=0
COREVIOL variant=B1_geom_align4 run=2 0,0,0,0,0,0,0,0,0,0,0,0,0,0,0,0,0,0,0,0,0,0,0,0,0,0,0,0,0,0,0,0,0,0,0,0,0,0,0,0,0,0,0,0,0,0,0,0,0,0,0,0,0,0,0,0
CYCLE variant=B1_geom_align4 run=2 506209551,506210634,506210513,506209452,506209575,506210157,506209912,506210393,506209397,506210484,506210670,506210718,506210747,506210653,506210133,506210008,506210602,506210106,506210462,506210793,506209506,506209967,506208887,506209159,506210442,506210560,506209864,506210086,506210164,506209549,506208556,506209231,506209621,506209088,506208568,506208696,506208622,506209023,506208553,506208659,506209853,506209499,506210188,506210212,506210021,506209999,506209527,506209330,506208867,506209208,506208761,506209948,506208557,506209832,506210240,506209977
SUMMARY variant=B1_geom_align4 run=3 vi=27 bk=1 ck=1 dk=2 fk=1 st=8 wl=4 sep=0 rounds=16 naiv=56 blocks=28 cores_clean=56/56 core_round_clean=896/896 rounds_clean=16/16 headOK_min=56 viol=0 final_head_ok=56 stale=0 zero=0 other=0 scribble=0 rel_spread_max=15375 missing_rows=0 snap=0 rc=0 negctrl_selfonly=0 viol_under_selfonly_criterion=0
ROUND variant=B1_geom_align4 run=3 round=0 headOK_min=56 headOK_max=56 cores_clean=56/56 converged=0
ROUND variant=B1_geom_align4 run=3 round=1 headOK_min=56 headOK_max=56 cores_clean=56/56 converged=0
ROUND variant=B1_geom_align4 run=3 round=2 headOK_min=56 headOK_max=56 cores_clean=56/56 converged=0
ROUND variant=B1_geom_align4 run=3 round=3 headOK_min=56 headOK_max=56 cores_clean=56/56 converged=0
ROUND variant=B1_geom_align4 run=3 round=4 headOK_min=56 headOK_max=56 cores_clean=56/56 converged=0
ROUND variant=B1_geom_align4 run=3 round=5 headOK_min=56 headOK_max=56 cores_clean=56/56 converged=0
ROUND variant=B1_geom_align4 run=3 round=6 headOK_min=56 headOK_max=56 cores_clean=56/56 converged=0
ROUND variant=B1_geom_align4 run=3 round=7 headOK_min=56 headOK_max=56 cores_clean=56/56 converged=0
ROUND variant=B1_geom_align4 run=3 round=8 headOK_min=56 headOK_max=56 cores_clean=56/56 converged=0
ROUND variant=B1_geom_align4 run=3 round=9 headOK_min=56 headOK_max=56 cores_clean=56/56 converged=0
ROUND variant=B1_geom_align4 run=3 round=10 headOK_min=56 headOK_max=56 cores_clean=56/56 converged=0
ROUND variant=B1_geom_align4 run=3 round=11 headOK_min=56 headOK_max=56 cores_clean=56/56 converged=0
ROUND variant=B1_geom_align4 run=3 round=12 headOK_min=56 headOK_max=56 cores_clean=56/56 converged=0
ROUND variant=B1_geom_align4 run=3 round=13 headOK_min=56 headOK_max=56 cores_clean=56/56 converged=0
ROUND variant=B1_geom_align4 run=3 round=14 headOK_min=56 headOK_max=56 cores_clean=56/56 converged=0
ROUND variant=B1_geom_align4 run=3 round=15 headOK_min=56 headOK_max=56 cores_clean=56/56 converged=0
COREVIOL variant=B1_geom_align4 run=3 0,0,0,0,0,0,0,0,0,0,0,0,0,0,0,0,0,0,0,0,0,0,0,0,0,0,0,0,0,0,0,0,0,0,0,0,0,0,0,0,0,0,0,0,0,0,0,0,0,0,0,0,0,0,0,0
CYCLE variant=B1_geom_align4 run=3 1497567611,1497567685,1497568992,1497569017,1497567191,1497567706,1497569062,1497568966,1497568089,1497568354,1497567856,1497567299,1497568672,1497568696,1497567916,1497568035,1497568886,1497568839,1497568489,1497568561,1497567839,1497567645,1497567182,1497567129,1497568795,1497568436,1497568082,1497568250,1497566739,1497568207,1497567698,1497568416,1497567922,1497568376,1497568476,1497567003,1497568723,1497567967,1497567318,1497567754,1497567505,1497566900,1497567944,1497567613,1497567580,1497567627,1497568160,1497568694,1497567186,1497567438,1497567360,1497568655,1497568096,1497567276,1497568637,1497568588
SUMMARY variant=B1_geom_align4 run=4 vi=27 bk=1 ck=1 dk=2 fk=1 st=8 wl=4 sep=0 rounds=16 naiv=56 blocks=28 cores_clean=56/56 core_round_clean=896/896 rounds_clean=16/16 headOK_min=56 viol=0 final_head_ok=56 stale=0 zero=0 other=0 scribble=0 rel_spread_max=15617 missing_rows=0 snap=0 rc=0 negctrl_selfonly=0 viol_under_selfonly_criterion=0
ROUND variant=B1_geom_align4 run=4 round=0 headOK_min=56 headOK_max=56 cores_clean=56/56 converged=0
ROUND variant=B1_geom_align4 run=4 round=1 headOK_min=56 headOK_max=56 cores_clean=56/56 converged=0
ROUND variant=B1_geom_align4 run=4 round=2 headOK_min=56 headOK_max=56 cores_clean=56/56 converged=0
ROUND variant=B1_geom_align4 run=4 round=3 headOK_min=56 headOK_max=56 cores_clean=56/56 converged=0
ROUND variant=B1_geom_align4 run=4 round=4 headOK_min=56 headOK_max=56 cores_clean=56/56 converged=0
ROUND variant=B1_geom_align4 run=4 round=5 headOK_min=56 headOK_max=56 cores_clean=56/56 converged=0
ROUND variant=B1_geom_align4 run=4 round=6 headOK_min=56 headOK_max=56 cores_clean=56/56 converged=0
ROUND variant=B1_geom_align4 run=4 round=7 headOK_min=56 headOK_max=56 cores_clean=56/56 converged=0
ROUND variant=B1_geom_align4 run=4 round=8 headOK_min=56 headOK_max=56 cores_clean=56/56 converged=0
ROUND variant=B1_geom_align4 run=4 round=9 headOK_min=56 headOK_max=56 cores_clean=56/56 converged=0
ROUND variant=B1_geom_align4 run=4 round=10 headOK_min=56 headOK_max=56 cores_clean=56/56 converged=0
ROUND variant=B1_geom_align4 run=4 round=11 headOK_min=56 headOK_max=56 cores_clean=56/56 converged=0
ROUND variant=B1_geom_align4 run=4 round=12 headOK_min=56 headOK_max=56 cores_clean=56/56 converged=0
ROUND variant=B1_geom_align4 run=4 round=13 headOK_min=56 headOK_max=56 cores_clean=56/56 converged=0
ROUND variant=B1_geom_align4 run=4 round=14 headOK_min=56 headOK_max=56 cores_clean=56/56 converged=0
ROUND variant=B1_geom_align4 run=4 round=15 headOK_min=56 headOK_max=56 cores_clean=56/56 converged=0
COREVIOL variant=B1_geom_align4 run=4 0,0,0,0,0,0,0,0,0,0,0,0,0,0,0,0,0,0,0,0,0,0,0,0,0,0,0,0,0,0,0,0,0,0,0,0,0,0,0,0,0,0,0,0,0,0,0,0,0,0,0,0,0,0,0,0
CYCLE variant=B1_geom_align4 run=4 1432187023,1432186541,1432187244,1432187143,1432187127,1432186949,1432186508,1432186738,1432186622,1432186851,1432187409,1432186286,1432186793,1432187381,1432186349,1432186910,1432185923,1432187203,1432187457,1432187065,1432187041,1432186051,1432185352,1432185386,1432187278,1432186438,1432187484,1432186963,1432186665,1432186793,1432185361,1432185500,1432187234,1432187124,1432185543,1432185092,1432185979,1432185950,1432186919,1432186945,1432186519,1432186777,1432186481,1432186225,1432187271,1432186338,1432186992,1432186453,1432186057,1432186008,1432187054,1432186902,1432185150,1432185212,1432186279,1432185784
SUMMARY variant=B1_geom_align4 run=5 vi=27 bk=1 ck=1 dk=2 fk=1 st=8 wl=4 sep=0 rounds=16 naiv=56 blocks=28 cores_clean=56/56 core_round_clean=896/896 rounds_clean=16/16 headOK_min=56 viol=0 final_head_ok=56 stale=0 zero=0 other=0 scribble=0 rel_spread_max=15893 missing_rows=0 snap=0 rc=0 negctrl_selfonly=0 viol_under_selfonly_criterion=0
ROUND variant=B1_geom_align4 run=5 round=0 headOK_min=56 headOK_max=56 cores_clean=56/56 converged=0
ROUND variant=B1_geom_align4 run=5 round=1 headOK_min=56 headOK_max=56 cores_clean=56/56 converged=0
ROUND variant=B1_geom_align4 run=5 round=2 headOK_min=56 headOK_max=56 cores_clean=56/56 converged=0
ROUND variant=B1_geom_align4 run=5 round=3 headOK_min=56 headOK_max=56 cores_clean=56/56 converged=0
ROUND variant=B1_geom_align4 run=5 round=4 headOK_min=56 headOK_max=56 cores_clean=56/56 converged=0
ROUND variant=B1_geom_align4 run=5 round=5 headOK_min=56 headOK_max=56 cores_clean=56/56 converged=0
ROUND variant=B1_geom_align4 run=5 round=6 headOK_min=56 headOK_max=56 cores_clean=56/56 converged=0
ROUND variant=B1_geom_align4 run=5 round=7 headOK_min=56 headOK_max=56 cores_clean=56/56 converged=0
ROUND variant=B1_geom_align4 run=5 round=8 headOK_min=56 headOK_max=56 cores_clean=56/56 converged=0
ROUND variant=B1_geom_align4 run=5 round=9 headOK_min=56 headOK_max=56 cores_clean=56/56 converged=0
ROUND variant=B1_geom_align4 run=5 round=10 headOK_min=56 headOK_max=56 cores_clean=56/56 converged=0
ROUND variant=B1_geom_align4 run=5 round=11 headOK_min=56 headOK_max=56 cores_clean=56/56 converged=0
ROUND variant=B1_geom_align4 run=5 round=12 headOK_min=56 headOK_max=56 cores_clean=56/56 converged=0
ROUND variant=B1_geom_align4 run=5 round=13 headOK_min=56 headOK_max=56 cores_clean=56/56 converged=0
ROUND variant=B1_geom_align4 run=5 round=14 headOK_min=56 headOK_max=56 cores_clean=56/56 converged=0
ROUND variant=B1_geom_align4 run=5 round=15 headOK_min=56 headOK_max=56 cores_clean=56/56 converged=0
COREVIOL variant=B1_geom_align4 run=5 0,0,0,0,0,0,0,0,0,0,0,0,0,0,0,0,0,0,0,0,0,0,0,0,0,0,0,0,0,0,0,0,0,0,0,0,0,0,0,0,0,0,0,0,0,0,0,0,0,0,0,0,0,0,0,0
CYCLE variant=B1_geom_align4 run=5 -1788070581,-1788070504,-1788071324,-1788071343,-1788070913,-1788070557,-1788070100,-1788071268,-1788071344,-1788070833,-1788070540,-1788071085,-1788069747,-1788069823,-1788069847,-1788070177,-1788070461,-1788070231,-1788069695,-1788069900,-1788070715,-1788069973,-1788071322,-1788071325,-1788070004,-1788070131,-1788069726,-1788069585,-1788070455,-1788070107,-1788069856,-1788069252,-1788069429,-1788070232,-1788069826,-1788070022,-1788068554,-1788068581,-1788068920,-1788068613,-1788068971,-1788069805,-1788069146,-1788069298,-1788068473,-1788068530,-1788069973,-1788069118,-1788068738,-1788069348,-1788069174,-1788070205,-1788069044,-1788069400,-1788069602,-1788069473
SUMMARY variant=B1_geom_align4 run=6 vi=27 bk=1 ck=1 dk=2 fk=1 st=8 wl=4 sep=0 rounds=16 naiv=56 blocks=28 cores_clean=56/56 core_round_clean=896/896 rounds_clean=16/16 headOK_min=56 viol=0 final_head_ok=56 stale=0 zero=0 other=0 scribble=0 rel_spread_max=15518 missing_rows=0 snap=0 rc=0 negctrl_selfonly=0 viol_under_selfonly_criterion=0
ROUND variant=B1_geom_align4 run=6 round=0 headOK_min=56 headOK_max=56 cores_clean=56/56 converged=0
ROUND variant=B1_geom_align4 run=6 round=1 headOK_min=56 headOK_max=56 cores_clean=56/56 converged=0
ROUND variant=B1_geom_align4 run=6 round=2 headOK_min=56 headOK_max=56 cores_clean=56/56 converged=0
ROUND variant=B1_geom_align4 run=6 round=3 headOK_min=56 headOK_max=56 cores_clean=56/56 converged=0
ROUND variant=B1_geom_align4 run=6 round=4 headOK_min=56 headOK_max=56 cores_clean=56/56 converged=0
ROUND variant=B1_geom_align4 run=6 round=5 headOK_min=56 headOK_max=56 cores_clean=56/56 converged=0
ROUND variant=B1_geom_align4 run=6 round=6 headOK_min=56 headOK_max=56 cores_clean=56/56 converged=0
ROUND variant=B1_geom_align4 run=6 round=7 headOK_min=56 headOK_max=56 cores_clean=56/56 converged=0
ROUND variant=B1_geom_align4 run=6 round=8 headOK_min=56 headOK_max=56 cores_clean=56/56 converged=0
ROUND variant=B1_geom_align4 run=6 round=9 headOK_min=56 headOK_max=56 cores_clean=56/56 converged=0
ROUND variant=B1_geom_align4 run=6 round=10 headOK_min=56 headOK_max=56 cores_clean=56/56 converged=0
ROUND variant=B1_geom_align4 run=6 round=11 headOK_min=56 headOK_max=56 cores_clean=56/56 converged=0
ROUND variant=B1_geom_align4 run=6 round=12 headOK_min=56 headOK_max=56 cores_clean=56/56 converged=0
ROUND variant=B1_geom_align4 run=6 round=13 headOK_min=56 headOK_max=56 cores_clean=56/56 converged=0
ROUND variant=B1_geom_align4 run=6 round=14 headOK_min=56 headOK_max=56 cores_clean=56/56 converged=0
ROUND variant=B1_geom_align4 run=6 round=15 headOK_min=56 headOK_max=56 cores_clean=56/56 converged=0
COREVIOL variant=B1_geom_align4 run=6 0,0,0,0,0,0,0,0,0,0,0,0,0,0,0,0,0,0,0,0,0,0,0,0,0,0,0,0,0,0,0,0,0,0,0,0,0,0,0,0,0,0,0,0,0,0,0,0,0,0,0,0,0,0,0,0
CYCLE variant=B1_geom_align4 run=6 -566598440,-566599177,-566599607,-566599632,-566599827,-566599332,-566599493,-566600219,-566598536,-566598270,-566598668,-566598414,-566598492,-566598798,-566598629,-566599447,-566598388,-566599384,-566598652,-566598316,-566599917,-566598700,-566600726,-566600728,-566599804,-566599855,-566599788,-566600113,-566599980,-566600151,-566598837,-566598970,-566598796,-566598490,-566598393,-566598877,-566599466,-566599318,-566599515,-566600264,-566598911,-566598503,-566599592,-566599345,-566598217,-566598274,-566598544,-566599271,-566599135,-566599287,-566598559,-566599410,-566598185,-566598243,-566598896,-566599029
SUMMARY variant=B1_geom_align4 run=7 vi=27 bk=1 ck=1 dk=2 fk=1 st=8 wl=4 sep=0 rounds=16 naiv=56 blocks=28 cores_clean=56/56 core_round_clean=896/896 rounds_clean=16/16 headOK_min=56 viol=0 final_head_ok=56 stale=0 zero=0 other=0 scribble=0 rel_spread_max=17019 missing_rows=0 snap=0 rc=0 negctrl_selfonly=0 viol_under_selfonly_criterion=0
ROUND variant=B1_geom_align4 run=7 round=0 headOK_min=56 headOK_max=56 cores_clean=56/56 converged=0
ROUND variant=B1_geom_align4 run=7 round=1 headOK_min=56 headOK_max=56 cores_clean=56/56 converged=0
ROUND variant=B1_geom_align4 run=7 round=2 headOK_min=56 headOK_max=56 cores_clean=56/56 converged=0
ROUND variant=B1_geom_align4 run=7 round=3 headOK_min=56 headOK_max=56 cores_clean=56/56 converged=0
ROUND variant=B1_geom_align4 run=7 round=4 headOK_min=56 headOK_max=56 cores_clean=56/56 converged=0
ROUND variant=B1_geom_align4 run=7 round=5 headOK_min=56 headOK_max=56 cores_clean=56/56 converged=0
ROUND variant=B1_geom_align4 run=7 round=6 headOK_min=56 headOK_max=56 cores_clean=56/56 converged=0
ROUND variant=B1_geom_align4 run=7 round=7 headOK_min=56 headOK_max=56 cores_clean=56/56 converged=0
ROUND variant=B1_geom_align4 run=7 round=8 headOK_min=56 headOK_max=56 cores_clean=56/56 converged=0
ROUND variant=B1_geom_align4 run=7 round=9 headOK_min=56 headOK_max=56 cores_clean=56/56 converged=0
ROUND variant=B1_geom_align4 run=7 round=10 headOK_min=56 headOK_max=56 cores_clean=56/56 converged=0
ROUND variant=B1_geom_align4 run=7 round=11 headOK_min=56 headOK_max=56 cores_clean=56/56 converged=0
ROUND variant=B1_geom_align4 run=7 round=12 headOK_min=56 headOK_max=56 cores_clean=56/56 converged=0
ROUND variant=B1_geom_align4 run=7 round=13 headOK_min=56 headOK_max=56 cores_clean=56/56 converged=0
ROUND variant=B1_geom_align4 run=7 round=14 headOK_min=56 headOK_max=56 cores_clean=56/56 converged=0
ROUND variant=B1_geom_align4 run=7 round=15 headOK_min=56 headOK_max=56 cores_clean=56/56 converged=0
COREVIOL variant=B1_geom_align4 run=7 0,0,0,0,0,0,0,0,0,0,0,0,0,0,0,0,0,0,0,0,0,0,0,0,0,0,0,0,0,0,0,0,0,0,0,0,0,0,0,0,0,0,0,0,0,0,0,0,0,0,0,0,0,0,0,0
CYCLE variant=B1_geom_align4 run=7 -479840539,-479838901,-479839683,-479839443,-479840161,-479839042,-479839634,-479839395,-479838990,-479840360,-479839319,-479839011,-479839896,-479839299,-479840028,-479838969,-479838873,-479839924,-479838921,-479839972,-479840569,-479840621,-479840645,-479839510,-479839153,-479838783,-479839176,-479839105,-479839724,-479839648,-479838150,-479837836,-479838861,-479838079,-479838202,-479838604,-479838772,-479837968,-479838177,-479838247,-479838413,-479838744,-479839344,-479837732,-479837895,-479838036,-479838703,-479837790,-479837920,-479838842,-479839596,-479838624,-479838131,-479838438,-479837872,-479838323
SUMMARY variant=B1_geom_align4 run=8 vi=27 bk=1 ck=1 dk=2 fk=1 st=8 wl=4 sep=0 rounds=16 naiv=56 blocks=28 cores_clean=56/56 core_round_clean=896/896 rounds_clean=16/16 headOK_min=56 viol=0 final_head_ok=56 stale=0 zero=0 other=0 scribble=0 rel_spread_max=15754 missing_rows=0 snap=0 rc=0 negctrl_selfonly=0 viol_under_selfonly_criterion=0
ROUND variant=B1_geom_align4 run=8 round=0 headOK_min=56 headOK_max=56 cores_clean=56/56 converged=0
ROUND variant=B1_geom_align4 run=8 round=1 headOK_min=56 headOK_max=56 cores_clean=56/56 converged=0
ROUND variant=B1_geom_align4 run=8 round=2 headOK_min=56 headOK_max=56 cores_clean=56/56 converged=0
ROUND variant=B1_geom_align4 run=8 round=3 headOK_min=56 headOK_max=56 cores_clean=56/56 converged=0
ROUND variant=B1_geom_align4 run=8 round=4 headOK_min=56 headOK_max=56 cores_clean=56/56 converged=0
ROUND variant=B1_geom_align4 run=8 round=5 headOK_min=56 headOK_max=56 cores_clean=56/56 converged=0
ROUND variant=B1_geom_align4 run=8 round=6 headOK_min=56 headOK_max=56 cores_clean=56/56 converged=0
ROUND variant=B1_geom_align4 run=8 round=7 headOK_min=56 headOK_max=56 cores_clean=56/56 converged=0
ROUND variant=B1_geom_align4 run=8 round=8 headOK_min=56 headOK_max=56 cores_clean=56/56 converged=0
ROUND variant=B1_geom_align4 run=8 round=9 headOK_min=56 headOK_max=56 cores_clean=56/56 converged=0
ROUND variant=B1_geom_align4 run=8 round=10 headOK_min=56 headOK_max=56 cores_clean=56/56 converged=0
ROUND variant=B1_geom_align4 run=8 round=11 headOK_min=56 headOK_max=56 cores_clean=56/56 converged=0
ROUND variant=B1_geom_align4 run=8 round=12 headOK_min=56 headOK_max=56 cores_clean=56/56 converged=0
ROUND variant=B1_geom_align4 run=8 round=13 headOK_min=56 headOK_max=56 cores_clean=56/56 converged=0
ROUND variant=B1_geom_align4 run=8 round=14 headOK_min=56 headOK_max=56 cores_clean=56/56 converged=0
ROUND variant=B1_geom_align4 run=8 round=15 headOK_min=56 headOK_max=56 cores_clean=56/56 converged=0
COREVIOL variant=B1_geom_align4 run=8 0,0,0,0,0,0,0,0,0,0,0,0,0,0,0,0,0,0,0,0,0,0,0,0,0,0,0,0,0,0,0,0,0,0,0,0,0,0,0,0,0,0,0,0,0,0,0,0,0,0,0,0,0,0,0,0
CYCLE variant=B1_geom_align4 run=8 143483777,143483625,143482456,143482736,143484191,143484247,143484277,143483093,143484038,143483121,143483863,143484067,143483038,143483751,143483393,143483928,143483319,143482761,143483547,143484108,143483010,143483240,143482324,143482580,143483959,143484086,143482688,143483603,143481876,143481876,143481875,143483972,143483400,143481885,143483938,143483262,143483881,143483672,143482797,143481879,143483916,143481997,143483853,143483600,143483346,143483161,143483799,143483286,143482449,143482019,143483709,143481942,143483757,143483327,143482697,143482748
SUMMARY variant=B1_geom_align4 run=9 vi=27 bk=1 ck=1 dk=2 fk=1 st=8 wl=4 sep=0 rounds=16 naiv=56 blocks=28 cores_clean=56/56 core_round_clean=896/896 rounds_clean=16/16 headOK_min=56 viol=0 final_head_ok=56 stale=0 zero=0 other=0 scribble=0 rel_spread_max=14571 missing_rows=0 snap=0 rc=0 negctrl_selfonly=0 viol_under_selfonly_criterion=0
ROUND variant=B1_geom_align4 run=9 round=0 headOK_min=56 headOK_max=56 cores_clean=56/56 converged=0
ROUND variant=B1_geom_align4 run=9 round=1 headOK_min=56 headOK_max=56 cores_clean=56/56 converged=0
ROUND variant=B1_geom_align4 run=9 round=2 headOK_min=56 headOK_max=56 cores_clean=56/56 converged=0
ROUND variant=B1_geom_align4 run=9 round=3 headOK_min=56 headOK_max=56 cores_clean=56/56 converged=0
ROUND variant=B1_geom_align4 run=9 round=4 headOK_min=56 headOK_max=56 cores_clean=56/56 converged=0
ROUND variant=B1_geom_align4 run=9 round=5 headOK_min=56 headOK_max=56 cores_clean=56/56 converged=0
ROUND variant=B1_geom_align4 run=9 round=6 headOK_min=56 headOK_max=56 cores_clean=56/56 converged=0
ROUND variant=B1_geom_align4 run=9 round=7 headOK_min=56 headOK_max=56 cores_clean=56/56 converged=0
ROUND variant=B1_geom_align4 run=9 round=8 headOK_min=56 headOK_max=56 cores_clean=56/56 converged=0
ROUND variant=B1_geom_align4 run=9 round=9 headOK_min=56 headOK_max=56 cores_clean=56/56 converged=0
ROUND variant=B1_geom_align4 run=9 round=10 headOK_min=56 headOK_max=56 cores_clean=56/56 converged=0
ROUND variant=B1_geom_align4 run=9 round=11 headOK_min=56 headOK_max=56 cores_clean=56/56 converged=0
ROUND variant=B1_geom_align4 run=9 round=12 headOK_min=56 headOK_max=56 cores_clean=56/56 converged=0
ROUND variant=B1_geom_align4 run=9 round=13 headOK_min=56 headOK_max=56 cores_clean=56/56 converged=0
ROUND variant=B1_geom_align4 run=9 round=14 headOK_min=56 headOK_max=56 cores_clean=56/56 converged=0
ROUND variant=B1_geom_align4 run=9 round=15 headOK_min=56 headOK_max=56 cores_clean=56/56 converged=0
COREVIOL variant=B1_geom_align4 run=9 0,0,0,0,0,0,0,0,0,0,0,0,0,0,0,0,0,0,0,0,0,0,0,0,0,0,0,0,0,0,0,0,0,0,0,0,0,0,0,0,0,0,0,0,0,0,0,0,0,0,0,0,0,0,0,0
CYCLE variant=B1_geom_align4 run=9 615013061,615013260,615013921,615014254,615013756,615014017,615014540,615014470,615014865,615014568,615014783,615014214,615013286,615013364,615014398,615014232,615013712,615013635,615013486,615013587,615012935,615013535,615012962,615013194,615014310,615013693,615014813,615014595,615012573,615014046,615014774,615014607,615014114,615015151,615014159,615014459,615014836,615014931,615014697,615012595,615013740,615014795,615014980,615014910,615014283,615015307,615013596,615012585,615013404,615012593,615014486,615013965,615015170,615015280,615014668,615015025
