SUMMARY variant=A20_sepwins run=1 vi=20 bk=1 ck=0 dk=2 fk=1 st=16 wl=64 sep=1 rounds=16 naiv=56 blocks=28 cores_clean=56/56 core_round_clean=896/896 rounds_clean=16/16 headOK_min=56 viol=0 final_head_ok=56 stale=0 zero=0 other=0 scribble=0 rel_spread_max=22092 missing_rows=0 snap=0 rc=0
ROUND variant=A20_sepwins run=1 round=0 headOK_min=56 headOK_max=56 cores_clean=56/56 converged=0
ROUND variant=A20_sepwins run=1 round=1 headOK_min=56 headOK_max=56 cores_clean=56/56 converged=0
ROUND variant=A20_sepwins run=1 round=2 headOK_min=56 headOK_max=56 cores_clean=56/56 converged=0
ROUND variant=A20_sepwins run=1 round=3 headOK_min=56 headOK_max=56 cores_clean=56/56 converged=0
ROUND variant=A20_sepwins run=1 round=4 headOK_min=56 headOK_max=56 cores_clean=56/56 converged=0
ROUND variant=A20_sepwins run=1 round=5 headOK_min=56 headOK_max=56 cores_clean=56/56 converged=0
ROUND variant=A20_sepwins run=1 round=6 headOK_min=56 headOK_max=56 cores_clean=56/56 converged=0
ROUND variant=A20_sepwins run=1 round=7 headOK_min=56 headOK_max=56 cores_clean=56/56 converged=0
ROUND variant=A20_sepwins run=1 round=8 headOK_min=56 headOK_max=56 cores_clean=56/56 converged=0
ROUND variant=A20_sepwins run=1 round=9 headOK_min=56 headOK_max=56 cores_clean=56/56 converged=0
ROUND variant=A20_sepwins run=1 round=10 headOK_min=56 headOK_max=56 cores_clean=56/56 converged=0
ROUND variant=A20_sepwins run=1 round=11 headOK_min=56 headOK_max=56 cores_clean=56/56 converged=0
ROUND variant=A20_sepwins run=1 round=12 headOK_min=56 headOK_max=56 cores_clean=56/56 converged=0
ROUND variant=A20_sepwins run=1 round=13 headOK_min=56 headOK_max=56 cores_clean=56/56 converged=0
ROUND variant=A20_sepwins run=1 round=14 headOK_min=56 headOK_max=56 cores_clean=56/56 converged=0
ROUND variant=A20_sepwins run=1 round=15 headOK_min=56 headOK_max=56 cores_clean=56/56 converged=0
COREVIOL variant=A20_sepwins run=1 0,0,0,0,0,0,0,0,0,0,0,0,0,0,0,0,0,0,0,0,0,0,0,0,0,0,0,0,0,0,0,0,0,0,0,0,0,0,0,0,0,0,0,0,0,0,0,0,0,0,0,0,0,0,0,0
CYCLE variant=A20_sepwins run=1 183029878,183030928,183030776,183030675,183030433,183030002,183030799,183030749,183030975,183030380,183031363,183031524,183031053,183031028,183029444,183029569,183029971,183030582,183031214,183031443,183030487,183031185,183030368,183030571,183030686,183030075,183031417,183031392,183030993,183031835,183030150,183030527,183030422,183031557,183030923,183030457,183031452,183031580,183031146,183032001,183030755,183030631,183031760,183031659,183030707,183031497,183031892,183031253,183029861,183030044,183030183,183030213,183031343,183031625,183031202,183031814
SUMMARY variant=A20_sepwins run=2 vi=20 bk=1 ck=0 dk=2 fk=1 st=16 wl=64 sep=1 rounds=16 naiv=56 blocks=28 cores_clean=56/56 core_round_clean=896/896 rounds_clean=16/16 headOK_min=56 viol=0 final_head_ok=56 stale=0 zero=0 other=0 scribble=0 rel_spread_max=21733 missing_rows=0 snap=0 rc=0
ROUND variant=A20_sepwins run=2 round=0 headOK_min=56 headOK_max=56 cores_clean=56/56 converged=0
ROUND variant=A20_sepwins run=2 round=1 headOK_min=56 headOK_max=56 cores_clean=56/56 converged=0
ROUND variant=A20_sepwins run=2 round=2 headOK_min=56 headOK_max=56 cores_clean=56/56 converged=0
ROUND variant=A20_sepwins run=2 round=3 headOK_min=56 headOK_max=56 cores_clean=56/56 converged=0
ROUND variant=A20_sepwins run=2 round=4 headOK_min=56 headOK_max=56 cores_clean=56/56 converged=0
ROUND variant=A20_sepwins run=2 round=5 headOK_min=56 headOK_max=56 cores_clean=56/56 converged=0
ROUND variant=A20_sepwins run=2 round=6 headOK_min=56 headOK_max=56 cores_clean=56/56 converged=0
ROUND variant=A20_sepwins run=2 round=7 headOK_min=56 headOK_max=56 cores_clean=56/56 converged=0
ROUND variant=A20_sepwins run=2 round=8 headOK_min=56 headOK_max=56 cores_clean=56/56 converged=0
ROUND variant=A20_sepwins run=2 round=9 headOK_min=56 headOK_max=56 cores_clean=56/56 converged=0
ROUND variant=A20_sepwins run=2 round=10 headOK_min=56 headOK_max=56 cores_clean=56/56 converged=0
ROUND variant=A20_sepwins run=2 round=11 headOK_min=56 headOK_max=56 cores_clean=56/56 converged=0
ROUND variant=A20_sepwins run=2 round=12 headOK_min=56 headOK_max=56 cores_clean=56/56 converged=0
ROUND variant=A20_sepwins run=2 round=13 headOK_min=56 headOK_max=56 cores_clean=56/56 converged=0
ROUND variant=A20_sepwins run=2 round=14 headOK_min=56 headOK_max=56 cores_clean=56/56 converged=0
ROUND variant=A20_sepwins run=2 round=15 headOK_min=56 headOK_max=56 cores_clean=56/56 converged=0
COREVIOL variant=A20_sepwins run=2 0,0,0,0,0,0,0,0,0,0,0,0,0,0,0,0,0,0,0,0,0,0,0,0,0,0,0,0,0,0,0,0,0,0,0,0,0,0,0,0,0,0,0,0,0,0,0,0,0,0,0,0,0,0,0,0
CYCLE variant=A20_sepwins run=2 1949251393,1949252487,1949252520,1949252826,1949252941,1949252891,1949253113,1949252314,1949251598,1949252861,1949252968,1949252206,1949251628,1949252531,1949250995,1949251050,1949252173,1949251491,1949252743,1949252794,1949251970,1949251684,1949252059,1949251929,1949252761,1949252634,1949253056,1949253137,1949253612,1949252079,1949253740,1949253795,1949252055,1949252825,1949253516,1949251796,1949253458,1949253637,1949252319,1949252244,1949252533,1949252864,1949253257,1949253487,1949253426,1949252917,1949251977,1949251895,1949251860,1949251943,1949253000,1949252950,1949253325,1949253580,1949252348,1949252499
SUMMARY variant=A20_sepwins run=3 vi=20 bk=1 ck=0 dk=2 fk=1 st=16 wl=64 sep=1 rounds=16 naiv=56 blocks=28 cores_clean=56/56 core_round_clean=896/896 rounds_clean=16/16 headOK_min=56 viol=0 final_head_ok=56 stale=0 zero=0 other=0 scribble=0 rel_spread_max=22281 missing_rows=0 snap=0 rc=0
ROUND variant=A20_sepwins run=3 round=0 headOK_min=56 headOK_max=56 cores_clean=56/56 converged=0
ROUND variant=A20_sepwins run=3 round=1 headOK_min=56 headOK_max=56 cores_clean=56/56 converged=0
ROUND variant=A20_sepwins run=3 round=2 headOK_min=56 headOK_max=56 cores_clean=56/56 converged=0
ROUND variant=A20_sepwins run=3 round=3 headOK_min=56 headOK_max=56 cores_clean=56/56 converged=0
ROUND variant=A20_sepwins run=3 round=4 headOK_min=56 headOK_max=56 cores_clean=56/56 converged=0
ROUND variant=A20_sepwins run=3 round=5 headOK_min=56 headOK_max=56 cores_clean=56/56 converged=0
ROUND variant=A20_sepwins run=3 round=6 headOK_min=56 headOK_max=56 cores_clean=56/56 converged=0
ROUND variant=A20_sepwins run=3 round=7 headOK_min=56 headOK_max=56 cores_clean=56/56 converged=0
ROUND variant=A20_sepwins run=3 round=8 headOK_min=56 headOK_max=56 cores_clean=56/56 converged=0
ROUND variant=A20_sepwins run=3 round=9 headOK_min=56 headOK_max=56 cores_clean=56/56 converged=0
ROUND variant=A20_sepwins run=3 round=10 headOK_min=56 headOK_max=56 cores_clean=56/56 converged=0
ROUND variant=A20_sepwins run=3 round=11 headOK_min=56 headOK_max=56 cores_clean=56/56 converged=0
ROUND variant=A20_sepwins run=3 round=12 headOK_min=56 headOK_max=56 cores_clean=56/56 converged=0
ROUND variant=A20_sepwins run=3 round=13 headOK_min=56 headOK_max=56 cores_clean=56/56 converged=0
ROUND variant=A20_sepwins run=3 round=14 headOK_min=56 headOK_max=56 cores_clean=56/56 converged=0
ROUND variant=A20_sepwins run=3 round=15 headOK_min=56 headOK_max=56 cores_clean=56/56 converged=0
COREVIOL variant=A20_sepwins run=3 0,0,0,0,0,0,0,0,0,0,0,0,0,0,0,0,0,0,0,0,0,0,0,0,0,0,0,0,0,0,0,0,0,0,0,0,0,0,0,0,0,0,0,0,0,0,0,0,0,0,0,0,0,0,0,0
CYCLE variant=A20_sepwins run=3 -1720351171,-1720351090,-1720352526,-1720351254,-1720352260,-1720351498,-1720351712,-1720351039,-1720352644,-1720352675,-1720352139,-1720352437,-1720351066,-1720351732,-1720351129,-1720351614,-1720351883,-1720351296,-1720352879,-1720351434,-1720352044,-1720350986,-1720353012,-1720352856,-1720351221,-1720351006,-1720351485,-1720352748,-1720353493,-1720353517,-1720351941,-1720352980,-1720353233,-1720353155,-1720352160,-1720352260,-1720351873,-1720352026,-1720353202,-1720353125,-1720351396,-1720351761,-1720351672,-1720351722,-1720352677,-1720351367,-1720352336,-1720353367,-1720351587,-1720353410,-1720352451,-1720351993,-1720352521,-1720351500,-1720351694,-1720352508
SUMMARY variant=A20_sepwins run=4 vi=20 bk=1 ck=0 dk=2 fk=1 st=16 wl=64 sep=1 rounds=16 naiv=56 blocks=28 cores_clean=56/56 core_round_clean=896/896 rounds_clean=16/16 headOK_min=56 viol=0 final_head_ok=56 stale=0 zero=0 other=0 scribble=0 rel_spread_max=21235 missing_rows=0 snap=0 rc=0
ROUND variant=A20_sepwins run=4 round=0 headOK_min=56 headOK_max=56 cores_clean=56/56 converged=0
ROUND variant=A20_sepwins run=4 round=1 headOK_min=56 headOK_max=56 cores_clean=56/56 converged=0
ROUND variant=A20_sepwins run=4 round=2 headOK_min=56 headOK_max=56 cores_clean=56/56 converged=0
ROUND variant=A20_sepwins run=4 round=3 headOK_min=56 headOK_max=56 cores_clean=56/56 converged=0
ROUND variant=A20_sepwins run=4 round=4 headOK_min=56 headOK_max=56 cores_clean=56/56 converged=0
ROUND variant=A20_sepwins run=4 round=5 headOK_min=56 headOK_max=56 cores_clean=56/56 converged=0
ROUND variant=A20_sepwins run=4 round=6 headOK_min=56 headOK_max=56 cores_clean=56/56 converged=0
ROUND variant=A20_sepwins run=4 round=7 headOK_min=56 headOK_max=56 cores_clean=56/56 converged=0
ROUND variant=A20_sepwins run=4 round=8 headOK_min=56 headOK_max=56 cores_clean=56/56 converged=0
ROUND variant=A20_sepwins run=4 round=9 headOK_min=56 headOK_max=56 cores_clean=56/56 converged=0
ROUND variant=A20_sepwins run=4 round=10 headOK_min=56 headOK_max=56 cores_clean=56/56 converged=0
ROUND variant=A20_sepwins run=4 round=11 headOK_min=56 headOK_max=56 cores_clean=56/56 converged=0
ROUND variant=A20_sepwins run=4 round=12 headOK_min=56 headOK_max=56 cores_clean=56/56 converged=0
ROUND variant=A20_sepwins run=4 round=13 headOK_min=56 headOK_max=56 cores_clean=56/56 converged=0
ROUND variant=A20_sepwins run=4 round=14 headOK_min=56 headOK_max=56 cores_clean=56/56 converged=0
ROUND variant=A20_sepwins run=4 round=15 headOK_min=56 headOK_max=56 cores_clean=56/56 converged=0
COREVIOL variant=A20_sepwins run=4 0,0,0,0,0,0,0,0,0,0,0,0,0,0,0,0,0,0,0,0,0,0,0,0,0,0,0,0,0,0,0,0,0,0,0,0,0,0,0,0,0,0,0,0,0,0,0,0,0,0,0,0,0,0,0,0
CYCLE variant=A20_sepwins run=4 -1820008993,-1820009475,-1820010349,-1820010174,-1820010235,-1820010284,-1820009394,-1820009673,-1820009255,-1820009863,-1820009274,-1820009780,-1820008920,-1820009151,-1820010787,-1820010762,-1820009306,-1820008868,-1820010056,-1820009498,-1820009223,-1820009019,-1820010127,-1820010250,-1820008807,-1820009050,-1820009423,-1820009931,-1820011139,-1820009677,-1820009916,-1820011039,-1820009358,-1820010748,-1820010975,-1820009409,-1820010546,-1820009830,-1820011572,-1820011571,-1820009738,-1820010403,-1820011436,-1820009548,-1820011331,-1820010042,-1820009385,-1820010004,-1820011221,-1820011194,-1820009704,-1820009576,-1820010528,-1820009888,-1820010312,-1820009952
SUMMARY variant=A20_sepwins run=5 vi=20 bk=1 ck=0 dk=2 fk=1 st=16 wl=64 sep=1 rounds=16 naiv=56 blocks=28 cores_clean=56/56 core_round_clean=896/896 rounds_clean=16/16 headOK_min=56 viol=0 final_head_ok=56 stale=0 zero=0 other=0 scribble=0 rel_spread_max=21664 missing_rows=0 snap=0 rc=0
ROUND variant=A20_sepwins run=5 round=0 headOK_min=56 headOK_max=56 cores_clean=56/56 converged=0
ROUND variant=A20_sepwins run=5 round=1 headOK_min=56 headOK_max=56 cores_clean=56/56 converged=0
ROUND variant=A20_sepwins run=5 round=2 headOK_min=56 headOK_max=56 cores_clean=56/56 converged=0
ROUND variant=A20_sepwins run=5 round=3 headOK_min=56 headOK_max=56 cores_clean=56/56 converged=0
ROUND variant=A20_sepwins run=5 round=4 headOK_min=56 headOK_max=56 cores_clean=56/56 converged=0
ROUND variant=A20_sepwins run=5 round=5 headOK_min=56 headOK_max=56 cores_clean=56/56 converged=0
ROUND variant=A20_sepwins run=5 round=6 headOK_min=56 headOK_max=56 cores_clean=56/56 converged=0
ROUND variant=A20_sepwins run=5 round=7 headOK_min=56 headOK_max=56 cores_clean=56/56 converged=0
ROUND variant=A20_sepwins run=5 round=8 headOK_min=56 headOK_max=56 cores_clean=56/56 converged=0
ROUND variant=A20_sepwins run=5 round=9 headOK_min=56 headOK_max=56 cores_clean=56/56 converged=0
ROUND variant=A20_sepwins run=5 round=10 headOK_min=56 headOK_max=56 cores_clean=56/56 converged=0
ROUND variant=A20_sepwins run=5 round=11 headOK_min=56 headOK_max=56 cores_clean=56/56 converged=0
ROUND variant=A20_sepwins run=5 round=12 headOK_min=56 headOK_max=56 cores_clean=56/56 converged=0
ROUND variant=A20_sepwins run=5 round=13 headOK_min=56 headOK_max=56 cores_clean=56/56 converged=0
ROUND variant=A20_sepwins run=5 round=14 headOK_min=56 headOK_max=56 cores_clean=56/56 converged=0
ROUND variant=A20_sepwins run=5 round=15 headOK_min=56 headOK_max=56 cores_clean=56/56 converged=0
COREVIOL variant=A20_sepwins run=5 0,0,0,0,0,0,0,0,0,0,0,0,0,0,0,0,0,0,0,0,0,0,0,0,0,0,0,0,0,0,0,0,0,0,0,0,0,0,0,0,0,0,0,0,0,0,0,0,0,0,0,0,0,0,0,0
CYCLE variant=A20_sepwins run=5 -2082232234,-2082233380,-2082233707,-2082233677,-2082232142,-2082231951,-2082231913,-2082232015,-2082232596,-2082232949,-2082232044,-2082232304,-2082232280,-2082232090,-2082232766,-2082232317,-2082232921,-2082232566,-2082233244,-2082232343,-2082232178,-2082233522,-2082233623,-2082233716,-2082232657,-2082233426,-2082232484,-2082233720,-2082232175,-2082232492,-2082232379,-2082231259,-2082231344,-2082231156,-2082231411,-2082231386,-2082231559,-2082231819,-2082231206,-2082231489,-2082231688,-2082231381,-2082232079,-2082232517,-2082232112,-2082232356,-2082232615,-2082231863,-2082232231,-2082231542,-2082232726,-2082231590,-2082231196,-2082231094,-2082231326,-2082231136
SUMMARY variant=A20_sepwins run=6 vi=20 bk=1 ck=0 dk=2 fk=1 st=16 wl=64 sep=1 rounds=16 naiv=56 blocks=28 cores_clean=56/56 core_round_clean=896/896 rounds_clean=16/16 headOK_min=56 viol=0 final_head_ok=56 stale=0 zero=0 other=0 scribble=0 rel_spread_max=21581 missing_rows=0 snap=0 rc=0
ROUND variant=A20_sepwins run=6 round=0 headOK_min=56 headOK_max=56 cores_clean=56/56 converged=0
ROUND variant=A20_sepwins run=6 round=1 headOK_min=56 headOK_max=56 cores_clean=56/56 converged=0
ROUND variant=A20_sepwins run=6 round=2 headOK_min=56 headOK_max=56 cores_clean=56/56 converged=0
ROUND variant=A20_sepwins run=6 round=3 headOK_min=56 headOK_max=56 cores_clean=56/56 converged=0
ROUND variant=A20_sepwins run=6 round=4 headOK_min=56 headOK_max=56 cores_clean=56/56 converged=0
ROUND variant=A20_sepwins run=6 round=5 headOK_min=56 headOK_max=56 cores_clean=56/56 converged=0
ROUND variant=A20_sepwins run=6 round=6 headOK_min=56 headOK_max=56 cores_clean=56/56 converged=0
ROUND variant=A20_sepwins run=6 round=7 headOK_min=56 headOK_max=56 cores_clean=56/56 converged=0
ROUND variant=A20_sepwins run=6 round=8 headOK_min=56 headOK_max=56 cores_clean=56/56 converged=0
ROUND variant=A20_sepwins run=6 round=9 headOK_min=56 headOK_max=56 cores_clean=56/56 converged=0
ROUND variant=A20_sepwins run=6 round=10 headOK_min=56 headOK_max=56 cores_clean=56/56 converged=0
ROUND variant=A20_sepwins run=6 round=11 headOK_min=56 headOK_max=56 cores_clean=56/56 converged=0
ROUND variant=A20_sepwins run=6 round=12 headOK_min=56 headOK_max=56 cores_clean=56/56 converged=0
ROUND variant=A20_sepwins run=6 round=13 headOK_min=56 headOK_max=56 cores_clean=56/56 converged=0
ROUND variant=A20_sepwins run=6 round=14 headOK_min=56 headOK_max=56 cores_clean=56/56 converged=0
ROUND variant=A20_sepwins run=6 round=15 headOK_min=56 headOK_max=56 cores_clean=56/56 converged=0
COREVIOL variant=A20_sepwins run=6 0,0,0,0,0,0,0,0,0,0,0,0,0,0,0,0,0,0,0,0,0,0,0,0,0,0,0,0,0,0,0,0,0,0,0,0,0,0,0,0,0,0,0,0,0,0,0,0,0,0,0,0,0,0,0,0
CYCLE variant=A20_sepwins run=6 2087600233,2087600470,2087601139,2087600431,2087600085,2087600208,2087601255,2087601331,2087600983,2087600936,2087600040,2087600305,2087601015,2087600921,2087599663,2087599873,2087600350,2087600159,2087599816,2087601236,2087600144,2087600502,2087599743,2087599620,2087601205,2087600828,2087601307,2087601391,2087598668,2087598697,2087598674,2087598737,2087600090,2087599949,2087599592,2087600287,2087599851,2087600041,2087600228,2087600158,2087600006,2087599746,2087599970,2087600137,2087598684,2087598770,2087600256,2087600340,2087599986,2087598860,2087599866,2087598685,2087599718,2087600168,2087600204,2087599707
SUMMARY variant=A20_sepwins run=7 vi=20 bk=1 ck=0 dk=2 fk=1 st=16 wl=64 sep=1 rounds=16 naiv=56 blocks=28 cores_clean=56/56 core_round_clean=896/896 rounds_clean=16/16 headOK_min=56 viol=0 final_head_ok=56 stale=0 zero=0 other=0 scribble=0 rel_spread_max=22148 missing_rows=0 snap=0 rc=0
ROUND variant=A20_sepwins run=7 round=0 headOK_min=56 headOK_max=56 cores_clean=56/56 converged=0
ROUND variant=A20_sepwins run=7 round=1 headOK_min=56 headOK_max=56 cores_clean=56/56 converged=0
ROUND variant=A20_sepwins run=7 round=2 headOK_min=56 headOK_max=56 cores_clean=56/56 converged=0
ROUND variant=A20_sepwins run=7 round=3 headOK_min=56 headOK_max=56 cores_clean=56/56 converged=0
ROUND variant=A20_sepwins run=7 round=4 headOK_min=56 headOK_max=56 cores_clean=56/56 converged=0
ROUND variant=A20_sepwins run=7 round=5 headOK_min=56 headOK_max=56 cores_clean=56/56 converged=0
ROUND variant=A20_sepwins run=7 round=6 headOK_min=56 headOK_max=56 cores_clean=56/56 converged=0
ROUND variant=A20_sepwins run=7 round=7 headOK_min=56 headOK_max=56 cores_clean=56/56 converged=0
ROUND variant=A20_sepwins run=7 round=8 headOK_min=56 headOK_max=56 cores_clean=56/56 converged=0
ROUND variant=A20_sepwins run=7 round=9 headOK_min=56 headOK_max=56 cores_clean=56/56 converged=0
ROUND variant=A20_sepwins run=7 round=10 headOK_min=56 headOK_max=56 cores_clean=56/56 converged=0
ROUND variant=A20_sepwins run=7 round=11 headOK_min=56 headOK_max=56 cores_clean=56/56 converged=0
ROUND variant=A20_sepwins run=7 round=12 headOK_min=56 headOK_max=56 cores_clean=56/56 converged=0
ROUND variant=A20_sepwins run=7 round=13 headOK_min=56 headOK_max=56 cores_clean=56/56 converged=0
ROUND variant=A20_sepwins run=7 round=14 headOK_min=56 headOK_max=56 cores_clean=56/56 converged=0
ROUND variant=A20_sepwins run=7 round=15 headOK_min=56 headOK_max=56 cores_clean=56/56 converged=0
COREVIOL variant=A20_sepwins run=7 0,0,0,0,0,0,0,0,0,0,0,0,0,0,0,0,0,0,0,0,0,0,0,0,0,0,0,0,0,0,0,0,0,0,0,0,0,0,0,0,0,0,0,0,0,0,0,0,0,0,0,0,0,0,0,0
CYCLE variant=A20_sepwins run=7 1987268330,1987269307,1987269926,1987269630,1987269403,1987269856,1987268622,1987269492,1987269785,1987269337,1987268654,1987268132,1987269709,1987269804,1987268545,1987268939,1987268428,1987269735,1987269559,1987269013,1987268278,1987268772,1987268114,1987268107,1987268755,1987268409,1987269753,1987269470,1987269550,1987269421,1987270735,1987271024,1987270966,1987270462,1987269242,1987270338,1987270847,1987271086,1987270051,1987270148,1987271119,1987271045,1987269952,1987270386,1987269478,1987269505,1987270239,1987270527,1987270585,1987270203,1987269694,1987269646,1987270135,1987269941,1987270914,1987270866
SUMMARY variant=A20_sepwins run=8 vi=20 bk=1 ck=0 dk=2 fk=1 st=16 wl=64 sep=1 rounds=16 naiv=56 blocks=28 cores_clean=56/56 core_round_clean=896/896 rounds_clean=16/16 headOK_min=56 viol=0 final_head_ok=56 stale=0 zero=0 other=0 scribble=0 rel_spread_max=21997 missing_rows=0 snap=0 rc=0
ROUND variant=A20_sepwins run=8 round=0 headOK_min=56 headOK_max=56 cores_clean=56/56 converged=0
ROUND variant=A20_sepwins run=8 round=1 headOK_min=56 headOK_max=56 cores_clean=56/56 converged=0
ROUND variant=A20_sepwins run=8 round=2 headOK_min=56 headOK_max=56 cores_clean=56/56 converged=0
ROUND variant=A20_sepwins run=8 round=3 headOK_min=56 headOK_max=56 cores_clean=56/56 converged=0
ROUND variant=A20_sepwins run=8 round=4 headOK_min=56 headOK_max=56 cores_clean=56/56 converged=0
ROUND variant=A20_sepwins run=8 round=5 headOK_min=56 headOK_max=56 cores_clean=56/56 converged=0
ROUND variant=A20_sepwins run=8 round=6 headOK_min=56 headOK_max=56 cores_clean=56/56 converged=0
ROUND variant=A20_sepwins run=8 round=7 headOK_min=56 headOK_max=56 cores_clean=56/56 converged=0
ROUND variant=A20_sepwins run=8 round=8 headOK_min=56 headOK_max=56 cores_clean=56/56 converged=0
ROUND variant=A20_sepwins run=8 round=9 headOK_min=56 headOK_max=56 cores_clean=56/56 converged=0
ROUND variant=A20_sepwins run=8 round=10 headOK_min=56 headOK_max=56 cores_clean=56/56 converged=0
ROUND variant=A20_sepwins run=8 round=11 headOK_min=56 headOK_max=56 cores_clean=56/56 converged=0
ROUND variant=A20_sepwins run=8 round=12 headOK_min=56 headOK_max=56 cores_clean=56/56 converged=0
ROUND variant=A20_sepwins run=8 round=13 headOK_min=56 headOK_max=56 cores_clean=56/56 converged=0
ROUND variant=A20_sepwins run=8 round=14 headOK_min=56 headOK_max=56 cores_clean=56/56 converged=0
ROUND variant=A20_sepwins run=8 round=15 headOK_min=56 headOK_max=56 cores_clean=56/56 converged=0
COREVIOL variant=A20_sepwins run=8 0,0,0,0,0,0,0,0,0,0,0,0,0,0,0,0,0,0,0,0,0,0,0,0,0,0,0,0,0,0,0,0,0,0,0,0,0,0,0,0,0,0,0,0,0,0,0,0,0,0,0,0,0,0,0,0
CYCLE variant=A20_sepwins run=8 2009893498,2009893310,2009892208,2009892698,2009892674,2009892015,2009891886,2009892983,2009892391,2009893056,2009893413,2009893603,2009891862,2009892048,2009893194,2009892958,2009893528,2009892938,2009893622,2009893480,2009892769,2009892865,2009891917,2009891665,2009892540,2009893343,2009893460,2009893248,2009891504,2009891527,2009893332,2009892766,2009892524,2009893412,2009892545,2009892161,2009893276,2009892616,2009893436,2009893022,2009892999,2009891736,2009892972,2009893302,2009892312,2009893209,2009892285,2009892875,2009893089,2009892900,2009891639,2009891524,2009892367,2009893381,2009892493,2009892133
SUMMARY variant=A20_sepwins run=9 vi=20 bk=1 ck=0 dk=2 fk=1 st=16 wl=64 sep=1 rounds=16 naiv=56 blocks=28 cores_clean=56/56 core_round_clean=896/896 rounds_clean=16/16 headOK_min=56 viol=0 final_head_ok=56 stale=0 zero=0 other=0 scribble=0 rel_spread_max=21864 missing_rows=0 snap=0 rc=0
ROUND variant=A20_sepwins run=9 round=0 headOK_min=56 headOK_max=56 cores_clean=56/56 converged=0
ROUND variant=A20_sepwins run=9 round=1 headOK_min=56 headOK_max=56 cores_clean=56/56 converged=0
ROUND variant=A20_sepwins run=9 round=2 headOK_min=56 headOK_max=56 cores_clean=56/56 converged=0
ROUND variant=A20_sepwins run=9 round=3 headOK_min=56 headOK_max=56 cores_clean=56/56 converged=0
ROUND variant=A20_sepwins run=9 round=4 headOK_min=56 headOK_max=56 cores_clean=56/56 converged=0
ROUND variant=A20_sepwins run=9 round=5 headOK_min=56 headOK_max=56 cores_clean=56/56 converged=0
ROUND variant=A20_sepwins run=9 round=6 headOK_min=56 headOK_max=56 cores_clean=56/56 converged=0
ROUND variant=A20_sepwins run=9 round=7 headOK_min=56 headOK_max=56 cores_clean=56/56 converged=0
ROUND variant=A20_sepwins run=9 round=8 headOK_min=56 headOK_max=56 cores_clean=56/56 converged=0
ROUND variant=A20_sepwins run=9 round=9 headOK_min=56 headOK_max=56 cores_clean=56/56 converged=0
ROUND variant=A20_sepwins run=9 round=10 headOK_min=56 headOK_max=56 cores_clean=56/56 converged=0
ROUND variant=A20_sepwins run=9 round=11 headOK_min=56 headOK_max=56 cores_clean=56/56 converged=0
ROUND variant=A20_sepwins run=9 round=12 headOK_min=56 headOK_max=56 cores_clean=56/56 converged=0
ROUND variant=A20_sepwins run=9 round=13 headOK_min=56 headOK_max=56 cores_clean=56/56 converged=0
ROUND variant=A20_sepwins run=9 round=14 headOK_min=56 headOK_max=56 cores_clean=56/56 converged=0
ROUND variant=A20_sepwins run=9 round=15 headOK_min=56 headOK_max=56 cores_clean=56/56 converged=0
COREVIOL variant=A20_sepwins run=9 0,0,0,0,0,0,0,0,0,0,0,0,0,0,0,0,0,0,0,0,0,0,0,0,0,0,0,0,0,0,0,0,0,0,0,0,0,0,0,0,0,0,0,0,0,0,0,0,0,0,0,0,0,0,0,0
CYCLE variant=A20_sepwins run=9 1933388979,1933389172,1933389994,1933390177,1933390074,1933390132,1933388546,1933389046,1933389746,1933389890,1933389407,1933389525,1933389454,1933389077,1933389208,1933389684,1933388876,1933388577,1933388892,1933389305,1933390100,1933389906,1933388289,1933388210,1933388931,1933388355,1933390154,1933389952,1933387971,1933387957,1933388709,1933389059,1933389356,1933389238,1933388043,1933388270,1933389428,1933389335,1933388219,1933388552,1933389032,1933388515,1933387960,1933387963,1933389644,1933388930,1933389253,1933388894,1933387967,1933388127,1933388857,1933389075,1933389459,1933388159,1933389742,1933389589
