SUMMARY variant=A7_open_close_waitE3 run=1 vi=7 bk=4 ck=1 dk=2 fk=1 st=16 wl=64 sep=0 rounds=16 naiv=56 blocks=28 cores_clean=1/56 core_round_clean=83/896 rounds_clean=0/16 headOK_min=5 viol=813 final_head_ok=56 stale=0 zero=0 other=0 scribble=0 rel_spread_max=18349 missing_rows=0 snap=0 rc=1
ROUND variant=A7_open_close_waitE3 run=1 round=0 headOK_min=5 headOK_max=56 cores_clean=20/56 converged=0
ROUND variant=A7_open_close_waitE3 run=1 round=1 headOK_min=51 headOK_max=56 cores_clean=8/56 converged=0
ROUND variant=A7_open_close_waitE3 run=1 round=2 headOK_min=51 headOK_max=56 cores_clean=5/56 converged=0
ROUND variant=A7_open_close_waitE3 run=1 round=3 headOK_min=51 headOK_max=56 cores_clean=5/56 converged=0
ROUND variant=A7_open_close_waitE3 run=1 round=4 headOK_min=53 headOK_max=56 cores_clean=4/56 converged=0
ROUND variant=A7_open_close_waitE3 run=1 round=5 headOK_min=50 headOK_max=56 cores_clean=3/56 converged=0
ROUND variant=A7_open_close_waitE3 run=1 round=6 headOK_min=51 headOK_max=56 cores_clean=7/56 converged=0
ROUND variant=A7_open_close_waitE3 run=1 round=7 headOK_min=52 headOK_max=56 cores_clean=4/56 converged=0
ROUND variant=A7_open_close_waitE3 run=1 round=8 headOK_min=54 headOK_max=56 cores_clean=4/56 converged=0
ROUND variant=A7_open_close_waitE3 run=1 round=9 headOK_min=54 headOK_max=56 cores_clean=3/56 converged=0
ROUND variant=A7_open_close_waitE3 run=1 round=10 headOK_min=52 headOK_max=56 cores_clean=3/56 converged=0
ROUND variant=A7_open_close_waitE3 run=1 round=11 headOK_min=53 headOK_max=56 cores_clean=3/56 converged=0
ROUND variant=A7_open_close_waitE3 run=1 round=12 headOK_min=52 headOK_max=56 cores_clean=4/56 converged=0
ROUND variant=A7_open_close_waitE3 run=1 round=13 headOK_min=48 headOK_max=56 cores_clean=4/56 converged=0
ROUND variant=A7_open_close_waitE3 run=1 round=14 headOK_min=48 headOK_max=56 cores_clean=4/56 converged=0
ROUND variant=A7_open_close_waitE3 run=1 round=15 headOK_min=51 headOK_max=56 cores_clean=2/56 converged=0
COREVIOL variant=A7_open_close_waitE3 run=1 16,15,16,16,16,16,14,15,16,15,16,16,16,15,15,15,16,16,16,16,16,15,16,15,16,16,16,16,16,15,15,2,16,16,16,16,15,14,12,3,16,16,16,16,16,15,14,1,16,16,16,16,16,15,14,0
CYCLE variant=A7_open_close_waitE3 run=1 1013375445,1013375494,1013375953,1013375329,1013374030,1013374185,1013374689,1013374808,1013374238,1013374668,1013375029,1013375100,1013375662,1013375874,1013375849,1013374163,1013375735,1013375927,1013375686,1013375829,1013375590,1013375639,1013373886,1013373960,1013374719,1013375905,1013375478,1013375408,1013374979,1013375100,1013375149,1013376582,1013376296,1013375966,1013375473,1013376340,1013376833,1013376527,1013376918,1013375341,1013375916,1013376461,1013376717,1013376174,1013376056,1013375747,1013376005,1013375670,1013376597,1013376385,1013376816,1013376437,1013376412,1013375501,1013376266,1013376668
SUMMARY variant=A7_open_close_waitE3 run=2 vi=7 bk=4 ck=1 dk=2 fk=1 st=16 wl=64 sep=0 rounds=16 naiv=56 blocks=28 cores_clean=1/56 core_round_clean=73/896 rounds_clean=0/16 headOK_min=19 viol=823 final_head_ok=56 stale=0 zero=0 other=0 scribble=0 rel_spread_max=18248 missing_rows=0 snap=0 rc=1
ROUND variant=A7_open_close_waitE3 run=2 round=0 headOK_min=19 headOK_max=56 cores_clean=21/56 converged=0
ROUND variant=A7_open_close_waitE3 run=2 round=1 headOK_min=50 headOK_max=56 cores_clean=9/56 converged=0
ROUND variant=A7_open_close_waitE3 run=2 round=2 headOK_min=52 headOK_max=56 cores_clean=5/56 converged=0
ROUND variant=A7_open_close_waitE3 run=2 round=3 headOK_min=52 headOK_max=56 cores_clean=4/56 converged=0
ROUND variant=A7_open_close_waitE3 run=2 round=4 headOK_min=52 headOK_max=56 cores_clean=4/56 converged=0
ROUND variant=A7_open_close_waitE3 run=2 round=5 headOK_min=53 headOK_max=56 cores_clean=4/56 converged=0
ROUND variant=A7_open_close_waitE3 run=2 round=6 headOK_min=52 headOK_max=56 cores_clean=4/56 converged=0
ROUND variant=A7_open_close_waitE3 run=2 round=7 headOK_min=51 headOK_max=56 cores_clean=4/56 converged=0
ROUND variant=A7_open_close_waitE3 run=2 round=8 headOK_min=53 headOK_max=56 cores_clean=3/56 converged=0
ROUND variant=A7_open_close_waitE3 run=2 round=9 headOK_min=55 headOK_max=56 cores_clean=2/56 converged=0
ROUND variant=A7_open_close_waitE3 run=2 round=10 headOK_min=55 headOK_max=56 cores_clean=2/56 converged=0
ROUND variant=A7_open_close_waitE3 run=2 round=11 headOK_min=55 headOK_max=56 cores_clean=1/56 converged=0
ROUND variant=A7_open_close_waitE3 run=2 round=12 headOK_min=54 headOK_max=56 cores_clean=1/56 converged=0
ROUND variant=A7_open_close_waitE3 run=2 round=13 headOK_min=54 headOK_max=56 cores_clean=1/56 converged=0
ROUND variant=A7_open_close_waitE3 run=2 round=14 headOK_min=50 headOK_max=56 cores_clean=4/56 converged=0
ROUND variant=A7_open_close_waitE3 run=2 round=15 headOK_min=54 headOK_max=56 cores_clean=4/56 converged=0
COREVIOL variant=A7_open_close_waitE3 run=2 16,16,16,16,16,15,15,15,16,16,16,16,15,15,15,15,16,16,16,16,16,15,16,15,16,16,16,16,16,15,13,6,16,16,16,16,15,15,14,0,16,16,16,16,16,15,14,5,16,16,16,16,16,15,14,3
CYCLE variant=A7_open_close_waitE3 run=2 1528148130,1528147779,1528149141,1528148645,1528148181,1528147835,1528148001,1528148199,1528148682,1528148375,1528148080,1528147659,1528149304,1528149083,1528149049,1528148695,1528149276,1528148470,1528148934,1528148603,1528147402,1528149036,1528147584,1528148105,1528148853,1528149137,1528149246,1528148986,1528148264,1528149310,1528149034,1528148964,1528149935,1528149591,1528148585,1528148283,1528149546,1528149883,1528149730,1528149802,1528148571,1528148937,1528149633,1528149445,1528148863,1528148887,1528149984,1528149678,1528148241,1528148689,1528148734,1528148438,1528148716,1528149265,1528149133,1528149276
SUMMARY variant=A7_open_close_waitE3 run=3 vi=7 bk=4 ck=1 dk=2 fk=1 st=16 wl=64 sep=0 rounds=16 naiv=56 blocks=28 cores_clean=3/56 core_round_clean=87/896 rounds_clean=0/16 headOK_min=7 viol=809 final_head_ok=56 stale=0 zero=0 other=0 scribble=0 rel_spread_max=18165 missing_rows=0 snap=0 rc=1
ROUND variant=A7_open_close_waitE3 run=3 round=0 headOK_min=7 headOK_max=56 cores_clean=24/56 converged=0
ROUND variant=A7_open_close_waitE3 run=3 round=1 headOK_min=51 headOK_max=56 cores_clean=7/56 converged=0
ROUND variant=A7_open_close_waitE3 run=3 round=2 headOK_min=51 headOK_max=56 cores_clean=5/56 converged=0
ROUND variant=A7_open_close_waitE3 run=3 round=3 headOK_min=50 headOK_max=56 cores_clean=4/56 converged=0
ROUND variant=A7_open_close_waitE3 run=3 round=4 headOK_min=51 headOK_max=56 cores_clean=4/56 converged=0
ROUND variant=A7_open_close_waitE3 run=3 round=5 headOK_min=49 headOK_max=56 cores_clean=4/56 converged=0
ROUND variant=A7_open_close_waitE3 run=3 round=6 headOK_min=53 headOK_max=56 cores_clean=4/56 converged=0
ROUND variant=A7_open_close_waitE3 run=3 round=7 headOK_min=52 headOK_max=56 cores_clean=4/56 converged=0
ROUND variant=A7_open_close_waitE3 run=3 round=8 headOK_min=48 headOK_max=56 cores_clean=4/56 converged=0
ROUND variant=A7_open_close_waitE3 run=3 round=9 headOK_min=49 headOK_max=56 cores_clean=4/56 converged=0
ROUND variant=A7_open_close_waitE3 run=3 round=10 headOK_min=50 headOK_max=56 cores_clean=4/56 converged=0
ROUND variant=A7_open_close_waitE3 run=3 round=11 headOK_min=53 headOK_max=56 cores_clean=3/56 converged=0
ROUND variant=A7_open_close_waitE3 run=3 round=12 headOK_min=53 headOK_max=56 cores_clean=4/56 converged=0
ROUND variant=A7_open_close_waitE3 run=3 round=13 headOK_min=51 headOK_max=56 cores_clean=4/56 converged=0
ROUND variant=A7_open_close_waitE3 run=3 round=14 headOK_min=50 headOK_max=56 cores_clean=4/56 converged=0
ROUND variant=A7_open_close_waitE3 run=3 round=15 headOK_min=51 headOK_max=56 cores_clean=4/56 converged=0
COREVIOL variant=A7_open_close_waitE3 run=3 16,16,16,16,16,15,15,15,16,16,16,16,16,15,15,15,16,16,16,16,16,16,15,15,16,16,16,16,16,15,13,0,16,16,16,15,15,15,15,0,16,16,16,15,15,14,14,0,16,16,16,16,16,15,15,1
CYCLE variant=A7_open_close_waitE3 run=3 1356062544,1356062764,1356062087,1356062017,1356062003,1356062593,1356062066,1356062326,1356062668,1356062716,1356062402,1356062049,1356062213,1356062614,1356062555,1356062345,1356060931,1356062521,1356061708,1356061588,1356061421,1356061276,1356061167,1356061143,1356060977,1356061881,1356061801,1356061369,1356061869,1356061645,1356062920,1356062075,1356062264,1356062338,1356062407,1356063354,1356063575,1356063290,1356062795,1356063456,1356063419,1356062376,1356063477,1356063607,1356063393,1356063535,1356063121,1356063191,1356061779,1356062396,1356062495,1356062708,1356062477,1356063092,1356062677,1356062607
SUMMARY variant=A7_open_close_waitE3 run=4 vi=7 bk=4 ck=1 dk=2 fk=1 st=16 wl=64 sep=0 rounds=16 naiv=56 blocks=28 cores_clean=2/56 core_round_clean=81/896 rounds_clean=0/16 headOK_min=12 viol=815 final_head_ok=56 stale=0 zero=0 other=0 scribble=0 rel_spread_max=17179 missing_rows=0 snap=0 rc=1
ROUND variant=A7_open_close_waitE3 run=4 round=0 headOK_min=12 headOK_max=56 cores_clean=22/56 converged=0
ROUND variant=A7_open_close_waitE3 run=4 round=1 headOK_min=49 headOK_max=56 cores_clean=9/56 converged=0
ROUND variant=A7_open_close_waitE3 run=4 round=2 headOK_min=51 headOK_max=56 cores_clean=4/56 converged=0
ROUND variant=A7_open_close_waitE3 run=4 round=3 headOK_min=51 headOK_max=56 cores_clean=4/56 converged=0
ROUND variant=A7_open_close_waitE3 run=4 round=4 headOK_min=51 headOK_max=56 cores_clean=4/56 converged=0
ROUND variant=A7_open_close_waitE3 run=4 round=5 headOK_min=49 headOK_max=56 cores_clean=4/56 converged=0
ROUND variant=A7_open_close_waitE3 run=4 round=6 headOK_min=50 headOK_max=56 cores_clean=4/56 converged=0
ROUND variant=A7_open_close_waitE3 run=4 round=7 headOK_min=53 headOK_max=56 cores_clean=4/56 converged=0
ROUND variant=A7_open_close_waitE3 run=4 round=8 headOK_min=52 headOK_max=56 cores_clean=4/56 converged=0
ROUND variant=A7_open_close_waitE3 run=4 round=9 headOK_min=51 headOK_max=56 cores_clean=4/56 converged=0
ROUND variant=A7_open_close_waitE3 run=4 round=10 headOK_min=52 headOK_max=56 cores_clean=3/56 converged=0
ROUND variant=A7_open_close_waitE3 run=4 round=11 headOK_min=51 headOK_max=56 cores_clean=3/56 converged=0
ROUND variant=A7_open_close_waitE3 run=4 round=12 headOK_min=52 headOK_max=56 cores_clean=2/56 converged=0
ROUND variant=A7_open_close_waitE3 run=4 round=13 headOK_min=53 headOK_max=56 cores_clean=3/56 converged=0
ROUND variant=A7_open_close_waitE3 run=4 round=14 headOK_min=52 headOK_max=56 cores_clean=3/56 converged=0
ROUND variant=A7_open_close_waitE3 run=4 round=15 headOK_min=51 headOK_max=56 cores_clean=4/56 converged=0
COREVIOL variant=A7_open_close_waitE3 run=4 16,16,16,16,16,16,15,14,16,16,16,16,15,15,15,15,16,16,16,16,16,15,16,15,16,16,16,16,16,15,14,0,16,16,16,16,16,15,14,5,16,16,16,16,16,15,14,0,16,16,16,15,15,14,15,1
CYCLE variant=A7_open_close_waitE3 run=4 -348169820,-348170023,-348171210,-348169594,-348171063,-348171371,-348169672,-348169799,-348169403,-348169864,-348169768,-348169530,-348169446,-348170253,-348170085,-348169982,-348170125,-348170225,-348170058,-348170390,-348169750,-348171343,-348171384,-348171380,-348170620,-348170670,-348171375,-348170857,-348170451,-348170202,-348168700,-348168622,-348170282,-348169524,-348169376,-348169349,-348169038,-348169114,-348169420,-348169547,-348169385,-348169611,-348168610,-348168812,-348170088,-348170005,-348168993,-348169017,-348170115,-348169665,-348168380,-348168752,-348168516,-348168407,-348169645,-348169982
SUMMARY variant=A7_open_close_waitE3 run=5 vi=7 bk=4 ck=1 dk=2 fk=1 st=16 wl=64 sep=0 rounds=16 naiv=56 blocks=28 cores_clean=3/56 core_round_clean=83/896 rounds_clean=0/16 headOK_min=12 viol=813 final_head_ok=56 stale=0 zero=0 other=0 scribble=0 rel_spread_max=16813 missing_rows=0 snap=0 rc=1
ROUND variant=A7_open_close_waitE3 run=5 round=0 headOK_min=12 headOK_max=56 cores_clean=23/56 converged=0
ROUND variant=A7_open_close_waitE3 run=5 round=1 headOK_min=49 headOK_max=56 cores_clean=6/56 converged=0
ROUND variant=A7_open_close_waitE3 run=5 round=2 headOK_min=52 headOK_max=56 cores_clean=4/56 converged=0
ROUND variant=A7_open_close_waitE3 run=5 round=3 headOK_min=52 headOK_max=56 cores_clean=4/56 converged=0
ROUND variant=A7_open_close_waitE3 run=5 round=4 headOK_min=50 headOK_max=56 cores_clean=4/56 converged=0
ROUND variant=A7_open_close_waitE3 run=5 round=5 headOK_min=50 headOK_max=56 cores_clean=4/56 converged=0
ROUND variant=A7_open_close_waitE3 run=5 round=6 headOK_min=49 headOK_max=56 cores_clean=4/56 converged=0
ROUND variant=A7_open_close_waitE3 run=5 round=7 headOK_min=52 headOK_max=56 cores_clean=4/56 converged=0
ROUND variant=A7_open_close_waitE3 run=5 round=8 headOK_min=49 headOK_max=56 cores_clean=4/56 converged=0
ROUND variant=A7_open_close_waitE3 run=5 round=9 headOK_min=53 headOK_max=56 cores_clean=4/56 converged=0
ROUND variant=A7_open_close_waitE3 run=5 round=10 headOK_min=52 headOK_max=56 cores_clean=4/56 converged=0
ROUND variant=A7_open_close_waitE3 run=5 round=11 headOK_min=50 headOK_max=56 cores_clean=4/56 converged=0
ROUND variant=A7_open_close_waitE3 run=5 round=12 headOK_min=48 headOK_max=56 cores_clean=4/56 converged=0
ROUND variant=A7_open_close_waitE3 run=5 round=13 headOK_min=48 headOK_max=56 cores_clean=4/56 converged=0
ROUND variant=A7_open_close_waitE3 run=5 round=14 headOK_min=50 headOK_max=56 cores_clean=3/56 converged=0
ROUND variant=A7_open_close_waitE3 run=5 round=15 headOK_min=47 headOK_max=56 cores_clean=3/56 converged=0
COREVIOL variant=A7_open_close_waitE3 run=5 16,16,16,16,16,15,15,15,16,16,16,16,16,15,15,15,16,16,16,16,16,16,15,15,16,16,16,16,16,15,15,2,16,16,16,15,16,15,15,0,16,16,16,16,15,14,15,0,16,16,16,16,15,15,14,0
CYCLE variant=A7_open_close_waitE3 run=5 -413838507,-413839231,-413838151,-413838232,-413840461,-413839812,-413839181,-413839261,-413838398,-413838347,-413840190,-413840380,-413839787,-413839896,-413838568,-413838097,-413838785,-413838657,-413839057,-413839108,-413838946,-413840413,-413838211,-413839368,-413838329,-413838531,-413839713,-413839390,-413839233,-413838977,-413838790,-413838713,-413838673,-413839522,-413838959,-413838165,-413838286,-413838414,-413839310,-413837990,-413839894,-413838916,-413840061,-413839881,-413838041,-413838123,-413838572,-413839289,-413838229,-413838357,-413838382,-413839694,-413838248,-413838759,-413838184,-413838102
SUMMARY variant=A7_open_close_waitE3 run=6 vi=7 bk=4 ck=1 dk=2 fk=1 st=16 wl=64 sep=0 rounds=16 naiv=56 blocks=28 cores_clean=2/56 core_round_clean=103/896 rounds_clean=0/16 headOK_min=8 viol=793 final_head_ok=56 stale=0 zero=0 other=0 scribble=0 rel_spread_max=19281 missing_rows=0 snap=0 rc=1
ROUND variant=A7_open_close_waitE3 run=6 round=0 headOK_min=8 headOK_max=56 cores_clean=22/56 converged=0
ROUND variant=A7_open_close_waitE3 run=6 round=1 headOK_min=51 headOK_max=56 cores_clean=5/56 converged=0
ROUND variant=A7_open_close_waitE3 run=6 round=2 headOK_min=51 headOK_max=56 cores_clean=4/56 converged=0
ROUND variant=A7_open_close_waitE3 run=6 round=3 headOK_min=47 headOK_max=56 cores_clean=4/56 converged=0
ROUND variant=A7_open_close_waitE3 run=6 round=4 headOK_min=50 headOK_max=56 cores_clean=4/56 converged=0
ROUND variant=A7_open_close_waitE3 run=6 round=5 headOK_min=52 headOK_max=56 cores_clean=4/56 converged=0
ROUND variant=A7_open_close_waitE3 run=6 round=6 headOK_min=49 headOK_max=56 cores_clean=4/56 converged=0
ROUND variant=A7_open_close_waitE3 run=6 round=7 headOK_min=51 headOK_max=56 cores_clean=4/56 converged=0
ROUND variant=A7_open_close_waitE3 run=6 round=8 headOK_min=48 headOK_max=56 cores_clean=4/56 converged=0
ROUND variant=A7_open_close_waitE3 run=6 round=9 headOK_min=55 headOK_max=56 cores_clean=4/56 converged=0
ROUND variant=A7_open_close_waitE3 run=6 round=10 headOK_min=54 headOK_max=56 cores_clean=4/56 converged=0
ROUND variant=A7_open_close_waitE3 run=6 round=11 headOK_min=53 headOK_max=56 cores_clean=2/56 converged=0
ROUND variant=A7_open_close_waitE3 run=6 round=12 headOK_min=53 headOK_max=56 cores_clean=24/56 converged=0
ROUND variant=A7_open_close_waitE3 run=6 round=13 headOK_min=49 headOK_max=56 cores_clean=5/56 converged=0
ROUND variant=A7_open_close_waitE3 run=6 round=14 headOK_min=52 headOK_max=56 cores_clean=4/56 converged=0
ROUND variant=A7_open_close_waitE3 run=6 round=15 headOK_min=50 headOK_max=56 cores_clean=5/56 converged=0
COREVIOL variant=A7_open_close_waitE3 run=6 15,16,15,16,16,16,15,15,15,16,15,16,15,14,15,15,16,16,16,16,15,14,16,13,15,15,16,15,16,14,15,0,16,16,16,15,15,15,13,1,16,16,16,14,15,15,14,0,16,15,16,14,15,15,15,1
CYCLE variant=A7_open_close_waitE3 run=6 -706936664,-706937430,-706936488,-706936392,-706936320,-706937458,-706937273,-706936941,-706937144,-706937791,-706937855,-706936924,-706937066,-706936711,-706936749,-706937397,-706938111,-706937977,-706936727,-706937617,-706937107,-706936342,-706938114,-706938045,-706937551,-706936470,-706936369,-706937080,-706936538,-706936187,-706935662,-706935000,-706935747,-706935628,-706935600,-706934595,-706934756,-706934803,-706935873,-706936214,-706936129,-706935074,-706935278,-706934660,-706935120,-706935216,-706936013,-706935989,-706934905,-706934581,-706935094,-706934951,-706936274,-706936345,-706935041,-706934635
SUMMARY variant=A7_open_close_waitE3 run=7 vi=7 bk=4 ck=1 dk=2 fk=1 st=16 wl=64 sep=0 rounds=16 naiv=56 blocks=28 cores_clean=2/56 core_round_clean=88/896 rounds_clean=0/16 headOK_min=14 viol=808 final_head_ok=56 stale=0 zero=0 other=0 scribble=0 rel_spread_max=17288 missing_rows=0 snap=0 rc=1
ROUND variant=A7_open_close_waitE3 run=7 round=0 headOK_min=14 headOK_max=56 cores_clean=20/56 converged=0
ROUND variant=A7_open_close_waitE3 run=7 round=1 headOK_min=43 headOK_max=56 cores_clean=11/56 converged=0
ROUND variant=A7_open_close_waitE3 run=7 round=2 headOK_min=48 headOK_max=56 cores_clean=5/56 converged=0
ROUND variant=A7_open_close_waitE3 run=7 round=3 headOK_min=48 headOK_max=56 cores_clean=4/56 converged=0
ROUND variant=A7_open_close_waitE3 run=7 round=4 headOK_min=52 headOK_max=56 cores_clean=4/56 converged=0
ROUND variant=A7_open_close_waitE3 run=7 round=5 headOK_min=51 headOK_max=56 cores_clean=4/56 converged=0
ROUND variant=A7_open_close_waitE3 run=7 round=6 headOK_min=52 headOK_max=56 cores_clean=4/56 converged=0
ROUND variant=A7_open_close_waitE3 run=7 round=7 headOK_min=49 headOK_max=56 cores_clean=4/56 converged=0
ROUND variant=A7_open_close_waitE3 run=7 round=8 headOK_min=52 headOK_max=56 cores_clean=4/56 converged=0
ROUND variant=A7_open_close_waitE3 run=7 round=9 headOK_min=47 headOK_max=56 cores_clean=6/56 converged=0
ROUND variant=A7_open_close_waitE3 run=7 round=10 headOK_min=48 headOK_max=56 cores_clean=4/56 converged=0
ROUND variant=A7_open_close_waitE3 run=7 round=11 headOK_min=55 headOK_max=56 cores_clean=4/56 converged=0
ROUND variant=A7_open_close_waitE3 run=7 round=12 headOK_min=55 headOK_max=56 cores_clean=4/56 converged=0
ROUND variant=A7_open_close_waitE3 run=7 round=13 headOK_min=54 headOK_max=56 cores_clean=3/56 converged=0
ROUND variant=A7_open_close_waitE3 run=7 round=14 headOK_min=55 headOK_max=56 cores_clean=3/56 converged=0
ROUND variant=A7_open_close_waitE3 run=7 round=15 headOK_min=55 headOK_max=56 cores_clean=4/56 converged=0
COREVIOL variant=A7_open_close_waitE3 run=7 16,16,16,16,16,15,15,13,16,15,16,16,16,15,15,12,15,16,16,16,16,15,15,14,16,16,16,16,16,16,14,0,16,16,16,16,16,15,14,0,16,16,16,16,16,15,13,2,16,16,16,16,16,15,14,3
CYCLE variant=A7_open_close_waitE3 run=7 -1546810361,-1546810479,-1546810936,-1546810863,-1546810222,-1546810102,-1546810284,-1546809927,-1546810179,-1546811319,-1546810077,-1546809792,-1546810455,-1546810124,-1546809995,-1546809546,-1546809724,-1546809605,-1546810401,-1546809948,-1546809691,-1546809442,-1546811173,-1546811413,-1546809531,-1546809648,-1546809972,-1546810887,-1546811726,-1546811414,-1546809782,-1546809752,-1546810945,-1546811089,-1546810565,-1546811506,-1546811117,-1546810923,-1546809691,-1546810186,-1546811326,-1546811006,-1546810208,-1546810672,-1546809886,-1546810383,-1546810064,-1546809798,-1546810050,-1546810286,-1546810429,-1546810782,-1546811551,-1546811623,-1546810525,-1546810328
SUMMARY variant=A7_open_close_waitE3 run=8 vi=7 bk=4 ck=1 dk=2 fk=1 st=16 wl=64 sep=0 rounds=16 naiv=56 blocks=28 cores_clean=2/56 core_round_clean=92/896 rounds_clean=0/16 headOK_min=13 viol=804 final_head_ok=56 stale=0 zero=0 other=0 scribble=0 rel_spread_max=18600 missing_rows=0 snap=0 rc=1
ROUND variant=A7_open_close_waitE3 run=8 round=0 headOK_min=13 headOK_max=56 cores_clean=20/56 converged=0
ROUND variant=A7_open_close_waitE3 run=8 round=1 headOK_min=50 headOK_max=56 cores_clean=8/56 converged=0
ROUND variant=A7_open_close_waitE3 run=8 round=2 headOK_min=46 headOK_max=56 cores_clean=4/56 converged=0
ROUND variant=A7_open_close_waitE3 run=8 round=3 headOK_min=50 headOK_max=56 cores_clean=4/56 converged=0
ROUND variant=A7_open_close_waitE3 run=8 round=4 headOK_min=51 headOK_max=56 cores_clean=4/56 converged=0
ROUND variant=A7_open_close_waitE3 run=8 round=5 headOK_min=51 headOK_max=56 cores_clean=4/56 converged=0
ROUND variant=A7_open_close_waitE3 run=8 round=6 headOK_min=52 headOK_max=56 cores_clean=4/56 converged=0
ROUND variant=A7_open_close_waitE3 run=8 round=7 headOK_min=49 headOK_max=56 cores_clean=4/56 converged=0
ROUND variant=A7_open_close_waitE3 run=8 round=8 headOK_min=51 headOK_max=56 cores_clean=4/56 converged=0
ROUND variant=A7_open_close_waitE3 run=8 round=9 headOK_min=55 headOK_max=56 cores_clean=8/56 converged=0
ROUND variant=A7_open_close_waitE3 run=8 round=10 headOK_min=43 headOK_max=56 cores_clean=10/56 converged=0
ROUND variant=A7_open_close_waitE3 run=8 round=11 headOK_min=49 headOK_max=56 cores_clean=4/56 converged=0
ROUND variant=A7_open_close_waitE3 run=8 round=12 headOK_min=49 headOK_max=56 cores_clean=3/56 converged=0
ROUND variant=A7_open_close_waitE3 run=8 round=13 headOK_min=53 headOK_max=56 cores_clean=3/56 converged=0
ROUND variant=A7_open_close_waitE3 run=8 round=14 headOK_min=51 headOK_max=56 cores_clean=3/56 converged=0
ROUND variant=A7_open_close_waitE3 run=8 round=15 headOK_min=49 headOK_max=56 cores_clean=5/56 converged=0
COREVIOL variant=A7_open_close_waitE3 run=8 16,16,16,15,16,16,15,13,16,15,15,16,16,15,15,14,16,16,16,16,16,15,14,14,16,16,16,15,16,15,15,1,16,16,16,16,16,14,14,0,16,16,16,16,16,14,14,0,16,16,16,15,16,14,13,4
CYCLE variant=A7_open_close_waitE3 run=8 375032250,375032279,375031626,375031958,375030123,375030412,375030825,375031933,375031997,375031413,375030776,375030856,375031887,375032307,375031725,375031699,375031293,375031534,375032186,375031575,375032008,375032060,375030085,375030115,375030965,375031660,375030118,375031133,375030830,375030393,375030646,375031101,375031315,375030964,375031236,375031187,375031547,375031676,375032006,375031956,375032377,375031710,375031418,375031648,375030813,375030753,375032448,375032421,375031348,375031299,375032402,375032266,375030379,375032070,375031599,375031931
SUMMARY variant=A7_open_close_waitE3 run=9 vi=7 bk=4 ck=1 dk=2 fk=1 st=16 wl=64 sep=0 rounds=16 naiv=56 blocks=28 cores_clean=1/56 core_round_clean=89/896 rounds_clean=0/16 headOK_min=13 viol=807 final_head_ok=56 stale=0 zero=0 other=0 scribble=0 rel_spread_max=19137 missing_rows=0 snap=0 rc=1
ROUND variant=A7_open_close_waitE3 run=9 round=0 headOK_min=13 headOK_max=56 cores_clean=19/56 converged=0
ROUND variant=A7_open_close_waitE3 run=9 round=1 headOK_min=46 headOK_max=56 cores_clean=11/56 converged=0
ROUND variant=A7_open_close_waitE3 run=9 round=2 headOK_min=49 headOK_max=56 cores_clean=4/56 converged=0
ROUND variant=A7_open_close_waitE3 run=9 round=3 headOK_min=51 headOK_max=56 cores_clean=4/56 converged=0
ROUND variant=A7_open_close_waitE3 run=9 round=4 headOK_min=49 headOK_max=56 cores_clean=4/56 converged=0
ROUND variant=A7_open_close_waitE3 run=9 round=5 headOK_min=49 headOK_max=56 cores_clean=3/56 converged=0
ROUND variant=A7_open_close_waitE3 run=9 round=6 headOK_min=51 headOK_max=56 cores_clean=4/56 converged=0
ROUND variant=A7_open_close_waitE3 run=9 round=7 headOK_min=52 headOK_max=56 cores_clean=3/56 converged=0
ROUND variant=A7_open_close_waitE3 run=9 round=8 headOK_min=54 headOK_max=56 cores_clean=2/56 converged=0
ROUND variant=A7_open_close_waitE3 run=9 round=9 headOK_min=43 headOK_max=56 cores_clean=14/56 converged=0
ROUND variant=A7_open_close_waitE3 run=9 round=10 headOK_min=49 headOK_max=56 cores_clean=4/56 converged=0
ROUND variant=A7_open_close_waitE3 run=9 round=11 headOK_min=51 headOK_max=56 cores_clean=4/56 converged=0
ROUND variant=A7_open_close_waitE3 run=9 round=12 headOK_min=52 headOK_max=56 cores_clean=4/56 converged=0
ROUND variant=A7_open_close_waitE3 run=9 round=13 headOK_min=47 headOK_max=56 cores_clean=3/56 converged=0
ROUND variant=A7_open_close_waitE3 run=9 round=14 headOK_min=52 headOK_max=56 cores_clean=3/56 converged=0
ROUND variant=A7_open_close_waitE3 run=9 round=15 headOK_min=52 headOK_max=56 cores_clean=3/56 converged=0
COREVIOL variant=A7_open_close_waitE3 run=9 16,16,16,16,16,15,16,14,16,16,16,16,16,15,14,13,16,16,16,16,16,16,15,14,16,16,16,16,16,15,14,0,16,16,15,16,16,13,13,1,16,16,16,15,16,13,13,1,16,16,16,16,16,15,13,6
CYCLE variant=A7_open_close_waitE3 run=9 -111232192,-111232928,-111233158,-111232991,-111233145,-111232503,-111233870,-111232970,-111233611,-111233670,-111232667,-111233026,-111232572,-111232713,-111232347,-111232133,-111233876,-111233886,-111232256,-111233838,-111233355,-111233427,-111233956,-111233867,-111232759,-111232452,-111232422,-111232206,-111232587,-111232754,-111231055,-111230882,-111231689,-111232464,-111231185,-111232531,-111231215,-111231168,-111232124,-111232004,-111232622,-111232259,-111231406,-111230845,-111231843,-111231628,-111231260,-111230925,-111231006,-111230908,-111232200,-111232229,-111232360,-111232333,-111231764,-111232051
