SUMMARY variant=A1_poll_nobarrier run=1 vi=1 bk=0 ck=0 dk=2 fk=1 st=16 wl=64 sep=0 rounds=4 naiv=56 blocks=28 cores_clean=0/56 core_round_clean=47/224 rounds_clean=0/4 headOK_min=1 viol=177 final_head_ok=56 stale=0 zero=0 other=0 scribble=0 rel_spread_max=4176621 missing_rows=0 snap=0 rc=1
ROUND variant=A1_poll_nobarrier run=1 round=0 headOK_min=1 headOK_max=56 cores_clean=38/56 converged=48
ROUND variant=A1_poll_nobarrier run=1 round=1 headOK_min=1 headOK_max=48 cores_clean=0/56 converged=0
ROUND variant=A1_poll_nobarrier run=1 round=2 headOK_min=1 headOK_max=48 cores_clean=0/56 converged=0
ROUND variant=A1_poll_nobarrier run=1 round=3 headOK_min=48 headOK_max=56 cores_clean=9/56 converged=9
COREVIOL variant=A1_poll_nobarrier run=1 3,3,3,3,3,3,4,3,3,3,4,3,4,4,3,4,4,3,4,3,4,3,3,3,3,3,3,3,3,3,3,3,3,3,3,3,3,3,3,4,3,3,3,3,3,4,3,3,3,3,3,3,2,3,3,3
CYCLE variant=A1_poll_nobarrier run=1 608431232,608431134,608431599,608432021,608432620,608432668,608432589,608432637,608432553,608432365,608432193,608432525,608432217,608432241,608430479,608430479,608431733,608431907,608431626,608431523,608432335,608431981,608431451,608431476,608430862,608430496,608431059,608432286,608432272,608431145,608432587,608432669,608432222,608431166,608432623,608432526,608431916,608431870,608431770,608430922,608432301,608431898,608432194,608432336,608431269,608431708,608432049,608432546,608431340,608430734,608432391,608432605,608432161,608432469,608430967,608431746
SUMMARY variant=A1_poll_nobarrier run=2 vi=1 bk=0 ck=0 dk=2 fk=1 st=16 wl=64 sep=0 rounds=4 naiv=56 blocks=28 cores_clean=0/56 core_round_clean=90/224 rounds_clean=0/4 headOK_min=1 viol=134 final_head_ok=56 stale=0 zero=0 other=0 scribble=0 rel_spread_max=4041077 missing_rows=0 snap=0 rc=1
ROUND variant=A1_poll_nobarrier run=2 round=0 headOK_min=45 headOK_max=56 cores_clean=44/56 converged=56
ROUND variant=A1_poll_nobarrier run=2 round=1 headOK_min=1 headOK_max=56 cores_clean=33/56 converged=47
ROUND variant=A1_poll_nobarrier run=2 round=2 headOK_min=1 headOK_max=47 cores_clean=0/56 converged=0
ROUND variant=A1_poll_nobarrier run=2 round=3 headOK_min=47 headOK_max=56 cores_clean=13/56 converged=13
COREVIOL variant=A1_poll_nobarrier run=2 3,3,3,3,3,2,2,3,2,4,2,2,3,3,4,4,2,2,2,3,3,3,3,3,2,2,2,2,2,3,3,2,2,2,2,2,2,2,3,3,2,2,2,2,2,2,2,3,2,2,1,2,1,1,2,3
CYCLE variant=A1_poll_nobarrier run=2 -814046296,-814046804,-814046934,-814046568,-814046120,-814046654,-814046163,-814045785,-814047651,-814046430,-814045765,-814046678,-814045844,-814046397,-814046846,-814046693,-814047779,-814047731,-814047011,-814047219,-814047037,-814047091,-814047774,-814047763,-814046625,-814045731,-814046338,-814046211,-814045853,-814045676,-814045306,-814045232,-814043869,-814043838,-814045044,-814045019,-814044032,-814043953,-814044950,-814044848,-814044527,-814045408,-814044412,-814044311,-814044118,-814043934,-814044665,-814044131,-814045733,-814045608,-814044930,-814045108,-814044758,-814044197,-814045529,-814045423
SUMMARY variant=A1_poll_nobarrier run=3 vi=1 bk=0 ck=0 dk=2 fk=1 st=16 wl=64 sep=0 rounds=4 naiv=56 blocks=28 cores_clean=0/56 core_round_clean=106/224 rounds_clean=0/4 headOK_min=1 viol=118 final_head_ok=56 stale=0 zero=0 other=0 scribble=0 rel_spread_max=4080590 missing_rows=0 snap=0 rc=1
ROUND variant=A1_poll_nobarrier run=3 round=0 headOK_min=29 headOK_max=56 cores_clean=52/56 converged=56
ROUND variant=A1_poll_nobarrier run=3 round=1 headOK_min=1 headOK_max=56 cores_clean=32/56 converged=34
ROUND variant=A1_poll_nobarrier run=3 round=2 headOK_min=1 headOK_max=34 cores_clean=0/56 converged=0
ROUND variant=A1_poll_nobarrier run=3 round=3 headOK_min=34 headOK_max=56 cores_clean=22/56 converged=22
COREVIOL variant=A1_poll_nobarrier run=3 2,2,2,2,2,3,2,2,2,2,2,3,2,2,2,2,2,2,2,2,2,2,2,2,2,2,2,2,2,3,3,2,2,2,2,3,2,2,2,2,2,2,2,2,2,2,2,2,2,2,2,2,2,2,3,2
CYCLE variant=A1_poll_nobarrier run=3 -939414933,-939414570,-939416000,-939416074,-939415167,-939414788,-939414610,-939414656,-939415208,-939414733,-939415741,-939415231,-939414600,-939414981,-939414852,-939414946,-939414838,-939415309,-939415113,-939414686,-939416197,-939416169,-939415610,-939416120,-939416161,-939415257,-936160323,-936160236,-939415290,-939415264,-939415184,-939414189,-939414225,-939413939,-939414087,-939414710,-939414246,-939414173,-939414298,-939414537,-939413417,-939415134,-939415172,-939413590,-939414579,-939414408,-939413735,-939413543,-939414753,-939414921,-939413559,-939413449,-939413471,-939413498,-939414444,-939413660
SUMMARY variant=A1_poll_nobarrier run=4 vi=1 bk=0 ck=0 dk=2 fk=1 st=16 wl=64 sep=0 rounds=4 naiv=56 blocks=28 cores_clean=0/56 core_round_clean=57/224 rounds_clean=0/4 headOK_min=1 viol=167 final_head_ok=56 stale=0 zero=0 other=0 scribble=0 rel_spread_max=4175388 missing_rows=0 snap=0 rc=1
ROUND variant=A1_poll_nobarrier run=4 round=0 headOK_min=1 headOK_max=56 cores_clean=32/56 converged=33
ROUND variant=A1_poll_nobarrier run=4 round=1 headOK_min=1 headOK_max=35 cores_clean=0/56 converged=0
ROUND variant=A1_poll_nobarrier run=4 round=2 headOK_min=1 headOK_max=35 cores_clean=0/56 converged=0
ROUND variant=A1_poll_nobarrier run=4 round=3 headOK_min=35 headOK_max=56 cores_clean=25/56 converged=25
COREVIOL variant=A1_poll_nobarrier run=4 3,3,3,3,3,3,3,3,3,3,3,3,3,3,3,3,3,3,3,3,3,3,3,3,3,3,3,3,3,3,3,3,3,3,3,3,4,3,3,3,3,3,3,3,3,3,3,3,3,3,2,2,3,3,3,3
CYCLE variant=A1_poll_nobarrier run=4 -1103181715,-1103181337,-1103179694,-1103179931,-1103180525,-1103179755,-1103180218,-1103181659,-1103179360,-1103179966,-1103179711,-1103179421,-1103180356,-1103181168,-1103180271,-1103179956,-1103180937,-1103180017,-1103180749,-1103179458,-1103180892,-1103180236,-1103179576,-1103179551,-1103180038,-1103180183,-1103179501,-1103179807,-1103181022,-1103181255,-1103179745,-1103180168,-1103180062,-1103180946,-1103179807,-1103179524,-1103180130,-1103179658,-1103181174,-1103181121,-1103179959,-1103179700,-1103181360,-1103180373,-1103179679,-1103180032,-1103180234,-1103181151,-1103179728,-1103179438,-1103179940,-1103180413,-1103179558,-1103180430,-1103179993,-1103180348
SUMMARY variant=A1_poll_nobarrier run=5 vi=1 bk=0 ck=0 dk=2 fk=1 st=16 wl=64 sep=0 rounds=4 naiv=56 blocks=28 cores_clean=0/56 core_round_clean=57/224 rounds_clean=0/4 headOK_min=1 viol=167 final_head_ok=56 stale=0 zero=0 other=0 scribble=0 rel_spread_max=4059575 missing_rows=0 snap=0 rc=1
ROUND variant=A1_poll_nobarrier run=5 round=0 headOK_min=1 headOK_max=56 cores_clean=33/56 converged=35
ROUND variant=A1_poll_nobarrier run=5 round=1 headOK_min=1 headOK_max=40 cores_clean=0/56 converged=0
ROUND variant=A1_poll_nobarrier run=5 round=2 headOK_min=2 headOK_max=41 cores_clean=0/56 converged=0
ROUND variant=A1_poll_nobarrier run=5 round=3 headOK_min=35 headOK_max=56 cores_clean=24/56 converged=24
COREVIOL variant=A1_poll_nobarrier run=5 3,3,3,3,3,3,3,3,3,2,3,3,3,3,3,3,3,3,3,3,3,3,3,3,3,3,3,3,3,3,3,3,3,3,3,3,4,3,3,3,3,3,3,3,3,3,3,3,3,3,2,3,3,3,3,3
CYCLE variant=A1_poll_nobarrier run=5 -898770640,-898770565,-898769580,-898770439,-898770184,-898769324,-898770060,-898769475,-898768989,-898768854,-898770874,-898768797,-898768830,-898768886,-898770537,-898769705,-898768939,-898769015,-898769042,-898769398,-898769630,-898769221,-898770821,-898770795,-898770152,-898770004,-898769826,-898769367,-898771208,-898771204,-898770015,-898770377,-898769863,-898770176,-898769689,-898770130,-898769717,-898771059,-898771105,-898771183,-898769611,-898771078,-898770156,-898770256,-898769560,-898769638,-898769591,-898769743,-898769452,-898769843,-898769419,-898770093,-898769533,-898770825,-898769794,-898770412
SUMMARY variant=A1_poll_nobarrier run=6 vi=1 bk=0 ck=0 dk=2 fk=1 st=16 wl=64 sep=0 rounds=4 naiv=56 blocks=28 cores_clean=0/56 core_round_clean=57/224 rounds_clean=0/4 headOK_min=1 viol=167 final_head_ok=56 stale=0 zero=0 other=0 scribble=0 rel_spread_max=4178643 missing_rows=0 snap=0 rc=1
ROUND variant=A1_poll_nobarrier run=6 round=0 headOK_min=1 headOK_max=56 cores_clean=33/56 converged=34
ROUND variant=A1_poll_nobarrier run=6 round=1 headOK_min=1 headOK_max=39 cores_clean=0/56 converged=0
ROUND variant=A1_poll_nobarrier run=6 round=2 headOK_min=1 headOK_max=36 cores_clean=0/56 converged=0
ROUND variant=A1_poll_nobarrier run=6 round=3 headOK_min=34 headOK_max=56 cores_clean=24/56 converged=24
COREVIOL variant=A1_poll_nobarrier run=6 3,3,3,3,3,3,3,3,3,3,3,3,3,3,3,3,3,3,3,3,3,3,3,3,3,3,3,3,3,3,3,3,3,3,3,3,4,3,3,3,3,3,3,3,3,3,3,3,3,3,3,2,2,3,3,3
CYCLE variant=A1_poll_nobarrier run=6 226680865,226680867,226681360,226680939,226681590,226681997,226681847,226681800,226682829,226682261,226682633,226681877,226682444,226682587,226682032,226681772,226682186,226682424,226681336,226681313,226682906,226682877,226681017,226681048,226682687,226682711,226682110,226682607,226681348,226681248,226682616,226682710,226683148,226683102,226683121,226682412,226682748,226683080,226682909,226682389,226682895,226682659,226681415,226682979,226683201,226683035,226682999,226682078,226682843,226682963,226682773,226682325,226681853,226681578,226682152,226681669
SUMMARY variant=A1_poll_nobarrier run=7 vi=1 bk=0 ck=0 dk=2 fk=1 st=16 wl=64 sep=0 rounds=4 naiv=56 blocks=28 cores_clean=0/56 core_round_clean=56/224 rounds_clean=0/4 headOK_min=1 viol=168 final_head_ok=56 stale=0 zero=0 other=0 scribble=0 rel_spread_max=4063482 missing_rows=0 snap=0 rc=1
ROUND variant=A1_poll_nobarrier run=7 round=0 headOK_min=1 headOK_max=56 cores_clean=29/56 converged=30
ROUND variant=A1_poll_nobarrier run=7 round=1 headOK_min=1 headOK_max=34 cores_clean=0/56 converged=0
ROUND variant=A1_poll_nobarrier run=7 round=2 headOK_min=1 headOK_max=35 cores_clean=0/56 converged=0
ROUND variant=A1_poll_nobarrier run=7 round=3 headOK_min=30 headOK_max=56 cores_clean=27/56 converged=27
COREVIOL variant=A1_poll_nobarrier run=7 3,3,3,3,3,3,3,3,2,3,3,3,3,3,3,3,3,3,3,3,3,3,3,3,3,3,3,3,3,4,3,3,3,3,3,3,3,3,3,3,3,3,3,3,3,3,3,3,3,3,3,3,3,3,3,3
CYCLE variant=A1_poll_nobarrier run=7 670300,670839,670099,670123,670698,670604,670855,670549,671103,670454,670178,670475,671261,670672,670019,669692,669599,669730,671065,670365,671422,671527,669554,671273,671237,670955,671552,671111,669819,669793,670434,670506,670212,670519,671638,671568,671096,671003,671693,670791,671787,671633,670717,670954,671758,670608,671498,669896,671225,671321,671725,671393,671064,671163,670548,670698
SUMMARY variant=A1_poll_nobarrier run=8 vi=1 bk=0 ck=0 dk=2 fk=1 st=16 wl=64 sep=0 rounds=4 naiv=56 blocks=28 cores_clean=0/56 core_round_clean=58/224 rounds_clean=0/4 headOK_min=1 viol=166 final_head_ok=56 stale=0 zero=0 other=0 scribble=0 rel_spread_max=4120285 missing_rows=0 snap=0 rc=1
ROUND variant=A1_poll_nobarrier run=8 round=0 headOK_min=1 headOK_max=56 cores_clean=32/56 converged=35
ROUND variant=A1_poll_nobarrier run=8 round=1 headOK_min=1 headOK_max=37 cores_clean=0/56 converged=0
ROUND variant=A1_poll_nobarrier run=8 round=2 headOK_min=1 headOK_max=36 cores_clean=0/56 converged=0
ROUND variant=A1_poll_nobarrier run=8 round=3 headOK_min=37 headOK_max=56 cores_clean=26/56 converged=25
COREVIOL variant=A1_poll_nobarrier run=8 3,3,3,3,3,3,3,3,3,3,3,3,3,3,3,3,3,3,3,4,3,3,3,3,3,2,3,3,2,3,3,3,3,3,2,2,3,3,3,3,3,3,3,3,3,3,3,3,3,3,3,4,3,3,3,3
CYCLE variant=A1_poll_nobarrier run=8 27767247,27767679,27768187,27767757,27768315,27768470,27767708,27767305,27767046,27767096,27767585,27768068,27767144,27766993,27768138,27768292,27768421,27768116,27768370,27768713,27768627,27768521,27766624,27766766,27767125,27767816,27768606,27767918,27765925,27766206,27767885,27767758,27766310,27766095,27766384,27766409,27767851,27767342,27766860,27767219,27767830,27767296,27766658,27766732,27767064,27767958,27766504,27766755,27767723,27767420,27767449,27768017,27767777,27768041,27767315,27767983
SUMMARY variant=A1_poll_nobarrier run=9 vi=1 bk=0 ck=0 dk=2 fk=1 st=16 wl=64 sep=0 rounds=4 naiv=56 blocks=28 cores_clean=0/56 core_round_clean=2/224 rounds_clean=0/4 headOK_min=1 viol=222 final_head_ok=56 stale=0 zero=0 other=0 scribble=0 rel_spread_max=14444053 missing_rows=0 snap=0 rc=1
ROUND variant=A1_poll_nobarrier run=9 round=0 headOK_min=1 headOK_max=54 cores_clean=0/56 converged=0
ROUND variant=A1_poll_nobarrier run=9 round=1 headOK_min=1 headOK_max=54 cores_clean=0/56 converged=0
ROUND variant=A1_poll_nobarrier run=9 round=2 headOK_min=1 headOK_max=54 cores_clean=0/56 converged=0
ROUND variant=A1_poll_nobarrier run=9 round=3 headOK_min=54 headOK_max=56 cores_clean=2/56 converged=2
COREVIOL variant=A1_poll_nobarrier run=9 4,4,4,4,4,4,4,4,4,4,4,4,4,4,4,4,4,4,4,4,4,4,4,4,4,4,3,3,4,4,4,4,4,4,4,4,4,4,4,4,4,4,4,4,4,4,4,4,4,4,4,4,4,4,4,4
CYCLE variant=A1_poll_nobarrier run=9 -180340262,-180340108,-180340235,-180340158,-180339852,-180340055,-180340740,-180340613,-180340509,-180340355,-180339954,-180339747,-180339662,-180340285,-180340563,-180341200,-180340640,-180339927,-180340439,-180339716,-180341483,-180341457,-180341014,-180339682,-180340457,-180341353,-165897846,-165897900,-180341769,-180341560,-180340802,-180340292,-180340677,-180341207,-180339773,-180340629,-180340123,-180339887,-180341412,-180341360,-180340143,-180340066,-180339914,-180340376,-180341009,-180340094,-180340836,-180341596,-180341852,-180341187,-180340931,-180341158,-180341059,-180340781,-180339861,-180339833
