SUMMARY variant=A23_close_closesetE3 run=1 vi=23 bk=1 ck=3 dk=2 fk=1 st=16 wl=64 sep=0 rounds=16 naiv=56 blocks=28 cores_clean=56/56 core_round_clean=896/896 rounds_clean=16/16 headOK_min=56 viol=0 final_head_ok=56 stale=0 zero=0 other=0 scribble=0 rel_spread_max=16021 missing_rows=0 snap=0 rc=0
ROUND variant=A23_close_closesetE3 run=1 round=0 headOK_min=56 headOK_max=56 cores_clean=56/56 converged=0
ROUND variant=A23_close_closesetE3 run=1 round=1 headOK_min=56 headOK_max=56 cores_clean=56/56 converged=0
ROUND variant=A23_close_closesetE3 run=1 round=2 headOK_min=56 headOK_max=56 cores_clean=56/56 converged=0
ROUND variant=A23_close_closesetE3 run=1 round=3 headOK_min=56 headOK_max=56 cores_clean=56/56 converged=0
ROUND variant=A23_close_closesetE3 run=1 round=4 headOK_min=56 headOK_max=56 cores_clean=56/56 converged=0
ROUND variant=A23_close_closesetE3 run=1 round=5 headOK_min=56 headOK_max=56 cores_clean=56/56 converged=0
ROUND variant=A23_close_closesetE3 run=1 round=6 headOK_min=56 headOK_max=56 cores_clean=56/56 converged=0
ROUND variant=A23_close_closesetE3 run=1 round=7 headOK_min=56 headOK_max=56 cores_clean=56/56 converged=0
ROUND variant=A23_close_closesetE3 run=1 round=8 headOK_min=56 headOK_max=56 cores_clean=56/56 converged=0
ROUND variant=A23_close_closesetE3 run=1 round=9 headOK_min=56 headOK_max=56 cores_clean=56/56 converged=0
ROUND variant=A23_close_closesetE3 run=1 round=10 headOK_min=56 headOK_max=56 cores_clean=56/56 converged=0
ROUND variant=A23_close_closesetE3 run=1 round=11 headOK_min=56 headOK_max=56 cores_clean=56/56 converged=0
ROUND variant=A23_close_closesetE3 run=1 round=12 headOK_min=56 headOK_max=56 cores_clean=56/56 converged=0
ROUND variant=A23_close_closesetE3 run=1 round=13 headOK_min=56 headOK_max=56 cores_clean=56/56 converged=0
ROUND variant=A23_close_closesetE3 run=1 round=14 headOK_min=56 headOK_max=56 cores_clean=56/56 converged=0
ROUND variant=A23_close_closesetE3 run=1 round=15 headOK_min=56 headOK_max=56 cores_clean=56/56 converged=0
COREVIOL variant=A23_close_closesetE3 run=1 0,0,0,0,0,0,0,0,0,0,0,0,0,0,0,0,0,0,0,0,0,0,0,0,0,0,0,0,0,0,0,0,0,0,0,0,0,0,0,0,0,0,0,0,0,0,0,0,0,0,0,0,0,0,0,0
CYCLE variant=A23_close_closesetE3 run=1 -929588663,-929588768,-929588624,-929589653,-929588720,-929589508,-929589424,-929589680,-929589719,-929589335,-929589355,-929589968,-929589126,-929588604,-929590737,-929589825,-929590667,-929590634,-929588837,-929588683,-929588737,-929589271,-929590800,-929590800,-929589891,-929588996,-929588569,-929589192,-929590393,-929590442,-929588467,-929588803,-929590067,-929589781,-929588611,-929588534,-929589177,-929589254,-929589735,-929589509,-929588525,-929588883,-929589406,-929589457,-929588779,-929588830,-929589098,-929589301,-929590265,-929589640,-929588981,-929588381,-929589847,-929589923,-929588434,-929588405
SUMMARY variant=A23_close_closesetE3 run=2 vi=23 bk=1 ck=3 dk=2 fk=1 st=16 wl=64 sep=0 rounds=16 naiv=56 blocks=28 cores_clean=56/56 core_round_clean=896/896 rounds_clean=16/16 headOK_min=56 viol=0 final_head_ok=56 stale=0 zero=0 other=0 scribble=0 rel_spread_max=16307 missing_rows=0 snap=0 rc=0
ROUND variant=A23_close_closesetE3 run=2 round=0 headOK_min=56 headOK_max=56 cores_clean=56/56 converged=0
ROUND variant=A23_close_closesetE3 run=2 round=1 headOK_min=56 headOK_max=56 cores_clean=56/56 converged=0
ROUND variant=A23_close_closesetE3 run=2 round=2 headOK_min=56 headOK_max=56 cores_clean=56/56 converged=0
ROUND variant=A23_close_closesetE3 run=2 round=3 headOK_min=56 headOK_max=56 cores_clean=56/56 converged=0
ROUND variant=A23_close_closesetE3 run=2 round=4 headOK_min=56 headOK_max=56 cores_clean=56/56 converged=0
ROUND variant=A23_close_closesetE3 run=2 round=5 headOK_min=56 headOK_max=56 cores_clean=56/56 converged=0
ROUND variant=A23_close_closesetE3 run=2 round=6 headOK_min=56 headOK_max=56 cores_clean=56/56 converged=0
ROUND variant=A23_close_closesetE3 run=2 round=7 headOK_min=56 headOK_max=56 cores_clean=56/56 converged=0
ROUND variant=A23_close_closesetE3 run=2 round=8 headOK_min=56 headOK_max=56 cores_clean=56/56 converged=0
ROUND variant=A23_close_closesetE3 run=2 round=9 headOK_min=56 headOK_max=56 cores_clean=56/56 converged=0
ROUND variant=A23_close_closesetE3 run=2 round=10 headOK_min=56 headOK_max=56 cores_clean=56/56 converged=0
ROUND variant=A23_close_closesetE3 run=2 round=11 headOK_min=56 headOK_max=56 cores_clean=56/56 converged=0
ROUND variant=A23_close_closesetE3 run=2 round=12 headOK_min=56 headOK_max=56 cores_clean=56/56 converged=0
ROUND variant=A23_close_closesetE3 run=2 round=13 headOK_min=56 headOK_max=56 cores_clean=56/56 converged=0
ROUND variant=A23_close_closesetE3 run=2 round=14 headOK_min=56 headOK_max=56 cores_clean=56/56 converged=0
ROUND variant=A23_close_closesetE3 run=2 round=15 headOK_min=56 headOK_max=56 cores_clean=56/56 converged=0
COREVIOL variant=A23_close_closesetE3 run=2 0,0,0,0,0,0,0,0,0,0,0,0,0,0,0,0,0,0,0,0,0,0,0,0,0,0,0,0,0,0,0,0,0,0,0,0,0,0,0,0,0,0,0,0,0,0,0,0,0,0,0,0,0,0,0,0
CYCLE variant=A23_close_closesetE3 run=2 1324111619,1324111693,1324113121,1324112422,1324111517,1324111887,1324112547,1324112826,1324112874,1324112951,1324112336,1324112490,1324112315,1324112442,1324111935,1324111105,1324111280,1324111254,1324112569,1324112187,1324113091,1324111437,1324111335,1324111179,1324113001,1324112668,1324112921,1324113057,1324111851,1324111649,1324113000,1324112975,1324113174,1324112294,1324112699,1324113152,1324113358,1324112525,1324113277,1324113302,1324113614,1324113098,1324112622,1324112198,1324113644,1324113228,1324111633,1324112273,1324112143,1324112169,1324113455,1324113328,1324113534,1324112903,1324112574,1324112677
SUMMARY variant=A23_close_closesetE3 run=3 vi=23 bk=1 ck=3 dk=2 fk=1 st=16 wl=64 sep=0 rounds=16 naiv=56 blocks=28 cores_clean=56/56 core_round_clean=896/896 rounds_clean=16/16 headOK_min=56 viol=0 final_head_ok=56 stale=0 zero=0 other=0 scribble=0 rel_spread_max=15443 missing_rows=0 snap=0 rc=0
ROUND variant=A23_close_closesetE3 run=3 round=0 headOK_min=56 headOK_max=56 cores_clean=56/56 converged=0
ROUND variant=A23_close_closesetE3 run=3 round=1 headOK_min=56 headOK_max=56 cores_clean=56/56 converged=0
ROUND variant=A23_close_closesetE3 run=3 round=2 headOK_min=56 headOK_max=56 cores_clean=56/56 converged=0
ROUND variant=A23_close_closesetE3 run=3 round=3 headOK_min=56 headOK_max=56 cores_clean=56/56 converged=0
ROUND variant=A23_close_closesetE3 run=3 round=4 headOK_min=56 headOK_max=56 cores_clean=56/56 converged=0
ROUND variant=A23_close_closesetE3 run=3 round=5 headOK_min=56 headOK_max=56 cores_clean=56/56 converged=0
ROUND variant=A23_close_closesetE3 run=3 round=6 headOK_min=56 headOK_max=56 cores_clean=56/56 converged=0
ROUND variant=A23_close_closesetE3 run=3 round=7 headOK_min=56 headOK_max=56 cores_clean=56/56 converged=0
ROUND variant=A23_close_closesetE3 run=3 round=8 headOK_min=56 headOK_max=56 cores_clean=56/56 converged=0
ROUND variant=A23_close_closesetE3 run=3 round=9 headOK_min=56 headOK_max=56 cores_clean=56/56 converged=0
ROUND variant=A23_close_closesetE3 run=3 round=10 headOK_min=56 headOK_max=56 cores_clean=56/56 converged=0
ROUND variant=A23_close_closesetE3 run=3 round=11 headOK_min=56 headOK_max=56 cores_clean=56/56 converged=0
ROUND variant=A23_close_closesetE3 run=3 round=12 headOK_min=56 headOK_max=56 cores_clean=56/56 converged=0
ROUND variant=A23_close_closesetE3 run=3 round=13 headOK_min=56 headOK_max=56 cores_clean=56/56 converged=0
ROUND variant=A23_close_closesetE3 run=3 round=14 headOK_min=56 headOK_max=56 cores_clean=56/56 converged=0
ROUND variant=A23_close_closesetE3 run=3 round=15 headOK_min=56 headOK_max=56 cores_clean=56/56 converged=0
COREVIOL variant=A23_close_closesetE3 run=3 0,0,0,0,0,0,0,0,0,0,0,0,0,0,0,0,0,0,0,0,0,0,0,0,0,0,0,0,0,0,0,0,0,0,0,0,0,0,0,0,0,0,0,0,0,0,0,0,0,0,0,0,0,0,0,0
CYCLE variant=A23_close_closesetE3 run=3 -832171445,-832171519,-832170971,-832171342,-832170516,-832170994,-832171263,-832171287,-832169831,-832170867,-832169964,-832169855,-832171017,-832171539,-832170562,-832170419,-832170795,-832170346,-832171087,-832170916,-832170468,-832169917,-832171697,-832171616,-832170767,-832169940,-832170246,-832170318,-832172066,-832171581,-832170376,-832170328,-832171016,-832170519,-832171989,-832171880,-832171330,-832170596,-832171184,-832171136,-832170876,-832171230,-832171305,-832170618,-832170193,-832171832,-832171071,-832171378,-832171693,-832171639,-832170308,-832170138,-832170571,-832170215,-832170952,-832171496
SUMMARY variant=A23_close_closesetE3 run=4 vi=23 bk=1 ck=3 dk=2 fk=1 st=16 wl=64 sep=0 rounds=16 naiv=56 blocks=28 cores_clean=56/56 core_round_clean=896/896 rounds_clean=16/16 headOK_min=56 viol=0 final_head_ok=56 stale=0 zero=0 other=0 scribble=0 rel_spread_max=15856 missing_rows=0 snap=0 rc=0
ROUND variant=A23_close_closesetE3 run=4 round=0 headOK_min=56 headOK_max=56 cores_clean=56/56 converged=0
ROUND variant=A23_close_closesetE3 run=4 round=1 headOK_min=56 headOK_max=56 cores_clean=56/56 converged=0
ROUND variant=A23_close_closesetE3 run=4 round=2 headOK_min=56 headOK_max=56 cores_clean=56/56 converged=0
ROUND variant=A23_close_closesetE3 run=4 round=3 headOK_min=56 headOK_max=56 cores_clean=56/56 converged=0
ROUND variant=A23_close_closesetE3 run=4 round=4 headOK_min=56 headOK_max=56 cores_clean=56/56 converged=0
ROUND variant=A23_close_closesetE3 run=4 round=5 headOK_min=56 headOK_max=56 cores_clean=56/56 converged=0
ROUND variant=A23_close_closesetE3 run=4 round=6 headOK_min=56 headOK_max=56 cores_clean=56/56 converged=0
ROUND variant=A23_close_closesetE3 run=4 round=7 headOK_min=56 headOK_max=56 cores_clean=56/56 converged=0
ROUND variant=A23_close_closesetE3 run=4 round=8 headOK_min=56 headOK_max=56 cores_clean=56/56 converged=0
ROUND variant=A23_close_closesetE3 run=4 round=9 headOK_min=56 headOK_max=56 cores_clean=56/56 converged=0
ROUND variant=A23_close_closesetE3 run=4 round=10 headOK_min=56 headOK_max=56 cores_clean=56/56 converged=0
ROUND variant=A23_close_closesetE3 run=4 round=11 headOK_min=56 headOK_max=56 cores_clean=56/56 converged=0
ROUND variant=A23_close_closesetE3 run=4 round=12 headOK_min=56 headOK_max=56 cores_clean=56/56 converged=0
ROUND variant=A23_close_closesetE3 run=4 round=13 headOK_min=56 headOK_max=56 cores_clean=56/56 converged=0
ROUND variant=A23_close_closesetE3 run=4 round=14 headOK_min=56 headOK_max=56 cores_clean=56/56 converged=0
ROUND variant=A23_close_closesetE3 run=4 round=15 headOK_min=56 headOK_max=56 cores_clean=56/56 converged=0
COREVIOL variant=A23_close_closesetE3 run=4 0,0,0,0,0,0,0,0,0,0,0,0,0,0,0,0,0,0,0,0,0,0,0,0,0,0,0,0,0,0,0,0,0,0,0,0,0,0,0,0,0,0,0,0,0,0,0,0,0,0,0,0,0,0,0,0
CYCLE variant=A23_close_closesetE3 run=4 1893834772,1893834510,1893833255,1893833763,1893834155,1893833546,1893834223,1893833868,1893833751,1893833651,1893833593,1893833848,1893834049,1893833467,1893832787,1893833303,1893834485,1893834434,1893832962,1893833355,1893834604,1893834796,1893832652,1893832839,1893834560,1893834637,1893834576,1893834399,1893832401,1893832498,1893834509,1893834482,1893834230,1893834078,1893833143,1893833374,1893834030,1893833776,1893832914,1893832807,1893834345,1893832404,1893833874,1893834104,1893834449,1893833681,1893833975,1893833095,1893834420,1893833808,1893834290,1893832405,1893832687,1893833764,1893834182,1893833623
SUMMARY variant=A23_close_closesetE3 run=5 vi=23 bk=1 ck=3 dk=2 fk=1 st=16 wl=64 sep=0 rounds=16 naiv=56 blocks=28 cores_clean=56/56 core_round_clean=896/896 rounds_clean=16/16 headOK_min=56 viol=0 final_head_ok=56 stale=0 zero=0 other=0 scribble=0 rel_spread_max=17054 missing_rows=0 snap=0 rc=0
ROUND variant=A23_close_closesetE3 run=5 round=0 headOK_min=56 headOK_max=56 cores_clean=56/56 converged=0
ROUND variant=A23_close_closesetE3 run=5 round=1 headOK_min=56 headOK_max=56 cores_clean=56/56 converged=0
ROUND variant=A23_close_closesetE3 run=5 round=2 headOK_min=56 headOK_max=56 cores_clean=56/56 converged=0
ROUND variant=A23_close_closesetE3 run=5 round=3 headOK_min=56 headOK_max=56 cores_clean=56/56 converged=0
ROUND variant=A23_close_closesetE3 run=5 round=4 headOK_min=56 headOK_max=56 cores_clean=56/56 converged=0
ROUND variant=A23_close_closesetE3 run=5 round=5 headOK_min=56 headOK_max=56 cores_clean=56/56 converged=0
ROUND variant=A23_close_closesetE3 run=5 round=6 headOK_min=56 headOK_max=56 cores_clean=56/56 converged=0
ROUND variant=A23_close_closesetE3 run=5 round=7 headOK_min=56 headOK_max=56 cores_clean=56/56 converged=0
ROUND variant=A23_close_closesetE3 run=5 round=8 headOK_min=56 headOK_max=56 cores_clean=56/56 converged=0
ROUND variant=A23_close_closesetE3 run=5 round=9 headOK_min=56 headOK_max=56 cores_clean=56/56 converged=0
ROUND variant=A23_close_closesetE3 run=5 round=10 headOK_min=56 headOK_max=56 cores_clean=56/56 converged=0
ROUND variant=A23_close_closesetE3 run=5 round=11 headOK_min=56 headOK_max=56 cores_clean=56/56 converged=0
ROUND variant=A23_close_closesetE3 run=5 round=12 headOK_min=56 headOK_max=56 cores_clean=56/56 converged=0
ROUND variant=A23_close_closesetE3 run=5 round=13 headOK_min=56 headOK_max=56 cores_clean=56/56 converged=0
ROUND variant=A23_close_closesetE3 run=5 round=14 headOK_min=56 headOK_max=56 cores_clean=56/56 converged=0
ROUND variant=A23_close_closesetE3 run=5 round=15 headOK_min=56 headOK_max=56 cores_clean=56/56 converged=0
COREVIOL variant=A23_close_closesetE3 run=5 0,0,0,0,0,0,0,0,0,0,0,0,0,0,0,0,0,0,0,0,0,0,0,0,0,0,0,0,0,0,0,0,0,0,0,0,0,0,0,0,0,0,0,0,0,0,0,0,0,0,0,0,0,0,0,0
CYCLE variant=A23_close_closesetE3 run=5 -793164473,-793164423,-793163477,-793163147,-793162570,-793163464,-793162588,-793162765,-793162993,-793162824,-793162724,-793162699,-793164140,-793164116,-793164361,-793164207,-793163534,-793162540,-793163002,-793163787,-793162641,-793164030,-793163046,-793163069,-793162745,-793162864,-793162502,-793163978,-793163532,-793163413,-793163076,-793163256,-793164060,-793163268,-793164791,-793164794,-793163390,-793164246,-793164802,-793164809,-793164050,-793164683,-793164768,-793164797,-793164279,-793163752,-793163221,-793163122,-793164820,-793164800,-793163635,-793163303,-793164611,-793164499,-793164344,-793163203
SUMMARY variant=A23_close_closesetE3 run=6 vi=23 bk=1 ck=3 dk=2 fk=1 st=16 wl=64 sep=0 rounds=16 naiv=56 blocks=28 cores_clean=56/56 core_round_clean=896/896 rounds_clean=16/16 headOK_min=56 viol=0 final_head_ok=56 stale=0 zero=0 other=0 scribble=0 rel_spread_max=15665 missing_rows=0 snap=0 rc=0
ROUND variant=A23_close_closesetE3 run=6 round=0 headOK_min=56 headOK_max=56 cores_clean=56/56 converged=0
ROUND variant=A23_close_closesetE3 run=6 round=1 headOK_min=56 headOK_max=56 cores_clean=56/56 converged=0
ROUND variant=A23_close_closesetE3 run=6 round=2 headOK_min=56 headOK_max=56 cores_clean=56/56 converged=0
ROUND variant=A23_close_closesetE3 run=6 round=3 headOK_min=56 headOK_max=56 cores_clean=56/56 converged=0
ROUND variant=A23_close_closesetE3 run=6 round=4 headOK_min=56 headOK_max=56 cores_clean=56/56 converged=0
ROUND variant=A23_close_closesetE3 run=6 round=5 headOK_min=56 headOK_max=56 cores_clean=56/56 converged=0
ROUND variant=A23_close_closesetE3 run=6 round=6 headOK_min=56 headOK_max=56 cores_clean=56/56 converged=0
ROUND variant=A23_close_closesetE3 run=6 round=7 headOK_min=56 headOK_max=56 cores_clean=56/56 converged=0
ROUND variant=A23_close_closesetE3 run=6 round=8 headOK_min=56 headOK_max=56 cores_clean=56/56 converged=0
ROUND variant=A23_close_closesetE3 run=6 round=9 headOK_min=56 headOK_max=56 cores_clean=56/56 converged=0
ROUND variant=A23_close_closesetE3 run=6 round=10 headOK_min=56 headOK_max=56 cores_clean=56/56 converged=0
ROUND variant=A23_close_closesetE3 run=6 round=11 headOK_min=56 headOK_max=56 cores_clean=56/56 converged=0
ROUND variant=A23_close_closesetE3 run=6 round=12 headOK_min=56 headOK_max=56 cores_clean=56/56 converged=0
ROUND variant=A23_close_closesetE3 run=6 round=13 headOK_min=56 headOK_max=56 cores_clean=56/56 converged=0
ROUND variant=A23_close_closesetE3 run=6 round=14 headOK_min=56 headOK_max=56 cores_clean=56/56 converged=0
ROUND variant=A23_close_closesetE3 run=6 round=15 headOK_min=56 headOK_max=56 cores_clean=56/56 converged=0
COREVIOL variant=A23_close_closesetE3 run=6 0,0,0,0,0,0,0,0,0,0,0,0,0,0,0,0,0,0,0,0,0,0,0,0,0,0,0,0,0,0,0,0,0,0,0,0,0,0,0,0,0,0,0,0,0,0,0,0,0,0,0,0,0,0,0,0
CYCLE variant=A23_close_closesetE3 run=6 -678343324,-678343024,-678342060,-678342161,-678343301,-678343125,-678341706,-678342087,-678342777,-678342599,-678342475,-678342577,-678343254,-678343178,-678341679,-678341935,-678343057,-678342803,-678341963,-678341654,-678342494,-678342316,-678343614,-678342827,-678341546,-678341573,-678342858,-678342628,-678344276,-678344278,-678344056,-678342833,-678342106,-678342704,-678343106,-678342446,-678342520,-678343527,-678342133,-678343032,-678343734,-678343007,-678343321,-678344101,-678342189,-678342548,-678342674,-678342213,-678342572,-678342495,-678343377,-678343403,-678342650,-678342472,-678342393,-678342154
SUMMARY variant=A23_close_closesetE3 run=7 vi=23 bk=1 ck=3 dk=2 fk=1 st=16 wl=64 sep=0 rounds=16 naiv=56 blocks=28 cores_clean=56/56 core_round_clean=896/896 rounds_clean=16/16 headOK_min=56 viol=0 final_head_ok=56 stale=0 zero=0 other=0 scribble=0 rel_spread_max=15293 missing_rows=0 snap=0 rc=0
ROUND variant=A23_close_closesetE3 run=7 round=0 headOK_min=56 headOK_max=56 cores_clean=56/56 converged=0
ROUND variant=A23_close_closesetE3 run=7 round=1 headOK_min=56 headOK_max=56 cores_clean=56/56 converged=0
ROUND variant=A23_close_closesetE3 run=7 round=2 headOK_min=56 headOK_max=56 cores_clean=56/56 converged=0
ROUND variant=A23_close_closesetE3 run=7 round=3 headOK_min=56 headOK_max=56 cores_clean=56/56 converged=0
ROUND variant=A23_close_closesetE3 run=7 round=4 headOK_min=56 headOK_max=56 cores_clean=56/56 converged=0
ROUND variant=A23_close_closesetE3 run=7 round=5 headOK_min=56 headOK_max=56 cores_clean=56/56 converged=0
ROUND variant=A23_close_closesetE3 run=7 round=6 headOK_min=56 headOK_max=56 cores_clean=56/56 converged=0
ROUND variant=A23_close_closesetE3 run=7 round=7 headOK_min=56 headOK_max=56 cores_clean=56/56 converged=0
ROUND variant=A23_close_closesetE3 run=7 round=8 headOK_min=56 headOK_max=56 cores_clean=56/56 converged=0
ROUND variant=A23_close_closesetE3 run=7 round=9 headOK_min=56 headOK_max=56 cores_clean=56/56 converged=0
ROUND variant=A23_close_closesetE3 run=7 round=10 headOK_min=56 headOK_max=56 cores_clean=56/56 converged=0
ROUND variant=A23_close_closesetE3 run=7 round=11 headOK_min=56 headOK_max=56 cores_clean=56/56 converged=0
ROUND variant=A23_close_closesetE3 run=7 round=12 headOK_min=56 headOK_max=56 cores_clean=56/56 converged=0
ROUND variant=A23_close_closesetE3 run=7 round=13 headOK_min=56 headOK_max=56 cores_clean=56/56 converged=0
ROUND variant=A23_close_closesetE3 run=7 round=14 headOK_min=56 headOK_max=56 cores_clean=56/56 converged=0
ROUND variant=A23_close_closesetE3 run=7 round=15 headOK_min=56 headOK_max=56 cores_clean=56/56 converged=0
COREVIOL variant=A23_close_closesetE3 run=7 0,0,0,0,0,0,0,0,0,0,0,0,0,0,0,0,0,0,0,0,0,0,0,0,0,0,0,0,0,0,0,0,0,0,0,0,0,0,0,0,0,0,0,0,0,0,0,0,0,0,0,0,0,0,0,0
CYCLE variant=A23_close_closesetE3 run=7 -1477243809,-1477244881,-1477244042,-1477243725,-1477244426,-1477244222,-1477244477,-1477244527,-1477243871,-1477243971,-1477245547,-1477245574,-1477245316,-1477245193,-1477243944,-1477243785,-1477244761,-1477244557,-1477245721,-1477245620,-1477244275,-1477244121,-1477245866,-1477245816,-1477244788,-1477244686,-1477245019,-1477244968,-1477244973,-1477245023,-1477244523,-1477244218,-1477243785,-1477243635,-1477243328,-1477243681,-1477243295,-1477243240,-1477244701,-1477244836,-1477243534,-1477243809,-1477244011,-1477244342,-1477244292,-1477243883,-1477244416,-1477243905,-1477244644,-1477244590,-1477244496,-1477244039,-1477245069,-1477244865,-1477243377,-1477243351
SUMMARY variant=A23_close_closesetE3 run=8 vi=23 bk=1 ck=3 dk=2 fk=1 st=16 wl=64 sep=0 rounds=16 naiv=56 blocks=28 cores_clean=56/56 core_round_clean=896/896 rounds_clean=16/16 headOK_min=56 viol=0 final_head_ok=56 stale=0 zero=0 other=0 scribble=0 rel_spread_max=15792 missing_rows=0 snap=0 rc=0
ROUND variant=A23_close_closesetE3 run=8 round=0 headOK_min=56 headOK_max=56 cores_clean=56/56 converged=0
ROUND variant=A23_close_closesetE3 run=8 round=1 headOK_min=56 headOK_max=56 cores_clean=56/56 converged=0
ROUND variant=A23_close_closesetE3 run=8 round=2 headOK_min=56 headOK_max=56 cores_clean=56/56 converged=0
ROUND variant=A23_close_closesetE3 run=8 round=3 headOK_min=56 headOK_max=56 cores_clean=56/56 converged=0
ROUND variant=A23_close_closesetE3 run=8 round=4 headOK_min=56 headOK_max=56 cores_clean=56/56 converged=0
ROUND variant=A23_close_closesetE3 run=8 round=5 headOK_min=56 headOK_max=56 cores_clean=56/56 converged=0
ROUND variant=A23_close_closesetE3 run=8 round=6 headOK_min=56 headOK_max=56 cores_clean=56/56 converged=0
ROUND variant=A23_close_closesetE3 run=8 round=7 headOK_min=56 headOK_max=56 cores_clean=56/56 converged=0
ROUND variant=A23_close_closesetE3 run=8 round=8 headOK_min=56 headOK_max=56 cores_clean=56/56 converged=0
ROUND variant=A23_close_closesetE3 run=8 round=9 headOK_min=56 headOK_max=56 cores_clean=56/56 converged=0
ROUND variant=A23_close_closesetE3 run=8 round=10 headOK_min=56 headOK_max=56 cores_clean=56/56 converged=0
ROUND variant=A23_close_closesetE3 run=8 round=11 headOK_min=56 headOK_max=56 cores_clean=56/56 converged=0
ROUND variant=A23_close_closesetE3 run=8 round=12 headOK_min=56 headOK_max=56 cores_clean=56/56 converged=0
ROUND variant=A23_close_closesetE3 run=8 round=13 headOK_min=56 headOK_max=56 cores_clean=56/56 converged=0
ROUND variant=A23_close_closesetE3 run=8 round=14 headOK_min=56 headOK_max=56 cores_clean=56/56 converged=0
ROUND variant=A23_close_closesetE3 run=8 round=15 headOK_min=56 headOK_max=56 cores_clean=56/56 converged=0
COREVIOL variant=A23_close_closesetE3 run=8 0,0,0,0,0,0,0,0,0,0,0,0,0,0,0,0,0,0,0,0,0,0,0,0,0,0,0,0,0,0,0,0,0,0,0,0,0,0,0,0,0,0,0,0,0,0,0,0,0,0,0,0,0,0,0,0
CYCLE variant=A23_close_closesetE3 run=8 1063589264,1063589399,1063589102,1063590400,1063589807,1063589884,1063590220,1063590245,1063589697,1063590114,1063589775,1063590061,1063590499,1063590167,1063589674,1063589725,1063589088,1063589416,1063590728,1063590701,1063590474,1063590814,1063589096,1063589078,1063590291,1063590521,1063589145,1063589643,1063589218,1063589381,1063590304,1063591338,1063591366,1063590055,1063589907,1063590932,1063591163,1063591062,1063590979,1063590878,1063590484,1063590180,1063591007,1063591135,1063590956,1063590905,1063590616,1063590161,1063590590,1063590540,1063590459,1063591209,1063590108,1063589878,1063591431,1063590439
SUMMARY variant=A23_close_closesetE3 run=9 vi=23 bk=1 ck=3 dk=2 fk=1 st=16 wl=64 sep=0 rounds=16 naiv=56 blocks=28 cores_clean=56/56 core_round_clean=896/896 rounds_clean=16/16 headOK_min=56 viol=0 final_head_ok=56 stale=0 zero=0 other=0 scribble=0 rel_spread_max=15742 missing_rows=0 snap=0 rc=0
ROUND variant=A23_close_closesetE3 run=9 round=0 headOK_min=56 headOK_max=56 cores_clean=56/56 converged=0
ROUND variant=A23_close_closesetE3 run=9 round=1 headOK_min=56 headOK_max=56 cores_clean=56/56 converged=0
ROUND variant=A23_close_closesetE3 run=9 round=2 headOK_min=56 headOK_max=56 cores_clean=56/56 converged=0
ROUND variant=A23_close_closesetE3 run=9 round=3 headOK_min=56 headOK_max=56 cores_clean=56/56 converged=0
ROUND variant=A23_close_closesetE3 run=9 round=4 headOK_min=56 headOK_max=56 cores_clean=56/56 converged=0
ROUND variant=A23_close_closesetE3 run=9 round=5 headOK_min=56 headOK_max=56 cores_clean=56/56 converged=0
ROUND variant=A23_close_closesetE3 run=9 round=6 headOK_min=56 headOK_max=56 cores_clean=56/56 converged=0
ROUND variant=A23_close_closesetE3 run=9 round=7 headOK_min=56 headOK_max=56 cores_clean=56/56 converged=0
ROUND variant=A23_close_closesetE3 run=9 round=8 headOK_min=56 headOK_max=56 cores_clean=56/56 converged=0
ROUND variant=A23_close_closesetE3 run=9 round=9 headOK_min=56 headOK_max=56 cores_clean=56/56 converged=0
ROUND variant=A23_close_closesetE3 run=9 round=10 headOK_min=56 headOK_max=56 cores_clean=56/56 converged=0
ROUND variant=A23_close_closesetE3 run=9 round=11 headOK_min=56 headOK_max=56 cores_clean=56/56 converged=0
ROUND variant=A23_close_closesetE3 run=9 round=12 headOK_min=56 headOK_max=56 cores_clean=56/56 converged=0
ROUND variant=A23_close_closesetE3 run=9 round=13 headOK_min=56 headOK_max=56 cores_clean=56/56 converged=0
ROUND variant=A23_close_closesetE3 run=9 round=14 headOK_min=56 headOK_max=56 cores_clean=56/56 converged=0
ROUND variant=A23_close_closesetE3 run=9 round=15 headOK_min=56 headOK_max=56 cores_clean=56/56 converged=0
COREVIOL variant=A23_close_closesetE3 run=9 0,0,0,0,0,0,0,0,0,0,0,0,0,0,0,0,0,0,0,0,0,0,0,0,0,0,0,0,0,0,0,0,0,0,0,0,0,0,0,0,0,0,0,0,0,0,0,0,0,0,0,0,0,0,0,0
CYCLE variant=A23_close_closesetE3 run=9 -1006037223,-1006037182,-1006035740,-1006035597,-1006035430,-1006035978,-1006035861,-1006035765,-1006035628,-1006035698,-1006036400,-1006037055,-1006037189,-1006037181,-1006036859,-1006035523,-1006036568,-1006036616,-1006037196,-1006035928,-1006036359,-1006035541,-1006035450,-1006035364,-1006036835,-1006035830,-1006035478,-1006035879,-1006036084,-1006035958,-1006035352,-1006035249,-1006034681,-1006034199,-1006034536,-1006034487,-1006035876,-1006034721,-1006034849,-1006034447,-1006034232,-1006034377,-1006034964,-1006036010,-1006034145,-1006034399,-1006034822,-1006035575,-1006035606,-1006035274,-1006035667,-1006034312,-1006035159,-1006034262,-1006034121,-1006035203
