SUMMARY variant=A13_dcci_close_rd run=1 vi=13 bk=1 ck=1 dk=3 fk=1 st=16 wl=64 sep=0 rounds=16 naiv=56 blocks=28 cores_clean=56/56 core_round_clean=896/896 rounds_clean=16/16 headOK_min=56 viol=0 final_head_ok=56 stale=0 zero=0 other=0 scribble=0 rel_spread_max=14819 missing_rows=0 snap=0 rc=0
ROUND variant=A13_dcci_close_rd run=1 round=0 headOK_min=56 headOK_max=56 cores_clean=56/56 converged=0
ROUND variant=A13_dcci_close_rd run=1 round=1 headOK_min=56 headOK_max=56 cores_clean=56/56 converged=0
ROUND variant=A13_dcci_close_rd run=1 round=2 headOK_min=56 headOK_max=56 cores_clean=56/56 converged=0
ROUND variant=A13_dcci_close_rd run=1 round=3 headOK_min=56 headOK_max=56 cores_clean=56/56 converged=0
ROUND variant=A13_dcci_close_rd run=1 round=4 headOK_min=56 headOK_max=56 cores_clean=56/56 converged=0
ROUND variant=A13_dcci_close_rd run=1 round=5 headOK_min=56 headOK_max=56 cores_clean=56/56 converged=0
ROUND variant=A13_dcci_close_rd run=1 round=6 headOK_min=56 headOK_max=56 cores_clean=56/56 converged=0
ROUND variant=A13_dcci_close_rd run=1 round=7 headOK_min=56 headOK_max=56 cores_clean=56/56 converged=0
ROUND variant=A13_dcci_close_rd run=1 round=8 headOK_min=56 headOK_max=56 cores_clean=56/56 converged=0
ROUND variant=A13_dcci_close_rd run=1 round=9 headOK_min=56 headOK_max=56 cores_clean=56/56 converged=0
ROUND variant=A13_dcci_close_rd run=1 round=10 headOK_min=56 headOK_max=56 cores_clean=56/56 converged=0
ROUND variant=A13_dcci_close_rd run=1 round=11 headOK_min=56 headOK_max=56 cores_clean=56/56 converged=0
ROUND variant=A13_dcci_close_rd run=1 round=12 headOK_min=56 headOK_max=56 cores_clean=56/56 converged=0
ROUND variant=A13_dcci_close_rd run=1 round=13 headOK_min=56 headOK_max=56 cores_clean=56/56 converged=0
ROUND variant=A13_dcci_close_rd run=1 round=14 headOK_min=56 headOK_max=56 cores_clean=56/56 converged=0
ROUND variant=A13_dcci_close_rd run=1 round=15 headOK_min=56 headOK_max=56 cores_clean=56/56 converged=0
COREVIOL variant=A13_dcci_close_rd run=1 0,0,0,0,0,0,0,0,0,0,0,0,0,0,0,0,0,0,0,0,0,0,0,0,0,0,0,0,0,0,0,0,0,0,0,0,0,0,0,0,0,0,0,0,0,0,0,0,0,0,0,0,0,0,0,0
CYCLE variant=A13_dcci_close_rd run=1 -848305767,-848305649,-848305745,-848305460,-848305439,-848305308,-848306655,-848306436,-848306635,-848306883,-848306686,-848305918,-848306929,-848305984,-848307275,-848307253,-848307204,-848306273,-848305417,-848305606,-848305788,-848306550,-848305720,-848305554,-848306806,-848305698,-848307105,-848307250,-848304122,-848305224,-848304373,-848304751,-848305395,-848305563,-848305688,-848305315,-848304696,-848304861,-848305156,-848305615,-848304448,-848304177,-848304492,-848304467,-848304149,-848304327,-848305198,-848305834,-848304987,-848305489,-848304637,-848304208,-848304611,-848304893,-848305963,-848304916
SUMMARY variant=A13_dcci_close_rd run=2 vi=13 bk=1 ck=1 dk=3 fk=1 st=16 wl=64 sep=0 rounds=16 naiv=56 blocks=28 cores_clean=56/56 core_round_clean=896/896 rounds_clean=16/16 headOK_min=56 viol=0 final_head_ok=56 stale=0 zero=0 other=0 scribble=0 rel_spread_max=17221 missing_rows=0 snap=0 rc=0
ROUND variant=A13_dcci_close_rd run=2 round=0 headOK_min=56 headOK_max=56 cores_clean=56/56 converged=0
ROUND variant=A13_dcci_close_rd run=2 round=1 headOK_min=56 headOK_max=56 cores_clean=56/56 converged=0
ROUND variant=A13_dcci_close_rd run=2 round=2 headOK_min=56 headOK_max=56 cores_clean=56/56 converged=0
ROUND variant=A13_dcci_close_rd run=2 round=3 headOK_min=56 headOK_max=56 cores_clean=56/56 converged=0
ROUND variant=A13_dcci_close_rd run=2 round=4 headOK_min=56 headOK_max=56 cores_clean=56/56 converged=0
ROUND variant=A13_dcci_close_rd run=2 round=5 headOK_min=56 headOK_max=56 cores_clean=56/56 converged=0
ROUND variant=A13_dcci_close_rd run=2 round=6 headOK_min=56 headOK_max=56 cores_clean=56/56 converged=0
ROUND variant=A13_dcci_close_rd run=2 round=7 headOK_min=56 headOK_max=56 cores_clean=56/56 converged=0
ROUND variant=A13_dcci_close_rd run=2 round=8 headOK_min=56 headOK_max=56 cores_clean=56/56 converged=0
ROUND variant=A13_dcci_close_rd run=2 round=9 headOK_min=56 headOK_max=56 cores_clean=56/56 converged=0
ROUND variant=A13_dcci_close_rd run=2 round=10 headOK_min=56 headOK_max=56 cores_clean=56/56 converged=0
ROUND variant=A13_dcci_close_rd run=2 round=11 headOK_min=56 headOK_max=56 cores_clean=56/56 converged=0
ROUND variant=A13_dcci_close_rd run=2 round=12 headOK_min=56 headOK_max=56 cores_clean=56/56 converged=0
ROUND variant=A13_dcci_close_rd run=2 round=13 headOK_min=56 headOK_max=56 cores_clean=56/56 converged=0
ROUND variant=A13_dcci_close_rd run=2 round=14 headOK_min=56 headOK_max=56 cores_clean=56/56 converged=0
ROUND variant=A13_dcci_close_rd run=2 round=15 headOK_min=56 headOK_max=56 cores_clean=56/56 converged=0
COREVIOL variant=A13_dcci_close_rd run=2 0,0,0,0,0,0,0,0,0,0,0,0,0,0,0,0,0,0,0,0,0,0,0,0,0,0,0,0,0,0,0,0,0,0,0,0,0,0,0,0,0,0,0,0,0,0,0,0,0,0,0,0,0,0,0,0
CYCLE variant=A13_dcci_close_rd run=2 1971480367,1971480029,1971481354,1971481070,1971480441,1971479971,1971481626,1971480200,1971481201,1971480141,1971480587,1971479979,1971481582,1971481536,1971481597,1971481256,1971481173,1971481515,1971480530,1971480755,1971481552,1971480259,1971479942,1971479947,1971480689,1971480414,1971480871,1971481375,1971480569,1971480788,1971481996,1971480979,1971481938,1971482104,1971480734,1971480585,1971482319,1971482153,1971480892,1971481163,1971481811,1971481611,1971481287,1971482224,1971482304,1971481124,1971482387,1971482363,1971481197,1971480698,1971481630,1971481247,1971481565,1971481861,1971482179,1971482132
SUMMARY variant=A13_dcci_close_rd run=3 vi=13 bk=1 ck=1 dk=3 fk=1 st=16 wl=64 sep=0 rounds=16 naiv=56 blocks=28 cores_clean=56/56 core_round_clean=896/896 rounds_clean=16/16 headOK_min=56 viol=0 final_head_ok=56 stale=0 zero=0 other=0 scribble=0 rel_spread_max=18609 missing_rows=0 snap=0 rc=0
ROUND variant=A13_dcci_close_rd run=3 round=0 headOK_min=56 headOK_max=56 cores_clean=56/56 converged=0
ROUND variant=A13_dcci_close_rd run=3 round=1 headOK_min=56 headOK_max=56 cores_clean=56/56 converged=0
ROUND variant=A13_dcci_close_rd run=3 round=2 headOK_min=56 headOK_max=56 cores_clean=56/56 converged=0
ROUND variant=A13_dcci_close_rd run=3 round=3 headOK_min=56 headOK_max=56 cores_clean=56/56 converged=0
ROUND variant=A13_dcci_close_rd run=3 round=4 headOK_min=56 headOK_max=56 cores_clean=56/56 converged=0
ROUND variant=A13_dcci_close_rd run=3 round=5 headOK_min=56 headOK_max=56 cores_clean=56/56 converged=0
ROUND variant=A13_dcci_close_rd run=3 round=6 headOK_min=56 headOK_max=56 cores_clean=56/56 converged=0
ROUND variant=A13_dcci_close_rd run=3 round=7 headOK_min=56 headOK_max=56 cores_clean=56/56 converged=0
ROUND variant=A13_dcci_close_rd run=3 round=8 headOK_min=56 headOK_max=56 cores_clean=56/56 converged=0
ROUND variant=A13_dcci_close_rd run=3 round=9 headOK_min=56 headOK_max=56 cores_clean=56/56 converged=0
ROUND variant=A13_dcci_close_rd run=3 round=10 headOK_min=56 headOK_max=56 cores_clean=56/56 converged=0
ROUND variant=A13_dcci_close_rd run=3 round=11 headOK_min=56 headOK_max=56 cores_clean=56/56 converged=0
ROUND variant=A13_dcci_close_rd run=3 round=12 headOK_min=56 headOK_max=56 cores_clean=56/56 converged=0
ROUND variant=A13_dcci_close_rd run=3 round=13 headOK_min=56 headOK_max=56 cores_clean=56/56 converged=0
ROUND variant=A13_dcci_close_rd run=3 round=14 headOK_min=56 headOK_max=56 cores_clean=56/56 converged=0
ROUND variant=A13_dcci_close_rd run=3 round=15 headOK_min=56 headOK_max=56 cores_clean=56/56 converged=0
COREVIOL variant=A13_dcci_close_rd run=3 0,0,0,0,0,0,0,0,0,0,0,0,0,0,0,0,0,0,0,0,0,0,0,0,0,0,0,0,0,0,0,0,0,0,0,0,0,0,0,0,0,0,0,0,0,0,0,0,0,0,0,0,0,0,0,0
CYCLE variant=A13_dcci_close_rd run=3 374820575,374821431,374821483,374820928,374821210,374821020,374820099,374820644,374821135,374820711,374820421,374820967,374820736,374820783,374820666,374819717,374820371,374820243,374821534,374820877,374821460,374821240,374819443,374819517,374821116,374821093,374819843,374819787,374821540,374821468,374822839,374822979,374823052,374822935,374823079,374823128,374822302,374822161,374821978,374822600,374821832,374821785,374822436,374822030,374822719,374822483,374822674,374822580,374823306,374823006,374822361,374822051,374821491,374821713,374822532,374823252
SUMMARY variant=A13_dcci_close_rd run=4 vi=13 bk=1 ck=1 dk=3 fk=1 st=16 wl=64 sep=0 rounds=16 naiv=56 blocks=28 cores_clean=56/56 core_round_clean=896/896 rounds_clean=16/16 headOK_min=56 viol=0 final_head_ok=56 stale=0 zero=0 other=0 scribble=0 rel_spread_max=20446 missing_rows=0 snap=0 rc=0
ROUND variant=A13_dcci_close_rd run=4 round=0 headOK_min=56 headOK_max=56 cores_clean=56/56 converged=0
ROUND variant=A13_dcci_close_rd run=4 round=1 headOK_min=56 headOK_max=56 cores_clean=56/56 converged=0
ROUND variant=A13_dcci_close_rd run=4 round=2 headOK_min=56 headOK_max=56 cores_clean=56/56 converged=0
ROUND variant=A13_dcci_close_rd run=4 round=3 headOK_min=56 headOK_max=56 cores_clean=56/56 converged=0
ROUND variant=A13_dcci_close_rd run=4 round=4 headOK_min=56 headOK_max=56 cores_clean=56/56 converged=0
ROUND variant=A13_dcci_close_rd run=4 round=5 headOK_min=56 headOK_max=56 cores_clean=56/56 converged=0
ROUND variant=A13_dcci_close_rd run=4 round=6 headOK_min=56 headOK_max=56 cores_clean=56/56 converged=0
ROUND variant=A13_dcci_close_rd run=4 round=7 headOK_min=56 headOK_max=56 cores_clean=56/56 converged=0
ROUND variant=A13_dcci_close_rd run=4 round=8 headOK_min=56 headOK_max=56 cores_clean=56/56 converged=0
ROUND variant=A13_dcci_close_rd run=4 round=9 headOK_min=56 headOK_max=56 cores_clean=56/56 converged=0
ROUND variant=A13_dcci_close_rd run=4 round=10 headOK_min=56 headOK_max=56 cores_clean=56/56 converged=0
ROUND variant=A13_dcci_close_rd run=4 round=11 headOK_min=56 headOK_max=56 cores_clean=56/56 converged=0
ROUND variant=A13_dcci_close_rd run=4 round=12 headOK_min=56 headOK_max=56 cores_clean=56/56 converged=0
ROUND variant=A13_dcci_close_rd run=4 round=13 headOK_min=56 headOK_max=56 cores_clean=56/56 converged=0
ROUND variant=A13_dcci_close_rd run=4 round=14 headOK_min=56 headOK_max=56 cores_clean=56/56 converged=0
ROUND variant=A13_dcci_close_rd run=4 round=15 headOK_min=56 headOK_max=56 cores_clean=56/56 converged=0
COREVIOL variant=A13_dcci_close_rd run=4 0,0,0,0,0,0,0,0,0,0,0,0,0,0,0,0,0,0,0,0,0,0,0,0,0,0,0,0,0,0,0,0,0,0,0,0,0,0,0,0,0,0,0,0,0,0,0,0,0,0,0,0,0,0,0,0
CYCLE variant=A13_dcci_close_rd run=4 200616663,200615892,200615914,200617238,200615413,200615413,200615407,200615440,200616881,200616528,200616923,200617136,200617188,200616782,200616961,200616724,200616853,200615793,200617034,200616372,200615642,200616899,200615396,200615408,200615602,200616135,200617086,200616542,200616826,200616527,200618144,200617837,200617262,200617451,200616971,200617540,200617123,200617147,200618107,200617777,200617175,200617081,200618035,200617917,200617243,200617291,200616296,200616323,200616726,200616600,200618269,200617854,200617483,200617671,200618154,200618179
SUMMARY variant=A13_dcci_close_rd run=5 vi=13 bk=1 ck=1 dk=3 fk=1 st=16 wl=64 sep=0 rounds=16 naiv=56 blocks=28 cores_clean=56/56 core_round_clean=896/896 rounds_clean=16/16 headOK_min=56 viol=0 final_head_ok=56 stale=0 zero=0 other=0 scribble=0 rel_spread_max=14949 missing_rows=0 snap=0 rc=0
ROUND variant=A13_dcci_close_rd run=5 round=0 headOK_min=56 headOK_max=56 cores_clean=56/56 converged=0
ROUND variant=A13_dcci_close_rd run=5 round=1 headOK_min=56 headOK_max=56 cores_clean=56/56 converged=0
ROUND variant=A13_dcci_close_rd run=5 round=2 headOK_min=56 headOK_max=56 cores_clean=56/56 converged=0
ROUND variant=A13_dcci_close_rd run=5 round=3 headOK_min=56 headOK_max=56 cores_clean=56/56 converged=0
ROUND variant=A13_dcci_close_rd run=5 round=4 headOK_min=56 headOK_max=56 cores_clean=56/56 converged=0
ROUND variant=A13_dcci_close_rd run=5 round=5 headOK_min=56 headOK_max=56 cores_clean=56/56 converged=0
ROUND variant=A13_dcci_close_rd run=5 round=6 headOK_min=56 headOK_max=56 cores_clean=56/56 converged=0
ROUND variant=A13_dcci_close_rd run=5 round=7 headOK_min=56 headOK_max=56 cores_clean=56/56 converged=0
ROUND variant=A13_dcci_close_rd run=5 round=8 headOK_min=56 headOK_max=56 cores_clean=56/56 converged=0
ROUND variant=A13_dcci_close_rd run=5 round=9 headOK_min=56 headOK_max=56 cores_clean=56/56 converged=0
ROUND variant=A13_dcci_close_rd run=5 round=10 headOK_min=56 headOK_max=56 cores_clean=56/56 converged=0
ROUND variant=A13_dcci_close_rd run=5 round=11 headOK_min=56 headOK_max=56 cores_clean=56/56 converged=0
ROUND variant=A13_dcci_close_rd run=5 round=12 headOK_min=56 headOK_max=56 cores_clean=56/56 converged=0
ROUND variant=A13_dcci_close_rd run=5 round=13 headOK_min=56 headOK_max=56 cores_clean=56/56 converged=0
ROUND variant=A13_dcci_close_rd run=5 round=14 headOK_min=56 headOK_max=56 cores_clean=56/56 converged=0
ROUND variant=A13_dcci_close_rd run=5 round=15 headOK_min=56 headOK_max=56 cores_clean=56/56 converged=0
COREVIOL variant=A13_dcci_close_rd run=5 0,0,0,0,0,0,0,0,0,0,0,0,0,0,0,0,0,0,0,0,0,0,0,0,0,0,0,0,0,0,0,0,0,0,0,0,0,0,0,0,0,0,0,0,0,0,0,0,0,0,0,0,0,0,0,0
CYCLE variant=A13_dcci_close_rd run=5 -1255686143,-1255685769,-1255686103,-1255685824,-1255686709,-1255686590,-1255686006,-1255685916,-1255686823,-1255685787,-1255687152,-1255686569,-1255686783,-1255686546,-1255686509,-1255686485,-1255686237,-1255686070,-1255686365,-1255685699,-1255687064,-1255686387,-1255687523,-1255687362,-1255687374,-1255685842,-1255686415,-1255686343,-1255687055,-1255686877,-1255685579,-1255685626,-1255686401,-1255686640,-1255685737,-1255685239,-1255685095,-1255685256,-1255685445,-1255685964,-1255685459,-1255685316,-1255685518,-1255686085,-1255685142,-1255685366,-1255685923,-1255685615,-1255686295,-1255686581,-1255685533,-1255685197,-1255685384,-1255686191,-1255686538,-1255686106
SUMMARY variant=A13_dcci_close_rd run=6 vi=13 bk=1 ck=1 dk=3 fk=1 st=16 wl=64 sep=0 rounds=16 naiv=56 blocks=28 cores_clean=56/56 core_round_clean=896/896 rounds_clean=16/16 headOK_min=56 viol=0 final_head_ok=56 stale=0 zero=0 other=0 scribble=0 rel_spread_max=16827 missing_rows=0 snap=0 rc=0
ROUND variant=A13_dcci_close_rd run=6 round=0 headOK_min=56 headOK_max=56 cores_clean=56/56 converged=0
ROUND variant=A13_dcci_close_rd run=6 round=1 headOK_min=56 headOK_max=56 cores_clean=56/56 converged=0
ROUND variant=A13_dcci_close_rd run=6 round=2 headOK_min=56 headOK_max=56 cores_clean=56/56 converged=0
ROUND variant=A13_dcci_close_rd run=6 round=3 headOK_min=56 headOK_max=56 cores_clean=56/56 converged=0
ROUND variant=A13_dcci_close_rd run=6 round=4 headOK_min=56 headOK_max=56 cores_clean=56/56 converged=0
ROUND variant=A13_dcci_close_rd run=6 round=5 headOK_min=56 headOK_max=56 cores_clean=56/56 converged=0
ROUND variant=A13_dcci_close_rd run=6 round=6 headOK_min=56 headOK_max=56 cores_clean=56/56 converged=0
ROUND variant=A13_dcci_close_rd run=6 round=7 headOK_min=56 headOK_max=56 cores_clean=56/56 converged=0
ROUND variant=A13_dcci_close_rd run=6 round=8 headOK_min=56 headOK_max=56 cores_clean=56/56 converged=0
ROUND variant=A13_dcci_close_rd run=6 round=9 headOK_min=56 headOK_max=56 cores_clean=56/56 converged=0
ROUND variant=A13_dcci_close_rd run=6 round=10 headOK_min=56 headOK_max=56 cores_clean=56/56 converged=0
ROUND variant=A13_dcci_close_rd run=6 round=11 headOK_min=56 headOK_max=56 cores_clean=56/56 converged=0
ROUND variant=A13_dcci_close_rd run=6 round=12 headOK_min=56 headOK_max=56 cores_clean=56/56 converged=0
ROUND variant=A13_dcci_close_rd run=6 round=13 headOK_min=56 headOK_max=56 cores_clean=56/56 converged=0
ROUND variant=A13_dcci_close_rd run=6 round=14 headOK_min=56 headOK_max=56 cores_clean=56/56 converged=0
ROUND variant=A13_dcci_close_rd run=6 round=15 headOK_min=56 headOK_max=56 cores_clean=56/56 converged=0
COREVIOL variant=A13_dcci_close_rd run=6 0,0,0,0,0,0,0,0,0,0,0,0,0,0,0,0,0,0,0,0,0,0,0,0,0,0,0,0,0,0,0,0,0,0,0,0,0,0,0,0,0,0,0,0,0,0,0,0,0,0,0,0,0,0,0,0
CYCLE variant=A13_dcci_close_rd run=6 1640357612,1640357221,1640356595,1640356290,1640356233,1640356203,1640357397,1640358204,1640357962,1640358146,1640357441,1640356774,1640357914,1640358232,1640356066,1640357525,1640358065,1640358091,1640357035,1640357658,1640357428,1640357377,1640356045,1640356042,1640357012,1640356174,1640357787,1640357634,1640357279,1640357455,1640358541,1640358325,1640358249,1640357817,1640357974,1640358306,1640356633,1640356526,1640357352,1640357403,1640358271,1640358428,1640356867,1640357256,1640357150,1640357610,1640357585,1640358175,1640357072,1640356894,1640358399,1640358481,1640358145,1640357125,1640357662,1640357843
SUMMARY variant=A13_dcci_close_rd run=7 vi=13 bk=1 ck=1 dk=3 fk=1 st=16 wl=64 sep=0 rounds=16 naiv=56 blocks=28 cores_clean=56/56 core_round_clean=896/896 rounds_clean=16/16 headOK_min=56 viol=0 final_head_ok=56 stale=0 zero=0 other=0 scribble=0 rel_spread_max=15740 missing_rows=0 snap=0 rc=0
ROUND variant=A13_dcci_close_rd run=7 round=0 headOK_min=56 headOK_max=56 cores_clean=56/56 converged=0
ROUND variant=A13_dcci_close_rd run=7 round=1 headOK_min=56 headOK_max=56 cores_clean=56/56 converged=0
ROUND variant=A13_dcci_close_rd run=7 round=2 headOK_min=56 headOK_max=56 cores_clean=56/56 converged=0
ROUND variant=A13_dcci_close_rd run=7 round=3 headOK_min=56 headOK_max=56 cores_clean=56/56 converged=0
ROUND variant=A13_dcci_close_rd run=7 round=4 headOK_min=56 headOK_max=56 cores_clean=56/56 converged=0
ROUND variant=A13_dcci_close_rd run=7 round=5 headOK_min=56 headOK_max=56 cores_clean=56/56 converged=0
ROUND variant=A13_dcci_close_rd run=7 round=6 headOK_min=56 headOK_max=56 cores_clean=56/56 converged=0
ROUND variant=A13_dcci_close_rd run=7 round=7 headOK_min=56 headOK_max=56 cores_clean=56/56 converged=0
ROUND variant=A13_dcci_close_rd run=7 round=8 headOK_min=56 headOK_max=56 cores_clean=56/56 converged=0
ROUND variant=A13_dcci_close_rd run=7 round=9 headOK_min=56 headOK_max=56 cores_clean=56/56 converged=0
ROUND variant=A13_dcci_close_rd run=7 round=10 headOK_min=56 headOK_max=56 cores_clean=56/56 converged=0
ROUND variant=A13_dcci_close_rd run=7 round=11 headOK_min=56 headOK_max=56 cores_clean=56/56 converged=0
ROUND variant=A13_dcci_close_rd run=7 round=12 headOK_min=56 headOK_max=56 cores_clean=56/56 converged=0
ROUND variant=A13_dcci_close_rd run=7 round=13 headOK_min=56 headOK_max=56 cores_clean=56/56 converged=0
ROUND variant=A13_dcci_close_rd run=7 round=14 headOK_min=56 headOK_max=56 cores_clean=56/56 converged=0
ROUND variant=A13_dcci_close_rd run=7 round=15 headOK_min=56 headOK_max=56 cores_clean=56/56 converged=0
COREVIOL variant=A13_dcci_close_rd run=7 0,0,0,0,0,0,0,0,0,0,0,0,0,0,0,0,0,0,0,0,0,0,0,0,0,0,0,0,0,0,0,0,0,0,0,0,0,0,0,0,0,0,0,0,0,0,0,0,0,0,0,0,0,0,0,0
CYCLE variant=A13_dcci_close_rd run=7 52083035,52083771,52084371,52084678,52084498,52083476,52084608,52084775,52084083,52083504,52084284,52084711,52084448,52084306,52083052,52083438,52083269,52084427,52084114,52084323,52084044,52084748,52082870,52082715,52084233,52083721,52084627,52084019,52083118,52083068,52084129,52084509,52084285,52084404,52083853,52084683,52084665,52084642,52083885,52083537,52083747,52084227,52084877,52084927,52084555,52084603,52084709,52084426,52084990,52085020,52083203,52083496,52084063,52083453,52084194,52084241
SUMMARY variant=A13_dcci_close_rd run=8 vi=13 bk=1 ck=1 dk=3 fk=1 st=16 wl=64 sep=0 rounds=16 naiv=56 blocks=28 cores_clean=56/56 core_round_clean=896/896 rounds_clean=16/16 headOK_min=56 viol=0 final_head_ok=56 stale=0 zero=0 other=0 scribble=0 rel_spread_max=15390 missing_rows=0 snap=0 rc=0
ROUND variant=A13_dcci_close_rd run=8 round=0 headOK_min=56 headOK_max=56 cores_clean=56/56 converged=0
ROUND variant=A13_dcci_close_rd run=8 round=1 headOK_min=56 headOK_max=56 cores_clean=56/56 converged=0
ROUND variant=A13_dcci_close_rd run=8 round=2 headOK_min=56 headOK_max=56 cores_clean=56/56 converged=0
ROUND variant=A13_dcci_close_rd run=8 round=3 headOK_min=56 headOK_max=56 cores_clean=56/56 converged=0
ROUND variant=A13_dcci_close_rd run=8 round=4 headOK_min=56 headOK_max=56 cores_clean=56/56 converged=0
ROUND variant=A13_dcci_close_rd run=8 round=5 headOK_min=56 headOK_max=56 cores_clean=56/56 converged=0
ROUND variant=A13_dcci_close_rd run=8 round=6 headOK_min=56 headOK_max=56 cores_clean=56/56 converged=0
ROUND variant=A13_dcci_close_rd run=8 round=7 headOK_min=56 headOK_max=56 cores_clean=56/56 converged=0
ROUND variant=A13_dcci_close_rd run=8 round=8 headOK_min=56 headOK_max=56 cores_clean=56/56 converged=0
ROUND variant=A13_dcci_close_rd run=8 round=9 headOK_min=56 headOK_max=56 cores_clean=56/56 converged=0
ROUND variant=A13_dcci_close_rd run=8 round=10 headOK_min=56 headOK_max=56 cores_clean=56/56 converged=0
ROUND variant=A13_dcci_close_rd run=8 round=11 headOK_min=56 headOK_max=56 cores_clean=56/56 converged=0
ROUND variant=A13_dcci_close_rd run=8 round=12 headOK_min=56 headOK_max=56 cores_clean=56/56 converged=0
ROUND variant=A13_dcci_close_rd run=8 round=13 headOK_min=56 headOK_max=56 cores_clean=56/56 converged=0
ROUND variant=A13_dcci_close_rd run=8 round=14 headOK_min=56 headOK_max=56 cores_clean=56/56 converged=0
ROUND variant=A13_dcci_close_rd run=8 round=15 headOK_min=56 headOK_max=56 cores_clean=56/56 converged=0
COREVIOL variant=A13_dcci_close_rd run=8 0,0,0,0,0,0,0,0,0,0,0,0,0,0,0,0,0,0,0,0,0,0,0,0,0,0,0,0,0,0,0,0,0,0,0,0,0,0,0,0,0,0,0,0,0,0,0,0,0,0,0,0,0,0,0,0
CYCLE variant=A13_dcci_close_rd run=8 -1426997108,-1426996902,-1426997008,-1426995857,-1426996752,-1426996727,-1426995469,-1426995666,-1426995537,-1426995485,-1426996110,-1426995636,-1426996230,-1426996040,-1426996814,-1426997263,-1426995612,-1426996298,-1426995416,-1426996260,-1426996689,-1426996640,-1426997366,-1426997338,-1426995993,-1426996347,-1426995577,-1426995765,-1426998621,-1426998773,-1426997947,-1426998587,-1426997192,-1426998671,-1426998129,-1426996913,-1426996954,-1426997674,-1426997260,-1426997283,-1426998770,-1426998761,-1426998768,-1426998775,-1426997500,-1426997641,-1426997823,-1426998053,-1426998066,-1426997088,-1426997890,-1426997842,-1426997707,-1426997541,-1426997023,-1426997070
SUMMARY variant=A13_dcci_close_rd run=9 vi=13 bk=1 ck=1 dk=3 fk=1 st=16 wl=64 sep=0 rounds=16 naiv=56 blocks=28 cores_clean=56/56 core_round_clean=896/896 rounds_clean=16/16 headOK_min=56 viol=0 final_head_ok=56 stale=0 zero=0 other=0 scribble=0 rel_spread_max=17859 missing_rows=0 snap=0 rc=0
ROUND variant=A13_dcci_close_rd run=9 round=0 headOK_min=56 headOK_max=56 cores_clean=56/56 converged=0
ROUND variant=A13_dcci_close_rd run=9 round=1 headOK_min=56 headOK_max=56 cores_clean=56/56 converged=0
ROUND variant=A13_dcci_close_rd run=9 round=2 headOK_min=56 headOK_max=56 cores_clean=56/56 converged=0
ROUND variant=A13_dcci_close_rd run=9 round=3 headOK_min=56 headOK_max=56 cores_clean=56/56 converged=0
ROUND variant=A13_dcci_close_rd run=9 round=4 headOK_min=56 headOK_max=56 cores_clean=56/56 converged=0
ROUND variant=A13_dcci_close_rd run=9 round=5 headOK_min=56 headOK_max=56 cores_clean=56/56 converged=0
ROUND variant=A13_dcci_close_rd run=9 round=6 headOK_min=56 headOK_max=56 cores_clean=56/56 converged=0
ROUND variant=A13_dcci_close_rd run=9 round=7 headOK_min=56 headOK_max=56 cores_clean=56/56 converged=0
ROUND variant=A13_dcci_close_rd run=9 round=8 headOK_min=56 headOK_max=56 cores_clean=56/56 converged=0
ROUND variant=A13_dcci_close_rd run=9 round=9 headOK_min=56 headOK_max=56 cores_clean=56/56 converged=0
ROUND variant=A13_dcci_close_rd run=9 round=10 headOK_min=56 headOK_max=56 cores_clean=56/56 converged=0
ROUND variant=A13_dcci_close_rd run=9 round=11 headOK_min=56 headOK_max=56 cores_clean=56/56 converged=0
ROUND variant=A13_dcci_close_rd run=9 round=12 headOK_min=56 headOK_max=56 cores_clean=56/56 converged=0
ROUND variant=A13_dcci_close_rd run=9 round=13 headOK_min=56 headOK_max=56 cores_clean=56/56 converged=0
ROUND variant=A13_dcci_close_rd run=9 round=14 headOK_min=56 headOK_max=56 cores_clean=56/56 converged=0
ROUND variant=A13_dcci_close_rd run=9 round=15 headOK_min=56 headOK_max=56 cores_clean=56/56 converged=0
COREVIOL variant=A13_dcci_close_rd run=9 0,0,0,0,0,0,0,0,0,0,0,0,0,0,0,0,0,0,0,0,0,0,0,0,0,0,0,0,0,0,0,0,0,0,0,0,0,0,0,0,0,0,0,0,0,0,0,0,0,0,0,0,0,0,0,0
CYCLE variant=A13_dcci_close_rd run=9 -1610209411,-1610209536,-1610207878,-1610207924,-1610208930,-1610209258,-1610208348,-1610208041,-1610208595,-1610208453,-1610208013,-1610208318,-1610208911,-1610209214,-1610208518,-1610209145,-1610208554,-1610208129,-1610208069,-1610208304,-1610208751,-1610208419,-1610209754,-1610209729,-1610209184,-1610208178,-1610207904,-1610208093,-1610209220,-1610208981,-1610208879,-1610209162,-1610209962,-1610208486,-1610210120,-1610209613,-1610208816,-1610208627,-1610210012,-1610208649,-1610208189,-1610208261,-1610208145,-1610208414,-1610210088,-1610209090,-1610209150,-1610208559,-1610208998,-1610208572,-1610209440,-1610208335,-1610209334,-1610208353,-1610208507,-1610208247
