SUMMARY variant=A10_nodrain_close run=1 vi=10 bk=1 ck=1 dk=0 fk=1 st=16 wl=64 sep=0 rounds=16 naiv=56 blocks=28 cores_clean=56/56 core_round_clean=896/896 rounds_clean=16/16 headOK_min=56 viol=0 final_head_ok=56 stale=0 zero=0 other=0 scribble=0 rel_spread_max=20002 missing_rows=0 snap=0 rc=0
ROUND variant=A10_nodrain_close run=1 round=0 headOK_min=56 headOK_max=56 cores_clean=56/56 converged=0
ROUND variant=A10_nodrain_close run=1 round=1 headOK_min=56 headOK_max=56 cores_clean=56/56 converged=0
ROUND variant=A10_nodrain_close run=1 round=2 headOK_min=56 headOK_max=56 cores_clean=56/56 converged=0
ROUND variant=A10_nodrain_close run=1 round=3 headOK_min=56 headOK_max=56 cores_clean=56/56 converged=0
ROUND variant=A10_nodrain_close run=1 round=4 headOK_min=56 headOK_max=56 cores_clean=56/56 converged=0
ROUND variant=A10_nodrain_close run=1 round=5 headOK_min=56 headOK_max=56 cores_clean=56/56 converged=0
ROUND variant=A10_nodrain_close run=1 round=6 headOK_min=56 headOK_max=56 cores_clean=56/56 converged=0
ROUND variant=A10_nodrain_close run=1 round=7 headOK_min=56 headOK_max=56 cores_clean=56/56 converged=0
ROUND variant=A10_nodrain_close run=1 round=8 headOK_min=56 headOK_max=56 cores_clean=56/56 converged=0
ROUND variant=A10_nodrain_close run=1 round=9 headOK_min=56 headOK_max=56 cores_clean=56/56 converged=0
ROUND variant=A10_nodrain_close run=1 round=10 headOK_min=56 headOK_max=56 cores_clean=56/56 converged=0
ROUND variant=A10_nodrain_close run=1 round=11 headOK_min=56 headOK_max=56 cores_clean=56/56 converged=0
ROUND variant=A10_nodrain_close run=1 round=12 headOK_min=56 headOK_max=56 cores_clean=56/56 converged=0
ROUND variant=A10_nodrain_close run=1 round=13 headOK_min=56 headOK_max=56 cores_clean=56/56 converged=0
ROUND variant=A10_nodrain_close run=1 round=14 headOK_min=56 headOK_max=56 cores_clean=56/56 converged=0
ROUND variant=A10_nodrain_close run=1 round=15 headOK_min=56 headOK_max=56 cores_clean=56/56 converged=0
COREVIOL variant=A10_nodrain_close run=1 0,0,0,0,0,0,0,0,0,0,0,0,0,0,0,0,0,0,0,0,0,0,0,0,0,0,0,0,0,0,0,0,0,0,0,0,0,0,0,0,0,0,0,0,0,0,0,0,0,0,0,0,0,0,0,0
CYCLE variant=A10_nodrain_close run=1 1205453910,1205453681,1205454171,1205455547,1205455109,1205454447,1205454649,1205454496,1205455285,1205455131,1205455178,1205454797,1205455573,1205455083,1205454395,1205454573,1205454850,1205455157,1205455055,1205454470,1205455267,1205454350,1205453363,1205453403,1205454701,1205454982,1205454674,1205455234,1205455554,1205455904,1205456865,1205456611,1205456663,1205457304,1205455859,1205455785,1205456644,1205455713,1205457271,1205457439,1205457116,1205457411,1205455977,1205455679,1205456431,1205456129,1205456459,1205456536,1205455433,1205456156,1205456376,1205457219,1205456177,1205456104,1205457172,1205457045
SUMMARY variant=A10_nodrain_close run=2 vi=10 bk=1 ck=1 dk=0 fk=1 st=16 wl=64 sep=0 rounds=16 naiv=56 blocks=28 cores_clean=56/56 core_round_clean=896/896 rounds_clean=16/16 headOK_min=56 viol=0 final_head_ok=56 stale=0 zero=0 other=0 scribble=0 rel_spread_max=15169 missing_rows=0 snap=0 rc=0
ROUND variant=A10_nodrain_close run=2 round=0 headOK_min=56 headOK_max=56 cores_clean=56/56 converged=0
ROUND variant=A10_nodrain_close run=2 round=1 headOK_min=56 headOK_max=56 cores_clean=56/56 converged=0
ROUND variant=A10_nodrain_close run=2 round=2 headOK_min=56 headOK_max=56 cores_clean=56/56 converged=0
ROUND variant=A10_nodrain_close run=2 round=3 headOK_min=56 headOK_max=56 cores_clean=56/56 converged=0
ROUND variant=A10_nodrain_close run=2 round=4 headOK_min=56 headOK_max=56 cores_clean=56/56 converged=0
ROUND variant=A10_nodrain_close run=2 round=5 headOK_min=56 headOK_max=56 cores_clean=56/56 converged=0
ROUND variant=A10_nodrain_close run=2 round=6 headOK_min=56 headOK_max=56 cores_clean=56/56 converged=0
ROUND variant=A10_nodrain_close run=2 round=7 headOK_min=56 headOK_max=56 cores_clean=56/56 converged=0
ROUND variant=A10_nodrain_close run=2 round=8 headOK_min=56 headOK_max=56 cores_clean=56/56 converged=0
ROUND variant=A10_nodrain_close run=2 round=9 headOK_min=56 headOK_max=56 cores_clean=56/56 converged=0
ROUND variant=A10_nodrain_close run=2 round=10 headOK_min=56 headOK_max=56 cores_clean=56/56 converged=0
ROUND variant=A10_nodrain_close run=2 round=11 headOK_min=56 headOK_max=56 cores_clean=56/56 converged=0
ROUND variant=A10_nodrain_close run=2 round=12 headOK_min=56 headOK_max=56 cores_clean=56/56 converged=0
ROUND variant=A10_nodrain_close run=2 round=13 headOK_min=56 headOK_max=56 cores_clean=56/56 converged=0
ROUND variant=A10_nodrain_close run=2 round=14 headOK_min=56 headOK_max=56 cores_clean=56/56 converged=0
ROUND variant=A10_nodrain_close run=2 round=15 headOK_min=56 headOK_max=56 cores_clean=56/56 converged=0
COREVIOL variant=A10_nodrain_close run=2 0,0,0,0,0,0,0,0,0,0,0,0,0,0,0,0,0,0,0,0,0,0,0,0,0,0,0,0,0,0,0,0,0,0,0,0,0,0,0,0,0,0,0,0,0,0,0,0,0,0,0,0,0,0,0,0
CYCLE variant=A10_nodrain_close run=2 -295646130,-295645764,-295646305,-295645151,-295645271,-295645412,-295645224,-295646846,-295646846,-295646845,-295644976,-295645560,-295645532,-295645437,-295646746,-295645648,-295646501,-295646781,-295645321,-295645368,-295644991,-295645713,-295646829,-295646846,-295645695,-295645743,-295646210,-295645026,-295646382,-295645897,-295644652,-295644850,-295645606,-295645203,-295644963,-295645460,-295645221,-295645340,-295644710,-295644946,-295645563,-295645303,-295645799,-295645489,-295644626,-295644756,-295646557,-295646550,-295646301,-295646199,-295646129,-295646152,-295644923,-295644898,-295645844,-295645723
SUMMARY variant=A10_nodrain_close run=3 vi=10 bk=1 ck=1 dk=0 fk=1 st=16 wl=64 sep=0 rounds=16 naiv=56 blocks=28 cores_clean=56/56 core_round_clean=896/896 rounds_clean=16/16 headOK_min=56 viol=0 final_head_ok=56 stale=0 zero=0 other=0 scribble=0 rel_spread_max=18065 missing_rows=0 snap=0 rc=0
ROUND variant=A10_nodrain_close run=3 round=0 headOK_min=56 headOK_max=56 cores_clean=56/56 converged=0
ROUND variant=A10_nodrain_close run=3 round=1 headOK_min=56 headOK_max=56 cores_clean=56/56 converged=0
ROUND variant=A10_nodrain_close run=3 round=2 headOK_min=56 headOK_max=56 cores_clean=56/56 converged=0
ROUND variant=A10_nodrain_close run=3 round=3 headOK_min=56 headOK_max=56 cores_clean=56/56 converged=0
ROUND variant=A10_nodrain_close run=3 round=4 headOK_min=56 headOK_max=56 cores_clean=56/56 converged=0
ROUND variant=A10_nodrain_close run=3 round=5 headOK_min=56 headOK_max=56 cores_clean=56/56 converged=0
ROUND variant=A10_nodrain_close run=3 round=6 headOK_min=56 headOK_max=56 cores_clean=56/56 converged=0
ROUND variant=A10_nodrain_close run=3 round=7 headOK_min=56 headOK_max=56 cores_clean=56/56 converged=0
ROUND variant=A10_nodrain_close run=3 round=8 headOK_min=56 headOK_max=56 cores_clean=56/56 converged=0
ROUND variant=A10_nodrain_close run=3 round=9 headOK_min=56 headOK_max=56 cores_clean=56/56 converged=0
ROUND variant=A10_nodrain_close run=3 round=10 headOK_min=56 headOK_max=56 cores_clean=56/56 converged=0
ROUND variant=A10_nodrain_close run=3 round=11 headOK_min=56 headOK_max=56 cores_clean=56/56 converged=0
ROUND variant=A10_nodrain_close run=3 round=12 headOK_min=56 headOK_max=56 cores_clean=56/56 converged=0
ROUND variant=A10_nodrain_close run=3 round=13 headOK_min=56 headOK_max=56 cores_clean=56/56 converged=0
ROUND variant=A10_nodrain_close run=3 round=14 headOK_min=56 headOK_max=56 cores_clean=56/56 converged=0
ROUND variant=A10_nodrain_close run=3 round=15 headOK_min=56 headOK_max=56 cores_clean=56/56 converged=0
COREVIOL variant=A10_nodrain_close run=3 0,0,0,0,0,0,0,0,0,0,0,0,0,0,0,0,0,0,0,0,0,0,0,0,0,0,0,0,0,0,0,0,0,0,0,0,0,0,0,0,0,0,0,0,0,0,0,0,0,0,0,0,0,0,0,0
CYCLE variant=A10_nodrain_close run=3 -833927020,-833928034,-833926945,-833927072,-833928087,-833927890,-833927329,-833926868,-833928350,-833927408,-833927821,-833928585,-833926897,-833926972,-833928816,-833928686,-833927358,-833926789,-833928162,-833928238,-833927552,-833927501,-833929000,-833929002,-833927916,-833927174,-833928428,-833927048,-833927471,-833927420,-833927240,-833927571,-833927183,-833927341,-833926376,-833926655,-833926951,-833926244,-833926128,-833925717,-833926865,-833926839,-833925922,-833926024,-833925630,-833925602,-833925971,-833925792,-833927082,-833926506,-833925951,-833925901,-833926535,-833926610,-833926099,-833926454
SUMMARY variant=A10_nodrain_close run=4 vi=10 bk=1 ck=1 dk=0 fk=1 st=16 wl=64 sep=0 rounds=16 naiv=56 blocks=28 cores_clean=56/56 core_round_clean=896/896 rounds_clean=16/16 headOK_min=56 viol=0 final_head_ok=56 stale=0 zero=0 other=0 scribble=0 rel_spread_max=17754 missing_rows=0 snap=0 rc=0
ROUND variant=A10_nodrain_close run=4 round=0 headOK_min=56 headOK_max=56 cores_clean=56/56 converged=0
ROUND variant=A10_nodrain_close run=4 round=1 headOK_min=56 headOK_max=56 cores_clean=56/56 converged=0
ROUND variant=A10_nodrain_close run=4 round=2 headOK_min=56 headOK_max=56 cores_clean=56/56 converged=0
ROUND variant=A10_nodrain_close run=4 round=3 headOK_min=56 headOK_max=56 cores_clean=56/56 converged=0
ROUND variant=A10_nodrain_close run=4 round=4 headOK_min=56 headOK_max=56 cores_clean=56/56 converged=0
ROUND variant=A10_nodrain_close run=4 round=5 headOK_min=56 headOK_max=56 cores_clean=56/56 converged=0
ROUND variant=A10_nodrain_close run=4 round=6 headOK_min=56 headOK_max=56 cores_clean=56/56 converged=0
ROUND variant=A10_nodrain_close run=4 round=7 headOK_min=56 headOK_max=56 cores_clean=56/56 converged=0
ROUND variant=A10_nodrain_close run=4 round=8 headOK_min=56 headOK_max=56 cores_clean=56/56 converged=0
ROUND variant=A10_nodrain_close run=4 round=9 headOK_min=56 headOK_max=56 cores_clean=56/56 converged=0
ROUND variant=A10_nodrain_close run=4 round=10 headOK_min=56 headOK_max=56 cores_clean=56/56 converged=0
ROUND variant=A10_nodrain_close run=4 round=11 headOK_min=56 headOK_max=56 cores_clean=56/56 converged=0
ROUND variant=A10_nodrain_close run=4 round=12 headOK_min=56 headOK_max=56 cores_clean=56/56 converged=0
ROUND variant=A10_nodrain_close run=4 round=13 headOK_min=56 headOK_max=56 cores_clean=56/56 converged=0
ROUND variant=A10_nodrain_close run=4 round=14 headOK_min=56 headOK_max=56 cores_clean=56/56 converged=0
ROUND variant=A10_nodrain_close run=4 round=15 headOK_min=56 headOK_max=56 cores_clean=56/56 converged=0
COREVIOL variant=A10_nodrain_close run=4 0,0,0,0,0,0,0,0,0,0,0,0,0,0,0,0,0,0,0,0,0,0,0,0,0,0,0,0,0,0,0,0,0,0,0,0,0,0,0,0,0,0,0,0,0,0,0,0,0,0,0,0,0,0,0,0
CYCLE variant=A10_nodrain_close run=4 1849926451,1849926664,1849926899,1849926380,1849925174,1849925201,1849926707,1849926014,1849925738,1849926350,1849926063,1849925615,1849925172,1849925163,1849926873,1849926685,1849926491,1849925666,1849927006,1849926281,1849926737,1849926595,1849925084,1849925168,1849926981,1849926852,1849926802,1849926953,1849926439,1849926341,1849927906,1849927781,1849927688,1849927854,1849926019,1849925988,1849926698,1849926771,1849927188,1849927496,1849927257,1849927329,1849927663,1849926367,1849927402,1849927166,1849926417,1849926643,1849926592,1849926618,1849927706,1849927825,1849926292,1849926267,1849927215,1849927311
SUMMARY variant=A10_nodrain_close run=5 vi=10 bk=1 ck=1 dk=0 fk=1 st=16 wl=64 sep=0 rounds=16 naiv=56 blocks=28 cores_clean=56/56 core_round_clean=896/896 rounds_clean=16/16 headOK_min=56 viol=0 final_head_ok=56 stale=0 zero=0 other=0 scribble=0 rel_spread_max=19471 missing_rows=0 snap=0 rc=0
ROUND variant=A10_nodrain_close run=5 round=0 headOK_min=56 headOK_max=56 cores_clean=56/56 converged=0
ROUND variant=A10_nodrain_close run=5 round=1 headOK_min=56 headOK_max=56 cores_clean=56/56 converged=0
ROUND variant=A10_nodrain_close run=5 round=2 headOK_min=56 headOK_max=56 cores_clean=56/56 converged=0
ROUND variant=A10_nodrain_close run=5 round=3 headOK_min=56 headOK_max=56 cores_clean=56/56 converged=0
ROUND variant=A10_nodrain_close run=5 round=4 headOK_min=56 headOK_max=56 cores_clean=56/56 converged=0
ROUND variant=A10_nodrain_close run=5 round=5 headOK_min=56 headOK_max=56 cores_clean=56/56 converged=0
ROUND variant=A10_nodrain_close run=5 round=6 headOK_min=56 headOK_max=56 cores_clean=56/56 converged=0
ROUND variant=A10_nodrain_close run=5 round=7 headOK_min=56 headOK_max=56 cores_clean=56/56 converged=0
ROUND variant=A10_nodrain_close run=5 round=8 headOK_min=56 headOK_max=56 cores_clean=56/56 converged=0
ROUND variant=A10_nodrain_close run=5 round=9 headOK_min=56 headOK_max=56 cores_clean=56/56 converged=0
ROUND variant=A10_nodrain_close run=5 round=10 headOK_min=56 headOK_max=56 cores_clean=56/56 converged=0
ROUND variant=A10_nodrain_close run=5 round=11 headOK_min=56 headOK_max=56 cores_clean=56/56 converged=0
ROUND variant=A10_nodrain_close run=5 round=12 headOK_min=56 headOK_max=56 cores_clean=56/56 converged=0
ROUND variant=A10_nodrain_close run=5 round=13 headOK_min=56 headOK_max=56 cores_clean=56/56 converged=0
ROUND variant=A10_nodrain_close run=5 round=14 headOK_min=56 headOK_max=56 cores_clean=56/56 converged=0
ROUND variant=A10_nodrain_close run=5 round=15 headOK_min=56 headOK_max=56 cores_clean=56/56 converged=0
COREVIOL variant=A10_nodrain_close run=5 0,0,0,0,0,0,0,0,0,0,0,0,0,0,0,0,0,0,0,0,0,0,0,0,0,0,0,0,0,0,0,0,0,0,0,0,0,0,0,0,0,0,0,0,0,0,0,0,0,0,0,0,0,0,0,0
CYCLE variant=A10_nodrain_close run=5 1292605712,1292605498,1292605123,1292605344,1292604917,1292605420,1292603834,1292603960,1292605039,1292605568,1292604630,1292604138,1292603845,1292603850,1292604222,1292604968,1292604446,1292605441,1292605519,1292604788,1292605631,1292604693,1292603811,1292603841,1292604552,1292604094,1292605017,1292605652,1292605704,1292605623,1292606587,1292606613,1292605980,1292606182,1292605886,1292606009,1292606443,1292606724,1292606203,1292606535,1292607286,1292606917,1292606485,1292606053,1292607206,1292606970,1292606768,1292606693,1292605499,1292605525,1292606813,1292607147,1292605236,1292605293,1292606385,1292606947
SUMMARY variant=A10_nodrain_close run=6 vi=10 bk=1 ck=1 dk=0 fk=1 st=16 wl=64 sep=0 rounds=16 naiv=56 blocks=28 cores_clean=56/56 core_round_clean=896/896 rounds_clean=16/16 headOK_min=56 viol=0 final_head_ok=56 stale=0 zero=0 other=0 scribble=0 rel_spread_max=17166 missing_rows=0 snap=0 rc=0
ROUND variant=A10_nodrain_close run=6 round=0 headOK_min=56 headOK_max=56 cores_clean=56/56 converged=0
ROUND variant=A10_nodrain_close run=6 round=1 headOK_min=56 headOK_max=56 cores_clean=56/56 converged=0
ROUND variant=A10_nodrain_close run=6 round=2 headOK_min=56 headOK_max=56 cores_clean=56/56 converged=0
ROUND variant=A10_nodrain_close run=6 round=3 headOK_min=56 headOK_max=56 cores_clean=56/56 converged=0
ROUND variant=A10_nodrain_close run=6 round=4 headOK_min=56 headOK_max=56 cores_clean=56/56 converged=0
ROUND variant=A10_nodrain_close run=6 round=5 headOK_min=56 headOK_max=56 cores_clean=56/56 converged=0
ROUND variant=A10_nodrain_close run=6 round=6 headOK_min=56 headOK_max=56 cores_clean=56/56 converged=0
ROUND variant=A10_nodrain_close run=6 round=7 headOK_min=56 headOK_max=56 cores_clean=56/56 converged=0
ROUND variant=A10_nodrain_close run=6 round=8 headOK_min=56 headOK_max=56 cores_clean=56/56 converged=0
ROUND variant=A10_nodrain_close run=6 round=9 headOK_min=56 headOK_max=56 cores_clean=56/56 converged=0
ROUND variant=A10_nodrain_close run=6 round=10 headOK_min=56 headOK_max=56 cores_clean=56/56 converged=0
ROUND variant=A10_nodrain_close run=6 round=11 headOK_min=56 headOK_max=56 cores_clean=56/56 converged=0
ROUND variant=A10_nodrain_close run=6 round=12 headOK_min=56 headOK_max=56 cores_clean=56/56 converged=0
ROUND variant=A10_nodrain_close run=6 round=13 headOK_min=56 headOK_max=56 cores_clean=56/56 converged=0
ROUND variant=A10_nodrain_close run=6 round=14 headOK_min=56 headOK_max=56 cores_clean=56/56 converged=0
ROUND variant=A10_nodrain_close run=6 round=15 headOK_min=56 headOK_max=56 cores_clean=56/56 converged=0
COREVIOL variant=A10_nodrain_close run=6 0,0,0,0,0,0,0,0,0,0,0,0,0,0,0,0,0,0,0,0,0,0,0,0,0,0,0,0,0,0,0,0,0,0,0,0,0,0,0,0,0,0,0,0,0,0,0,0,0,0,0,0,0,0,0,0
CYCLE variant=A10_nodrain_close run=6 -2145685992,-2145685897,-2145685496,-2145685353,-2145686652,-2145685057,-2145685309,-2145685214,-2145687094,-2145687094,-2145686097,-2145686437,-2145685547,-2145685641,-2145685261,-2145685403,-2145685595,-2145686680,-2145686530,-2145685832,-2145686593,-2145685420,-2145685139,-2145685517,-2145685237,-2145685734,-2145685168,-2145685333,-2145684279,-2145684728,-2145685082,-2145684420,-2145684609,-2145684892,-2145684534,-2145684320,-2145684168,-2145684199,-2145685394,-2145685250,-2145685299,-2145685599,-2145685889,-2145686020,-2145685178,-2145686099,-2145685464,-2145685640,-2145686049,-2145686148,-2145684590,-2145685158,-2145685013,-2145684846,-2145684490,-2145684229
SUMMARY variant=A10_nodrain_close run=7 vi=10 bk=1 ck=1 dk=0 fk=1 st=16 wl=64 sep=0 rounds=16 naiv=56 blocks=28 cores_clean=56/56 core_round_clean=896/896 rounds_clean=16/16 headOK_min=56 viol=0 final_head_ok=56 stale=0 zero=0 other=0 scribble=0 rel_spread_max=15860 missing_rows=0 snap=0 rc=0
ROUND variant=A10_nodrain_close run=7 round=0 headOK_min=56 headOK_max=56 cores_clean=56/56 converged=0
ROUND variant=A10_nodrain_close run=7 round=1 headOK_min=56 headOK_max=56 cores_clean=56/56 converged=0
ROUND variant=A10_nodrain_close run=7 round=2 headOK_min=56 headOK_max=56 cores_clean=56/56 converged=0
ROUND variant=A10_nodrain_close run=7 round=3 headOK_min=56 headOK_max=56 cores_clean=56/56 converged=0
ROUND variant=A10_nodrain_close run=7 round=4 headOK_min=56 headOK_max=56 cores_clean=56/56 converged=0
ROUND variant=A10_nodrain_close run=7 round=5 headOK_min=56 headOK_max=56 cores_clean=56/56 converged=0
ROUND variant=A10_nodrain_close run=7 round=6 headOK_min=56 headOK_max=56 cores_clean=56/56 converged=0
ROUND variant=A10_nodrain_close run=7 round=7 headOK_min=56 headOK_max=56 cores_clean=56/56 converged=0
ROUND variant=A10_nodrain_close run=7 round=8 headOK_min=56 headOK_max=56 cores_clean=56/56 converged=0
ROUND variant=A10_nodrain_close run=7 round=9 headOK_min=56 headOK_max=56 cores_clean=56/56 converged=0
ROUND variant=A10_nodrain_close run=7 round=10 headOK_min=56 headOK_max=56 cores_clean=56/56 converged=0
ROUND variant=A10_nodrain_close run=7 round=11 headOK_min=56 headOK_max=56 cores_clean=56/56 converged=0
ROUND variant=A10_nodrain_close run=7 round=12 headOK_min=56 headOK_max=56 cores_clean=56/56 converged=0
ROUND variant=A10_nodrain_close run=7 round=13 headOK_min=56 headOK_max=56 cores_clean=56/56 converged=0
ROUND variant=A10_nodrain_close run=7 round=14 headOK_min=56 headOK_max=56 cores_clean=56/56 converged=0
ROUND variant=A10_nodrain_close run=7 round=15 headOK_min=56 headOK_max=56 cores_clean=56/56 converged=0
COREVIOL variant=A10_nodrain_close run=7 0,0,0,0,0,0,0,0,0,0,0,0,0,0,0,0,0,0,0,0,0,0,0,0,0,0,0,0,0,0,0,0,0,0,0,0,0,0,0,0,0,0,0,0,0,0,0,0,0,0,0,0,0,0,0,0
CYCLE variant=A10_nodrain_close run=7 458230075,458228872,458228816,458230043,458229368,458228495,458229973,458229502,458229797,458230318,458230145,458229814,458228716,458229743,458230277,458230254,458229034,458230124,458230019,458228509,458229529,458230436,458228390,458228387,458230246,458229892,458229551,458230001,458229311,458229412,458230713,458230619,458229722,458229990,458230628,458230320,458230823,458230918,458230747,458230961,458230162,458230474,458230055,458230557,458230258,458229826,458230101,458229935,458231064,458230540,458230087,458230135,458229684,458229781,458229477,458229574
SUMMARY variant=A10_nodrain_close run=8 vi=10 bk=1 ck=1 dk=0 fk=1 st=16 wl=64 sep=0 rounds=16 naiv=56 blocks=28 cores_clean=56/56 core_round_clean=896/896 rounds_clean=16/16 headOK_min=56 viol=0 final_head_ok=56 stale=0 zero=0 other=0 scribble=0 rel_spread_max=15934 missing_rows=0 snap=0 rc=0
ROUND variant=A10_nodrain_close run=8 round=0 headOK_min=56 headOK_max=56 cores_clean=56/56 converged=0
ROUND variant=A10_nodrain_close run=8 round=1 headOK_min=56 headOK_max=56 cores_clean=56/56 converged=0
ROUND variant=A10_nodrain_close run=8 round=2 headOK_min=56 headOK_max=56 cores_clean=56/56 converged=0
ROUND variant=A10_nodrain_close run=8 round=3 headOK_min=56 headOK_max=56 cores_clean=56/56 converged=0
ROUND variant=A10_nodrain_close run=8 round=4 headOK_min=56 headOK_max=56 cores_clean=56/56 converged=0
ROUND variant=A10_nodrain_close run=8 round=5 headOK_min=56 headOK_max=56 cores_clean=56/56 converged=0
ROUND variant=A10_nodrain_close run=8 round=6 headOK_min=56 headOK_max=56 cores_clean=56/56 converged=0
ROUND variant=A10_nodrain_close run=8 round=7 headOK_min=56 headOK_max=56 cores_clean=56/56 converged=0
ROUND variant=A10_nodrain_close run=8 round=8 headOK_min=56 headOK_max=56 cores_clean=56/56 converged=0
ROUND variant=A10_nodrain_close run=8 round=9 headOK_min=56 headOK_max=56 cores_clean=56/56 converged=0
ROUND variant=A10_nodrain_close run=8 round=10 headOK_min=56 headOK_max=56 cores_clean=56/56 converged=0
ROUND variant=A10_nodrain_close run=8 round=11 headOK_min=56 headOK_max=56 cores_clean=56/56 converged=0
ROUND variant=A10_nodrain_close run=8 round=12 headOK_min=56 headOK_max=56 cores_clean=56/56 converged=0
ROUND variant=A10_nodrain_close run=8 round=13 headOK_min=56 headOK_max=56 cores_clean=56/56 converged=0
ROUND variant=A10_nodrain_close run=8 round=14 headOK_min=56 headOK_max=56 cores_clean=56/56 converged=0
ROUND variant=A10_nodrain_close run=8 round=15 headOK_min=56 headOK_max=56 cores_clean=56/56 converged=0
COREVIOL variant=A10_nodrain_close run=8 0,0,0,0,0,0,0,0,0,0,0,0,0,0,0,0,0,0,0,0,0,0,0,0,0,0,0,0,0,0,0,0,0,0,0,0,0,0,0,0,0,0,0,0,0,0,0,0,0,0,0,0,0,0,0,0
CYCLE variant=A10_nodrain_close run=8 -100561825,-100561114,-100561336,-100562197,-100562016,-100561870,-100561428,-100561404,-100561842,-100562652,-100560863,-100561163,-100561589,-100561353,-100561387,-100561055,-100560890,-100562042,-100562590,-100562223,-100561218,-100561738,-100562624,-100562696,-100561780,-100561945,-100562002,-100562812,-100560627,-100560654,-100561926,-100562068,-100562109,-100560687,-100560741,-100561387,-100561451,-100561332,-100560830,-100561119,-100560867,-100561582,-100561760,-100560951,-100560749,-100561205,-100562464,-100562511,-100560896,-100562022,-100561060,-100561852,-100562237,-100562543,-100561261,-100560923
SUMMARY variant=A10_nodrain_close run=9 vi=10 bk=1 ck=1 dk=0 fk=1 st=16 wl=64 sep=0 rounds=16 naiv=56 blocks=28 cores_clean=56/56 core_round_clean=896/896 rounds_clean=16/16 headOK_min=56 viol=0 final_head_ok=56 stale=0 zero=0 other=0 scribble=0 rel_spread_max=17468 missing_rows=0 snap=0 rc=0
ROUND variant=A10_nodrain_close run=9 round=0 headOK_min=56 headOK_max=56 cores_clean=56/56 converged=0
ROUND variant=A10_nodrain_close run=9 round=1 headOK_min=56 headOK_max=56 cores_clean=56/56 converged=0
ROUND variant=A10_nodrain_close run=9 round=2 headOK_min=56 headOK_max=56 cores_clean=56/56 converged=0
ROUND variant=A10_nodrain_close run=9 round=3 headOK_min=56 headOK_max=56 cores_clean=56/56 converged=0
ROUND variant=A10_nodrain_close run=9 round=4 headOK_min=56 headOK_max=56 cores_clean=56/56 converged=0
ROUND variant=A10_nodrain_close run=9 round=5 headOK_min=56 headOK_max=56 cores_clean=56/56 converged=0
ROUND variant=A10_nodrain_close run=9 round=6 headOK_min=56 headOK_max=56 cores_clean=56/56 converged=0
ROUND variant=A10_nodrain_close run=9 round=7 headOK_min=56 headOK_max=56 cores_clean=56/56 converged=0
ROUND variant=A10_nodrain_close run=9 round=8 headOK_min=56 headOK_max=56 cores_clean=56/56 converged=0
ROUND variant=A10_nodrain_close run=9 round=9 headOK_min=56 headOK_max=56 cores_clean=56/56 converged=0
ROUND variant=A10_nodrain_close run=9 round=10 headOK_min=56 headOK_max=56 cores_clean=56/56 converged=0
ROUND variant=A10_nodrain_close run=9 round=11 headOK_min=56 headOK_max=56 cores_clean=56/56 converged=0
ROUND variant=A10_nodrain_close run=9 round=12 headOK_min=56 headOK_max=56 cores_clean=56/56 converged=0
ROUND variant=A10_nodrain_close run=9 round=13 headOK_min=56 headOK_max=56 cores_clean=56/56 converged=0
ROUND variant=A10_nodrain_close run=9 round=14 headOK_min=56 headOK_max=56 cores_clean=56/56 converged=0
ROUND variant=A10_nodrain_close run=9 round=15 headOK_min=56 headOK_max=56 cores_clean=56/56 converged=0
COREVIOL variant=A10_nodrain_close run=9 0,0,0,0,0,0,0,0,0,0,0,0,0,0,0,0,0,0,0,0,0,0,0,0,0,0,0,0,0,0,0,0,0,0,0,0,0,0,0,0,0,0,0,0,0,0,0,0,0,0,0,0,0,0,0,0
CYCLE variant=A10_nodrain_close run=9 -1558995691,-1558995842,-1558994691,-1558995400,-1558994823,-1558995248,-1558994666,-1558995185,-1558994772,-1558994333,-1558994542,-1558995595,-1558994636,-1558996079,-1558994858,-1558994598,-1558995498,-1558994704,-1558995235,-1558995021,-1558994897,-1558994991,-1558996180,-1558996124,-1558995127,-1558994795,-1558995892,-1558995821,-1558994314,-1558994409,-1558992775,-1558992538,-1558992738,-1558993116,-1558993003,-1558993216,-1558993375,-1558992618,-1558993910,-1558993285,-1558992683,-1558992896,-1558993501,-1558992672,-1558993707,-1558993561,-1558994010,-1558993962,-1558992830,-1558993445,-1558994216,-1558992593,-1558994089,-1558993874,-1558992505,-1558992528
