SUMMARY variant=A27_fid_same_id_sep run=1 vi=25 bk=1 ck=1 dk=2 fk=3 st=16 wl=64 sep=1 rounds=16 naiv=56 blocks=28 cores_clean=56/56 core_round_clean=896/896 rounds_clean=16/16 headOK_min=56 viol=0 final_head_ok=56 stale=0 zero=0 other=0 scribble=0 rel_spread_max=16612 missing_rows=0 snap=0 rc=0 negctrl_selfonly=0 viol_under_selfonly_criterion=0
ROUND variant=A27_fid_same_id_sep run=1 round=0 headOK_min=56 headOK_max=56 cores_clean=56/56 converged=0
ROUND variant=A27_fid_same_id_sep run=1 round=1 headOK_min=56 headOK_max=56 cores_clean=56/56 converged=0
ROUND variant=A27_fid_same_id_sep run=1 round=2 headOK_min=56 headOK_max=56 cores_clean=56/56 converged=0
ROUND variant=A27_fid_same_id_sep run=1 round=3 headOK_min=56 headOK_max=56 cores_clean=56/56 converged=0
ROUND variant=A27_fid_same_id_sep run=1 round=4 headOK_min=56 headOK_max=56 cores_clean=56/56 converged=0
ROUND variant=A27_fid_same_id_sep run=1 round=5 headOK_min=56 headOK_max=56 cores_clean=56/56 converged=0
ROUND variant=A27_fid_same_id_sep run=1 round=6 headOK_min=56 headOK_max=56 cores_clean=56/56 converged=0
ROUND variant=A27_fid_same_id_sep run=1 round=7 headOK_min=56 headOK_max=56 cores_clean=56/56 converged=0
ROUND variant=A27_fid_same_id_sep run=1 round=8 headOK_min=56 headOK_max=56 cores_clean=56/56 converged=0
ROUND variant=A27_fid_same_id_sep run=1 round=9 headOK_min=56 headOK_max=56 cores_clean=56/56 converged=0
ROUND variant=A27_fid_same_id_sep run=1 round=10 headOK_min=56 headOK_max=56 cores_clean=56/56 converged=0
ROUND variant=A27_fid_same_id_sep run=1 round=11 headOK_min=56 headOK_max=56 cores_clean=56/56 converged=0
ROUND variant=A27_fid_same_id_sep run=1 round=12 headOK_min=56 headOK_max=56 cores_clean=56/56 converged=0
ROUND variant=A27_fid_same_id_sep run=1 round=13 headOK_min=56 headOK_max=56 cores_clean=56/56 converged=0
ROUND variant=A27_fid_same_id_sep run=1 round=14 headOK_min=56 headOK_max=56 cores_clean=56/56 converged=0
ROUND variant=A27_fid_same_id_sep run=1 round=15 headOK_min=56 headOK_max=56 cores_clean=56/56 converged=0
COREVIOL variant=A27_fid_same_id_sep run=1 0,0,0,0,0,0,0,0,0,0,0,0,0,0,0,0,0,0,0,0,0,0,0,0,0,0,0,0,0,0,0,0,0,0,0,0,0,0,0,0,0,0,0,0,0,0,0,0,0,0,0,0,0,0,0,0
CYCLE variant=A27_fid_same_id_sep run=1 -1050585761,-1050587090,-1050586130,-1050586296,-1050585882,-1050585975,-1050586617,-1050586321,-1050585719,-1050586503,-1050586861,-1050585686,-1050585950,-1050585660,-1050585622,-1050585594,-1050586022,-1050586426,-1050586462,-1050585568,-1050585848,-1050586667,-1050587224,-1050587209,-1050587222,-1050587183,-1050586224,-1050586105,-1050586730,-1050586799,-1050585611,-1050584871,-1050585035,-1050586314,-1050585621,-1050585243,-1050585581,-1050585085,-1050585274,-1050585938,-1050585974,-1050585448,-1050586389,-1050586113,-1050586273,-1050585188,-1050584914,-1050585529,-1050585468,-1050586420,-1050585870,-1050585422,-1050586048,-1050586097,-1050584991,-1050585157
SUMMARY variant=A27_fid_same_id_sep run=2 vi=25 bk=1 ck=1 dk=2 fk=3 st=16 wl=64 sep=1 rounds=16 naiv=56 blocks=28 cores_clean=56/56 core_round_clean=896/896 rounds_clean=16/16 headOK_min=56 viol=0 final_head_ok=56 stale=0 zero=0 other=0 scribble=0 rel_spread_max=17349 missing_rows=0 snap=0 rc=0 negctrl_selfonly=0 viol_under_selfonly_criterion=0
ROUND variant=A27_fid_same_id_sep run=2 round=0 headOK_min=56 headOK_max=56 cores_clean=56/56 converged=0
ROUND variant=A27_fid_same_id_sep run=2 round=1 headOK_min=56 headOK_max=56 cores_clean=56/56 converged=0
ROUND variant=A27_fid_same_id_sep run=2 round=2 headOK_min=56 headOK_max=56 cores_clean=56/56 converged=0
ROUND variant=A27_fid_same_id_sep run=2 round=3 headOK_min=56 headOK_max=56 cores_clean=56/56 converged=0
ROUND variant=A27_fid_same_id_sep run=2 round=4 headOK_min=56 headOK_max=56 cores_clean=56/56 converged=0
ROUND variant=A27_fid_same_id_sep run=2 round=5 headOK_min=56 headOK_max=56 cores_clean=56/56 converged=0
ROUND variant=A27_fid_same_id_sep run=2 round=6 headOK_min=56 headOK_max=56 cores_clean=56/56 converged=0
ROUND variant=A27_fid_same_id_sep run=2 round=7 headOK_min=56 headOK_max=56 cores_clean=56/56 converged=0
ROUND variant=A27_fid_same_id_sep run=2 round=8 headOK_min=56 headOK_max=56 cores_clean=56/56 converged=0
ROUND variant=A27_fid_same_id_sep run=2 round=9 headOK_min=56 headOK_max=56 cores_clean=56/56 converged=0
ROUND variant=A27_fid_same_id_sep run=2 round=10 headOK_min=56 headOK_max=56 cores_clean=56/56 converged=0
ROUND variant=A27_fid_same_id_sep run=2 round=11 headOK_min=56 headOK_max=56 cores_clean=56/56 converged=0
ROUND variant=A27_fid_same_id_sep run=2 round=12 headOK_min=56 headOK_max=56 cores_clean=56/56 converged=0
ROUND variant=A27_fid_same_id_sep run=2 round=13 headOK_min=56 headOK_max=56 cores_clean=56/56 converged=0
ROUND variant=A27_fid_same_id_sep run=2 round=14 headOK_min=56 headOK_max=56 cores_clean=56/56 converged=0
ROUND variant=A27_fid_same_id_sep run=2 round=15 headOK_min=56 headOK_max=56 cores_clean=56/56 converged=0
COREVIOL variant=A27_fid_same_id_sep run=2 0,0,0,0,0,0,0,0,0,0,0,0,0,0,0,0,0,0,0,0,0,0,0,0,0,0,0,0,0,0,0,0,0,0,0,0,0,0,0,0,0,0,0,0,0,0,0,0,0,0,0,0,0,0,0,0
CYCLE variant=A27_fid_same_id_sep run=2 1802456582,1802456334,1802456855,1802457096,1802457676,1802457445,1802457060,1802457297,1802456175,1802456252,1802457650,1802457114,1802456627,1802455842,1802456984,1802457350,1802456895,1802457758,1802457423,1802457552,1802455713,1802457624,1802455615,1802456082,1802457024,1802456455,1802456361,1802457526,1802456286,1802456068,1802457887,1802457729,1802457953,1802456845,1802457285,1802457929,1802457304,1802457978,1802456548,1802457380,1802457830,1802457802,1802457023,1802457790,1802456083,1802457499,1802457688,1802457206,1802455858,1802456665,1802456466,1802456768,1802457755,1802457860,1802457460,1802456750
SUMMARY variant=A27_fid_same_id_sep run=3 vi=25 bk=1 ck=1 dk=2 fk=3 st=16 wl=64 sep=1 rounds=16 naiv=56 blocks=28 cores_clean=56/56 core_round_clean=896/896 rounds_clean=16/16 headOK_min=56 viol=0 final_head_ok=56 stale=0 zero=0 other=0 scribble=0 rel_spread_max=16126 missing_rows=0 snap=0 rc=0 negctrl_selfonly=0 viol_under_selfonly_criterion=0
ROUND variant=A27_fid_same_id_sep run=3 round=0 headOK_min=56 headOK_max=56 cores_clean=56/56 converged=0
ROUND variant=A27_fid_same_id_sep run=3 round=1 headOK_min=56 headOK_max=56 cores_clean=56/56 converged=0
ROUND variant=A27_fid_same_id_sep run=3 round=2 headOK_min=56 headOK_max=56 cores_clean=56/56 converged=0
ROUND variant=A27_fid_same_id_sep run=3 round=3 headOK_min=56 headOK_max=56 cores_clean=56/56 converged=0
ROUND variant=A27_fid_same_id_sep run=3 round=4 headOK_min=56 headOK_max=56 cores_clean=56/56 converged=0
ROUND variant=A27_fid_same_id_sep run=3 round=5 headOK_min=56 headOK_max=56 cores_clean=56/56 converged=0
ROUND variant=A27_fid_same_id_sep run=3 round=6 headOK_min=56 headOK_max=56 cores_clean=56/56 converged=0
ROUND variant=A27_fid_same_id_sep run=3 round=7 headOK_min=56 headOK_max=56 cores_clean=56/56 converged=0
ROUND variant=A27_fid_same_id_sep run=3 round=8 headOK_min=56 headOK_max=56 cores_clean=56/56 converged=0
ROUND variant=A27_fid_same_id_sep run=3 round=9 headOK_min=56 headOK_max=56 cores_clean=56/56 converged=0
ROUND variant=A27_fid_same_id_sep run=3 round=10 headOK_min=56 headOK_max=56 cores_clean=56/56 converged=0
ROUND variant=A27_fid_same_id_sep run=3 round=11 headOK_min=56 headOK_max=56 cores_clean=56/56 converged=0
ROUND variant=A27_fid_same_id_sep run=3 round=12 headOK_min=56 headOK_max=56 cores_clean=56/56 converged=0
ROUND variant=A27_fid_same_id_sep run=3 round=13 headOK_min=56 headOK_max=56 cores_clean=56/56 converged=0
ROUND variant=A27_fid_same_id_sep run=3 round=14 headOK_min=56 headOK_max=56 cores_clean=56/56 converged=0
ROUND variant=A27_fid_same_id_sep run=3 round=15 headOK_min=56 headOK_max=56 cores_clean=56/56 converged=0
COREVIOL variant=A27_fid_same_id_sep run=3 0,0,0,0,0,0,0,0,0,0,0,0,0,0,0,0,0,0,0,0,0,0,0,0,0,0,0,0,0,0,0,0,0,0,0,0,0,0,0,0,0,0,0,0,0,0,0,0,0,0,0,0,0,0,0,0
CYCLE variant=A27_fid_same_id_sep run=3 1734924243,1734923653,1734922769,1734923139,1734922855,1734923485,1734924298,1734924013,1734922949,1734923174,1734923818,1734923961,1734924266,1734923772,1734923686,1734923331,1734924218,1734924076,1734923447,1734924157,1734923062,1734923011,1734922620,1734922525,1734924033,1734923465,1734922988,1734922722,1734921920,1734921948,1734922923,1734923230,1734922453,1734922214,1734921961,1734921964,1734923096,1734923610,1734921967,1734922596,1734923062,1734921955,1734921944,1734923382,1734923348,1734923324,1734923029,1734922407,1734922830,1734922565,1734923185,1734923113,1734921958,1734923415,1734923554,1734923580
SUMMARY variant=A27_fid_same_id_sep run=4 vi=25 bk=1 ck=1 dk=2 fk=3 st=16 wl=64 sep=1 rounds=16 naiv=56 blocks=28 cores_clean=56/56 core_round_clean=896/896 rounds_clean=16/16 headOK_min=56 viol=0 final_head_ok=56 stale=0 zero=0 other=0 scribble=0 rel_spread_max=17308 missing_rows=0 snap=0 rc=0 negctrl_selfonly=0 viol_under_selfonly_criterion=0
ROUND variant=A27_fid_same_id_sep run=4 round=0 headOK_min=56 headOK_max=56 cores_clean=56/56 converged=0
ROUND variant=A27_fid_same_id_sep run=4 round=1 headOK_min=56 headOK_max=56 cores_clean=56/56 converged=0
ROUND variant=A27_fid_same_id_sep run=4 round=2 headOK_min=56 headOK_max=56 cores_clean=56/56 converged=0
ROUND variant=A27_fid_same_id_sep run=4 round=3 headOK_min=56 headOK_max=56 cores_clean=56/56 converged=0
ROUND variant=A27_fid_same_id_sep run=4 round=4 headOK_min=56 headOK_max=56 cores_clean=56/56 converged=0
ROUND variant=A27_fid_same_id_sep run=4 round=5 headOK_min=56 headOK_max=56 cores_clean=56/56 converged=0
ROUND variant=A27_fid_same_id_sep run=4 round=6 headOK_min=56 headOK_max=56 cores_clean=56/56 converged=0
ROUND variant=A27_fid_same_id_sep run=4 round=7 headOK_min=56 headOK_max=56 cores_clean=56/56 converged=0
ROUND variant=A27_fid_same_id_sep run=4 round=8 headOK_min=56 headOK_max=56 cores_clean=56/56 converged=0
ROUND variant=A27_fid_same_id_sep run=4 round=9 headOK_min=56 headOK_max=56 cores_clean=56/56 converged=0
ROUND variant=A27_fid_same_id_sep run=4 round=10 headOK_min=56 headOK_max=56 cores_clean=56/56 converged=0
ROUND variant=A27_fid_same_id_sep run=4 round=11 headOK_min=56 headOK_max=56 cores_clean=56/56 converged=0
ROUND variant=A27_fid_same_id_sep run=4 round=12 headOK_min=56 headOK_max=56 cores_clean=56/56 converged=0
ROUND variant=A27_fid_same_id_sep run=4 round=13 headOK_min=56 headOK_max=56 cores_clean=56/56 converged=0
ROUND variant=A27_fid_same_id_sep run=4 round=14 headOK_min=56 headOK_max=56 cores_clean=56/56 converged=0
ROUND variant=A27_fid_same_id_sep run=4 round=15 headOK_min=56 headOK_max=56 cores_clean=56/56 converged=0
COREVIOL variant=A27_fid_same_id_sep run=4 0,0,0,0,0,0,0,0,0,0,0,0,0,0,0,0,0,0,0,0,0,0,0,0,0,0,0,0,0,0,0,0,0,0,0,0,0,0,0,0,0,0,0,0,0,0,0,0,0,0,0,0,0,0,0,0
CYCLE variant=A27_fid_same_id_sep run=4 190662780,190663484,190664381,190664549,190664117,190664400,190664491,190664330,190663450,190663248,190663028,190663382,190663604,190663402,190664519,190664463,190663831,190663578,190663059,190663006,190663132,190663206,190662936,190662736,190663962,190664041,190663510,190663791,190660696,190661128,190661596,190662260,190661557,190662246,190662580,190662609,190661189,190662218,190660693,190660700,190660693,190662311,190662297,190662093,190662184,190662625,190660897,190661711,190662009,190661574,190662065,190661989,190662134,190661360,190661271,190661893
SUMMARY variant=A27_fid_same_id_sep run=5 vi=25 bk=1 ck=1 dk=2 fk=3 st=16 wl=64 sep=1 rounds=16 naiv=56 blocks=28 cores_clean=56/56 core_round_clean=896/896 rounds_clean=16/16 headOK_min=56 viol=0 final_head_ok=56 stale=0 zero=0 other=0 scribble=0 rel_spread_max=15261 missing_rows=0 snap=0 rc=0 negctrl_selfonly=0 viol_under_selfonly_criterion=0
ROUND variant=A27_fid_same_id_sep run=5 round=0 headOK_min=56 headOK_max=56 cores_clean=56/56 converged=0
ROUND variant=A27_fid_same_id_sep run=5 round=1 headOK_min=56 headOK_max=56 cores_clean=56/56 converged=0
ROUND variant=A27_fid_same_id_sep run=5 round=2 headOK_min=56 headOK_max=56 cores_clean=56/56 converged=0
ROUND variant=A27_fid_same_id_sep run=5 round=3 headOK_min=56 headOK_max=56 cores_clean=56/56 converged=0
ROUND variant=A27_fid_same_id_sep run=5 round=4 headOK_min=56 headOK_max=56 cores_clean=56/56 converged=0
ROUND variant=A27_fid_same_id_sep run=5 round=5 headOK_min=56 headOK_max=56 cores_clean=56/56 converged=0
ROUND variant=A27_fid_same_id_sep run=5 round=6 headOK_min=56 headOK_max=56 cores_clean=56/56 converged=0
ROUND variant=A27_fid_same_id_sep run=5 round=7 headOK_min=56 headOK_max=56 cores_clean=56/56 converged=0
ROUND variant=A27_fid_same_id_sep run=5 round=8 headOK_min=56 headOK_max=56 cores_clean=56/56 converged=0
ROUND variant=A27_fid_same_id_sep run=5 round=9 headOK_min=56 headOK_max=56 cores_clean=56/56 converged=0
ROUND variant=A27_fid_same_id_sep run=5 round=10 headOK_min=56 headOK_max=56 cores_clean=56/56 converged=0
ROUND variant=A27_fid_same_id_sep run=5 round=11 headOK_min=56 headOK_max=56 cores_clean=56/56 converged=0
ROUND variant=A27_fid_same_id_sep run=5 round=12 headOK_min=56 headOK_max=56 cores_clean=56/56 converged=0
ROUND variant=A27_fid_same_id_sep run=5 round=13 headOK_min=56 headOK_max=56 cores_clean=56/56 converged=0
ROUND variant=A27_fid_same_id_sep run=5 round=14 headOK_min=56 headOK_max=56 cores_clean=56/56 converged=0
ROUND variant=A27_fid_same_id_sep run=5 round=15 headOK_min=56 headOK_max=56 cores_clean=56/56 converged=0
COREVIOL variant=A27_fid_same_id_sep run=5 0,0,0,0,0,0,0,0,0,0,0,0,0,0,0,0,0,0,0,0,0,0,0,0,0,0,0,0,0,0,0,0,0,0,0,0,0,0,0,0,0,0,0,0,0,0,0,0,0,0,0,0,0,0,0,0
CYCLE variant=A27_fid_same_id_sep run=5 -1407396316,-1407396076,-1407395806,-1407396111,-1407396638,-1407396053,-1407395290,-1407395264,-1407396594,-1407396347,-1407395484,-1407395343,-1407396513,-1407396732,-1407395852,-1407395307,-1407395960,-1407395250,-1407395501,-1407395405,-1407396798,-1407396920,-1407397036,-1407397012,-1407395720,-1407395670,-1407395074,-1407395427,-1407398142,-1407398042,-1407396516,-1407396658,-1407398122,-1407398065,-1407396454,-1407396428,-1407396960,-1407397585,-1407396628,-1407397287,-1407397620,-1407397274,-1407396349,-1407397364,-1407397016,-1407396872,-1407396481,-1407396789,-1407396941,-1407396607,-1407398142,-1407398135,-1407397702,-1407397471,-1407398130,-1407397858
SUMMARY variant=A27_fid_same_id_sep run=6 vi=25 bk=1 ck=1 dk=2 fk=3 st=16 wl=64 sep=1 rounds=16 naiv=56 blocks=28 cores_clean=56/56 core_round_clean=896/896 rounds_clean=16/16 headOK_min=56 viol=0 final_head_ok=56 stale=0 zero=0 other=0 scribble=0 rel_spread_max=15968 missing_rows=0 snap=0 rc=0 negctrl_selfonly=0 viol_under_selfonly_criterion=0
ROUND variant=A27_fid_same_id_sep run=6 round=0 headOK_min=56 headOK_max=56 cores_clean=56/56 converged=0
ROUND variant=A27_fid_same_id_sep run=6 round=1 headOK_min=56 headOK_max=56 cores_clean=56/56 converged=0
ROUND variant=A27_fid_same_id_sep run=6 round=2 headOK_min=56 headOK_max=56 cores_clean=56/56 converged=0
ROUND variant=A27_fid_same_id_sep run=6 round=3 headOK_min=56 headOK_max=56 cores_clean=56/56 converged=0
ROUND variant=A27_fid_same_id_sep run=6 round=4 headOK_min=56 headOK_max=56 cores_clean=56/56 converged=0
ROUND variant=A27_fid_same_id_sep run=6 round=5 headOK_min=56 headOK_max=56 cores_clean=56/56 converged=0
ROUND variant=A27_fid_same_id_sep run=6 round=6 headOK_min=56 headOK_max=56 cores_clean=56/56 converged=0
ROUND variant=A27_fid_same_id_sep run=6 round=7 headOK_min=56 headOK_max=56 cores_clean=56/56 converged=0
ROUND variant=A27_fid_same_id_sep run=6 round=8 headOK_min=56 headOK_max=56 cores_clean=56/56 converged=0
ROUND variant=A27_fid_same_id_sep run=6 round=9 headOK_min=56 headOK_max=56 cores_clean=56/56 converged=0
ROUND variant=A27_fid_same_id_sep run=6 round=10 headOK_min=56 headOK_max=56 cores_clean=56/56 converged=0
ROUND variant=A27_fid_same_id_sep run=6 round=11 headOK_min=56 headOK_max=56 cores_clean=56/56 converged=0
ROUND variant=A27_fid_same_id_sep run=6 round=12 headOK_min=56 headOK_max=56 cores_clean=56/56 converged=0
ROUND variant=A27_fid_same_id_sep run=6 round=13 headOK_min=56 headOK_max=56 cores_clean=56/56 converged=0
ROUND variant=A27_fid_same_id_sep run=6 round=14 headOK_min=56 headOK_max=56 cores_clean=56/56 converged=0
ROUND variant=A27_fid_same_id_sep run=6 round=15 headOK_min=56 headOK_max=56 cores_clean=56/56 converged=0
COREVIOL variant=A27_fid_same_id_sep run=6 0,0,0,0,0,0,0,0,0,0,0,0,0,0,0,0,0,0,0,0,0,0,0,0,0,0,0,0,0,0,0,0,0,0,0,0,0,0,0,0,0,0,0,0,0,0,0,0,0,0,0,0,0,0,0,0
CYCLE variant=A27_fid_same_id_sep run=6 1403389417,1403389310,1403390792,1403390822,1403389907,1403390645,1403390220,1403390273,1403390751,1403389610,1403390730,1403389699,1403390363,1403390669,1403389102,1403389182,1403389086,1403389078,1403390293,1403390574,1403389096,1403389857,1403389107,1403389080,1403389388,1403389775,1403389834,1403389370,1403389254,1403389422,1403390334,1403390149,1403391284,1403389843,1403390728,1403390832,1403389597,1403390258,1403390056,1403389765,1403391383,1403391222,1403391056,1403390496,1403390175,1403390277,1403389819,1403390856,1403391200,1403391175,1403390132,1403390953,1403390995,1403389730,1403391343,1403390551
SUMMARY variant=A27_fid_same_id_sep run=7 vi=25 bk=1 ck=1 dk=2 fk=3 st=16 wl=64 sep=1 rounds=16 naiv=56 blocks=28 cores_clean=56/56 core_round_clean=896/896 rounds_clean=16/16 headOK_min=56 viol=0 final_head_ok=56 stale=0 zero=0 other=0 scribble=0 rel_spread_max=18499 missing_rows=0 snap=0 rc=0 negctrl_selfonly=0 viol_under_selfonly_criterion=0
ROUND variant=A27_fid_same_id_sep run=7 round=0 headOK_min=56 headOK_max=56 cores_clean=56/56 converged=0
ROUND variant=A27_fid_same_id_sep run=7 round=1 headOK_min=56 headOK_max=56 cores_clean=56/56 converged=0
ROUND variant=A27_fid_same_id_sep run=7 round=2 headOK_min=56 headOK_max=56 cores_clean=56/56 converged=0
ROUND variant=A27_fid_same_id_sep run=7 round=3 headOK_min=56 headOK_max=56 cores_clean=56/56 converged=0
ROUND variant=A27_fid_same_id_sep run=7 round=4 headOK_min=56 headOK_max=56 cores_clean=56/56 converged=0
ROUND variant=A27_fid_same_id_sep run=7 round=5 headOK_min=56 headOK_max=56 cores_clean=56/56 converged=0
ROUND variant=A27_fid_same_id_sep run=7 round=6 headOK_min=56 headOK_max=56 cores_clean=56/56 converged=0
ROUND variant=A27_fid_same_id_sep run=7 round=7 headOK_min=56 headOK_max=56 cores_clean=56/56 converged=0
ROUND variant=A27_fid_same_id_sep run=7 round=8 headOK_min=56 headOK_max=56 cores_clean=56/56 converged=0
ROUND variant=A27_fid_same_id_sep run=7 round=9 headOK_min=56 headOK_max=56 cores_clean=56/56 converged=0
ROUND variant=A27_fid_same_id_sep run=7 round=10 headOK_min=56 headOK_max=56 cores_clean=56/56 converged=0
ROUND variant=A27_fid_same_id_sep run=7 round=11 headOK_min=56 headOK_max=56 cores_clean=56/56 converged=0
ROUND variant=A27_fid_same_id_sep run=7 round=12 headOK_min=56 headOK_max=56 cores_clean=56/56 converged=0
ROUND variant=A27_fid_same_id_sep run=7 round=13 headOK_min=56 headOK_max=56 cores_clean=56/56 converged=0
ROUND variant=A27_fid_same_id_sep run=7 round=14 headOK_min=56 headOK_max=56 cores_clean=56/56 converged=0
ROUND variant=A27_fid_same_id_sep run=7 round=15 headOK_min=56 headOK_max=56 cores_clean=56/56 converged=0
COREVIOL variant=A27_fid_same_id_sep run=7 0,0,0,0,0,0,0,0,0,0,0,0,0,0,0,0,0,0,0,0,0,0,0,0,0,0,0,0,0,0,0,0,0,0,0,0,0,0,0,0,0,0,0,0,0,0,0,0,0,0,0,0,0,0,0,0
CYCLE variant=A27_fid_same_id_sep run=7 33481631,33482016,33481094,33481143,33481774,33481703,33482861,33482765,33482872,33482056,33481894,33482544,33482230,33481920,33482816,33482842,33481458,33481285,33482455,33482311,33482599,33482932,33480982,33480961,33481557,33481607,33482433,33482530,33481620,33482003,33483357,33483484,33483343,33483274,33482327,33483444,33482727,33482940,33482394,33482702,33482434,33482577,33482177,33482989,33481711,33481870,33483391,33483228,33482240,33482146,33482459,33483027,33483305,33483282,33481977,33482271
SUMMARY variant=A27_fid_same_id_sep run=8 vi=25 bk=1 ck=1 dk=2 fk=3 st=16 wl=64 sep=1 rounds=16 naiv=56 blocks=28 cores_clean=56/56 core_round_clean=896/896 rounds_clean=16/16 headOK_min=56 viol=0 final_head_ok=56 stale=0 zero=0 other=0 scribble=0 rel_spread_max=15575 missing_rows=0 snap=0 rc=0 negctrl_selfonly=0 viol_under_selfonly_criterion=0
ROUND variant=A27_fid_same_id_sep run=8 round=0 headOK_min=56 headOK_max=56 cores_clean=56/56 converged=0
ROUND variant=A27_fid_same_id_sep run=8 round=1 headOK_min=56 headOK_max=56 cores_clean=56/56 converged=0
ROUND variant=A27_fid_same_id_sep run=8 round=2 headOK_min=56 headOK_max=56 cores_clean=56/56 converged=0
ROUND variant=A27_fid_same_id_sep run=8 round=3 headOK_min=56 headOK_max=56 cores_clean=56/56 converged=0
ROUND variant=A27_fid_same_id_sep run=8 round=4 headOK_min=56 headOK_max=56 cores_clean=56/56 converged=0
ROUND variant=A27_fid_same_id_sep run=8 round=5 headOK_min=56 headOK_max=56 cores_clean=56/56 converged=0
ROUND variant=A27_fid_same_id_sep run=8 round=6 headOK_min=56 headOK_max=56 cores_clean=56/56 converged=0
ROUND variant=A27_fid_same_id_sep run=8 round=7 headOK_min=56 headOK_max=56 cores_clean=56/56 converged=0
ROUND variant=A27_fid_same_id_sep run=8 round=8 headOK_min=56 headOK_max=56 cores_clean=56/56 converged=0
ROUND variant=A27_fid_same_id_sep run=8 round=9 headOK_min=56 headOK_max=56 cores_clean=56/56 converged=0
ROUND variant=A27_fid_same_id_sep run=8 round=10 headOK_min=56 headOK_max=56 cores_clean=56/56 converged=0
ROUND variant=A27_fid_same_id_sep run=8 round=11 headOK_min=56 headOK_max=56 cores_clean=56/56 converged=0
ROUND variant=A27_fid_same_id_sep run=8 round=12 headOK_min=56 headOK_max=56 cores_clean=56/56 converged=0
ROUND variant=A27_fid_same_id_sep run=8 round=13 headOK_min=56 headOK_max=56 cores_clean=56/56 converged=0
ROUND variant=A27_fid_same_id_sep run=8 round=14 headOK_min=56 headOK_max=56 cores_clean=56/56 converged=0
ROUND variant=A27_fid_same_id_sep run=8 round=15 headOK_min=56 headOK_max=56 cores_clean=56/56 converged=0
COREVIOL variant=A27_fid_same_id_sep run=8 0,0,0,0,0,0,0,0,0,0,0,0,0,0,0,0,0,0,0,0,0,0,0,0,0,0,0,0,0,0,0,0,0,0,0,0,0,0,0,0,0,0,0,0,0,0,0,0,0,0,0,0,0,0,0,0
CYCLE variant=A27_fid_same_id_sep run=8 -1253544673,-1253544540,-1253543332,-1253543220,-1253543549,-1253543624,-1253543974,-1253544024,-1253543475,-1253543653,-1253543200,-1253543570,-1253544291,-1253543261,-1253544900,-1253544720,-1253544916,-1253544440,-1253544621,-1253543668,-1253543799,-1253544384,-1253544922,-1253544870,-1253544461,-1253544188,-1253543309,-1253543898,-1253542993,-1253543018,-1253543432,-1253543332,-1253543871,-1253543780,-1253542111,-1253542374,-1253542511,-1253542534,-1253544186,-1253543623,-1253542876,-1253542696,-1253543572,-1253543243,-1253543307,-1253543178,-1253542608,-1253543444,-1253542175,-1253542149,-1253542257,-1253542229,-1253542924,-1253542746,-1253542352,-1253543063
SUMMARY variant=A27_fid_same_id_sep run=9 vi=25 bk=1 ck=1 dk=2 fk=3 st=16 wl=64 sep=1 rounds=16 naiv=56 blocks=28 cores_clean=56/56 core_round_clean=896/896 rounds_clean=16/16 headOK_min=56 viol=0 final_head_ok=56 stale=0 zero=0 other=0 scribble=0 rel_spread_max=16267 missing_rows=0 snap=0 rc=0 negctrl_selfonly=0 viol_under_selfonly_criterion=0
ROUND variant=A27_fid_same_id_sep run=9 round=0 headOK_min=56 headOK_max=56 cores_clean=56/56 converged=0
ROUND variant=A27_fid_same_id_sep run=9 round=1 headOK_min=56 headOK_max=56 cores_clean=56/56 converged=0
ROUND variant=A27_fid_same_id_sep run=9 round=2 headOK_min=56 headOK_max=56 cores_clean=56/56 converged=0
ROUND variant=A27_fid_same_id_sep run=9 round=3 headOK_min=56 headOK_max=56 cores_clean=56/56 converged=0
ROUND variant=A27_fid_same_id_sep run=9 round=4 headOK_min=56 headOK_max=56 cores_clean=56/56 converged=0
ROUND variant=A27_fid_same_id_sep run=9 round=5 headOK_min=56 headOK_max=56 cores_clean=56/56 converged=0
ROUND variant=A27_fid_same_id_sep run=9 round=6 headOK_min=56 headOK_max=56 cores_clean=56/56 converged=0
ROUND variant=A27_fid_same_id_sep run=9 round=7 headOK_min=56 headOK_max=56 cores_clean=56/56 converged=0
ROUND variant=A27_fid_same_id_sep run=9 round=8 headOK_min=56 headOK_max=56 cores_clean=56/56 converged=0
ROUND variant=A27_fid_same_id_sep run=9 round=9 headOK_min=56 headOK_max=56 cores_clean=56/56 converged=0
ROUND variant=A27_fid_same_id_sep run=9 round=10 headOK_min=56 headOK_max=56 cores_clean=56/56 converged=0
ROUND variant=A27_fid_same_id_sep run=9 round=11 headOK_min=56 headOK_max=56 cores_clean=56/56 converged=0
ROUND variant=A27_fid_same_id_sep run=9 round=12 headOK_min=56 headOK_max=56 cores_clean=56/56 converged=0
ROUND variant=A27_fid_same_id_sep run=9 round=13 headOK_min=56 headOK_max=56 cores_clean=56/56 converged=0
ROUND variant=A27_fid_same_id_sep run=9 round=14 headOK_min=56 headOK_max=56 cores_clean=56/56 converged=0
ROUND variant=A27_fid_same_id_sep run=9 round=15 headOK_min=56 headOK_max=56 cores_clean=56/56 converged=0
COREVIOL variant=A27_fid_same_id_sep run=9 0,0,0,0,0,0,0,0,0,0,0,0,0,0,0,0,0,0,0,0,0,0,0,0,0,0,0,0,0,0,0,0,0,0,0,0,0,0,0,0,0,0,0,0,0,0,0,0,0,0,0,0,0,0,0,0
CYCLE variant=A27_fid_same_id_sep run=9 1512507796,1512508361,1512509203,1512508810,1512508610,1512509406,1512508594,1512509154,1512508651,1512509642,1512508897,1512508826,1512509573,1512509361,1512509690,1512509515,1512509047,1512508438,1512508416,1512509107,1512509224,1512509462,1512507641,1512507676,1512508731,1512507845,1512509251,1512509394,1512508213,1512508936,1512508728,1512508609,1512508642,1512508819,1512508718,1512508345,1512508790,1512508688,1512509596,1512510044,1512509824,1512509352,1512509458,1512508167,1512509259,1512509140,1512509531,1512509938,1512509805,1512509852,1512509711,1512509167,1512509113,1512509868,1512509692,1512509962
