SUMMARY variant=B0_geom_dense4 run=1 vi=26 bk=1 ck=1 dk=2 fk=1 st=1 wl=4 sep=0 rounds=16 naiv=56 blocks=28 cores_clean=56/56 core_round_clean=896/896 rounds_clean=16/16 headOK_min=56 viol=0 final_head_ok=56 stale=0 zero=0 other=0 scribble=0 rel_spread_max=15402 missing_rows=0 snap=0 rc=0 negctrl_selfonly=0 viol_under_selfonly_criterion=0
ROUND variant=B0_geom_dense4 run=1 round=0 headOK_min=56 headOK_max=56 cores_clean=56/56 converged=0
ROUND variant=B0_geom_dense4 run=1 round=1 headOK_min=56 headOK_max=56 cores_clean=56/56 converged=0
ROUND variant=B0_geom_dense4 run=1 round=2 headOK_min=56 headOK_max=56 cores_clean=56/56 converged=0
ROUND variant=B0_geom_dense4 run=1 round=3 headOK_min=56 headOK_max=56 cores_clean=56/56 converged=0
ROUND variant=B0_geom_dense4 run=1 round=4 headOK_min=56 headOK_max=56 cores_clean=56/56 converged=0
ROUND variant=B0_geom_dense4 run=1 round=5 headOK_min=56 headOK_max=56 cores_clean=56/56 converged=0
ROUND variant=B0_geom_dense4 run=1 round=6 headOK_min=56 headOK_max=56 cores_clean=56/56 converged=0
ROUND variant=B0_geom_dense4 run=1 round=7 headOK_min=56 headOK_max=56 cores_clean=56/56 converged=0
ROUND variant=B0_geom_dense4 run=1 round=8 headOK_min=56 headOK_max=56 cores_clean=56/56 converged=0
ROUND variant=B0_geom_dense4 run=1 round=9 headOK_min=56 headOK_max=56 cores_clean=56/56 converged=0
ROUND variant=B0_geom_dense4 run=1 round=10 headOK_min=56 headOK_max=56 cores_clean=56/56 converged=0
ROUND variant=B0_geom_dense4 run=1 round=11 headOK_min=56 headOK_max=56 cores_clean=56/56 converged=0
ROUND variant=B0_geom_dense4 run=1 round=12 headOK_min=56 headOK_max=56 cores_clean=56/56 converged=0
ROUND variant=B0_geom_dense4 run=1 round=13 headOK_min=56 headOK_max=56 cores_clean=56/56 converged=0
ROUND variant=B0_geom_dense4 run=1 round=14 headOK_min=56 headOK_max=56 cores_clean=56/56 converged=0
ROUND variant=B0_geom_dense4 run=1 round=15 headOK_min=56 headOK_max=56 cores_clean=56/56 converged=0
COREVIOL variant=B0_geom_dense4 run=1 0,0,0,0,0,0,0,0,0,0,0,0,0,0,0,0,0,0,0,0,0,0,0,0,0,0,0,0,0,0,0,0,0,0,0,0,0,0,0,0,0,0,0,0,0,0,0,0,0,0,0,0,0,0,0,0
CYCLE variant=B0_geom_dense4 run=1 -933789374,-933788451,-933787987,-933787962,-933789102,-933788143,-933788506,-933789085,-933788116,-933788209,-933789056,-933788169,-933788689,-933788097,-933788970,-933788036,-933788880,-933788284,-933788921,-933789038,-933789785,-933788523,-933789430,-933789566,-933789218,-933788351,-933788987,-933788313,-933789942,-933790047,-933789543,-933790133,-933788936,-933790002,-933790125,-933789977,-933788554,-933788695,-933789328,-933788817,-933788501,-933788952,-933788207,-933789206,-933788480,-933789294,-933788279,-933788610,-933789403,-933788434,-933788119,-933788410,-933789686,-933789880,-933788678,-933788156
SUMMARY variant=B0_geom_dense4 run=2 vi=26 bk=1 ck=1 dk=2 fk=1 st=1 wl=4 sep=0 rounds=16 naiv=56 blocks=28 cores_clean=56/56 core_round_clean=896/896 rounds_clean=16/16 headOK_min=56 viol=0 final_head_ok=56 stale=0 zero=0 other=0 scribble=0 rel_spread_max=15801 missing_rows=0 snap=0 rc=0 negctrl_selfonly=0 viol_under_selfonly_criterion=0
ROUND variant=B0_geom_dense4 run=2 round=0 headOK_min=56 headOK_max=56 cores_clean=56/56 converged=0
ROUND variant=B0_geom_dense4 run=2 round=1 headOK_min=56 headOK_max=56 cores_clean=56/56 converged=0
ROUND variant=B0_geom_dense4 run=2 round=2 headOK_min=56 headOK_max=56 cores_clean=56/56 converged=0
ROUND variant=B0_geom_dense4 run=2 round=3 headOK_min=56 headOK_max=56 cores_clean=56/56 converged=0
ROUND variant=B0_geom_dense4 run=2 round=4 headOK_min=56 headOK_max=56 cores_clean=56/56 converged=0
ROUND variant=B0_geom_dense4 run=2 round=5 headOK_min=56 headOK_max=56 cores_clean=56/56 converged=0
ROUND variant=B0_geom_dense4 run=2 round=6 headOK_min=56 headOK_max=56 cores_clean=56/56 converged=0
ROUND variant=B0_geom_dense4 run=2 round=7 headOK_min=56 headOK_max=56 cores_clean=56/56 converged=0
ROUND variant=B0_geom_dense4 run=2 round=8 headOK_min=56 headOK_max=56 cores_clean=56/56 converged=0
ROUND variant=B0_geom_dense4 run=2 round=9 headOK_min=56 headOK_max=56 cores_clean=56/56 converged=0
ROUND variant=B0_geom_dense4 run=2 round=10 headOK_min=56 headOK_max=56 cores_clean=56/56 converged=0
ROUND variant=B0_geom_dense4 run=2 round=11 headOK_min=56 headOK_max=56 cores_clean=56/56 converged=0
ROUND variant=B0_geom_dense4 run=2 round=12 headOK_min=56 headOK_max=56 cores_clean=56/56 converged=0
ROUND variant=B0_geom_dense4 run=2 round=13 headOK_min=56 headOK_max=56 cores_clean=56/56 converged=0
ROUND variant=B0_geom_dense4 run=2 round=14 headOK_min=56 headOK_max=56 cores_clean=56/56 converged=0
ROUND variant=B0_geom_dense4 run=2 round=15 headOK_min=56 headOK_max=56 cores_clean=56/56 converged=0
COREVIOL variant=B0_geom_dense4 run=2 0,0,0,0,0,0,0,0,0,0,0,0,0,0,0,0,0,0,0,0,0,0,0,0,0,0,0,0,0,0,0,0,0,0,0,0,0,0,0,0,0,0,0,0,0,0,0,0,0,0,0,0,0,0,0,0
CYCLE variant=B0_geom_dense4 run=2 1392186939,1392186964,1392188045,1392187726,1392185769,1392185770,1392187956,1392187037,1392187979,1392187670,1392187844,1392187871,1392187902,1392187470,1392186211,1392186237,1392186593,1392186832,1392187009,1392186781,1392187703,1392185843,1392187626,1392187423,1392187521,1392186466,1392187341,1392187164,1392186619,1392187914,1392187813,1392187406,1392187687,1392186950,1392188134,1392188079,1392187312,1392186297,1392187505,1392187353,1392187097,1392187326,1392187863,1392186344,1392186897,1392188100,1392187662,1392187968,1392186041,1392186369,1392187631,1392188014,1392186718,1392187379,1392187890,1392187025
SUMMARY variant=B0_geom_dense4 run=3 vi=26 bk=1 ck=1 dk=2 fk=1 st=1 wl=4 sep=0 rounds=16 naiv=56 blocks=28 cores_clean=56/56 core_round_clean=896/896 rounds_clean=16/16 headOK_min=56 viol=0 final_head_ok=56 stale=0 zero=0 other=0 scribble=0 rel_spread_max=19660627 missing_rows=0 snap=0 rc=0 negctrl_selfonly=0 viol_under_selfonly_criterion=0
ROUND variant=B0_geom_dense4 run=3 round=0 headOK_min=56 headOK_max=56 cores_clean=56/56 converged=0
ROUND variant=B0_geom_dense4 run=3 round=1 headOK_min=56 headOK_max=56 cores_clean=56/56 converged=0
ROUND variant=B0_geom_dense4 run=3 round=2 headOK_min=56 headOK_max=56 cores_clean=56/56 converged=0
ROUND variant=B0_geom_dense4 run=3 round=3 headOK_min=56 headOK_max=56 cores_clean=56/56 converged=0
ROUND variant=B0_geom_dense4 run=3 round=4 headOK_min=56 headOK_max=56 cores_clean=56/56 converged=0
ROUND variant=B0_geom_dense4 run=3 round=5 headOK_min=56 headOK_max=56 cores_clean=56/56 converged=0
ROUND variant=B0_geom_dense4 run=3 round=6 headOK_min=56 headOK_max=56 cores_clean=56/56 converged=0
ROUND variant=B0_geom_dense4 run=3 round=7 headOK_min=56 headOK_max=56 cores_clean=56/56 converged=0
ROUND variant=B0_geom_dense4 run=3 round=8 headOK_min=56 headOK_max=56 cores_clean=56/56 converged=0
ROUND variant=B0_geom_dense4 run=3 round=9 headOK_min=56 headOK_max=56 cores_clean=56/56 converged=0
ROUND variant=B0_geom_dense4 run=3 round=10 headOK_min=56 headOK_max=56 cores_clean=56/56 converged=0
ROUND variant=B0_geom_dense4 run=3 round=11 headOK_min=56 headOK_max=56 cores_clean=56/56 converged=0
ROUND variant=B0_geom_dense4 run=3 round=12 headOK_min=56 headOK_max=56 cores_clean=56/56 converged=0
ROUND variant=B0_geom_dense4 run=3 round=13 headOK_min=56 headOK_max=56 cores_clean=56/56 converged=0
ROUND variant=B0_geom_dense4 run=3 round=14 headOK_min=56 headOK_max=56 cores_clean=56/56 converged=0
ROUND variant=B0_geom_dense4 run=3 round=15 headOK_min=56 headOK_max=56 cores_clean=56/56 converged=0
COREVIOL variant=B0_geom_dense4 run=3 0,0,0,0,0,0,0,0,0,0,0,0,0,0,0,0,0,0,0,0,0,0,0,0,0,0,0,0,0,0,0,0,0,0,0,0,0,0,0,0,0,0,0,0,0,0,0,0,0,0,0,0,0,0,0,0
CYCLE variant=B0_geom_dense4 run=3 -29897053,-29896141,-29896661,-29896291,-29896371,-29895909,-29896393,-29895499,-29895368,-29895316,-29895430,-29895608,-29897108,-29896245,-29895709,-29895835,-29895270,-29895479,-29895941,-29896533,-29896581,-29896349,-29895579,-29895347,-29896087,-29896552,-10236202,-10236146,-29896542,-29896516,-29895496,-29895623,-29895268,-29895956,-29894834,-29895323,-29894972,-29895022,-29895448,-29895294,-29896736,-29896761,-29896465,-29896365,-29895985,-29896338,-29895123,-29894890,-29896915,-29896497,-29895671,-29896027,-29895546,-29895418,-29894800,-29894912
SUMMARY variant=B0_geom_dense4 run=4 vi=26 bk=1 ck=1 dk=2 fk=1 st=1 wl=4 sep=0 rounds=16 naiv=56 blocks=28 cores_clean=56/56 core_round_clean=896/896 rounds_clean=16/16 headOK_min=56 viol=0 final_head_ok=56 stale=0 zero=0 other=0 scribble=0 rel_spread_max=16417 missing_rows=0 snap=0 rc=0 negctrl_selfonly=0 viol_under_selfonly_criterion=0
ROUND variant=B0_geom_dense4 run=4 round=0 headOK_min=56 headOK_max=56 cores_clean=56/56 converged=0
ROUND variant=B0_geom_dense4 run=4 round=1 headOK_min=56 headOK_max=56 cores_clean=56/56 converged=0
ROUND variant=B0_geom_dense4 run=4 round=2 headOK_min=56 headOK_max=56 cores_clean=56/56 converged=0
ROUND variant=B0_geom_dense4 run=4 round=3 headOK_min=56 headOK_max=56 cores_clean=56/56 converged=0
ROUND variant=B0_geom_dense4 run=4 round=4 headOK_min=56 headOK_max=56 cores_clean=56/56 converged=0
ROUND variant=B0_geom_dense4 run=4 round=5 headOK_min=56 headOK_max=56 cores_clean=56/56 converged=0
ROUND variant=B0_geom_dense4 run=4 round=6 headOK_min=56 headOK_max=56 cores_clean=56/56 converged=0
ROUND variant=B0_geom_dense4 run=4 round=7 headOK_min=56 headOK_max=56 cores_clean=56/56 converged=0
ROUND variant=B0_geom_dense4 run=4 round=8 headOK_min=56 headOK_max=56 cores_clean=56/56 converged=0
ROUND variant=B0_geom_dense4 run=4 round=9 headOK_min=56 headOK_max=56 cores_clean=56/56 converged=0
ROUND variant=B0_geom_dense4 run=4 round=10 headOK_min=56 headOK_max=56 cores_clean=56/56 converged=0
ROUND variant=B0_geom_dense4 run=4 round=11 headOK_min=56 headOK_max=56 cores_clean=56/56 converged=0
ROUND variant=B0_geom_dense4 run=4 round=12 headOK_min=56 headOK_max=56 cores_clean=56/56 converged=0
ROUND variant=B0_geom_dense4 run=4 round=13 headOK_min=56 headOK_max=56 cores_clean=56/56 converged=0
ROUND variant=B0_geom_dense4 run=4 round=14 headOK_min=56 headOK_max=56 cores_clean=56/56 converged=0
ROUND variant=B0_geom_dense4 run=4 round=15 headOK_min=56 headOK_max=56 cores_clean=56/56 converged=0
COREVIOL variant=B0_geom_dense4 run=4 0,0,0,0,0,0,0,0,0,0,0,0,0,0,0,0,0,0,0,0,0,0,0,0,0,0,0,0,0,0,0,0,0,0,0,0,0,0,0,0,0,0,0,0,0,0,0,0,0,0,0,0,0,0,0,0
CYCLE variant=B0_geom_dense4 run=4 1773352445,1773352443,1773353752,1773354498,1773354285,1773353184,1773353821,1773352717,1773353306,1773352780,1773353242,1773352859,1773352605,1773353887,1773354473,1773354394,1773353465,1773353519,1773354036,1773354131,1773353115,1773354319,1773354533,1773352646,1773354101,1773353842,1773354179,1773354061,1773353690,1773354019,1773355247,1773354889,1773354805,1773354427,1773355602,1773355334,1773354353,1773354305,1773353991,1773354777,1773354932,1773355051,1773355157,1773355571,1773353708,1773354200,1773355405,1773355526,1773353809,1773354560,1773354746,1773354652,1773354051,1773354170,1773355544,1773355424
SUMMARY variant=B0_geom_dense4 run=5 vi=26 bk=1 ck=1 dk=2 fk=1 st=1 wl=4 sep=0 rounds=16 naiv=56 blocks=28 cores_clean=56/56 core_round_clean=896/896 rounds_clean=16/16 headOK_min=56 viol=0 final_head_ok=56 stale=0 zero=0 other=0 scribble=0 rel_spread_max=18583 missing_rows=0 snap=0 rc=0 negctrl_selfonly=0 viol_under_selfonly_criterion=0
ROUND variant=B0_geom_dense4 run=5 round=0 headOK_min=56 headOK_max=56 cores_clean=56/56 converged=0
ROUND variant=B0_geom_dense4 run=5 round=1 headOK_min=56 headOK_max=56 cores_clean=56/56 converged=0
ROUND variant=B0_geom_dense4 run=5 round=2 headOK_min=56 headOK_max=56 cores_clean=56/56 converged=0
ROUND variant=B0_geom_dense4 run=5 round=3 headOK_min=56 headOK_max=56 cores_clean=56/56 converged=0
ROUND variant=B0_geom_dense4 run=5 round=4 headOK_min=56 headOK_max=56 cores_clean=56/56 converged=0
ROUND variant=B0_geom_dense4 run=5 round=5 headOK_min=56 headOK_max=56 cores_clean=56/56 converged=0
ROUND variant=B0_geom_dense4 run=5 round=6 headOK_min=56 headOK_max=56 cores_clean=56/56 converged=0
ROUND variant=B0_geom_dense4 run=5 round=7 headOK_min=56 headOK_max=56 cores_clean=56/56 converged=0
ROUND variant=B0_geom_dense4 run=5 round=8 headOK_min=56 headOK_max=56 cores_clean=56/56 converged=0
ROUND variant=B0_geom_dense4 run=5 round=9 headOK_min=56 headOK_max=56 cores_clean=56/56 converged=0
ROUND variant=B0_geom_dense4 run=5 round=10 headOK_min=56 headOK_max=56 cores_clean=56/56 converged=0
ROUND variant=B0_geom_dense4 run=5 round=11 headOK_min=56 headOK_max=56 cores_clean=56/56 converged=0
ROUND variant=B0_geom_dense4 run=5 round=12 headOK_min=56 headOK_max=56 cores_clean=56/56 converged=0
ROUND variant=B0_geom_dense4 run=5 round=13 headOK_min=56 headOK_max=56 cores_clean=56/56 converged=0
ROUND variant=B0_geom_dense4 run=5 round=14 headOK_min=56 headOK_max=56 cores_clean=56/56 converged=0
ROUND variant=B0_geom_dense4 run=5 round=15 headOK_min=56 headOK_max=56 cores_clean=56/56 converged=0
COREVIOL variant=B0_geom_dense4 run=5 0,0,0,0,0,0,0,0,0,0,0,0,0,0,0,0,0,0,0,0,0,0,0,0,0,0,0,0,0,0,0,0,0,0,0,0,0,0,0,0,0,0,0,0,0,0,0,0,0,0,0,0,0,0,0,0
CYCLE variant=B0_geom_dense4 run=5 -1588539104,-1588538951,-1588539671,-1588539246,-1588539127,-1588538644,-1588539371,-1588538184,-1588539022,-1588538615,-1588537792,-1588538469,-1588538420,-1588538674,-1588537885,-1588538139,-1588537736,-1588538875,-1588537934,-1588538554,-1588538502,-1588539294,-1588539912,-1588539914,-1588538051,-1588538025,-1588537959,-1588537984,-1588537544,-1588537089,-1588536446,-1588536471,-1588537272,-1588536558,-1588538103,-1588537020,-1588537446,-1588537819,-1588536378,-1588536911,-1588537284,-1588537484,-1588537348,-1588536532,-1588537612,-1588537413,-1588536357,-1588536218,-1588536424,-1588536293,-1588536651,-1588536752,-1588538211,-1588537855,-1588538171,-1588537942
SUMMARY variant=B0_geom_dense4 run=6 vi=26 bk=1 ck=1 dk=2 fk=1 st=1 wl=4 sep=0 rounds=16 naiv=56 blocks=28 cores_clean=56/56 core_round_clean=896/896 rounds_clean=16/16 headOK_min=56 viol=0 final_head_ok=56 stale=0 zero=0 other=0 scribble=0 rel_spread_max=16084 missing_rows=0 snap=0 rc=0 negctrl_selfonly=0 viol_under_selfonly_criterion=0
ROUND variant=B0_geom_dense4 run=6 round=0 headOK_min=56 headOK_max=56 cores_clean=56/56 converged=0
ROUND variant=B0_geom_dense4 run=6 round=1 headOK_min=56 headOK_max=56 cores_clean=56/56 converged=0
ROUND variant=B0_geom_dense4 run=6 round=2 headOK_min=56 headOK_max=56 cores_clean=56/56 converged=0
ROUND variant=B0_geom_dense4 run=6 round=3 headOK_min=56 headOK_max=56 cores_clean=56/56 converged=0
ROUND variant=B0_geom_dense4 run=6 round=4 headOK_min=56 headOK_max=56 cores_clean=56/56 converged=0
ROUND variant=B0_geom_dense4 run=6 round=5 headOK_min=56 headOK_max=56 cores_clean=56/56 converged=0
ROUND variant=B0_geom_dense4 run=6 round=6 headOK_min=56 headOK_max=56 cores_clean=56/56 converged=0
ROUND variant=B0_geom_dense4 run=6 round=7 headOK_min=56 headOK_max=56 cores_clean=56/56 converged=0
ROUND variant=B0_geom_dense4 run=6 round=8 headOK_min=56 headOK_max=56 cores_clean=56/56 converged=0
ROUND variant=B0_geom_dense4 run=6 round=9 headOK_min=56 headOK_max=56 cores_clean=56/56 converged=0
ROUND variant=B0_geom_dense4 run=6 round=10 headOK_min=56 headOK_max=56 cores_clean=56/56 converged=0
ROUND variant=B0_geom_dense4 run=6 round=11 headOK_min=56 headOK_max=56 cores_clean=56/56 converged=0
ROUND variant=B0_geom_dense4 run=6 round=12 headOK_min=56 headOK_max=56 cores_clean=56/56 converged=0
ROUND variant=B0_geom_dense4 run=6 round=13 headOK_min=56 headOK_max=56 cores_clean=56/56 converged=0
ROUND variant=B0_geom_dense4 run=6 round=14 headOK_min=56 headOK_max=56 cores_clean=56/56 converged=0
ROUND variant=B0_geom_dense4 run=6 round=15 headOK_min=56 headOK_max=56 cores_clean=56/56 converged=0
COREVIOL variant=B0_geom_dense4 run=6 0,0,0,0,0,0,0,0,0,0,0,0,0,0,0,0,0,0,0,0,0,0,0,0,0,0,0,0,0,0,0,0,0,0,0,0,0,0,0,0,0,0,0,0,0,0,0,0,0,0,0,0,0,0,0,0
CYCLE variant=B0_geom_dense4 run=6 -1419735638,-1419736624,-1419736235,-1419736889,-1419737148,-1419737992,-1419735822,-1419736207,-1419735708,-1419736064,-1419735842,-1419736044,-1419735478,-1419735970,-1419738006,-1419737286,-1419736649,-1419737993,-1419735430,-1419735540,-1419735873,-1419735594,-1419738042,-1419738018,-1419737092,-1419737998,-1419736445,-1419735568,-1419736590,-1419737180,-1419735727,-1419735888,-1419736896,-1419736000,-1419736849,-1419736646,-1419736023,-1419735762,-1419737364,-1419737811,-1419737063,-1419736064,-1419737391,-1419736362,-1419735965,-1419735669,-1419736416,-1419736053,-1419736913,-1419736862,-1419737097,-1419737041,-1419736500,-1419736372,-1419735920,-1419735869
SUMMARY variant=B0_geom_dense4 run=7 vi=26 bk=1 ck=1 dk=2 fk=1 st=1 wl=4 sep=0 rounds=16 naiv=56 blocks=28 cores_clean=56/56 core_round_clean=896/896 rounds_clean=16/16 headOK_min=56 viol=0 final_head_ok=56 stale=0 zero=0 other=0 scribble=0 rel_spread_max=15504 missing_rows=0 snap=0 rc=0 negctrl_selfonly=0 viol_under_selfonly_criterion=0
ROUND variant=B0_geom_dense4 run=7 round=0 headOK_min=56 headOK_max=56 cores_clean=56/56 converged=0
ROUND variant=B0_geom_dense4 run=7 round=1 headOK_min=56 headOK_max=56 cores_clean=56/56 converged=0
ROUND variant=B0_geom_dense4 run=7 round=2 headOK_min=56 headOK_max=56 cores_clean=56/56 converged=0
ROUND variant=B0_geom_dense4 run=7 round=3 headOK_min=56 headOK_max=56 cores_clean=56/56 converged=0
ROUND variant=B0_geom_dense4 run=7 round=4 headOK_min=56 headOK_max=56 cores_clean=56/56 converged=0
ROUND variant=B0_geom_dense4 run=7 round=5 headOK_min=56 headOK_max=56 cores_clean=56/56 converged=0
ROUND variant=B0_geom_dense4 run=7 round=6 headOK_min=56 headOK_max=56 cores_clean=56/56 converged=0
ROUND variant=B0_geom_dense4 run=7 round=7 headOK_min=56 headOK_max=56 cores_clean=56/56 converged=0
ROUND variant=B0_geom_dense4 run=7 round=8 headOK_min=56 headOK_max=56 cores_clean=56/56 converged=0
ROUND variant=B0_geom_dense4 run=7 round=9 headOK_min=56 headOK_max=56 cores_clean=56/56 converged=0
ROUND variant=B0_geom_dense4 run=7 round=10 headOK_min=56 headOK_max=56 cores_clean=56/56 converged=0
ROUND variant=B0_geom_dense4 run=7 round=11 headOK_min=56 headOK_max=56 cores_clean=56/56 converged=0
ROUND variant=B0_geom_dense4 run=7 round=12 headOK_min=56 headOK_max=56 cores_clean=56/56 converged=0
ROUND variant=B0_geom_dense4 run=7 round=13 headOK_min=56 headOK_max=56 cores_clean=56/56 converged=0
ROUND variant=B0_geom_dense4 run=7 round=14 headOK_min=56 headOK_max=56 cores_clean=56/56 converged=0
ROUND variant=B0_geom_dense4 run=7 round=15 headOK_min=56 headOK_max=56 cores_clean=56/56 converged=0
COREVIOL variant=B0_geom_dense4 run=7 0,0,0,0,0,0,0,0,0,0,0,0,0,0,0,0,0,0,0,0,0,0,0,0,0,0,0,0,0,0,0,0,0,0,0,0,0,0,0,0,0,0,0,0,0,0,0,0,0,0,0,0,0,0,0,0
CYCLE variant=B0_geom_dense4 run=7 -1327690884,-1327690066,-1327690443,-1327690696,-1327691187,-1327691242,-1327690470,-1327689979,-1327691691,-1327691276,-1327690039,-1327689901,-1327690201,-1327690608,-1327691341,-1327691915,-1327690764,-1327690432,-1327690677,-1327690320,-1327690119,-1327689927,-1327691652,-1327691861,-1327690404,-1327690837,-1327690907,-1327691133,-1327692241,-1327692233,-1327690385,-1327690873,-1327690507,-1327690455,-1327691317,-1327690136,-1327690815,-1327691019,-1327691349,-1327691644,-1327690259,-1327690040,-1327692207,-1327690221,-1327691522,-1327690332,-1327690582,-1327691242,-1327690974,-1327690407,-1327692148,-1327690840,-1327690066,-1327690121,-1327690759,-1327690081
SUMMARY variant=B0_geom_dense4 run=8 vi=26 bk=1 ck=1 dk=2 fk=1 st=1 wl=4 sep=0 rounds=16 naiv=56 blocks=28 cores_clean=56/56 core_round_clean=896/896 rounds_clean=16/16 headOK_min=56 viol=0 final_head_ok=56 stale=0 zero=0 other=0 scribble=0 rel_spread_max=16270 missing_rows=0 snap=0 rc=0 negctrl_selfonly=0 viol_under_selfonly_criterion=0
ROUND variant=B0_geom_dense4 run=8 round=0 headOK_min=56 headOK_max=56 cores_clean=56/56 converged=0
ROUND variant=B0_geom_dense4 run=8 round=1 headOK_min=56 headOK_max=56 cores_clean=56/56 converged=0
ROUND variant=B0_geom_dense4 run=8 round=2 headOK_min=56 headOK_max=56 cores_clean=56/56 converged=0
ROUND variant=B0_geom_dense4 run=8 round=3 headOK_min=56 headOK_max=56 cores_clean=56/56 converged=0
ROUND variant=B0_geom_dense4 run=8 round=4 headOK_min=56 headOK_max=56 cores_clean=56/56 converged=0
ROUND variant=B0_geom_dense4 run=8 round=5 headOK_min=56 headOK_max=56 cores_clean=56/56 converged=0
ROUND variant=B0_geom_dense4 run=8 round=6 headOK_min=56 headOK_max=56 cores_clean=56/56 converged=0
ROUND variant=B0_geom_dense4 run=8 round=7 headOK_min=56 headOK_max=56 cores_clean=56/56 converged=0
ROUND variant=B0_geom_dense4 run=8 round=8 headOK_min=56 headOK_max=56 cores_clean=56/56 converged=0
ROUND variant=B0_geom_dense4 run=8 round=9 headOK_min=56 headOK_max=56 cores_clean=56/56 converged=0
ROUND variant=B0_geom_dense4 run=8 round=10 headOK_min=56 headOK_max=56 cores_clean=56/56 converged=0
ROUND variant=B0_geom_dense4 run=8 round=11 headOK_min=56 headOK_max=56 cores_clean=56/56 converged=0
ROUND variant=B0_geom_dense4 run=8 round=12 headOK_min=56 headOK_max=56 cores_clean=56/56 converged=0
ROUND variant=B0_geom_dense4 run=8 round=13 headOK_min=56 headOK_max=56 cores_clean=56/56 converged=0
ROUND variant=B0_geom_dense4 run=8 round=14 headOK_min=56 headOK_max=56 cores_clean=56/56 converged=0
ROUND variant=B0_geom_dense4 run=8 round=15 headOK_min=56 headOK_max=56 cores_clean=56/56 converged=0
COREVIOL variant=B0_geom_dense4 run=8 0,0,0,0,0,0,0,0,0,0,0,0,0,0,0,0,0,0,0,0,0,0,0,0,0,0,0,0,0,0,0,0,0,0,0,0,0,0,0,0,0,0,0,0,0,0,0,0,0,0,0,0,0,0,0,0
CYCLE variant=B0_geom_dense4 run=8 -1611848216,-1611848072,-1611848372,-1611849531,-1611849546,-1611849517,-1611848658,-1611848563,-1611848435,-1611847921,-1611849570,-1611849561,-1611848191,-1611847999,-1611848299,-1611847932,-1611848761,-1611849242,-1611848042,-1611848018,-1611849282,-1611849533,-1611848083,-1611848272,-1611848474,-1611848592,-1611849542,-1611849534,-1611849330,-1611849276,-1611848001,-1611847457,-1611848810,-1611848883,-1611847562,-1611847414,-1611847591,-1611847520,-1611848589,-1611848372,-1611848051,-1611847980,-1611849127,-1611848932,-1611849043,-1611848994,-1611847542,-1611847362,-1611848424,-1611848211,-1611847399,-1611847739,-1611848148,-1611848624,-1611848111,-1611847498
SUMMARY variant=B0_geom_dense4 run=9 vi=26 bk=1 ck=1 dk=2 fk=1 st=1 wl=4 sep=0 rounds=16 naiv=56 blocks=28 cores_clean=56/56 core_round_clean=896/896 rounds_clean=16/16 headOK_min=56 viol=0 final_head_ok=56 stale=0 zero=0 other=0 scribble=0 rel_spread_max=16202 missing_rows=0 snap=0 rc=0 negctrl_selfonly=0 viol_under_selfonly_criterion=0
ROUND variant=B0_geom_dense4 run=9 round=0 headOK_min=56 headOK_max=56 cores_clean=56/56 converged=0
ROUND variant=B0_geom_dense4 run=9 round=1 headOK_min=56 headOK_max=56 cores_clean=56/56 converged=0
ROUND variant=B0_geom_dense4 run=9 round=2 headOK_min=56 headOK_max=56 cores_clean=56/56 converged=0
ROUND variant=B0_geom_dense4 run=9 round=3 headOK_min=56 headOK_max=56 cores_clean=56/56 converged=0
ROUND variant=B0_geom_dense4 run=9 round=4 headOK_min=56 headOK_max=56 cores_clean=56/56 converged=0
ROUND variant=B0_geom_dense4 run=9 round=5 headOK_min=56 headOK_max=56 cores_clean=56/56 converged=0
ROUND variant=B0_geom_dense4 run=9 round=6 headOK_min=56 headOK_max=56 cores_clean=56/56 converged=0
ROUND variant=B0_geom_dense4 run=9 round=7 headOK_min=56 headOK_max=56 cores_clean=56/56 converged=0
ROUND variant=B0_geom_dense4 run=9 round=8 headOK_min=56 headOK_max=56 cores_clean=56/56 converged=0
ROUND variant=B0_geom_dense4 run=9 round=9 headOK_min=56 headOK_max=56 cores_clean=56/56 converged=0
ROUND variant=B0_geom_dense4 run=9 round=10 headOK_min=56 headOK_max=56 cores_clean=56/56 converged=0
ROUND variant=B0_geom_dense4 run=9 round=11 headOK_min=56 headOK_max=56 cores_clean=56/56 converged=0
ROUND variant=B0_geom_dense4 run=9 round=12 headOK_min=56 headOK_max=56 cores_clean=56/56 converged=0
ROUND variant=B0_geom_dense4 run=9 round=13 headOK_min=56 headOK_max=56 cores_clean=56/56 converged=0
ROUND variant=B0_geom_dense4 run=9 round=14 headOK_min=56 headOK_max=56 cores_clean=56/56 converged=0
ROUND variant=B0_geom_dense4 run=9 round=15 headOK_min=56 headOK_max=56 cores_clean=56/56 converged=0
COREVIOL variant=B0_geom_dense4 run=9 0,0,0,0,0,0,0,0,0,0,0,0,0,0,0,0,0,0,0,0,0,0,0,0,0,0,0,0,0,0,0,0,0,0,0,0,0,0,0,0,0,0,0,0,0,0,0,0,0,0,0,0,0,0,0,0
CYCLE variant=B0_geom_dense4 run=9 1231508687,1231508791,1231508825,1231508594,1231507467,1231507641,1231508744,1231508769,1231507992,1231508171,1231508873,1231508713,1231507739,1231507765,1231508233,1231508463,1231508119,1231507537,1231507193,1231507218,1231507396,1231507322,1231507954,1231507801,1231507290,1231507060,1231507622,1231507597,1231505389,1231505467,1231506349,1231506252,1231506514,1231507610,1231506670,1231506721,1231507636,1231507446,1231507292,1231506152,1231506117,1231505950,1231505675,1231505907,1231507463,1231507081,1231506770,1231507068,1231507491,1231505985,1231506562,1231507166,1231507516,1231506955,1231507349,1231506695
