[L0PROBE] 源 src[i][j] = i*1000+j（行=N 轴，列=K 轴）；A = I16；mmad m=16 n=32 k=16

[conf 0] base (2,1,2,2,T0,off0)
   m= 0:      0      1      2      3      4      5      6      7      8      9     10     11     12     13     14     15
   m= 1:   1000   1000   1000   1000   1004   1004   1004   1004   1008   1008   1008   1008   1012   1012   1012   1012
   m= 2:   2000   2000   2000   2000   2000   2000   2000   2000   2008   2008   2008   2008   2008   2008   2008   2008
   m= 3:   2992   2992   2992   2992   2992   2992   2992   2992   3008   3008   3008   3008   3008   3008   3008   3008
   m= 4:   4000   4000   4000   4000   4000   4000   4000   4000   4000   4000   4000   4000   4000   4000   4000   4000
   m= 5:   4992   4992   4992   4992   4992   4992   4992   4992   4992   4992   4992   4992   4992   4992   4992   4992
   m= 6:   5984   5984   5984   5984   5984   5984   5984   5984   5984   5984   5984   5984   5984   5984   5984   5984
   m= 7:   6976   6976   6976   6976   6976   6976   6976   6976   7008   7008   7008   7008   7008   7008   7008   7008
   m= 8:   8000   8000   8000   8000   8000   8000   8000   8000   8000   8000   8000   8000   8000   8000   8000   8000
   m= 9:   8960   8960   8960   8960   8960   8960   8960   8960   8960   8960   8960   8960   8960   8960   8960   8960
   m=10:   9984   9984   9984   9984   9984   9984   9984   9984   9984   9984   9984   9984   9984   9984   9984   9984
   m=11:  10944  10944  10944  10944  10944  10944  10944  10944  11008  11008  11008  11008  11008  11008  11008  11008
   m=12:  11968  11968  11968  11968  11968  11968  11968  11968  11968  11968  11968  11968  11968  11968  11968  11968
   m=13:  12992  12992  12992  12992  12992  12992  12992  12992  12992  12992  12992  12992  12992  12992  12992  12992
   m=14:  13952  13952  13952  13952  13952  13952  13952  13952  13952  13952  13952  13952  13952  13952  13952  13952
   m=15:  14976  14976  14976  14976  14976  14976  14976  14976  14976  14976  14976  14976  14976  14976  14976  14976
   正确映射(i=n,j=m)命中 1/512, 非零 511/512

[conf 1] mStep 1 (1,1,2,2,T0)
   m= 0:      0      1      2      3      4      5      6      7      8      9     10     11     12     13     14     15
   m= 1:   1000   1000   1000   1000   1004   1004   1004   1004   1008   1008   1008   1008   1012   1012   1012   1012
   m= 2:   2000   2000   2000   2000   2000   2000   2000   2000   2008   2008   2008   2008   2008   2008   2008   2008
   m= 3:   2992   2992   2992   2992   2992   2992   2992   2992   3008   3008   3008   3008   3008   3008   3008   3008
   m= 4:   4000   4000   4000   4000   4000   4000   4000   4000   4000   4000   4000   4000   4000   4000   4000   4000
   m= 5:   4992   4992   4992   4992   4992   4992   4992   4992   4992   4992   4992   4992   4992   4992   4992   4992
   m= 6:   5984   5984   5984   5984   5984   5984   5984   5984   5984   5984   5984   5984   5984   5984   5984   5984
   m= 7:   6976   6976   6976   6976   6976   6976   6976   6976   7008   7008   7008   7008   7008   7008   7008   7008
   m= 8:   8000   8000   8000   8000   8000   8000   8000   8000   8000   8000   8000   8000   8000   8000   8000   8000
   m= 9:   8960   8960   8960   8960   8960   8960   8960   8960   8960   8960   8960   8960   8960   8960   8960   8960
   m=10:   9984   9984   9984   9984   9984   9984   9984   9984   9984   9984   9984   9984   9984   9984   9984   9984
   m=11:  10944  10944  10944  10944  10944  10944  10944  10944  11008  11008  11008  11008  11008  11008  11008  11008
   m=12:  11968  11968  11968  11968  11968  11968  11968  11968  11968  11968  11968  11968  11968  11968  11968  11968
   m=13:  12992  12992  12992  12992  12992  12992  12992  12992  12992  12992  12992  12992  12992  12992  12992  12992
   m=14:  13952  13952  13952  13952  13952  13952  13952  13952  13952  13952  13952  13952  13952  13952  13952  13952
   m=15:  14976  14976  14976  14976  14976  14976  14976  14976  14976  14976  14976  14976  14976  14976  14976  14976
   正确映射(i=n,j=m)命中 1/512, 非零 511/512

[conf 2] mStep 4 (4,1,2,2,T0)
   m= 0:      0      1      2      3      4      5      6      7      8      9     10     11     12     13     14     15
   m= 1:   1000   1000   1000   1000   1004   1004   1004   1004   1008   1008   1008   1008   1012   1012   1012   1012
   m= 2:   2000   2000   2000   2000   2000   2000   2000   2000   2008   2008   2008   2008   2008   2008   2008   2008
   m= 3:   2992   2992   2992   2992   2992   2992   2992   2992   3008   3008   3008   3008   3008   3008   3008   3008
   m= 4:   4000   4000   4000   4000   4000   4000   4000   4000   4000   4000   4000   4000   4000   4000   4000   4000
   m= 5:   4992   4992   4992   4992   4992   4992   4992   4992   4992   4992   4992   4992   4992   4992   4992   4992
   m= 6:   5984   5984   5984   5984   5984   5984   5984   5984   5984   5984   5984   5984   5984   5984   5984   5984
   m= 7:   6976   6976   6976   6976   6976   6976   6976   6976   7008   7008   7008   7008   7008   7008   7008   7008
   m= 8:   8000   8000   8000   8000   8000   8000   8000   8000   8000   8000   8000   8000   8000   8000   8000   8000
   m= 9:   8960   8960   8960   8960   8960   8960   8960   8960   8960   8960   8960   8960   8960   8960   8960   8960
   m=10:   9984   9984   9984   9984   9984   9984   9984   9984   9984   9984   9984   9984   9984   9984   9984   9984
   m=11:  10944  10944  10944  10944  10944  10944  10944  10944  11008  11008  11008  11008  11008  11008  11008  11008
   m=12:  11968  11968  11968  11968  11968  11968  11968  11968  11968  11968  11968  11968  11968  11968  11968  11968
   m=13:  12992  12992  12992  12992  12992  12992  12992  12992  12992  12992  12992  12992  12992  12992  12992  12992
   m=14:  13952  13952  13952  13952  13952  13952  13952  13952  13952  13952  13952  13952  13952  13952  13952  13952
   m=15:  14976  14976  14976  14976  14976  14976  14976  14976  14976  14976  14976  14976  14976  14976  14976  14976
   正确映射(i=n,j=m)命中 1/512, 非零 511/512

[conf 3] src 1 (2,1,1,2,T0)
   m= 0:      0      1      2      3      4      5      6      7      8      9     10     11     12     13     14     15
   m= 1:   1000   1000   1000   1000   1004   1004   1004   1004   1008   1008   1008   1008   1012   1012   1012   1012
   m= 2:   2000   2000   2000   2000   2000   2000   2000   2000   2008   2008   2008   2008   2008   2008   2008   2008
   m= 3:   2992   2992   2992   2992   2992   2992   2992   2992   3008   3008   3008   3008   3008   3008   3008   3008
   m= 4:   4000   4000   4000   4000   4000   4000   4000   4000   4000   4000   4000   4000   4000   4000   4000   4000
   m= 5:   4992   4992   4992   4992   4992   4992   4992   4992   4992   4992   4992   4992   4992   4992   4992   4992
   m= 6:   5984   5984   5984   5984   5984   5984   5984   5984   5984   5984   5984   5984   5984   5984   5984   5984
   m= 7:   6976   6976   6976   6976   6976   6976   6976   6976   7008   7008   7008   7008   7008   7008   7008   7008
   m= 8:   8000   8000   8000   8000   8000   8000   8000   8000   8000   8000   8000   8000   8000   8000   8000   8000
   m= 9:   8960   8960   8960   8960   8960   8960   8960   8960   8960   8960   8960   8960   8960   8960   8960   8960
   m=10:   9984   9984   9984   9984   9984   9984   9984   9984   9984   9984   9984   9984   9984   9984   9984   9984
   m=11:  10944  10944  10944  10944  10944  10944  10944  10944  11008  11008  11008  11008  11008  11008  11008  11008
   m=12:  11968  11968  11968  11968  11968  11968  11968  11968  11968  11968  11968  11968  11968  11968  11968  11968
   m=13:  12992  12992  12992  12992  12992  12992  12992  12992  12992  12992  12992  12992  12992  12992  12992  12992
   m=14:  13952  13952  13952  13952  13952  13952  13952  13952  13952  13952  13952  13952  13952  13952  13952  13952
   m=15:  14976  14976  14976  14976  14976  14976  14976  14976  14976  14976  14976  14976  14976  14976  14976  14976
   正确映射(i=n,j=m)命中 1/512, 非零 511/512

[conf 4] srcStride 4 (2,1,4,2,T0)
   m= 0:      0      1      2      3      4      5      6      7      8      9     10     11     12     13     14     15
   m= 1:   1000   1000   1000   1000   1004   1004   1004   1004   1008   1008   1008   1008   1012   1012   1012   1012
   m= 2:   2000   2000   2000   2000   2000   2000   2000   2000   2008   2008   2008   2008   2008   2008   2008   2008
   m= 3:   2992   2992   2992   2992   2992   2992   2992   2992   3008   3008   3008   3008   3008   3008   3008   3008
   m= 4:   4000   4000   4000   4000   4000   4000   4000   4000   4000   4000   4000   4000   4000   4000   4000   4000
   m= 5:   4992   4992   4992   4992   4992   4992   4992   4992   4992   4992   4992   4992   4992   4992   4992   4992
   m= 6:   5984   5984   5984   5984   5984   5984   5984   5984   5984   5984   5984   5984   5984   5984   5984   5984
   m= 7:   6976   6976   6976   6976   6976   6976   6976   6976   7008   7008   7008   7008   7008   7008   7008   7008
   m= 8:   8000   8000   8000   8000   8000   8000   8000   8000   8000   8000   8000   8000   8000   8000   8000   8000
   m= 9:   8960   8960   8960   8960   8960   8960   8960   8960   8960   8960   8960   8960   8960   8960   8960   8960
   m=10:   9984   9984   9984   9984   9984   9984   9984   9984   9984   9984   9984   9984   9984   9984   9984   9984
   m=11:  10944  10944  10944  10944  10944  10944  10944  10944  11008  11008  11008  11008  11008  11008  11008  11008
   m=12:  11968  11968  11968  11968  11968  11968  11968  11968  11968  11968  11968  11968  11968  11968  11968  11968
   m=13:  12992  12992  12992  12992  12992  12992  12992  12992  12992  12992  12992  12992  12992  12992  12992  12992
   m=14:  13952  13952  13952  13952  13952  13952  13952  13952  13952  13952  13952  13952  13952  13952  13952  13952
   m=15:  14976  14976  14976  14976  14976  14976  14976  14976  14976  14976  14976  14976  14976  14976  14976  14976
   正确映射(i=n,j=m)命中 1/512, 非零 511/512

[conf 5] dst 1 (2,1,2,1,T0)
   m= 0:      0      1      2      3      4      5      6      7      8      9     10     11     12     13     14     15
   m= 1:   1000   1000   1000   1000   1004   1004   1004   1004   1008   1008   1008   1008   1012   1012   1012   1012
   m= 2:   2000   2000   2000   2000   2000   2000   2000   2000   2008   2008   2008   2008   2008   2008   2008   2008
   m= 3:   2992   2992   2992   2992   2992   2992   2992   2992   3008   3008   3008   3008   3008   3008   3008   3008
   m= 4:   4000   4000   4000   4000   4000   4000   4000   4000   4000   4000   4000   4000   4000   4000   4000   4000
   m= 5:   4992   4992   4992   4992   4992   4992   4992   4992   4992   4992   4992   4992   4992   4992   4992   4992
   m= 6:   5984   5984   5984   5984   5984   5984   5984   5984   5984   5984   5984   5984   5984   5984   5984   5984
   m= 7:   6976   6976   6976   6976   6976   6976   6976   6976   7008   7008   7008   7008   7008   7008   7008   7008
   m= 8:   8000   8000   8000   8000   8000   8000   8000   8000   8000   8000   8000   8000   8000   8000   8000   8000
   m= 9:   8960   8960   8960   8960   8960   8960   8960   8960   8960   8960   8960   8960   8960   8960   8960   8960
   m=10:   9984   9984   9984   9984   9984   9984   9984   9984   9984   9984   9984   9984   9984   9984   9984   9984
   m=11:  10944  10944  10944  10944  10944  10944  10944  10944  11008  11008  11008  11008  11008  11008  11008  11008
   m=12:  11968  11968  11968  11968  11968  11968  11968  11968  11968  11968  11968  11968  11968  11968  11968  11968
   m=13:  12992  12992  12992  12992  12992  12992  12992  12992  12992  12992  12992  12992  12992  12992  12992  12992
   m=14:  13952  13952  13952  13952  13952  13952  13952  13952  13952  13952  13952  13952  13952  13952  13952  13952
   m=15:  14976  14976  14976  14976  14976  14976  14976  14976  14976  14976  14976  14976  14976  14976  14976  14976
   正确映射(i=n,j=m)命中 1/512, 非零 511/512

[conf 6] dst 4 (2,1,2,4,T0)
   m= 0:      0      1      2      3      4      5      6      7      8      9     10     11     12     13     14     15
   m= 1:   1000   1000   1000   1000   1004   1004   1004   1004   1008   1008   1008   1008   1012   1012   1012   1012
   m= 2:   2000   2000   2000   2000   2000   2000   2000   2000   2008   2008   2008   2008   2008   2008   2008   2008
   m= 3:   2992   2992   2992   2992   2992   2992   2992   2992   3008   3008   3008   3008   3008   3008   3008   3008
   m= 4:   4000   4000   4000   4000   4000   4000   4000   4000   4000   4000   4000   4000   4000   4000   4000   4000
   m= 5:   4992   4992   4992   4992   4992   4992   4992   4992   4992   4992   4992   4992   4992   4992   4992   4992
   m= 6:   5984   5984   5984   5984   5984   5984   5984   5984   5984   5984   5984   5984   5984   5984   5984   5984
   m= 7:   6976   6976   6976   6976   6976   6976   6976   6976   7008   7008   7008   7008   7008   7008   7008   7008
   m= 8:   8000   8000   8000   8000   8000   8000   8000   8000   8000   8000   8000   8000   8000   8000   8000   8000
   m= 9:   8960   8960   8960   8960   8960   8960   8960   8960   8960   8960   8960   8960   8960   8960   8960   8960
   m=10:   9984   9984   9984   9984   9984   9984   9984   9984   9984   9984   9984   9984   9984   9984   9984   9984
   m=11:  10944  10944  10944  10944  10944  10944  10944  10944  11008  11008  11008  11008  11008  11008  11008  11008
   m=12:  11968  11968  11968  11968  11968  11968  11968  11968  11968  11968  11968  11968  11968  11968  11968  11968
   m=13:  12992  12992  12992  12992  12992  12992  12992  12992  12992  12992  12992  12992  12992  12992  12992  12992
   m=14:  13952  13952  13952  13952  13952  13952  13952  13952  13952  13952  13952  13952  13952  13952  13952  13952
   m=15:  14976  14976  14976  14976  14976  14976  14976  14976  14976  14976  14976  14976  14976  14976  14976  14976
   正确映射(i=n,j=m)命中 1/512, 非零 511/512

[conf 7] T=1  (2,1,2,2,T1)
   m= 0:      0      1      2      3      4      5      6      7      8      9     10     11     12     13     14     15
   m= 1:   1000   1000   1000   1000   1004   1004   1004   1004   1008   1008   1008   1008   1012   1012   1012   1012
   m= 2:   2000   2000   2000   2000   2000   2000   2000   2000   2008   2008   2008   2008   2008   2008   2008   2008
   m= 3:   2992   2992   2992   2992   2992   2992   2992   2992   3008   3008   3008   3008   3008   3008   3008   3008
   m= 4:   4000   4000   4000   4000   4000   4000   4000   4000   4000   4000   4000   4000   4000   4000   4000   4000
   m= 5:   4992   4992   4992   4992   4992   4992   4992   4992   4992   4992   4992   4992   4992   4992   4992   4992
   m= 6:   5984   5984   5984   5984   5984   5984   5984   5984   5984   5984   5984   5984   5984   5984   5984   5984
   m= 7:   6976   6976   6976   6976   6976   6976   6976   6976   7008   7008   7008   7008   7008   7008   7008   7008
   m= 8:   8000   8000   8000   8000   8000   8000   8000   8000   8000   8000   8000   8000   8000   8000   8000   8000
   m= 9:   8960   8960   8960   8960   8960   8960   8960   8960   8960   8960   8960   8960   8960   8960   8960   8960
   m=10:   9984   9984   9984   9984   9984   9984   9984   9984   9984   9984   9984   9984   9984   9984   9984   9984
   m=11:  10944  10944  10944  10944  10944  10944  10944  10944  11008  11008  11008  11008  11008  11008  11008  11008
   m=12:  11968  11968  11968  11968  11968  11968  11968  11968  11968  11968  11968  11968  11968  11968  11968  11968
   m=13:  12992  12992  12992  12992  12992  12992  12992  12992  12992  12992  12992  12992  12992  12992  12992  12992
   m=14:  13952  13952  13952  13952  13952  13952  13952  13952  13952  13952  13952  13952  13952  13952  13952  13952
   m=15:  14976  14976  14976  14976  14976  14976  14976  14976  14976  14976  14976  14976  14976  14976  14976  14976
   正确映射(i=n,j=m)命中 1/512, 非零 511/512

[conf 8] off=16 (2,1,2,2,T0,off16)
   m= 0:      0      1      2      3      4      5      6      7      8      9     10     11     12     13     14     15
   m= 1:   1000   1000   1000   1000   1004   1004   1004   1004   1008   1008   1008   1008   1012   1012   1012   1012
   m= 2:   2000   2000   2000   2000   2000   2000   2000   2000   2008   2008   2008   2008   2008   2008   2008   2008
   m= 3:   2992   2992   2992   2992   2992   2992   2992   2992   3008   3008   3008   3008   3008   3008   3008   3008
   m= 4:   4000   4000   4000   4000   4000   4000   4000   4000   4000   4000   4000   4000   4000   4000   4000   4000
   m= 5:   4992   4992   4992   4992   4992   4992   4992   4992   4992   4992   4992   4992   4992   4992   4992   4992
   m= 6:   5984   5984   5984   5984   5984   5984   5984   5984   5984   5984   5984   5984   5984   5984   5984   5984
   m= 7:   6976   6976   6976   6976   6976   6976   6976   6976   7008   7008   7008   7008   7008   7008   7008   7008
   m= 8:   8000   8000   8000   8000   8000   8000   8000   8000   8000   8000   8000   8000   8000   8000   8000   8000
   m= 9:   8960   8960   8960   8960   8960   8960   8960   8960   8960   8960   8960   8960   8960   8960   8960   8960
   m=10:   9984   9984   9984   9984   9984   9984   9984   9984   9984   9984   9984   9984   9984   9984   9984   9984
   m=11:  10944  10944  10944  10944  10944  10944  10944  10944  11008  11008  11008  11008  11008  11008  11008  11008
   m=12:  11968  11968  11968  11968  11968  11968  11968  11968  11968  11968  11968  11968  11968  11968  11968  11968
   m=13:  12992  12992  12992  12992  12992  12992  12992  12992  12992  12992  12992  12992  12992  12992  12992  12992
   m=14:  13952  13952  13952  13952  13952  13952  13952  13952  13952  13952  13952  13952  13952  13952  13952  13952
   m=15:  14976  14976  14976  14976  14976  14976  14976  14976  14976  14976  14976  14976  14976  14976  14976  14976
   正确映射(i=n,j=m)命中 1/512, 非零 511/512

[conf 9] m0 同款(1,1,1,1,T1)
   m= 0:      0      1      2      3      4      5      6      7      8      9     10     11     12     13     14     15
   m= 1:   1000   1000   1000   1000   1004   1004   1004   1004   1008   1008   1008   1008   1012   1012   1012   1012
   m= 2:   2000   2000   2000   2000   2000   2000   2000   2000   2008   2008   2008   2008   2008   2008   2008   2008
   m= 3:   2992   2992   2992   2992   2992   2992   2992   2992   3008   3008   3008   3008   3008   3008   3008   3008
   m= 4:   4000   4000   4000   4000   4000   4000   4000   4000   4000   4000   4000   4000   4000   4000   4000   4000
   m= 5:   4992   4992   4992   4992   4992   4992   4992   4992   4992   4992   4992   4992   4992   4992   4992   4992
   m= 6:   5984   5984   5984   5984   5984   5984   5984   5984   5984   5984   5984   5984   5984   5984   5984   5984
   m= 7:   6976   6976   6976   6976   6976   6976   6976   6976   7008   7008   7008   7008   7008   7008   7008   7008
   m= 8:   8000   8000   8000   8000   8000   8000   8000   8000   8000   8000   8000   8000   8000   8000   8000   8000
   m= 9:   8960   8960   8960   8960   8960   8960   8960   8960   8960   8960   8960   8960   8960   8960   8960   8960
   m=10:   9984   9984   9984   9984   9984   9984   9984   9984   9984   9984   9984   9984   9984   9984   9984   9984
   m=11:  10944  10944  10944  10944  10944  10944  10944  10944  11008  11008  11008  11008  11008  11008  11008  11008
   m=12:  11968  11968  11968  11968  11968  11968  11968  11968  11968  11968  11968  11968  11968  11968  11968  11968
   m=13:  12992  12992  12992  12992  12992  12992  12992  12992  12992  12992  12992  12992  12992  12992  12992  12992
   m=14:  13952  13952  13952  13952  13952  13952  13952  13952  13952  13952  13952  13952  13952  13952  13952  13952
   m=15:  14976  14976  14976  14976  14976  14976  14976  14976  14976  14976  14976  14976  14976  14976  14976  14976
   正确映射(i=n,j=m)命中 1/512, 非零 511/512
