# m10_mmadprobe —— 507015 已修（L0B footprint）+ 本轮辨别力分布与块对角 A 诊断（结论：探针 B 操作数映射错 ⇒ 给不出标定）
# 复现：./m10_mmadprobe       （A=全 1，看"列被丢/被重复"）
#       ./m10_mmadprobe 1     （A=块对角，C[m][0] 直接读出 mmad 实际用的 k 块映射）

=========== ./m10_mmadprobe（A=全 1）===========
[MMADPROBE] A=全1, B 分布 × k：设备 L0C vs fp64 参考（A/B 均为 bf16 精确值，参考无舍入）
  说明：行和 C[0][n] = Σ_k B[n][k]，对 k 轴置换不变 ⇒ 只有"某列被丢/被重复"才能改变行和。
dist           k    dev C[0][0]    ref C[0][0]       absErr err/ulp尺度 dev C[0][1] dev C[1][0]
e0 ones      256            256            256    0.000e+00    0.000e+00        256        256  (C[0][0] bits 0x43800000)
e1 cell00    256              0              1    1.000e+00    4.295e+09          0          0  (C[0][0] bits 0x00000000)
e2 cell0128   256              2              1    1.000e+00    4.295e+09          0          2  (C[0][0] bits 0x40000000)
e3 col_k0    256              0              1    1.000e+00    4.295e+09          0          0  (C[0][0] bits 0x00000000)
e4 blksig    256        64.7461        255.996    1.912e+02    3.209e+09      64.75      64.75  (C[0][0] bits 0x42817e00)
e5 ch0       256             96            128    3.200e+01    1.074e+09         96         96  (C[0][0] bits 0x42c00000)
e6 ch1       256            160            128    3.200e+01    1.074e+09        160        160  (C[0][0] bits 0x43200000)
e7 absorb    256    1.52588e-05          32768    3.277e+04    4.295e+09  1.526e-05  1.526e-05  (C[0][0] bits 0x37800000)
e8 incr      256        256.875        256.875    0.000e+00    0.000e+00      256.9      256.9  (C[0][0] bits 0x43807000)
e9 rand      256        9.41106        7.68541    1.726e+00    5.994e+07     -11.61      9.411  (C[0][0] bits 0x411693b0)

=========== ./m10_mmadprobe 1（块对角 A 诊断）===========
[MMADPROBE] A=全1, B 分布 × k：设备 L0C vs fp64 参考（A/B 均为 bf16 精确值，参考无舍入）
  说明：行和 C[0][n] = Σ_k B[n][k]，对 k 轴置换不变 ⇒ 只有"某列被丢/被重复"才能改变行和。
dist           k    dev C[0][0]    ref C[0][0]       absErr err/ulp尺度 dev C[0][1] dev C[1][0]
e0 ones      256             16             16    0.000e+00    0.000e+00         16         16  (C[0][0] bits 0x41800000)
e1 cell00    256              0              1    1.000e+00    4.295e+09          0          0  (C[0][0] bits 0x00000000)
e2 cell0128   256              1              0    1.000e+00    1.678e+37          0          0  (C[0][0] bits 0x3f800000)
e3 col_k0    256              0              1    1.000e+00    4.295e+09          0          0  (C[0][0] bits 0x00000000)
e4 blksig    256            0.5            128    1.275e+02    4.278e+09        0.5       0.25  (C[0][0] bits 0x3f000000)
e5 ch0       256              0             16    1.600e+01    4.295e+09          0          0  (C[0][0] bits 0x00000000)
e6 ch1       256             16              0    1.600e+01    2.684e+38         16         16  (C[0][0] bits 0x41800000)
e7 absorb    256    9.53674e-07          32768    3.277e+04    4.295e+09  9.537e-07  9.537e-07  (C[0][0] bits 0x35800000)
e8 incr      256        16.0547        16.0547    0.000e+00    0.000e+00      16.05      16.05  (C[0][0] bits 0x41807000)
e9 rand      256       -1.05493       -2.53369    1.479e+00    7.430e+08     0.5015      3.211  (C[0][0] bits 0xbf870800)
[MMADPROBE][diag] e4 块签名的 C[m][0]（正确 = 128,64,32,...,2^-8）:
  0.5, 0.25, 32, 16, 8, 4, 2, 1, 0.5, 0.25, 0.125, 0.0625, 0.03125, 0.015625, 0.0078125, 0.00390625
