| npu-smi 25.7.rc1.6                               Version: 25.7.rc1.6                            |
+--------+------------------+---------------+-----------------------------------------------------+
| NPU ID | Name             | Health        | Power(W)    Temp(C)           Hugepages-Usage(page) |
|        |                  | Bus-Id        | NPU Util(%) Memory-Usage(MB)  HBM-Usage(MB)         |
+========+==================+===============+=====================================================+
| 0      | Ascend950PR      | OK            | 209.4       73                0     / 0             |
|        |                  | 0000:61:00.0  | 0           0    / 0          5247  / 131072        |
+========+==================+===============+=====================================================+
+---------------------------+---------------+-----------------------------------------------------+
| NPU ID                    | Process id    | Process name             | Process memory(MB)       |
+===========================+===============+=====================================================+
[M24] mix(1,2) launch: nblk(AIC)=28 → AIV=56；chunk=128 行 = 2 个 m-tile（64 行）
[M24] 形状：HIDDEN=2560 NH=24 HD=256 NKV=2 IDX_NH=4 IDX_D=128 ROT=64 | item 维=56 | GEMM 项=218（2 m-tile × 109 N 块）
[M24] cache：主 KV 层 stride=8421376、压缩层 stride=263168、环层 stride=1120、packed 行=8208 B
[M24] 夹具：x 4099 行 × 2560 bf16、权重平面 71435776 B（8 role）、cos/sin 4097 行、packed seed 16416 B
[M24] M24_ONLY=m2（只跑名字里含该串的案例；诊断用）

[M24] ==== 案例 m2（rows=2 @0, chunk=2 × 1, mut=0x0, acMode=0, 逐 chunk 发射）====
[M24]   (quiet)                          T3 越界 1/256
[M24]   Pf.in.kv.c0                      K 槽不符 1、V 槽不符 0（共 2 行）
[M24]   (quiet)                          T3 越界 1/256
[M24]   Ac.mkv.c0                        K 槽 T3 越界 1、V 槽逐字节不符 0（共 2 行 × 2 head）
[M24]   Pf.out.gate.r0.c0                字节差异 1/12288
[M24]   Pf.out.q.r1.c0                   T3 越界 11/6144
[M24]   Pf.out.gate.r1.c0                字节差异 1/12288
[M24]   Pf.out.qidx.r1.c0                T3 越界 1/512
[M24]   (quiet)                          T3 越界 1/256
[M24]   Ac.mkv.final K 槽 T3 越界 1、V 槽逐字节不符 0（2 行 × 2 head）
[M24]   m2：checks=23 fails=7 guards=0(guardFails=0)
[M24]   失败判据（前若干个）： Pf.in.kv.c0 Ac.mkv.c0 Pf.out.gate.r0.c0 Pf.out.q.r1.c0 Pf.out.gate.r1.c0 Pf.out.qidx.r1.c0 …

[M24] ===== FAILURES PRESENT =====
