### basic_mmad_k0_ssbuf  timeout=120s  at=2026-10-04T08:49:23+00:00
### cmd: /workspace/ascend_mega_kernel/.tower/worktrees/wt-121/probe_ub2l1/build/probe_ub2l1_ssbuf basic-mmad 0 /workspace/ascend_mega_kernel/.tower/worktrees/wt-121/probe_ub2l1/evidence/dumps/basic_mmad_ssbuf
### 进锁后 npu-smi 复查：
+-------------------------------------------------------------------------------------------------+
| npu-smi 25.7.rc1.10                              Version: 25.7.rc1.10                           |
+--------+------------------+---------------+-----------------------------------------------------+
| NPU ID | Name             | Health        | Power(W)    Temp(C)           Hugepages-Usage(page) |
|        |                  | Bus-Id        | NPU Util(%) Memory-Usage(MB)  HBM-Usage(MB)         |
+========+==================+===============+=====================================================+
| 0      | Ascend950PR      | OK            | 197.4       59                0     / 0             |
|        |                  | 0000:61:00.0  | 0           0    / 0          5242  / 131072        |
+========+==================+===============+=====================================================+
+---------------------------+---------------+-----------------------------------------------------+
| NPU ID                    | Process id    | Process name             | Process memory(MB)       |
+===========================+===============+=====================================================+
| No running processes found in NPU 0                                                             |
+===========================+===============+=====================================================+
### 命令输出：
__SLOT_ENTERED_basic_mmad_k0_ssbuf_149977
[PUB2L1] mode=basic-mmad kill=0(full(official: block+intra)) bytes=65536 reps=200 opt=0
[PUB2L1] build=WITH -DENABLE_CV_COMM_VIA_SSBUF=true
[PUB2L1] tf=Oct  4 2026
[PUB2L1] synchronize ret=0 (0=正常返回) hostWall=2.724 ms
[PUB2L1][MMAD] M=32 N=48 K=64 elems=1536
[PUB2L1][MMAD] maxAbs=6.183982e-07 meanAbs=7.704330e-08 maxRel=2.259530e-05 exact_vs_fp64=944/1536
[PUB2L1][MMAD] absErr p50=5.308539e-08 p90=1.788139e-07 p99=3.455207e-07 p100=6.183982e-07
[PUB2L1][MMAD] 绝对误差分桶(每桶计数): [0e+00,1e-06)=1536 [1e-06,1e-05)=0 [1e-05,1e-04)=0 [1e-04,1e-03)=0 [1e-03,1e+30)=0 
[PUB2L1][MMAD] C[0][0] dev=2.79527545 ref_fp64=2.7952754
[PUB2L1][MMAD] C[1][1] dev=2.57801533 ref_fp64=2.5780154
[PUB2L1] dumped /workspace/ascend_mega_kernel/.tower/worktrees/wt-121/probe_ub2l1/evidence/dumps/basic_mmad_ssbuf/a.bin (4096 bytes)
[PUB2L1] dumped /workspace/ascend_mega_kernel/.tower/worktrees/wt-121/probe_ub2l1/evidence/dumps/basic_mmad_ssbuf/b.bin (6144 bytes)
[PUB2L1] dumped /workspace/ascend_mega_kernel/.tower/worktrees/wt-121/probe_ub2l1/evidence/dumps/basic_mmad_ssbuf/c.bin (6144 bytes)
[PUB2L1][MMAD] FINITE_AND_MATCHED=yes
### 跑后 npu-smi（并发背景）：
+-------------------------------------------------------------------------------------------------+
| npu-smi 25.7.rc1.10                              Version: 25.7.rc1.10                           |
+--------+------------------+---------------+-----------------------------------------------------+
| NPU ID | Name             | Health        | Power(W)    Temp(C)           Hugepages-Usage(page) |
|        |                  | Bus-Id        | NPU Util(%) Memory-Usage(MB)  HBM-Usage(MB)         |
+========+==================+===============+=====================================================+
| 0      | Ascend950PR      | OK            | 197.4       60                0     / 0             |
|        |                  | 0000:61:00.0  | 0           0    / 0          5242  / 131072        |
+========+==================+===============+=====================================================+
+---------------------------+---------------+-----------------------------------------------------+
| NPU ID                    | Process id    | Process name             | Process memory(MB)       |
+===========================+===============+=====================================================+
| No running processes found in NPU 0                                                             |
+===========================+===============+=====================================================+
### rc=0
