### basic_bw_64k_300_ssbuf  timeout=120s  at=2026-10-04T08:39:37+00:00
### cmd: /workspace/ascend_mega_kernel/.tower/worktrees/wt-121/probe_ub2l1/build/probe_ub2l1_ssbuf basic-bw 65536 300
### 进锁后 npu-smi 复查：
+-------------------------------------------------------------------------------------------------+
| npu-smi 25.7.rc1.10                              Version: 25.7.rc1.10                           |
+--------+------------------+---------------+-----------------------------------------------------+
| NPU ID | Name             | Health        | Power(W)    Temp(C)           Hugepages-Usage(page) |
|        |                  | Bus-Id        | NPU Util(%) Memory-Usage(MB)  HBM-Usage(MB)         |
+========+==================+===============+=====================================================+
| 0      | Ascend950PR      | OK            | 265.5       64                0     / 0             |
|        |                  | 0000:61:00.0  | 0           0    / 0          5265  / 131072        |
+========+==================+===============+=====================================================+
+---------------------------+---------------+-----------------------------------------------------+
| NPU ID                    | Process id    | Process name             | Process memory(MB)       |
+===========================+===============+=====================================================+
| No running processes found in NPU 0                                                             |
+===========================+===============+=====================================================+
### 命令输出：
__SLOT_ENTERED_basic_bw_64k_300_ssbuf_124861
[PUB2L1] mode=basic-bw kill=65536(?) bytes=65536 reps=300 opt=0
[PUB2L1] build=WITH -DENABLE_CV_COMM_VIA_SSBUF=true
[PUB2L1] tf=Oct  4 2026
[PUB2L1] synchronize ret=0 (0=正常返回) hostWall=0.484 ms
[PUB2L1][BW] bytes/iter=65536 slots=4 reps=300 cycles=85024 us=85.024
[PUB2L1][BW] MOVED_BYTES=19660800 TIME_US=85.024 GBps=231.2382 (GB/s = 1e-3 * bytes/us)
[PUB2L1][BW] SELFCHECK hostWall=0.484 ms ; device_us=85.024 ; (hostWall-device_us/1000)=0.399 ms
### 跑后 npu-smi（并发背景）：
+-------------------------------------------------------------------------------------------------+
| npu-smi 25.7.rc1.10                              Version: 25.7.rc1.10                           |
+--------+------------------+---------------+-----------------------------------------------------+
| NPU ID | Name             | Health        | Power(W)    Temp(C)           Hugepages-Usage(page) |
|        |                  | Bus-Id        | NPU Util(%) Memory-Usage(MB)  HBM-Usage(MB)         |
+========+==================+===============+=====================================================+
| 0      | Ascend950PR      | OK            | 266.1       64                0     / 0             |
|        |                  | 0000:61:00.0  | 0           0    / 0          5265  / 131072        |
+========+==================+===============+=====================================================+
+---------------------------+---------------+-----------------------------------------------------+
| NPU ID                    | Process id    | Process name             | Process memory(MB)       |
+===========================+===============+=====================================================+
| No running processes found in NPU 0                                                             |
+===========================+===============+=====================================================+
### rc=0
