### basic_mmad_k1_r2  timeout=90s  at=2026-10-04T08:29:35+00:00
### cmd: /workspace/ascend_mega_kernel/.tower/worktrees/wt-121/probe_ub2l1/build/probe_ub2l1 basic-mmad 1
### 进锁后 npu-smi 复查：
+-------------------------------------------------------------------------------------------------+
| npu-smi 25.7.rc1.10                              Version: 25.7.rc1.10                           |
+--------+------------------+---------------+-----------------------------------------------------+
| NPU ID | Name             | Health        | Power(W)    Temp(C)           Hugepages-Usage(page) |
|        |                  | Bus-Id        | NPU Util(%) Memory-Usage(MB)  HBM-Usage(MB)         |
+========+==================+===============+=====================================================+
| 0      | Ascend950PR      | OK            | 203.7       67                0     / 0             |
|        |                  | 0000:61:00.0  | 0           0    / 0          5240  / 131072        |
+========+==================+===============+=====================================================+
+---------------------------+---------------+-----------------------------------------------------+
| NPU ID                    | Process id    | Process name             | Process memory(MB)       |
+===========================+===============+=====================================================+
| 0                         | 98985         | m15_layer_loop           | 0                       |
+===========================+===============+=====================================================+
### 命令输出：
__SLOT_ENTERED_basic_mmad_k1_r2_99109
[PUB2L1] mode=basic-mmad kill=1(no-wait(AIC 两侧 wait 全去掉)) bytes=65536 reps=200 opt=0
[PUB2L1] build=default (no ENABLE_CV_COMM_VIA_SSBUF)
[PUB2L1] tf=Oct  4 2026
[PUB2L1] synchronize ret=0 (0=正常返回) hostWall=6.382 ms
[PUB2L1][MMAD] M=32 N=48 K=64 elems=1536
[PUB2L1][MMAD] maxAbs=2.110441e+02 meanAbs=1.881012e+00 maxRel=1.925130e+03 exact_vs_fp64=879/1536
[PUB2L1][MMAD] absErr p50=5.960464e-08 p90=2.384186e-07 p99=5.486111e+01 p100=2.110441e+02
[PUB2L1][MMAD] 绝对误差分桶(每桶计数): [0e+00,1e-06)=1440 [1e-06,1e-05)=0 [1e-05,1e-04)=0 [1e-04,1e-03)=0 [1e-03,1e+30)=96 
[PUB2L1][MMAD] C[0][0] dev=1.56888223 ref_fp64=2.7952754
[PUB2L1][MMAD] C[1][1] dev=28.9839725 ref_fp64=2.5780154
[PUB2L1][MMAD] FINITE_AND_MATCHED=no
### 跑后 npu-smi（并发背景）：
+-------------------------------------------------------------------------------------------------+
| npu-smi 25.7.rc1.10                              Version: 25.7.rc1.10                           |
+--------+------------------+---------------+-----------------------------------------------------+
| NPU ID | Name             | Health        | Power(W)    Temp(C)           Hugepages-Usage(page) |
|        |                  | Bus-Id        | NPU Util(%) Memory-Usage(MB)  HBM-Usage(MB)         |
+========+==================+===============+=====================================================+
| 0      | Ascend950PR      | OK            | 202.5       66                0     / 0             |
|        |                  | 0000:61:00.0  | 0           0    / 0          5241  / 131072        |
+========+==================+===============+=====================================================+
+---------------------------+---------------+-----------------------------------------------------+
| NPU ID                    | Process id    | Process name             | Process memory(MB)       |
+===========================+===============+=====================================================+
| No running processes found in NPU 0                                                             |
+===========================+===============+=====================================================+
### rc=1
