### basic_mmad_k1_r1  timeout=90s  at=2026-10-04T08:28:53+00:00
### cmd: /workspace/ascend_mega_kernel/.tower/worktrees/wt-121/probe_ub2l1/build/probe_ub2l1 basic-mmad 1
### 进锁后 npu-smi 复查：
+-------------------------------------------------------------------------------------------------+
| npu-smi 25.7.rc1.10                              Version: 25.7.rc1.10                           |
+--------+------------------+---------------+-----------------------------------------------------+
| NPU ID | Name             | Health        | Power(W)    Temp(C)           Hugepages-Usage(page) |
|        |                  | Bus-Id        | NPU Util(%) Memory-Usage(MB)  HBM-Usage(MB)         |
+========+==================+===============+=====================================================+
| 0      | Ascend950PR      | OK            | 206.2       69                0     / 0             |
|        |                  | 0000:61:00.0  | 0           0    / 0          5241  / 131072        |
+========+==================+===============+=====================================================+
+---------------------------+---------------+-----------------------------------------------------+
| NPU ID                    | Process id    | Process name             | Process memory(MB)       |
+===========================+===============+=====================================================+
| No running processes found in NPU 0                                                             |
+===========================+===============+=====================================================+
### 命令输出：
__SLOT_ENTERED_basic_mmad_k1_r1_96148
[PUB2L1] mode=basic-mmad kill=1(no-wait(AIC 两侧 wait 全去掉)) bytes=65536 reps=200 opt=0
[PUB2L1] build=default (no ENABLE_CV_COMM_VIA_SSBUF)
[PUB2L1] tf=Oct  4 2026
[PUB2L1] synchronize ret=0 (0=正常返回) hostWall=0.445 ms
[PUB2L1][MMAD] M=32 N=48 K=64 elems=1536
[PUB2L1][MMAD] maxAbs=6.500610e+05 meanAbs=1.517810e+03 maxRel=1.492564e+07 exact_vs_fp64=0/1536
[PUB2L1][MMAD] absErr p50=1.891994e+00 p90=4.949200e+00 p99=4.685189e+03 p100=6.500610e+05
[PUB2L1][MMAD] 绝对误差分桶(每桶计数): [0e+00,1e-06)=0 [1e-06,1e-05)=0 [1e-05,1e-04)=0 [1e-04,1e-03)=1 [1e-03,1e+30)=1535 
[PUB2L1][MMAD] C[0][0] dev=-12853.3281 ref_fp64=2.7952754
[PUB2L1][MMAD] C[1][1] dev=-31.609726 ref_fp64=2.5780154
[PUB2L1][MMAD] FINITE_AND_MATCHED=no
### 跑后 npu-smi（并发背景）：
+-------------------------------------------------------------------------------------------------+
| npu-smi 25.7.rc1.10                              Version: 25.7.rc1.10                           |
+--------+------------------+---------------+-----------------------------------------------------+
| NPU ID | Name             | Health        | Power(W)    Temp(C)           Hugepages-Usage(page) |
|        |                  | Bus-Id        | NPU Util(%) Memory-Usage(MB)  HBM-Usage(MB)         |
+========+==================+===============+=====================================================+
| 0      | Ascend950PR      | OK            | 203.6       67                0     / 0             |
|        |                  | 0000:61:00.0  | 0           0    / 0          5240  / 131072        |
+========+==================+===============+=====================================================+
+---------------------------+---------------+-----------------------------------------------------+
| NPU ID                    | Process id    | Process name             | Process memory(MB)       |
+===========================+===============+=====================================================+
| No running processes found in NPU 0                                                             |
+===========================+===============+=====================================================+
### rc=1
