### capi_step5  timeout=40s  at=2026-10-04T08:16:26+00:00
### cmd: /workspace/ascend_mega_kernel/.tower/worktrees/wt-121/probe_ub2l1/build/probe_ub2l1 capi-step 5
### 进锁后 npu-smi 复查：
+-------------------------------------------------------------------------------------------------+
| npu-smi 25.7.rc1.10                              Version: 25.7.rc1.10                           |
+--------+------------------+---------------+-----------------------------------------------------+
| NPU ID | Name             | Health        | Power(W)    Temp(C)           Hugepages-Usage(page) |
|        |                  | Bus-Id        | NPU Util(%) Memory-Usage(MB)  HBM-Usage(MB)         |
+========+==================+===============+=====================================================+
| 0      | Ascend950PR      | OK            | 203.5       66                0     / 0             |
|        |                  | 0000:61:00.0  | 0           0    / 0          12056 / 131072        |
+========+==================+===============+=====================================================+
+---------------------------+---------------+-----------------------------------------------------+
| NPU ID                    | Process id    | Process name             | Process memory(MB)       |
+===========================+===============+=====================================================+
| 0                         | 66011         | m15_layer_loop           | 6867                    |
+===========================+===============+=====================================================+
### 命令输出：
[PUB2L1] mode=capi-step kill=5(half-arrive(只有生产者那一半 AIV 发 block_arrive)) bytes=65536 reps=200 opt=0
[PUB2L1] build=default (no ENABLE_CV_COMM_VIA_SSBUF)
[PUB2L1] tf=Oct  4 2026
[PUB2L1] synchronize ret=0 (0=正常返回) hostWall=1.908 ms
[PUB2L1][STEP] step=5 rc=0（未触发 aicore exception）; rtOut 前 256B 非零字节=255
[PUB2L1][STEP] VERDICT=NO_FAULT
### 跑后 npu-smi（并发背景）：
+-------------------------------------------------------------------------------------------------+
| npu-smi 25.7.rc1.10                              Version: 25.7.rc1.10                           |
+--------+------------------+---------------+-----------------------------------------------------+
| NPU ID | Name             | Health        | Power(W)    Temp(C)           Hugepages-Usage(page) |
|        |                  | Bus-Id        | NPU Util(%) Memory-Usage(MB)  HBM-Usage(MB)         |
+========+==================+===============+=====================================================+
| 0      | Ascend950PR      | OK            | 202.9       67                0     / 0             |
|        |                  | 0000:61:00.0  | 0           0    / 0          5239  / 131072        |
+========+==================+===============+=====================================================+
+---------------------------+---------------+-----------------------------------------------------+
| NPU ID                    | Process id    | Process name             | Process memory(MB)       |
+===========================+===============+=====================================================+
| No running processes found in NPU 0                                                             |
+===========================+===============+=====================================================+
### rc=0
