### capi_mmad_a_opt1  timeout=120s  at=2026-10-04T08:45:33+00:00
### cmd: build/probe_ub2l1 capi-mmad 0 evidence/dumps/capi_mmad 1
### 进锁后 npu-smi 复查：
+-------------------------------------------------------------------------------------------------+
| npu-smi 25.7.rc1.10                              Version: 25.7.rc1.10                           |
+--------+------------------+---------------+-----------------------------------------------------+
| NPU ID | Name             | Health        | Power(W)    Temp(C)           Hugepages-Usage(page) |
|        |                  | Bus-Id        | NPU Util(%) Memory-Usage(MB)  HBM-Usage(MB)         |
+========+==================+===============+=====================================================+
| 0      | Ascend950PR      | OK            | 197.7       59                0     / 0             |
|        |                  | 0000:61:00.0  | 0           0    / 0          5241  / 131072        |
+========+==================+===============+=====================================================+
+---------------------------+---------------+-----------------------------------------------------+
| NPU ID                    | Process id    | Process name             | Process memory(MB)       |
+===========================+===============+=====================================================+
| No running processes found in NPU 0                                                             |
+===========================+===============+=====================================================+
### 命令输出：
__SLOT_ENTERED_capi_mmad_a_opt1_141132
[PUB2L1] mode=capi-mmad kill=0(full(official: block+intra)) bytes=65536 reps=200 opt=1
[PUB2L1] build=default (no ENABLE_CV_COMM_VIA_SSBUF)
[PUB2L1] tf=Oct  4 2026
[PUB2L1] synchronize ret=0 (0=正常返回) hostWall=0.415 ms
[PUB2L1][MMAD] M=32 N=48 K=64 elems=1536
[PUB2L1][MMAD] maxAbs=1.135639e+01 meanAbs=2.443150e+00 maxRel=1.898382e+02 exact_vs_fp64=30/1536
[PUB2L1][MMAD] absErr p50=2.002088e+00 p90=5.245334e+00 p99=8.365459e+00 p100=1.135639e+01
[PUB2L1][MMAD] 绝对误差分桶(每桶计数): [0e+00,1e-06)=48 [1e-06,1e-05)=0 [1e-05,1e-04)=0 [1e-04,1e-03)=1 [1e-03,1e+30)=1487 
[PUB2L1][MMAD] C[0][0] dev=2.79527545 ref_fp64=2.7952754
[PUB2L1][MMAD] C[1][1] dev=0.423217893 ref_fp64=2.5780154
[PUB2L1] dumped evidence/dumps/capi_mmad/a.bin (4096 bytes)
[PUB2L1] dumped evidence/dumps/capi_mmad/b.bin (6144 bytes)
[PUB2L1] dumped evidence/dumps/capi_mmad/c.bin (6144 bytes)
[PUB2L1][MMAD] FINITE_AND_MATCHED=no
### 跑后 npu-smi（并发背景）：
+-------------------------------------------------------------------------------------------------+
| npu-smi 25.7.rc1.10                              Version: 25.7.rc1.10                           |
+--------+------------------+---------------+-----------------------------------------------------+
| NPU ID | Name             | Health        | Power(W)    Temp(C)           Hugepages-Usage(page) |
|        |                  | Bus-Id        | NPU Util(%) Memory-Usage(MB)  HBM-Usage(MB)         |
+========+==================+===============+=====================================================+
| 0      | Ascend950PR      | OK            | 197.7       60                0     / 0             |
|        |                  | 0000:61:00.0  | 0           0    / 0          5240  / 131072        |
+========+==================+===============+=====================================================+
+---------------------------+---------------+-----------------------------------------------------+
| NPU ID                    | Process id    | Process name             | Process memory(MB)       |
+===========================+===============+=====================================================+
| No running processes found in NPU 0                                                             |
+===========================+===============+=====================================================+
### rc=1
