### capi_rt_k1_nowait  timeout=90s  at=2026-10-04T08:48:40+00:00
### cmd: /workspace/ascend_mega_kernel/.tower/worktrees/wt-121/probe_ub2l1/build/probe_ub2l1 capi-rt 1
### 进锁后 npu-smi 复查：
+-------------------------------------------------------------------------------------------------+
| npu-smi 25.7.rc1.10                              Version: 25.7.rc1.10                           |
+--------+------------------+---------------+-----------------------------------------------------+
| NPU ID | Name             | Health        | Power(W)    Temp(C)           Hugepages-Usage(page) |
|        |                  | Bus-Id        | NPU Util(%) Memory-Usage(MB)  HBM-Usage(MB)         |
+========+==================+===============+=====================================================+
| 0      | Ascend950PR      | OK            | 197.1       59                0     / 0             |
|        |                  | 0000:61:00.0  | 0           0    / 0          5241  / 131072        |
+========+==================+===============+=====================================================+
+---------------------------+---------------+-----------------------------------------------------+
| NPU ID                    | Process id    | Process name             | Process memory(MB)       |
+===========================+===============+=====================================================+
| No running processes found in NPU 0                                                             |
+===========================+===============+=====================================================+
### 命令输出：
__SLOT_ENTERED_capi_rt_k1_nowait_149131
[PUB2L1] mode=capi-rt kill=1(no-wait(AIC 两侧 wait 全去掉)) bytes=65536 reps=200 opt=0
[PUB2L1] build=default (no ENABLE_CV_COMM_VIA_SSBUF)
[PUB2L1] tf=Oct  4 2026
[PUB2L1] synchronize ret=0 (0=正常返回) hostWall=1.892 ms
[PUB2L1][RT] bytes=8192 same=8192 diff=0 ; 前 4096B 与哨兵(aGm 前 4096B)相同字节=12
[PUB2L1][RT] VERDICT=BYTE_EXACT
### 跑后 npu-smi（并发背景）：
+-------------------------------------------------------------------------------------------------+
| npu-smi 25.7.rc1.10                              Version: 25.7.rc1.10                           |
+--------+------------------+---------------+-----------------------------------------------------+
| NPU ID | Name             | Health        | Power(W)    Temp(C)           Hugepages-Usage(page) |
|        |                  | Bus-Id        | NPU Util(%) Memory-Usage(MB)  HBM-Usage(MB)         |
+========+==================+===============+=====================================================+
| 0      | Ascend950PR      | OK            | 197.3       60                0     / 0             |
|        |                  | 0000:61:00.0  | 0           0    / 0          5241  / 131072        |
+========+==================+===============+=====================================================+
+---------------------------+---------------+-----------------------------------------------------+
| NPU ID                    | Process id    | Process name             | Process memory(MB)       |
+===========================+===============+=====================================================+
| No running processes found in NPU 0                                                             |
+===========================+===============+=====================================================+
### rc=0
