### capi_step9  timeout=60s  at=2026-10-04T09:10:33+00:00
### cmd: build/probe_ub2l1 capi-step 9
### 进锁后 npu-smi 复查：
+-------------------------------------------------------------------------------------------------+
| npu-smi 25.7.rc1.10                              Version: 25.7.rc1.10                           |
+--------+------------------+---------------+-----------------------------------------------------+
| NPU ID | Name             | Health        | Power(W)    Temp(C)           Hugepages-Usage(page) |
|        |                  | Bus-Id        | NPU Util(%) Memory-Usage(MB)  HBM-Usage(MB)         |
+========+==================+===============+=====================================================+
| 0      | Ascend950PR      | OK            | 196.7       58                0     / 0             |
|        |                  | 0000:61:00.0  | 0           0    / 0          5240  / 131072        |
+========+==================+===============+=====================================================+
+---------------------------+---------------+-----------------------------------------------------+
| NPU ID                    | Process id    | Process name             | Process memory(MB)       |
+===========================+===============+=====================================================+
| No running processes found in NPU 0                                                             |
+===========================+===============+=====================================================+
### 命令输出：
__SLOT_ENTERED_capi_step9_184637
[PUB2L1] mode=capi-step kill=9(?) bytes=65536 reps=200 opt=0
[PUB2L1] build=default (no ENABLE_CV_COMM_VIA_SSBUF)
[PUB2L1] tf=Oct  4 2026
[PUB2L1] synchronize ret=0 (0=正常返回) hostWall=1.948 ms
[PUB2L1][STEP] step=9 rc=0（未触发 aicore exception）; rtOut 前 256B 非零字节=255
[PUB2L1][STEP] VERDICT=NO_FAULT
### 跑后 npu-smi（并发背景）：
+-------------------------------------------------------------------------------------------------+
| npu-smi 25.7.rc1.10                              Version: 25.7.rc1.10                           |
+--------+------------------+---------------+-----------------------------------------------------+
| NPU ID | Name             | Health        | Power(W)    Temp(C)           Hugepages-Usage(page) |
|        |                  | Bus-Id        | NPU Util(%) Memory-Usage(MB)  HBM-Usage(MB)         |
+========+==================+===============+=====================================================+
| 0      | Ascend950PR      | OK            | 197.1       59                0     / 0             |
|        |                  | 0000:61:00.0  | 0           0    / 0          5241  / 131072        |
+========+==================+===============+=====================================================+
+---------------------------+---------------+-----------------------------------------------------+
| NPU ID                    | Process id    | Process name             | Process memory(MB)       |
+===========================+===============+=====================================================+
| No running processes found in NPU 0                                                             |
+===========================+===============+=====================================================+
### rc=0
