### check_ref.py capi_mmad
[J1] OK  a=4096 B  b=6144 B  c=6144 B
[J2] OK  c 全部有限（max=9.679 min=-11.3564）
[J3] 逐元素 |c-ref_fp64|： max=6.183982e-07 mean=0.000000e+00 p50=5.355105e-08 p90=1.788139e-07 p99=3.479421e-07
[J3] 逐元素相对误差（仅 |ref|>1e-3 的元素参与）： max=1.677297e-05 p50=3.327865e-08 p90=1.224063e-07
[J3] 与 fp64->fp32 舍入参考逐位相等元素：944/1536
[J3] 绝对误差分桶： [0e+00,1e-06)=1536  [1e-06,1e-05)=0  [1e-05,1e-04)=0  [1e-04,1e-03)=0  [1e-03,1e+30)=0
[J3] OK  max_abs < 1e-3
[J4] 跳过（没有往返 dump）

[PASS] 全部判据成立
rc=0
### check_ref.py capi_mmad_opt1（负向对照：预期 rc=1）
[J1] OK  a=4096 B  b=6144 B  c=6144 B
[J2] OK  c 全部有限（max=9.679 min=-6.94351）
[J3] 逐元素 |c-ref_fp64|： max=1.135639e+01 mean=0.000000e+00 p50=2.002216e+00 p90=5.247628e+00 p99=8.365460e+00
[J3] 逐元素相对误差（仅 |ref|>1e-3 的元素参与）： max=1.898382e+02 p50=1.000000e+00 p90=2.496876e+00
[J3] 与 fp64->fp32 舍入参考逐位相等元素：30/1536
[J3] 绝对误差分桶： [0e+00,1e-06)=48  [1e-06,1e-05)=0  [1e-05,1e-04)=0  [1e-04,1e-03)=1  [1e-03,1e+30)=1487
[J4] 跳过（没有往返 dump）

[FAIL] 不成立的判据：
   [J3] max_abs=1.135639e+01 >= 1e-3
rc=1
### check_ref.py capi_mmad_opt2
[J1] OK  a=4096 B  b=6144 B  c=6144 B
[J2] OK  c 全部有限（max=9.679 min=-11.3564）
[J3] 逐元素 |c-ref_fp64|： max=6.183982e-07 mean=0.000000e+00 p50=5.355105e-08 p90=1.788139e-07 p99=3.479421e-07
[J3] 逐元素相对误差（仅 |ref|>1e-3 的元素参与）： max=1.677297e-05 p50=3.327865e-08 p90=1.224063e-07
[J3] 与 fp64->fp32 舍入参考逐位相等元素：944/1536
[J3] 绝对误差分桶： [0e+00,1e-06)=1536  [1e-06,1e-05)=0  [1e-05,1e-04)=0  [1e-04,1e-03)=0  [1e-03,1e+30)=0
[J3] OK  max_abs < 1e-3
[J4] 跳过（没有往返 dump）

[PASS] 全部判据成立
rc=0
### check_ref.py basic_mmad_default
[J1] OK  a=4096 B  b=6144 B  c=6144 B
[J2] OK  c 全部有限（max=9.679 min=-11.3564）
[J3] 逐元素 |c-ref_fp64|： max=6.183982e-07 mean=0.000000e+00 p50=5.355105e-08 p90=1.788139e-07 p99=3.479421e-07
[J3] 逐元素相对误差（仅 |ref|>1e-3 的元素参与）： max=1.677297e-05 p50=3.327865e-08 p90=1.224063e-07
[J3] 与 fp64->fp32 舍入参考逐位相等元素：944/1536
[J3] 绝对误差分桶： [0e+00,1e-06)=1536  [1e-06,1e-05)=0  [1e-05,1e-04)=0  [1e-04,1e-03)=0  [1e-03,1e+30)=0
[J3] OK  max_abs < 1e-3
[J4] 跳过（没有往返 dump）

[PASS] 全部判据成立
rc=0
### check_ref.py basic_mmad_ssbuf
[J1] OK  a=4096 B  b=6144 B  c=6144 B
[J2] OK  c 全部有限（max=9.679 min=-11.3564）
[J3] 逐元素 |c-ref_fp64|： max=6.183982e-07 mean=0.000000e+00 p50=5.355105e-08 p90=1.788139e-07 p99=3.479421e-07
[J3] 逐元素相对误差（仅 |ref|>1e-3 的元素参与）： max=1.677297e-05 p50=3.327865e-08 p90=1.224063e-07
[J3] 与 fp64->fp32 舍入参考逐位相等元素：944/1536
[J3] 绝对误差分桶： [0e+00,1e-06)=1536  [1e-06,1e-05)=0  [1e-05,1e-04)=0  [1e-04,1e-03)=0  [1e-03,1e+30)=0
[J3] OK  max_abs < 1e-3
[J4] 跳过（没有往返 dump）

[PASS] 全部判据成立
rc=0
### check_ref.py capi_rt
[J4] 往返逐字节：same=8192 diff=0

[PASS] 全部判据成立（仅往返档）
rc=0
