== m33 档的分段链读数（工具：tools/localize_blk_deviation.py；不占设备）==
--- tag=a1
== 分段链定位（case=m33 tag=a1 m=33 mode=1；参考 = m20_hyperconn/check_ref.py）==
   ⚠ 本脚本只对小 m 档有效（m ≤ 64 ⇒ 块数 ≤ d_clobber）：段内中间量（xn/oh/ls/gate）是**瞬态**的，
     arena 里更早块的这些区会被更晚块的写覆盖（见段体头 PROLOGUE ③④）⇒ m ≥ 257 档的 arena 里已经不是它们的产物了（本脚本会给出 ~0 的逐位率，那是"数据早被覆盖"而不是"算错"）。
[loc] xn         n=337920   逐位=0.9999 良态逐位=1.0000 ulpMax(良态)=1   归一maxAbs=1.880e-03  最大差元素占比=0.0001
           舍入边距（0=在网格点上，1=恰好两值正中间）：差的元素 0.000 / 没差的元素 0.000
[loc] lora       n=10560    逐位=0.9960 良态逐位=0.9993 ulpMax(良态)=1   归一maxAbs=2.193e-03  最大差元素占比=0.0040
           舍入边距（0=在网格点上，1=恰好两值正中间）：差的元素 0.000 / 没差的元素 0.000
[loc] ls         n=10560    逐位=0.9965 良态逐位=0.9992 ulpMax(良态)=1   归一maxAbs=2.273e-03  最大差元素占比=0.0035
           舍入边距（0=在网格点上，1=恰好两值正中间）：差的元素 0.000 / 没差的元素 0.000
[loc] gate       —— **不可读**（d_clobber=1：它的区被下一块的 OH/LS 写覆盖；块内 dump 才能读，本 mission 未做）
[loc] blk        n=84480    逐位=0.9956 良态逐位=0.9995 ulpMax(良态)=1   归一maxAbs=7.440e-04  最大差元素占比=0.0044
           舍入边距（0=在网格点上，1=恰好两值正中间）：差的元素 0.000 / 没差的元素 0.000
[loc] 结论口径（不越界）：本工具能给的 = **`xn`/`lora`/`ls` 三个 stage 与参考的位级距离**；
      `blk` 的余差**没有**在本工具里定位到 stage（`gate` 不可读，见上）。
--- tag=a2
== 分段链定位（case=m33 tag=a2 m=33 mode=1；参考 = m20_hyperconn/check_ref.py）==
   ⚠ 本脚本只对小 m 档有效（m ≤ 64 ⇒ 块数 ≤ d_clobber）：段内中间量（xn/oh/ls/gate）是**瞬态**的，
     arena 里更早块的这些区会被更晚块的写覆盖（见段体头 PROLOGUE ③④）⇒ m ≥ 257 档的 arena 里已经不是它们的产物了（本脚本会给出 ~0 的逐位率，那是"数据早被覆盖"而不是"算错"）。
[loc] xn         n=337920   逐位=0.9999 良态逐位=1.0000 ulpMax(良态)=1   归一maxAbs=2.618e-03  最大差元素占比=0.0001
           舍入边距（0=在网格点上，1=恰好两值正中间）：差的元素 0.000 / 没差的元素 0.000
[loc] lora       n=10560    逐位=0.9959 良态逐位=0.9987 ulpMax(良态)=1   归一maxAbs=1.736e-03  最大差元素占比=0.0041
           舍入边距（0=在网格点上，1=恰好两值正中间）：差的元素 0.000 / 没差的元素 0.000
[loc] ls         n=10560    逐位=0.9957 良态逐位=0.9963 ulpMax(良态)=2   归一maxAbs=1.736e-03  最大差元素占比=0.0043
           舍入边距（0=在网格点上，1=恰好两值正中间）：差的元素 0.000 / 没差的元素 0.000
[loc] gate       —— **不可读**（d_clobber=1：它的区被下一块的 OH/LS 写覆盖；块内 dump 才能读，本 mission 未做）
[loc] blk        n=84480    逐位=0.9751 良态逐位=0.9883 ulpMax(良态)=4   归一maxAbs=2.488e-03  最大差元素占比=0.0249
           舍入边距（0=在网格点上，1=恰好两值正中间）：差的元素 0.000 / 没差的元素 0.000
[loc] 结论口径（不越界）：本工具能给的 = **`xn`/`lora`/`ls` 三个 stage 与参考的位级距离**；
      `blk` 的余差**没有**在本工具里定位到 stage（`gate` 不可读，见上）。
