== P2-3 的 ulp 可达性实验（零设备；工具 tools/ulp_envelope.py）==
   A = m20 的 fp64 参考；B = 同一批落盘点 + fp32 K-分块累加（任何按这批落盘点取整的实现的下界）；D = 设备

### case=m1 tag=a1
== ulp 可达性实验（零设备）：case=m1 tag=a1 m=1 mode=1；A=fp64 参考，B=同落盘点+fp32 累加 ==
[env] xn       逐位=1.0000 良态逐位=1.0000 ulpMax(良态)=0   良态里 ulp>2 的占比=0.0000 归一maxAbs=0.000e+00
[env] lora     逐位=1.0000 良态逐位=1.0000 ulpMax(良态)=0   良态里 ulp>2 的占比=0.0000 归一maxAbs=0.000e+00
[env] ls       逐位=1.0000 良态逐位=1.0000 ulpMax(良态)=0   良态里 ulp>2 的占比=0.0000 归一maxAbs=0.000e+00
[env] gate     逐位=1.0000 良态逐位=1.0000 ulpMax(良态)=0   良态里 ulp>2 的占比=0.0000 归一maxAbs=0.000e+00
[env] blk      逐位=1.0000 良态逐位=1.0000 ulpMax(良态)=0   良态里 ulp>2 的占比=0.0000 归一maxAbs=0.000e+00
[env] blk(D)   逐位=1.0000 良态逐位=1.0000 ulpMax(良态)=0   良态里 ulp>2 的占比=0.0000 归一maxAbs=0.000e+00
[env] 读法：把 `blk` 的 A-vs-B 读数与上面 `blk(D)` 那行并排看 —— 若两者同量级（ulpMax 同阶、良态逐位率同为 ~0.99），则「ulp ≤ 2」在这条链深 + 这批输入分布上不是「实现质量」的判据；若 B 明显更好，则该门限在此可达，余差不能归因于链深。

### case=m1 tag=a2
== ulp 可达性实验（零设备）：case=m1 tag=a2 m=1 mode=1；A=fp64 参考，B=同落盘点+fp32 累加 ==
[env] xn       逐位=0.9999 良态逐位=1.0000 ulpMax(良态)=0   良态里 ulp>2 的占比=0.0000 归一maxAbs=1.028e-05
[env] lora     逐位=1.0000 良态逐位=1.0000 ulpMax(良态)=0   良态里 ulp>2 的占比=0.0000 归一maxAbs=0.000e+00
[env] ls       逐位=1.0000 良态逐位=1.0000 ulpMax(良态)=0   良态里 ulp>2 的占比=0.0000 归一maxAbs=0.000e+00
[env] gate     逐位=0.9998 良态逐位=1.0000 ulpMax(良态)=0   良态里 ulp>2 的占比=0.0000 归一maxAbs=1.744e-07
[env] blk      逐位=1.0000 良态逐位=1.0000 ulpMax(良态)=0   良态里 ulp>2 的占比=0.0000 归一maxAbs=0.000e+00
[env] blk(D)   逐位=1.0000 良态逐位=1.0000 ulpMax(良态)=0   良态里 ulp>2 的占比=0.0000 归一maxAbs=0.000e+00
[env] 读法：把 `blk` 的 A-vs-B 读数与上面 `blk(D)` 那行并排看 —— 若两者同量级（ulpMax 同阶、良态逐位率同为 ~0.99），则「ulp ≤ 2」在这条链深 + 这批输入分布上不是「实现质量」的判据；若 B 明显更好，则该门限在此可达，余差不能归因于链深。

### case=m9 tag=a2
== ulp 可达性实验（零设备）：case=m9 tag=a2 m=9 mode=1；A=fp64 参考，B=同落盘点+fp32 累加 ==
[env] xn       逐位=0.9999 良态逐位=1.0000 ulpMax(良态)=0   良态里 ulp>2 的占比=0.0000 归一maxAbs=3.289e-04
[env] lora     逐位=0.9973 良态逐位=0.9987 ulpMax(良态)=1   良态里 ulp>2 的占比=0.0000 归一maxAbs=1.064e-03
[env] ls       逐位=0.9972 良态逐位=0.9990 ulpMax(良态)=1   良态里 ulp>2 的占比=0.0000 归一maxAbs=5.734e-04
[env] gate     逐位=0.9894 良态逐位=0.9977 ulpMax(良态)=1   良态里 ulp>2 的占比=0.0000 归一maxAbs=1.515e-03
[env] blk      逐位=0.9951 良态逐位=0.9971 ulpMax(良态)=1   良态里 ulp>2 的占比=0.0000 归一maxAbs=2.488e-03
[env] blk(D)   逐位=0.9842 良态逐位=0.9929 ulpMax(良态)=2   良态里 ulp>2 的占比=0.0000 归一maxAbs=2.488e-03
[env] 读法：把 `blk` 的 A-vs-B 读数与上面 `blk(D)` 那行并排看 —— 若两者同量级（ulpMax 同阶、良态逐位率同为 ~0.99），则「ulp ≤ 2」在这条链深 + 这批输入分布上不是「实现质量」的判据；若 B 明显更好，则该门限在此可达，余差不能归因于链深。

### case=m33 tag=a1
== ulp 可达性实验（零设备）：case=m33 tag=a1 m=33 mode=1；A=fp64 参考，B=同落盘点+fp32 累加 ==
[env] xn       逐位=0.9999 良态逐位=1.0000 ulpMax(良态)=0   良态里 ulp>2 的占比=0.0000 归一maxAbs=2.350e-04
[env] lora     逐位=0.9986 良态逐位=1.0000 ulpMax(良态)=0   良态里 ulp>2 的占比=0.0000 归一maxAbs=2.741e-04
[env] ls       逐位=0.9988 良态逐位=1.0000 ulpMax(良态)=0   良态里 ulp>2 的占比=0.0000 归一maxAbs=1.420e-04
[env] gate     逐位=0.9977 良态逐位=0.9999 ulpMax(良态)=1   良态里 ulp>2 的占比=0.0000 归一maxAbs=3.222e-04
[env] blk      逐位=0.9992 良态逐位=0.9998 ulpMax(良态)=1   良态里 ulp>2 的占比=0.0000 归一maxAbs=7.440e-04
[env] blk(D)   逐位=0.9956 良态逐位=0.9995 ulpMax(良态)=1   良态里 ulp>2 的占比=0.0000 归一maxAbs=7.440e-04
[env] 读法：把 `blk` 的 A-vs-B 读数与上面 `blk(D)` 那行并排看 —— 若两者同量级（ulpMax 同阶、良态逐位率同为 ~0.99），则「ulp ≤ 2」在这条链深 + 这批输入分布上不是「实现质量」的判据；若 B 明显更好，则该门限在此可达，余差不能归因于链深。

### case=m33 tag=a2
== ulp 可达性实验（零设备）：case=m33 tag=a2 m=33 mode=1；A=fp64 参考，B=同落盘点+fp32 累加 ==
[env] xn       逐位=0.9999 良态逐位=1.0000 ulpMax(良态)=1   良态里 ulp>2 的占比=0.0000 归一maxAbs=2.618e-03
[env] lora     逐位=0.9959 良态逐位=0.9987 ulpMax(良态)=1   良态里 ulp>2 的占比=0.0000 归一maxAbs=1.736e-03
[env] ls       逐位=0.9963 良态逐位=0.9983 ulpMax(良态)=2   良态里 ulp>2 的占比=0.0000 归一maxAbs=1.736e-03
[env] gate     逐位=0.9887 良态逐位=0.9968 ulpMax(良态)=1   良态里 ulp>2 的占比=0.0000 归一maxAbs=9.542e-04
[env] blk      逐位=0.9933 良态逐位=0.9969 ulpMax(良态)=4   良态里 ulp>2 的占比=0.0000 归一maxAbs=2.488e-03
[env] blk(D)   逐位=0.9751 良态逐位=0.9883 ulpMax(良态)=4   良态里 ulp>2 的占比=0.0001 归一maxAbs=2.488e-03
[env] 读法：把 `blk` 的 A-vs-B 读数与上面 `blk(D)` 那行并排看 —— 若两者同量级（ulpMax 同阶、良态逐位率同为 ~0.99），则「ulp ≤ 2」在这条链深 + 这批输入分布上不是「实现质量」的判据；若 B 明显更好，则该门限在此可达，余差不能归因于链深。

### case=m64 tag=a2
== ulp 可达性实验（零设备）：case=m64 tag=a2 m=64 mode=1；A=fp64 参考，B=同落盘点+fp32 累加 ==
[env] xn       逐位=0.9999 良态逐位=1.0000 ulpMax(良态)=1   良态里 ulp>2 的占比=0.0000 归一maxAbs=2.618e-03
[env] lora     逐位=0.9969 良态逐位=0.9992 ulpMax(良态)=1   良态里 ulp>2 的占比=0.0000 归一maxAbs=1.553e-03
[env] ls       逐位=0.9972 良态逐位=0.9992 ulpMax(良态)=1   良态里 ulp>2 的占比=0.0000 归一maxAbs=1.553e-03
[env] gate     逐位=0.9934 良态逐位=0.9982 ulpMax(良态)=1   良态里 ulp>2 的占比=0.0000 归一maxAbs=9.542e-04
[env] blk      逐位=0.9962 良态逐位=0.9983 ulpMax(良态)=4   良态里 ulp>2 的占比=0.0000 归一maxAbs=2.488e-03
[env] blk(D)   逐位=0.9798 良态逐位=0.9903 ulpMax(良态)=4   良态里 ulp>2 的占比=0.0000 归一maxAbs=2.488e-03
[env] 读法：把 `blk` 的 A-vs-B 读数与上面 `blk(D)` 那行并排看 —— 若两者同量级（ulpMax 同阶、良态逐位率同为 ~0.99），则「ulp ≤ 2」在这条链深 + 这批输入分布上不是「实现质量」的判据；若 B 明显更好，则该门限在此可达，余差不能归因于链深。

