PLEASE submit a bug report to https://github.com/llvm/llvm-project/issues/ and include the crash backtrace, preprocessed source, and associated run script.
Stack dump:
0.	Program arguments: /usr/local/Ascend/cann-9.1.0/tools/bisheng_compiler/bin/bisheng -cc1 -triple hiipu64-hisilicon-cce -I/usr/local/Ascend/cann-9.1.0/include -I/usr/local/Ascend/cann-9.1.0/asc -I/usr/local/Ascend/cann-9.1.0/asc/include -I/usr/local/Ascend/cann-9.1.0/asc/include/c_api -I/usr/local/Ascend/cann-9.1.0/asc/include/basic_api -I/usr/local/Ascend/cann-9.1.0/asc/include/aicpu_api -I/usr/local/Ascend/cann-9.1.0/asc/include/simt_api -I/usr/local/Ascend/cann-9.1.0/asc/include/adv_api -I/usr/local/Ascend/cann-9.1.0/asc/include/adv_api/matmul -I/usr/local/Ascend/cann-9.1.0/asc/include/interface -I/usr/local/Ascend/cann-9.1.0/asc/include/tiling -I/usr/local/Ascend/cann-9.1.0/asc/include/utils -I/usr/local/Ascend/cann-9.1.0/asc/include/utils/debug -I/usr/local/Ascend/cann-9.1.0/include/ascendc/highlevel_api -std=c++17 -O3 -D__NPU_DEVICE__ -DTILING_KEY_VAR=0 -D__ENABLE_ASCENDC_PRINTF__ -mllvm -cce-aicore-stack-size=0x8000 -mllvm -cce-aicore-function-stack-size=0x8000 -mllvm -cce-aicore-dcci-insert-for-scalar=false -DL2_CACHE_HINT -D__CCE_AICORE_ENABLE_MIX__ -fcce-aicpu-legacy-launch -fcce-is-aicore -cce-enable-mix -mllvm -enable-mix=true -fno-zero-initialized-in-bss -fno-use-cxa-atexit -mllvm -cce-aicore-disable-argmem-alias-check=true -mllvm -cce-aicore-basicaa-disjoint-addrspace=true -mllvm --cce-enable-spbuffer-alloc-align=true -mllvm -cce-aicore-hwloops=false -mllvm -cce-aicore-hwloops-threshold=0 -mllvm -cce-aicore-analysis-peel=false -mllvm -cce-aicore-dcache-safe-mode=false -mllvm -cce-aicore-loop-unroll-tti=false -mllvm -licm-safe-hoist=false -cce-aicore-initialization-list-opt=true -mllvm -handle-output-dep=true -mllvm -sroa-allow-skip-function=false -mllvm -misched-allow-skip-func=false -mllvm -enable-post-ra-sched=true -mllvm -misched-postra=true -mllvm -early-cse-allow-skip-function=false -mllvm -loop-unswitch-allow-skip-loop=false -mllvm -enable-vloop-lowering=true -mllvm -cce-aicore-cleanup-metadata=false -mllvm -cce-aicore-backend-loop-lower=true -mllvm -cce-aicore-loop-unrotate=true -mllvm -cce-aicore-if-predicate=true -mllvm -cce-aicore-fix-errata-v920-001-enable=true -mllvm -cce-aicore-dcpreload-args=true -mllvm -cce-block-local-relocate=true -cce-launch-with-flagv2-impl -mllvm -cce-dyn-kernel-stack-size=true -mllvm -cce-aicore-jump-table=true -mllvm -cce-aicore-emit-lookup-tables=true -mllvm -enable-npm-O3-nontrivial-unswitch=false -mllvm -cce-vf-enable-blockldst-trans=true -fcce-add-annotation-array-subscript -mllvm -cce-sroa-allow-variable-arrayidx=true -mllvm -cce-aicore-movx8-opt=false -Wuninitialized -mllvm -hoist-common-insts=true -mllvm -cce-vf-stack-size=0x1800 -mllvm -cce-simt-stack-size=0x1000 -mllvm -memdep-block-scan-limit=150 -mllvm -enable-load-pre=false -mllvm -disable-ifcvt-simple=true -mllvm -disable-ifcvt-simple-false=true -mllvm -cce-stack-opt-sp-relocated=true -mllvm -cce-aicore-frame-idx-handle-opt=true -mllvm -cce-aicore-long-call=true -mllvm -vectorize-slp=false -mllvm -cce-aicore-number-of-cluster-loads=5 -mllvm -cce-aicore-addr-transform=true -mllvm -cce-aicore-jump-expand=true -mllvm -cce-sync-inst=auto -fcce-auto-sync -mllvm -cce-aicore-disable-argmem-alias-check=true -mllvm -enable-deps-filter=on -mllvm -enable-sync-event-coloring -mllvm -cce-aicore-enable-sync=true -mllvm -api-deps-filter -mllvm -enable-kerneltype-autoinfer=true -fcce-auto-infer-kernel-type -mllvm -cce-aicore-long-call=true -fcce-enable-asc-lang -mllvm -enable-ascendc-lang=true -aux-triple x86_64-unknown-linux-gnu -emit-obj --mrelax-relocations -disable-free -clear-ast-before-backend -disable-llvm-verifier -discard-value-names -main-file-name probe_vf_nest.asc -mrelocation-model static -mframe-pointer=all -fmath-errno -ffp-contract=on -fno-rounding-math -fno-verbose-asm -target-cpu dav-c310-vec -mllvm -treat-scalable-fixed-error-as-warning -debugger-tuning=gdb -debug-info-kind=line-tables-only -mllvm -cce-aicore-cleanup-metadata=true -fcoverage-compilation-dir=/workspace/ascend_mega_kernel/.tower/worktrees/wt-43/probe_vf_loop -resource-dir /usr/local/Ascend/cann-9.1.0/tools/bisheng_compiler/lib/clang/15.0.5 -include __clang_cce_runtime_wrapper.h -D NPU_ARCH_DAV_3510 -D PROBE_OUTER=0 -D PROBE_INNER=7 -D PROBE_BODY=1 -D PROBE_CT_ROWS=0 -D PROBE_TAG=nest_o0i7b1 -D NDEBUG -internal-isystem /usr/lib/gcc/x86_64-openEuler-linux/12/../../../../include/c++/12 -internal-isystem /usr/lib/gcc/x86_64-openEuler-linux/12/../../../../include/c++/12/x86_64-openEuler-linux -internal-isystem /usr/lib/gcc/x86_64-openEuler-linux/12/../../../../include/c++/12/backward -internal-isystem /usr/local/Ascend/cann-9.1.0/tools/bisheng_compiler/lib/clang/15.0.5/include -internal-isystem /usr/local/include -internal-isystem /usr/lib/gcc/x86_64-openEuler-linux/12/../../../../x86_64-openEuler-linux/include -internal-externc-isystem /include -internal-externc-isystem /usr/include -O3 -std=c++17 -fdeprecated-macro -fdebug-compilation-dir=/workspace/ascend_mega_kernel/.tower/worktrees/wt-43/probe_vf_loop -ferror-limit 19 -fgnuc-version=4.2.1 -fcxx-exceptions -fexceptions -vectorize-loops -vectorize-slp -faddrsig -D__GCC_HAVE_DWARF2_CFI_ASM=1 -o /tmp/probe_vf_nest-559e9a/probe_vf_nest-dav-c310-vec.o -x asc probe_vf_nest.asc
1.	<eof> parser at end of file
2.	Optimizer
Stack dump without symbol names (ensure you have llvm-symbolizer in your PATH or set the environment var `LLVM_SYMBOLIZER_PATH` to point to it):
/usr/local/Ascend/cann-9.1.0/tools/bisheng_compiler/bin/bisheng(+0x303a71f)[0x55c91669671f]
/usr/local/Ascend/cann-9.1.0/tools/bisheng_compiler/bin/bisheng(+0x3037dac)[0x55c916693dac]
/usr/lib64/libc.so.6(+0x380f0)[0x7fa4ccf3d0f0]
/usr/local/Ascend/cann-9.1.0/tools/bisheng_compiler/bin/bisheng(+0x1b6469b)[0x55c9151c069b]
/usr/local/Ascend/cann-9.1.0/tools/bisheng_compiler/bin/bisheng(+0x1a24da1)[0x55c915080da1]
/usr/local/Ascend/cann-9.1.0/tools/bisheng_compiler/bin/bisheng(_ZN4llvm11PassManagerINS_8FunctionENS_15AnalysisManagerIS1_JEEEJEE3runERS1_RS3_+0x39f)[0x55c915f45d5f]
/usr/local/Ascend/cann-9.1.0/tools/bisheng_compiler/bin/bisheng(+0x1a21961)[0x55c91507d961]
/usr/local/Ascend/cann-9.1.0/tools/bisheng_compiler/bin/bisheng(_ZN4llvm27ModuleToFunctionPassAdaptor3runERNS_6ModuleERNS_15AnalysisManagerIS1_JEEE+0x610)[0x55c915f448b0]
/usr/local/Ascend/cann-9.1.0/tools/bisheng_compiler/bin/bisheng(+0x1a25121)[0x55c915081121]
/usr/local/Ascend/cann-9.1.0/tools/bisheng_compiler/bin/bisheng(_ZN4llvm11PassManagerINS_6ModuleENS_15AnalysisManagerIS1_JEEEJEE3runERS1_RS3_+0x444)[0x55c915f41914]
/usr/local/Ascend/cann-9.1.0/tools/bisheng_compiler/bin/bisheng(+0x33a0b3f)[0x55c9169fcb3f]
/usr/local/Ascend/cann-9.1.0/tools/bisheng_compiler/bin/bisheng(_ZN5clang17EmitBackendOutputERNS_17DiagnosticsEngineERKNS_19HeaderSearchOptionsERKNS_14CodeGenOptionsERKNS_13TargetOptionsERKNS_11LangOptionsEN4llvm9StringRefEPNSE_6ModuleENS_13BackendActionESt10unique_ptrINSE_17raw_pwrite_streamESt14default_deleteISK_EE+0x21ff)[0x55c916a00daf]
/usr/local/Ascend/cann-9.1.0/tools/bisheng_compiler/bin/bisheng(+0x4172d44)[0x55c9177ced44]
/usr/local/Ascend/cann-9.1.0/tools/bisheng_compiler/bin/bisheng(_ZN5clang8ParseASTERNS_4SemaEbb+0x591)[0x55c918557c41]
/usr/local/Ascend/cann-9.1.0/tools/bisheng_compiler/bin/bisheng(_ZN5clang13CodeGenAction13ExecuteActionEv+0x8fd)[0x55c9177cf7dd]
/usr/local/Ascend/cann-9.1.0/tools/bisheng_compiler/bin/bisheng(_ZN5clang14FrontendAction7ExecuteEv+0xb9)[0x55c917180fe9]
/usr/local/Ascend/cann-9.1.0/tools/bisheng_compiler/bin/bisheng(_ZN5clang16CompilerInstance13ExecuteActionERNS_14FrontendActionE+0x18a)[0x55c91711d21a]
/usr/local/Ascend/cann-9.1.0/tools/bisheng_compiler/bin/bisheng(_ZN5clang25ExecuteCompilerInvocationEPNS_16CompilerInstanceE+0x403)[0x55c91725bd23]
/usr/local/Ascend/cann-9.1.0/tools/bisheng_compiler/bin/bisheng(_Z8cc1_mainN4llvm8ArrayRefIPKcEES2_Pv+0x1254)[0x55c9148107d4]
/usr/local/Ascend/cann-9.1.0/tools/bisheng_compiler/bin/bisheng(+0x11ac639)[0x55c914808639]
/usr/local/Ascend/cann-9.1.0/tools/bisheng_compiler/bin/bisheng(_Z10clang_mainiPPc+0x575)[0x55c91480ba15]
/usr/lib64/libc.so.6(+0x23ad0)[0x7fa4ccf28ad0]
/usr/lib64/libc.so.6(__libc_start_main+0x89)[0x7fa4ccf28b89]
/usr/local/Ascend/cann-9.1.0/tools/bisheng_compiler/bin/bisheng(+0x11ac337)[0x55c914808337]
bisheng: error: unable to execute command: Segmentation fault (core dumped)
bisheng: error: clang frontend command failed due to signal (use -v to see invocation)
2026-07-30T20:53:21+08:00 clang version 15.0.5 (clang-5c68a1cb1231 flang-5c68a1cb1231)
Target: x86_64-unknown-linux-gnu
Thread model: posix
InstalledDir: /usr/local/Ascend/cann-9.1.0/bin
