=== lock acquired 2026-10-05T01:59:13+00:00 tag=ablate-novsync ===
+-------------------------------------------------------------------------------------------------+
| npu-smi 25.7.rc1.10                              Version: 25.7.rc1.10                           |
+--------+------------------+---------------+-----------------------------------------------------+
| NPU ID | Name             | Health        | Power(W)    Temp(C)           Hugepages-Usage(page) |
|        |                  | Bus-Id        | NPU Util(%) Memory-Usage(MB)  HBM-Usage(MB)         |
+========+==================+===============+=====================================================+
| 0      | Ascend950PR      | OK            | 195.1       56                0     / 0             |
|        |                  | 0000:61:00.0  | 0           0    / 0          5243  / 131072        |
[M19] AICORE=28 VECTOR=56 numBlocks=28
[M19] A_close_2048   V=2048   pos=8191    closes=1 tail=0 : launch OK
[M19][FAIL] A_close_2048 有效 token 数 1266 != 2048
[M19][FAIL] A_close_2048 越界 token 数 500
[M19][FAIL] A_close_2048 交接未到齐：handoffOK=0 tokenSeen=0（期望 1 / 56）
[M19] A_close_2048   自检 FAIL  count=2048 tokens=1266
[M19] B_open_2048    V=2048   pos=8193    closes=0 tail=2 : launch OK
[M19][FAIL] B_open_2048 有效 token 数 1278 != 2050
[M19][FAIL] B_open_2048 越界 token 数 492
[M19][FAIL] B_open_2048 交接未到齐：handoffOK=0 tokenSeen=15（期望 1 / 56）
[M19] B_open_2048    自检 FAIL  count=2050 tokens=1278
[M19] C_small_256    V=256    pos=1023    closes=1 tail=0 : launch OK
[M19][FAIL] C_small_256 交接未到齐：handoffOK=0 tokenSeen=16（期望 1 / 56）
[M19] C_small_256    自检 FAIL  count=1024 tokens=1024
[M19] D_max_65536    V=65536  pos=262143  closes=1 tail=0 : launch OK
[M19][FAIL] D_max_65536 有效 token 数 0 != 2048
[M19][FAIL] D_max_65536 交接未到齐：handoffOK=0 tokenSeen=16（期望 1 / 56）
[M19] D_max_65536    自检 FAIL  count=2048 tokens=0
[M19] ===== FAILURES PRESENT =====
--- exit=1 ---
