=== lock acquired 2026-10-05T01:59:35+00:00 tag=after-fullmatrix ===
--- npu-smi (lock entry) ---
+-------------------------------------------------------------------------------------------------+
| npu-smi 25.7.rc1.10                              Version: 25.7.rc1.10                           |
+--------+------------------+---------------+-----------------------------------------------------+
| NPU ID | Name             | Health        | Power(W)    Temp(C)           Hugepages-Usage(page) |
|        |                  | Bus-Id        | NPU Util(%) Memory-Usage(MB)  HBM-Usage(MB)         |
+========+==================+===============+=====================================================+
| 0      | Ascend950PR      | OK            | 195.1       55                0     / 0             |
|        |                  | 0000:61:00.0  | 0           0    / 0          5243  / 131072        |
+========+==================+===============+=====================================================+
+---------------------------+---------------+-----------------------------------------------------+
| NPU ID                    | Process id    | Process name             | Process memory(MB)       |
+===========================+===============+=====================================================+
=== ① 小档矩阵：单核先，多核回归 ===
V=256   budget=8    pos=1023    cores=1   exit=0 自检PASS=1 meta=1
V=256   budget=8    pos=1023    cores=56  exit=0 自检PASS=1 meta=1
V=256   budget=32   pos=1023    cores=1   exit=0 自检PASS=1 meta=1
V=256   budget=32   pos=1023    cores=56  exit=0 自检PASS=1 meta=1
V=256   budget=512  pos=1023    cores=1   exit=0 自检PASS=1 meta=1
V=256   budget=512  pos=1023    cores=56  exit=0 自检PASS=1 meta=1
V=2048  budget=8    pos=8190    cores=1   exit=0 自检PASS=1 meta=1
V=2048  budget=8    pos=8190    cores=56  exit=0 自检PASS=1 meta=1
V=2048  budget=32   pos=8189    cores=1   exit=0 自检PASS=1 meta=1
V=2048  budget=32   pos=8189    cores=56  exit=0 自检PASS=1 meta=1
V=2048  budget=512  pos=8193    cores=1   exit=0 自检PASS=1 meta=1
V=2048  budget=512  pos=8193    cores=2   exit=0 自检PASS=1 meta=1
V=2048  budget=512  pos=8193    cores=4   exit=0 自检PASS=1 meta=1
V=2048  budget=512  pos=8193    cores=8   exit=0 自检PASS=1 meta=1
V=2048  budget=512  pos=8193    cores=56  exit=0 自检PASS=1 meta=1

=== ② 逐块 oracle：选中集合 == 暴力 top-k；每块恰 4 token；count/tail/padding ===
--- V=256 budget=8 cores=1
[C_small_256] V=256 blk_topk=2 : 选中 2 个 block（oracle 2）；与 oracle 差集 0；非 4 元组 block 0
       count 列 8；tail []；padding OK；每块 4 token OK
[check_select] ===== ALL PASS =====
--- V=256 budget=8 cores=56
[C_small_256] V=256 blk_topk=2 : 选中 2 个 block（oracle 2）；与 oracle 差集 0；非 4 元组 block 0
       count 列 8；tail []；padding OK；每块 4 token OK
[check_select] ===== ALL PASS =====
--- V=256 budget=32 cores=1
[C_small_256] V=256 blk_topk=8 : 选中 8 个 block（oracle 8）；与 oracle 差集 0；非 4 元组 block 0
       count 列 32；tail []；padding OK；每块 4 token OK
[check_select] ===== ALL PASS =====
--- V=256 budget=32 cores=56
[C_small_256] V=256 blk_topk=8 : 选中 8 个 block（oracle 8）；与 oracle 差集 0；非 4 元组 block 0
       count 列 32；tail []；padding OK；每块 4 token OK
[check_select] ===== ALL PASS =====
--- V=256 budget=512 cores=1
[C_small_256] V=256 blk_topk=128 : 选中 128 个 block（oracle 128）；与 oracle 差集 0；非 4 元组 block 0
       count 列 512；tail []；padding OK；每块 4 token OK
[check_select] ===== ALL PASS =====
--- V=256 budget=512 cores=56
[C_small_256] V=256 blk_topk=128 : 选中 128 个 block（oracle 128）；与 oracle 差集 0；非 4 元组 block 0
       count 列 512；tail []；padding OK；每块 4 token OK
[check_select] ===== ALL PASS =====
--- V=2048 budget=8 cores=1
[C_small_256] V=2048 blk_topk=2 : 选中 2 个 block（oracle 2）；与 oracle 差集 0；非 4 元组 block 0
       count 列 11；tail [8188, 8189, 8190]；padding OK；每块 4 token OK
[check_select] ===== ALL PASS =====
--- V=2048 budget=8 cores=56
[C_small_256] V=2048 blk_topk=2 : 选中 2 个 block（oracle 2）；与 oracle 差集 0；非 4 元组 block 0
       count 列 11；tail [8188, 8189, 8190]；padding OK；每块 4 token OK
[check_select] ===== ALL PASS =====
--- V=2048 budget=32 cores=1
[C_small_256] V=2048 blk_topk=8 : 选中 8 个 block（oracle 8）；与 oracle 差集 0；非 4 元组 block 0
       count 列 34；tail [8188, 8189]；padding OK；每块 4 token OK
[check_select] ===== ALL PASS =====
--- V=2048 budget=32 cores=56
[C_small_256] V=2048 blk_topk=8 : 选中 8 个 block（oracle 8）；与 oracle 差集 0；非 4 元组 block 0
       count 列 34；tail [8188, 8189]；padding OK；每块 4 token OK
[check_select] ===== ALL PASS =====
--- V=2048 budget=512 cores=1
[C_small_256] V=2048 blk_topk=128 : 选中 128 个 block（oracle 128）；与 oracle 差集 0；非 4 元组 block 0
       count 列 514；tail [8192, 8193]；padding OK；每块 4 token OK
[check_select] ===== ALL PASS =====
--- V=2048 budget=512 cores=2
[C_small_256] V=2048 blk_topk=128 : 选中 128 个 block（oracle 128）；与 oracle 差集 0；非 4 元组 block 0
       count 列 514；tail [8192, 8193]；padding OK；每块 4 token OK
[check_select] ===== ALL PASS =====
--- V=2048 budget=512 cores=4
[C_small_256] V=2048 blk_topk=128 : 选中 128 个 block（oracle 128）；与 oracle 差集 0；非 4 元组 block 0
       count 列 514；tail [8192, 8193]；padding OK；每块 4 token OK
[check_select] ===== ALL PASS =====
--- V=2048 budget=512 cores=8
[C_small_256] V=2048 blk_topk=128 : 选中 128 个 block（oracle 128）；与 oracle 差集 0；非 4 元组 block 0
       count 列 514；tail [8192, 8193]；padding OK；每块 4 token OK
[check_select] ===== ALL PASS =====
--- V=2048 budget=512 cores=56
[C_small_256] V=2048 blk_topk=128 : 选中 128 个 block（oracle 128）；与 oracle 差集 0；非 4 元组 block 0
       count 列 514；tail [8192, 8193]；padding OK；每块 4 token OK
[check_select] ===== ALL PASS =====

=== ③ 多核 == 单核（同档位跨核数：logits 位同 + 选中集合同）===
[cross] m19_qsa_indexer/m19_sel/V256_B8_C1: *_meta.txt 数量 1
[cross] m19_qsa_indexer/m19_sel/V256_B8_C56: *_meta.txt 数量 1
[cross] C_small_256: cores 1 vs 56 ⇒ logits 位同 True、选中集合同 True（|sel| 2 vs 2）
[check_select] ===== CROSS-CONSISTENT =====
[cross] m19_qsa_indexer/m19_sel/V256_B32_C1: *_meta.txt 数量 1
[cross] m19_qsa_indexer/m19_sel/V256_B32_C56: *_meta.txt 数量 1
[cross] C_small_256: cores 1 vs 56 ⇒ logits 位同 True、选中集合同 True（|sel| 8 vs 8）
[check_select] ===== CROSS-CONSISTENT =====
[cross] m19_qsa_indexer/m19_sel/V256_B512_C1: *_meta.txt 数量 1
[cross] m19_qsa_indexer/m19_sel/V256_B512_C56: *_meta.txt 数量 1
[cross] C_small_256: cores 1 vs 56 ⇒ logits 位同 True、选中集合同 True（|sel| 128 vs 128）
[check_select] ===== CROSS-CONSISTENT =====
[cross] m19_qsa_indexer/m19_sel/V2048_B8_C1: *_meta.txt 数量 1
[cross] m19_qsa_indexer/m19_sel/V2048_B8_C56: *_meta.txt 数量 1
[cross] C_small_256: cores 1 vs 56 ⇒ logits 位同 True、选中集合同 True（|sel| 2 vs 2）
[check_select] ===== CROSS-CONSISTENT =====
[cross] m19_qsa_indexer/m19_sel/V2048_B32_C1: *_meta.txt 数量 1
[cross] m19_qsa_indexer/m19_sel/V2048_B32_C56: *_meta.txt 数量 1
[cross] C_small_256: cores 1 vs 56 ⇒ logits 位同 True、选中集合同 True（|sel| 8 vs 8）
[check_select] ===== CROSS-CONSISTENT =====
[cross] m19_qsa_indexer/m19_sel/V2048_B512_C1: *_meta.txt 数量 1
[cross] m19_qsa_indexer/m19_sel/V2048_B512_C56: *_meta.txt 数量 1
[cross] C_small_256: cores 1 vs 56 ⇒ logits 位同 True、选中集合同 True（|sel| 128 vs 128）
[check_select] ===== CROSS-CONSISTENT =====
[cross] m19_qsa_indexer/m19_sel/V2048_B512_C1: *_meta.txt 数量 1
[cross] m19_qsa_indexer/m19_sel/V2048_B512_C2: *_meta.txt 数量 1
[cross] m19_qsa_indexer/m19_sel/V2048_B512_C4: *_meta.txt 数量 1
[cross] m19_qsa_indexer/m19_sel/V2048_B512_C8: *_meta.txt 数量 1
[cross] m19_qsa_indexer/m19_sel/V2048_B512_C56: *_meta.txt 数量 1
[cross] C_small_256: cores 1 vs 2 ⇒ logits 位同 True、选中集合同 True（|sel| 128 vs 128）
[cross] C_small_256: cores 1 vs 4 ⇒ logits 位同 True、选中集合同 True（|sel| 128 vs 128）
[cross] C_small_256: cores 1 vs 8 ⇒ logits 位同 True、选中集合同 True（|sel| 128 vs 128）
[cross] C_small_256: cores 1 vs 56 ⇒ logits 位同 True、选中集合同 True（|sel| 128 vs 128）
[check_select] ===== CROSS-CONSISTENT =====

=== ④ 默认 4 档 × 9 次独立进程（确定性）===
run1  A_close_2048 自检 PASS count=2048 tokens=2048 B_open_2048 自检 PASS count=2050 tokens=2050 C_small_256 自检 PASS count=1024 tokens=1024 D_max_65536 自检 PASS count=2048 tokens=2048 
run2  A_close_2048 自检 PASS count=2048 tokens=2048 B_open_2048 自检 PASS count=2050 tokens=2050 C_small_256 自检 PASS count=1024 tokens=1024 D_max_65536 自检 PASS count=2048 tokens=2048 
run3  A_close_2048 自检 PASS count=2048 tokens=2048 B_open_2048 自检 PASS count=2050 tokens=2050 C_small_256 自检 PASS count=1024 tokens=1024 D_max_65536 自检 PASS count=2048 tokens=2048 
run4  A_close_2048 自检 PASS count=2048 tokens=2048 B_open_2048 自检 PASS count=2050 tokens=2050 C_small_256 自检 PASS count=1024 tokens=1024 D_max_65536 自检 PASS count=2048 tokens=2048 
run5  A_close_2048 自检 PASS count=2048 tokens=2048 B_open_2048 自检 PASS count=2050 tokens=2050 C_small_256 自检 PASS count=1024 tokens=1024 D_max_65536 自检 PASS count=2048 tokens=2048 
run6  A_close_2048 自检 PASS count=2048 tokens=2048 B_open_2048 自检 PASS count=2050 tokens=2050 C_small_256 自检 PASS count=1024 tokens=1024 D_max_65536 自检 PASS count=2048 tokens=2048 
run7  A_close_2048 自检 PASS count=2048 tokens=2048 B_open_2048 自检 PASS count=2050 tokens=2050 C_small_256 自检 PASS count=1024 tokens=1024 D_max_65536 自检 PASS count=2048 tokens=2048 
run8  A_close_2048 自检 PASS count=2048 tokens=2048 B_open_2048 自检 PASS count=2050 tokens=2050 C_small_256 自检 PASS count=1024 tokens=1024 D_max_65536 自检 PASS count=2048 tokens=2048 
run9  A_close_2048 自检 PASS count=2048 tokens=2048 B_open_2048 自检 PASS count=2050 tokens=2050 C_small_256 自检 PASS count=1024 tokens=1024 D_max_65536 自检 PASS count=2048 tokens=2048 

=== ⑤ 默认 4 档判据（check_select 离散 + check_ref T1/T3/离散）===
[A_close_2048] V=2048 blk_topk=512 : 选中 512 个 block（oracle 512）；与 oracle 差集 0；非 4 元组 block 0
       count 列 2048；tail []；padding OK；每块 4 token OK
[B_open_2048] V=2048 blk_topk=512 : 选中 512 个 block（oracle 512）；与 oracle 差集 0；非 4 元组 block 0
       count 列 2050；tail [8192, 8193]；padding OK；每块 4 token OK
[C_small_256] V=256 blk_topk=512 : 选中 256 个 block（oracle 256）；与 oracle 差集 0；非 4 元组 block 0
       count 列 1024；tail []；padding OK；每块 4 token OK
[D_max_65536] V=65536 blk_topk=512 : 选中 512 个 block（oracle 512）；与 oracle 差集 0；非 4 元组 block 0
       count 列 2048；tail []；padding OK；每块 4 token OK
[check_select] ===== ALL PASS =====
[A_close_2048] proj   : 与参考 bf16 最大位差 0 （0 = 逐位一致）
[A_close_2048 q] T3: 违反元素 0/512；maxRel(report) 1.473e-01；≤1ulp 比例(report) 50.00%
[A_close_2048 ck] T3: 违反元素 0/128；maxRel(report) 1.230e-01；≤1ulp 比例(report) 85.16%
[A_close_2048 scores] T3: 违反元素 0/2048；maxRel(report) 6.650e-01；≤1ulp 比例(report) 2.34%
[A_close_2048] blocks : 选中 512 个（期望 512），出现次数异常的 block 0，count 列 2048（期望 2048）
[A_close_2048] 离散(i): 与「kernel 自身分数」的暴力 top-512 逐块差集 0（漏 0 / 误 0）；logits NaN 0
[A_close_2048] 离散(ii): 第 512 大 score = 14.8988，>K 的 block 511；参考带宽 ±4.834（Bmax 2.417）⇒ 必选 209 / 必不选 1033 / 不可判 806；必选漏 0，必不选误 0
                报告项（不做判定，见判据 5 说明）：旧口径 miss 0 / extra 1
[A_close_2048] tail   : [] 期望 []；padding OK
[B_open_2048] proj   : 与参考 bf16 最大位差 0 （0 = 逐位一致）
[B_open_2048 q] T3: 违反元素 0/512；maxRel(report) 3.186e-02；≤1ulp 比例(report) 50.00%
[B_open_2048 scores] T3: 违反元素 0/2048；maxRel(report) 9.237e-01；≤1ulp 比例(report) 2.20%
[B_open_2048] blocks : 选中 512 个（期望 512），出现次数异常的 block 0，count 列 2050（期望 2050）
[B_open_2048] 离散(i): 与「kernel 自身分数」的暴力 top-512 逐块差集 0（漏 0 / 误 0）；logits NaN 0
[B_open_2048] 离散(ii): 第 512 大 score = 14.5897，>K 的 block 511；参考带宽 ±3.655（Bmax 1.828）⇒ 必选 256 / 必不选 1134 / 不可判 658；必选漏 0，必不选误 0
                报告项（不做判定，见判据 5 说明）：旧口径 miss 0 / extra 1
[B_open_2048] tail   : [8192, 8193] 期望 [8192, 8193]；padding OK
[C_small_256] proj   : 与参考 bf16 最大位差 0 （0 = 逐位一致）
[C_small_256 q] T3: 违反元素 0/512；maxRel(report) 3.631e-02；≤1ulp 比例(report) 50.00%
[C_small_256 ck] T3: 违反元素 0/128；maxRel(report) 3.125e-02；≤1ulp 比例(report) 85.94%
[C_small_256 scores] T3: 违反元素 0/256；maxRel(report) 5.304e-02；≤1ulp 比例(report) 0.78%
[C_small_256] blocks : 选中 256 个（期望 256），出现次数异常的 block 0，count 列 1024（期望 1024）
[C_small_256] 离散(i): 与「kernel 自身分数」的暴力 top-256 逐块差集 0（漏 0 / 误 0）；logits NaN 0
[C_small_256] tail   : [] 期望 []；padding OK
[D_max_65536] proj   : 与参考 bf16 最大位差 0 （0 = 逐位一致）
[D_max_65536 q] T3: 违反元素 0/512；maxRel(report) 4.944e-02；≤1ulp 比例(report) 50.00%
[D_max_65536 ck] T3: 违反元素 0/128；maxRel(report) 2.112e-01；≤1ulp 比例(report) 87.50%
[D_max_65536 scores] T3: 违反元素 0/65536；maxRel(report) 1.419e+28；≤1ulp 比例(report) 0.96%
[D_max_65536] blocks : 选中 512 个（期望 512），出现次数异常的 block 0，count 列 2048（期望 2048）
[D_max_65536] 离散(i): 与「kernel 自身分数」的暴力 top-512 逐块差集 0（漏 0 / 误 0）；logits NaN 0
[D_max_65536] 离散(ii): 第 512 大 score = 29.5934，>K 的 block 511；参考带宽 ±4.965（Bmax 2.482）⇒ 必选 114 / 必不选 63667 / 不可判 1755；必选漏 0，必不选误 0
                报告项（不做判定，见判据 5 说明）：旧口径 miss 0 / extra 1
[D_max_65536] tail   : [] 期望 []；padding OK
[check_ref] ===== ALL PASS =====

[run_select_matrix] ===== ALL PASS =====
（m19_qsa_indexer/m19_sel/ 为运行产物、已 ignore；本文件即证据：**一次运行产出**，判据退出码已逐级传递）
--- matrix exit=0 ---
