=== lock acquired 2026-10-04T11:55:49+00:00 variant=c_m2setonly N=16 reps=1 timeout=20s ===
--- npu-smi (lock entry) ---
+-------------------------------------------------------------------------------------------------+
| npu-smi 25.7.rc1.10                              Version: 25.7.rc1.10                           |
+--------+------------------+---------------+-----------------------------------------------------+
| NPU ID | Name             | Health        | Power(W)    Temp(C)           Hugepages-Usage(page) |
|        |                  | Bus-Id        | NPU Util(%) Memory-Usage(MB)  HBM-Usage(MB)         |
+========+==================+===============+=====================================================+
| 0      | Ascend950PR      | Warning       | 262.6       61                0     / 0             |
|        |                  | 0000:61:00.0  | 0           0    / 0          5475  / 131072        |
+========+==================+===============+=====================================================+
+---------------------------+---------------+-----------------------------------------------------+
| NPU ID                    | Process id    | Process name             | Process memory(MB)       |
+===========================+===============+=====================================================+
--- run 1 (timeout 20s) ---
[AIC Block 0/28] [PCT][AIC] enter N=16 variant=16
[AIC Block 0/28] [PCT][AIC] r=0 waitFREE
[AIC Block 0/28] [PCT][AIC] r=0 fixp+setRDY done
[AIC Block 0/28] [PCT][AIC] r=1 waitFREE
[AIC Block 0/28] [PCT][AIC] r=1 fixp+setRDY done
[AIC Block 0/28] [PCT][AIC] r=2 waitFREE
[AIC Block 0/28] [PCT][AIC] r=2 fixp+setRDY done
[AIC Block 0/28] [PCT][AIC] r=3 waitFREE
[AIC Block 0/28] [PCT][AIC] r=3 fixp+setRDY done
[AIC Block 0/28] [PCT][AIC] r=4 waitFREE
[AIC Block 0/28] [PCT][AIC] r=4 fixp+setRDY done
[AIC Block 0/28] [PCT][AIC] r=5 waitFREE
[AIC Block 0/28] [PCT][AIC] r=5 fixp+setRDY done
[AIC Block 0/28] [PCT][AIC] r=6 waitFREE
[AIC Block 0/28] [PCT][AIC] r=6 fixp+setRDY done
[AIC Block 0/28] [PCT][AIC] r=7 waitFREE
[AIC Block 0/28] [PCT][AIC] r=7 fixp+setRDY done
[AIC Block 0/28] [PCT][AIC] r=8 waitFREE
[AIC Block 0/28] [PCT][AIC] r=8 fixp+setRDY done
[AIC Block 0/28] [PCT][AIC] r=9 waitFREE
[AIC Block 0/28] [PCT][AIC] r=9 fixp+setRDY done
[AIC Block 0/28] [PCT][AIC] r=10 waitFREE
[AIC Block 0/28] [PCT][AIC] r=10 fixp+setRDY done
[AIC Block 0/28] [PCT][AIC] r=11 waitFREE
[AIC Block 0/28] [PCT][AIC] r=11 fixp+setRDY done
[AIC Block 0/28] [PCT][AIC] r=12 waitFREE
[AIC Block 0/28] [PCT][AIC] r=12 fixp+setRDY done
[AIC Block 0/28] [PCT][AIC] r=13 waitFREE
[AIC Block 0/28] [PCT][AIC] r=13 fixp+setRDY done
[AIC Block 0/28] [PCT][AIC] r=14 waitFREE
[AIC Block 0/28] [PCT][AIC] r=14 fixp+setRDY done
[AIC Block 0/28] [PCT][AIC] r=15 waitFREE
[AIC Block 0/28] [PCT][AIC] r=15 fixp+setRDY done
[AIC Block 0/28] [PCT][AIC] loop done
[AIV Block 0/56] [PCT][AIV0] enter N=16 variant=16
[AIV Block 0/56] [PCT][AIV0] r=0 waitRDY
[AIV Block 0/56] [PCT][AIV0] r=0 consumed+logged
[AIV Block 0/56] [PCT][AIV0] r=1 waitRDY
[AIV Block 0/56] [PCT][AIV0] r=1 consumed+logged
[AIV Block 0/56] [PCT][AIV0] r=2 waitRDY
[AIV Block 0/56] [PCT][AIV0] r=2 consumed+logged
[AIV Block 0/56] [PCT][AIV0] r=3 waitRDY
[AIV Block 0/56] [PCT][AIV0] r=3 consumed+logged
[AIV Block 0/56] [PCT][AIV0] r=4 waitRDY
[AIV Block 0/56] [PCT][AIV0] r=4 consumed+logged
[AIV Block 0/56] [PCT][AIV0] r=5 waitRDY
[AIV Block 0/56] [PCT][AIV0] r=5 consumed+logged
[AIV Block 0/56] [PCT][AIV0] r=6 waitRDY
[AIV Block 0/56] [PCT][AIV0] r=6 consumed+logged
[AIV Block 0/56] [PCT][AIV0] r=7 waitRDY
[AIV Block 0/56] [PCT][AIV0] r=7 consumed+logged
[AIV Block 0/56] [PCT][AIV0] r=8 waitRDY
[AIV Block 0/56] [PCT][AIV0] r=8 consumed+logged
[AIV Block 0/56] [PCT][AIV0] r=9 waitRDY
[AIV Block 0/56] [PCT][AIV0] r=9 consumed+logged
[AIV Block 0/56] [PCT][AIV0] r=10 waitRDY
[AIV Block 0/56] [PCT][AIV0] r=10 consumed+logged
[AIV Block 0/56] [PCT][AIV0] r=11 waitRDY
[AIV Block 0/56] [PCT][AIV0] r=11 consumed+logged
[AIV Block 0/56] [PCT][AIV0] r=12 waitRDY
[AIV Block 0/56] [PCT][AIV0] r=12 consumed+logged
[AIV Block 0/56] [PCT][AIV0] r=13 waitRDY
[AIV Block 0/56] [PCT][AIV0] r=13 consumed+logged
[AIV Block 0/56] [PCT][AIV0] r=14 waitRDY
[AIV Block 0/56] [PCT][AIV0] r=14 consumed+logged
[AIV Block 0/56] [PCT][AIV0] r=15 waitRDY
[AIV Block 0/56] [PCT][AIV0] r=15 consumed+logged
[AIV Block 0/56] [PCT][AIV0] loop done
[AIV Block 1/56] [PCT][AIV1] enter N=16 variant=16
[AIV Block 1/56] [PCT][AIV1] r=0 waitRDY
[AIV Block 1/56] [PCT][AIV1] r=0 consumed+logged
[AIV Block 1/56] [PCT][AIV1] r=1 waitRDY
[AIV Block 1/56] [PCT][AIV1] r=1 consumed+logged
[AIV Block 1/56] [PCT][AIV1] r=2 waitRDY
[AIV Block 1/56] [PCT][AIV1] r=2 consumed+logged
[AIV Block 1/56] [PCT][AIV1] r=3 waitRDY
[AIV Block 1/56] [PCT][AIV1] r=3 consumed+logged
[AIV Block 1/56] [PCT][AIV1] r=4 waitRDY
[AIV Block 1/56] [PCT][AIV1] r=4 consumed+logged
[AIV Block 1/56] [PCT][AIV1] r=5 waitRDY
[AIV Block 1/56] [PCT][AIV1] r=5 consumed+logged
[AIV Block 1/56] [PCT][AIV1] r=6 waitRDY
[AIV Block 1/56] [PCT][AIV1] r=6 consumed+logged
[AIV Block 1/56] [PCT][AIV1] r=7 waitRDY
[AIV Block 1/56] [PCT][AIV1] r=7 consumed+logged
[AIV Block 1/56] [PCT][AIV1] r=8 waitRDY
[AIV Block 1/56] [PCT][AIV1] r=8 consumed+logged
[AIV Block 1/56] [PCT][AIV1] r=9 waitRDY
[AIV Block 1/56] [PCT][AIV1] r=9 consumed+logged
[AIV Block 1/56] [PCT][AIV1] r=10 waitRDY
[AIV Block 1/56] [PCT][AIV1] r=10 consumed+logged
[AIV Block 1/56] [PCT][AIV1] r=11 waitRDY
[AIV Block 1/56] [PCT][AIV1] r=11 consumed+logged
[AIV Block 1/56] [PCT][AIV1] r=12 waitRDY
[AIV Block 1/56] [PCT][AIV1] r=12 consumed+logged
[AIV Block 1/56] [PCT][AIV1] r=13 waitRDY
[AIV Block 1/56] [PCT][AIV1] r=13 consumed+logged
[AIV Block 1/56] [PCT][AIV1] r=14 waitRDY
[AIV Block 1/56] [PCT][AIV1] r=14 consumed+logged
[AIV Block 1/56] [PCT][AIV1] r=15 waitRDY
[AIV Block 1/56] [PCT][AIV1] r=15 consumed+logged
[AIV Block 1/56] [PCT][AIV1] loop done
exit=124
SUMMARY variant=c_m2setonly run=1 HANG=1 rc=124（锁内超时未返回：记「未取得内容读数」，不记「没复现」）
AGG variant=c_m2setonly N=16 rc0=0 rc1=0 rc2=0 hang=1 reps=1
