=== lock acquired 2026-10-04T12:04:06+00:00 variant=c_m2canon N=64 reps=3 timeout=20s ===
--- npu-smi (lock entry) ---
+-------------------------------------------------------------------------------------------------+
| npu-smi 25.7.rc1.10                              Version: 25.7.rc1.10                           |
+--------+------------------+---------------+-----------------------------------------------------+
| NPU ID | Name             | Health        | Power(W)    Temp(C)           Hugepages-Usage(page) |
|        |                  | Bus-Id        | NPU Util(%) Memory-Usage(MB)  HBM-Usage(MB)         |
+========+==================+===============+=====================================================+
| 0      | Ascend950PR      | OK            | 197.2       59                0     / 0             |
|        |                  | 0000:61:00.0  | 0           0    / 0          5241  / 131072        |
+========+==================+===============+=====================================================+
+---------------------------+---------------+-----------------------------------------------------+
| NPU ID                    | Process id    | Process name             | Process memory(MB)       |
+===========================+===============+=====================================================+
--- run 1 (timeout 20s) ---
SUMMARY variant=c_m2canon run=1 N=64 total=262144 mismatched=120736 rounds_bad=55 first_bad_round=1 bad_elems_first=640 sentinel=0 zeros=0 rc=1
exit=1
--- run 2 (timeout 20s) ---
SUMMARY variant=c_m2canon run=2 N=64 total=262144 mismatched=112800 rounds_bad=54 first_bad_round=1 bad_elems_first=2048 sentinel=0 zeros=0 rc=1
exit=1
--- run 3 (timeout 20s) ---
SUMMARY variant=c_m2canon run=3 N=64 total=262144 mismatched=107040 rounds_bad=54 first_bad_round=1 bad_elems_first=864 sentinel=0 zeros=0 rc=1
exit=1
AGG variant=c_m2canon N=64 rc0=0 rc1=3 rc2=0 hang=0 reps=3
