=== lock acquired 2026-10-04T11:47:38+00:00 variant=c_mode4full N=16 reps=3 timeout=20s ===
--- npu-smi (lock entry) ---
+-------------------------------------------------------------------------------------------------+
| npu-smi 25.7.rc1.10                              Version: 25.7.rc1.10                           |
+--------+------------------+---------------+-----------------------------------------------------+
| NPU ID | Name             | Health        | Power(W)    Temp(C)           Hugepages-Usage(page) |
|        |                  | Bus-Id        | NPU Util(%) Memory-Usage(MB)  HBM-Usage(MB)         |
+========+==================+===============+=====================================================+
| 0      | Ascend950PR      | Warning       | 263.1       61                0     / 0             |
|        |                  | 0000:61:00.0  | 0           0    / 0          5475  / 131072        |
+========+==================+===============+=====================================================+
+---------------------------+---------------+-----------------------------------------------------+
| NPU ID                    | Process id    | Process name             | Process memory(MB)       |
+===========================+===============+=====================================================+
--- run 1 (timeout 20s) ---
SUMMARY variant=c_mode4full run=1 N=16 total=65536 mismatched=28384 rounds_bad=10 first_bad_round=1 bad_elems_first=1696 sentinel=0 zeros=0 rc=1
exit=1
--- run 2 (timeout 20s) ---
SUMMARY variant=c_mode4full run=2 N=16 total=65536 mismatched=28160 rounds_bad=10 first_bad_round=1 bad_elems_first=896 sentinel=0 zeros=0 rc=1
exit=1
--- run 3 (timeout 20s) ---
SUMMARY variant=c_mode4full run=3 N=16 total=65536 mismatched=30432 rounds_bad=10 first_bad_round=1 bad_elems_first=1760 sentinel=0 zeros=0 rc=1
exit=1
AGG variant=c_mode4full N=16 rc0=0 rc1=3 rc2=0 hang=0 reps=3
