=== lock acquired 2026-10-04T12:02:09+00:00 variant=c_mode4free N=64 reps=3 timeout=20s ===
--- npu-smi (lock entry) ---
+-------------------------------------------------------------------------------------------------+
| npu-smi 25.7.rc1.10                              Version: 25.7.rc1.10                           |
+--------+------------------+---------------+-----------------------------------------------------+
| NPU ID | Name             | Health        | Power(W)    Temp(C)           Hugepages-Usage(page) |
|        |                  | Bus-Id        | NPU Util(%) Memory-Usage(MB)  HBM-Usage(MB)         |
+========+==================+===============+=====================================================+
| 0      | Ascend950PR      | OK            | 262.0       60                0     / 0             |
|        |                  | 0000:61:00.0  | 0           0    / 0          5475  / 131072        |
+========+==================+===============+=====================================================+
+---------------------------+---------------+-----------------------------------------------------+
| NPU ID                    | Process id    | Process name             | Process memory(MB)       |
+===========================+===============+=====================================================+
--- run 1 (timeout 20s) ---
SUMMARY variant=c_mode4free run=1 N=64 total=262144 mismatched=118784 rounds_bad=54 first_bad_round=1 bad_elems_first=2432 sentinel=0 zeros=0 rc=1
exit=1
--- run 2 (timeout 20s) ---
SUMMARY variant=c_mode4free run=2 N=64 total=262144 mismatched=125504 rounds_bad=54 first_bad_round=1 bad_elems_first=128 sentinel=0 zeros=0 rc=1
exit=1
--- run 3 (timeout 20s) ---
SUMMARY variant=c_mode4free run=3 N=64 total=262144 mismatched=115424 rounds_bad=55 first_bad_round=1 bad_elems_first=1024 sentinel=0 zeros=0 rc=1
exit=1
AGG variant=c_mode4free N=64 rc0=0 rc1=3 rc2=0 hang=0 reps=3
