=== lock acquired 2026-10-04T11:42:07+00:00 variant=c_preset N=16 reps=3 timeout=20s ===
--- npu-smi (lock entry) ---
+-------------------------------------------------------------------------------------------------+
| npu-smi 25.7.rc1.10                              Version: 25.7.rc1.10                           |
+--------+------------------+---------------+-----------------------------------------------------+
| NPU ID | Name             | Health        | Power(W)    Temp(C)           Hugepages-Usage(page) |
|        |                  | Bus-Id        | NPU Util(%) Memory-Usage(MB)  HBM-Usage(MB)         |
+========+==================+===============+=====================================================+
| 0      | Ascend950PR      | OK            | 196.9       59                0     / 0             |
|        |                  | 0000:61:00.0  | 0           0    / 0          5242  / 131072        |
+========+==================+===============+=====================================================+
+---------------------------+---------------+-----------------------------------------------------+
| NPU ID                    | Process id    | Process name             | Process memory(MB)       |
+===========================+===============+=====================================================+
--- run 1 (timeout 20s) ---
exit=124
SUMMARY variant=c_preset run=1 HANG=1 rc=124（锁内超时未返回：记「未取得内容读数」，不记「没复现」）
--- run 2 (timeout 20s) ---
exit=124
SUMMARY variant=c_preset run=2 HANG=1 rc=124（锁内超时未返回：记「未取得内容读数」，不记「没复现」）
--- run 3 (timeout 20s) ---
exit=124
SUMMARY variant=c_preset run=3 HANG=1 rc=124（锁内超时未返回：记「未取得内容读数」，不记「没复现」）
AGG variant=c_preset N=16 rc0=0 rc1=0 rc2=0 hang=3 reps=3
