=== lock acquired 2026-10-04T12:12:45+00:00 variant=dbg_rdyonly N=4 reps=3 timeout=20s ===
--- npu-smi (lock entry) ---
+-------------------------------------------------------------------------------------------------+
| npu-smi 25.7.rc1.10                              Version: 25.7.rc1.10                           |
+--------+------------------+---------------+-----------------------------------------------------+
| NPU ID | Name             | Health        | Power(W)    Temp(C)           Hugepages-Usage(page) |
|        |                  | Bus-Id        | NPU Util(%) Memory-Usage(MB)  HBM-Usage(MB)         |
+========+==================+===============+=====================================================+
| 0      | Ascend950PR      | OK            | 195.2       55                0     / 0             |
|        |                  | 0000:61:00.0  | 0           0    / 0          5240  / 131072        |
+========+==================+===============+=====================================================+
+---------------------------+---------------+-----------------------------------------------------+
| NPU ID                    | Process id    | Process name             | Process memory(MB)       |
+===========================+===============+=====================================================+
--- run 1 (timeout 20s) ---
[AIC Block 0/28] [PCT][AIC] enter N=4 variant=10
[AIC Block 0/28] [PCT][AIC] r=0 waitFREE
[AIC Block 0/28] [PCT][AIC] r=0 fixp+setRDY done
[AIC Block 0/28] [PCT][AIC] r=1 waitFREE
[AIC Block 0/28] [PCT][AIC] r=1 fixp+setRDY done
[AIC Block 0/28] [PCT][AIC] r=2 waitFREE
[AIC Block 0/28] [PCT][AIC] r=2 fixp+setRDY done
[AIC Block 0/28] [PCT][AIC] r=3 waitFREE
[AIC Block 0/28] [PCT][AIC] r=3 fixp+setRDY done
[AIC Block 0/28] [PCT][AIC] loop done
[AIV Block 0/56] [PCT][AIV0] enter N=4 variant=10
[AIV Block 0/56] [PCT][AIV0] r=0 waitRDY
[AIV Block 0/56] [PCT][AIV0] r=0 consumed+logged
[AIV Block 0/56] [PCT][AIV0] r=1 waitRDY
[AIV Block 0/56] [PCT][AIV0] r=1 consumed+logged
[AIV Block 0/56] [PCT][AIV0] r=2 waitRDY
[AIV Block 0/56] [PCT][AIV0] r=2 consumed+logged
[AIV Block 0/56] [PCT][AIV0] r=3 waitRDY
[AIV Block 0/56] [PCT][AIV0] r=3 consumed+logged
[AIV Block 0/56] [PCT][AIV0] loop done
[AIV Block 1/56] [PCT][AIV1] enter N=4 variant=10
[AIV Block 1/56] [PCT][AIV1] r=0 waitRDY
[AIV Block 1/56] [PCT][AIV1] r=0 consumed+logged
[AIV Block 1/56] [PCT][AIV1] r=1 waitRDY
[AIV Block 1/56] [PCT][AIV1] r=1 consumed+logged
[AIV Block 1/56] [PCT][AIV1] r=2 waitRDY
[AIV Block 1/56] [PCT][AIV1] r=2 consumed+logged
[AIV Block 1/56] [PCT][AIV1] r=3 waitRDY
[AIV Block 1/56] [PCT][AIV1] r=3 consumed+logged
[AIV Block 1/56] [PCT][AIV1] loop done
SUMMARY variant=dbg_rdyonly run=1 N=4 total=16384 mismatched=0 rounds_bad=0 first_bad_round=-1 bad_elems_first=0 sentinel=0 zeros=0 rc=0
exit=0
--- run 2 (timeout 20s) ---
[AIC Block 0/28] [PCT][AIC] enter N=4 variant=10
[AIC Block 0/28] [PCT][AIC] r=0 waitFREE
[AIC Block 0/28] [PCT][AIC] r=0 fixp+setRDY done
[AIC Block 0/28] [PCT][AIC] r=1 waitFREE
[AIC Block 0/28] [PCT][AIC] r=1 fixp+setRDY done
[AIC Block 0/28] [PCT][AIC] r=2 waitFREE
[AIC Block 0/28] [PCT][AIC] r=2 fixp+setRDY done
[AIC Block 0/28] [PCT][AIC] r=3 waitFREE
[AIC Block 0/28] [PCT][AIC] r=3 fixp+setRDY done
[AIC Block 0/28] [PCT][AIC] loop done
[AIV Block 0/56] [PCT][AIV0] enter N=4 variant=10
[AIV Block 0/56] [PCT][AIV0] r=0 waitRDY
[AIV Block 0/56] [PCT][AIV0] r=0 consumed+logged
[AIV Block 0/56] [PCT][AIV0] r=1 waitRDY
[AIV Block 0/56] [PCT][AIV0] r=1 consumed+logged
[AIV Block 0/56] [PCT][AIV0] r=2 waitRDY
[AIV Block 0/56] [PCT][AIV0] r=2 consumed+logged
[AIV Block 0/56] [PCT][AIV0] r=3 waitRDY
[AIV Block 0/56] [PCT][AIV0] r=3 consumed+logged
[AIV Block 0/56] [PCT][AIV0] loop done
[AIV Block 1/56] [PCT][AIV1] enter N=4 variant=10
[AIV Block 1/56] [PCT][AIV1] r=0 waitRDY
[AIV Block 1/56] [PCT][AIV1] r=0 consumed+logged
[AIV Block 1/56] [PCT][AIV1] r=1 waitRDY
[AIV Block 1/56] [PCT][AIV1] r=1 consumed+logged
[AIV Block 1/56] [PCT][AIV1] r=2 waitRDY
[AIV Block 1/56] [PCT][AIV1] r=2 consumed+logged
[AIV Block 1/56] [PCT][AIV1] r=3 waitRDY
[AIV Block 1/56] [PCT][AIV1] r=3 consumed+logged
[AIV Block 1/56] [PCT][AIV1] loop done
SUMMARY variant=dbg_rdyonly run=2 N=4 total=16384 mismatched=0 rounds_bad=0 first_bad_round=-1 bad_elems_first=0 sentinel=0 zeros=0 rc=0
exit=0
--- run 3 (timeout 20s) ---
[AIC Block 0/28] [PCT][AIC] enter N=4 variant=10
[AIC Block 0/28] [PCT][AIC] r=0 waitFREE
[AIC Block 0/28] [PCT][AIC] r=0 fixp+setRDY done
[AIC Block 0/28] [PCT][AIC] r=1 waitFREE
[AIC Block 0/28] [PCT][AIC] r=1 fixp+setRDY done
[AIC Block 0/28] [PCT][AIC] r=2 waitFREE
[AIC Block 0/28] [PCT][AIC] r=2 fixp+setRDY done
[AIC Block 0/28] [PCT][AIC] r=3 waitFREE
[AIC Block 0/28] [PCT][AIC] r=3 fixp+setRDY done
[AIC Block 0/28] [PCT][AIC] loop done
[AIV Block 0/56] [PCT][AIV0] enter N=4 variant=10
[AIV Block 0/56] [PCT][AIV0] r=0 waitRDY
[AIV Block 0/56] [PCT][AIV0] r=0 consumed+logged
[AIV Block 0/56] [PCT][AIV0] r=1 waitRDY
[AIV Block 0/56] [PCT][AIV0] r=1 consumed+logged
[AIV Block 0/56] [PCT][AIV0] r=2 waitRDY
[AIV Block 0/56] [PCT][AIV0] r=2 consumed+logged
[AIV Block 0/56] [PCT][AIV0] r=3 waitRDY
[AIV Block 0/56] [PCT][AIV0] r=3 consumed+logged
[AIV Block 0/56] [PCT][AIV0] loop done
[AIV Block 1/56] [PCT][AIV1] enter N=4 variant=10
[AIV Block 1/56] [PCT][AIV1] r=0 waitRDY
[AIV Block 1/56] [PCT][AIV1] r=0 consumed+logged
[AIV Block 1/56] [PCT][AIV1] r=1 waitRDY
[AIV Block 1/56] [PCT][AIV1] r=1 consumed+logged
[AIV Block 1/56] [PCT][AIV1] r=2 waitRDY
[AIV Block 1/56] [PCT][AIV1] r=2 consumed+logged
[AIV Block 1/56] [PCT][AIV1] r=3 waitRDY
[AIV Block 1/56] [PCT][AIV1] r=3 consumed+logged
[AIV Block 1/56] [PCT][AIV1] loop done
SUMMARY variant=dbg_rdyonly run=3 N=4 total=16384 mismatched=0 rounds_bad=0 first_bad_round=-1 bad_elems_first=0 sentinel=0 zeros=0 rc=0
exit=0
AGG variant=dbg_rdyonly N=4 rc0=3 rc1=0 rc2=0 hang=0 reps=3
