=== lock acquired 2026-10-04T11:36:23+00:00 variant=dbg_nosync N=16 reps=3 timeout=20s ===
--- npu-smi (lock entry) ---
+-------------------------------------------------------------------------------------------------+
| npu-smi 25.7.rc1.10                              Version: 25.7.rc1.10                           |
+--------+------------------+---------------+-----------------------------------------------------+
| NPU ID | Name             | Health        | Power(W)    Temp(C)           Hugepages-Usage(page) |
|        |                  | Bus-Id        | NPU Util(%) Memory-Usage(MB)  HBM-Usage(MB)         |
+========+==================+===============+=====================================================+
| 0      | Ascend950PR      | OK            | 196.5       58                0     / 0             |
|        |                  | 0000:61:00.0  | 0           0    / 0          5242  / 131072        |
+========+==================+===============+=====================================================+
+---------------------------+---------------+-----------------------------------------------------+
| NPU ID                    | Process id    | Process name             | Process memory(MB)       |
+===========================+===============+=====================================================+
--- run 1 (timeout 20s) ---
SUMMARY variant=dbg_nosync run=1 N=16 total=65536 mismatched=34240 rounds_bad=16 first_bad_round=0 bad_elems_first=4096 sentinel=6144 zeros=0 rc=1
exit=1
--- run 2 (timeout 20s) ---
SUMMARY variant=dbg_nosync run=2 N=16 total=65536 mismatched=65536 rounds_bad=16 first_bad_round=0 bad_elems_first=4096 sentinel=65536 zeros=0 rc=1
exit=1
--- run 3 (timeout 20s) ---
SUMMARY variant=dbg_nosync run=3 N=16 total=65536 mismatched=62176 rounds_bad=16 first_bad_round=0 bad_elems_first=4096 sentinel=58816 zeros=0 rc=1
exit=1
AGG variant=dbg_nosync N=16 rc0=0 rc1=3 rc2=0 hang=0 reps=3
