S=1024 M=1024 L=8 steps=40000 lr=0.001 homo=0.6 clip=1 cos=1 qat=0 prec=0
step      1  loss 3.476241e-09  relPJ 1.4137  a 1.000 b 0.000  train_ms 0.0  ms/step 0.000
step    100  loss 4.520334e-03  relPJ 1.4051  a 0.992 b 0.006  train_ms 654.7  ms/step 6.613
step    200  loss 6.654516e-04  relPJ 1.4024  a 0.991 b 0.008  train_ms 1316.2  ms/step 6.614
step    300  loss 7.567289e-05  relPJ 1.3968  a 0.988 b 0.012  train_ms 1977.6  ms/step 6.614
step    400  loss 2.855371e-05  relPJ 1.3909  a 0.984 b 0.016  train_ms 2639.0  ms/step 6.614
step    500  loss 2.843935e-05  relPJ 1.3850  a 0.979 b 0.021  train_ms 3300.5  ms/step 6.614
step    600  loss 3.316688e-05  relPJ 1.3791  a 0.975 b 0.025  train_ms 3962.0  ms/step 6.614
step    700  loss 3.570669e-05  relPJ 1.3732  a 0.971 b 0.029  train_ms 4623.5  ms/step 6.614
step    800  loss 3.778117e-05  relPJ 1.3673  a 0.967 b 0.033  train_ms 5285.0  ms/step 6.615
step    900  loss 3.908498e-05  relPJ 1.3614  a 0.963 b 0.037  train_ms 5946.5  ms/step 6.615
step   1000  loss 4.116732e-05  relPJ 1.3555  a 0.958 b 0.042  train_ms 6608.0  ms/step 6.615
step   1100  loss 4.325785e-05  relPJ 1.3496  a 0.954 b 0.046  train_ms 7269.5  ms/step 6.615
step   1200  loss 4.462533e-05  relPJ 1.3437  a 0.950 b 0.050  train_ms 7931.1  ms/step 6.615
step   1300  loss 4.732292e-05  relPJ 1.3378  a 0.946 b 0.054  train_ms 8593.2  ms/step 6.615
step   1400  loss 4.946271e-05  relPJ 1.3319  a 0.942 b 0.058  train_ms 9255.4  ms/step 6.616
step   1500  loss 5.145287e-05  relPJ 1.3260  a 0.938 b 0.062  train_ms 9917.4  ms/step 6.616
step   1600  loss 5.420273e-05  relPJ 1.3201  a 0.933 b 0.067  train_ms 10579.3  ms/step 6.616
step   1700  loss 5.563472e-05  relPJ 1.3142  a 0.929 b 0.071  train_ms 11241.4  ms/step 6.616
step   1800  loss 5.855729e-05  relPJ 1.3083  a 0.925 b 0.075  train_ms 11903.6  ms/step 6.617
step   1900  loss 6.074021e-05  relPJ 1.3024  a 0.921 b 0.079  train_ms 12565.9  ms/step 6.617
step   2000  loss 6.218565e-05  relPJ 1.2965  a 0.917 b 0.083  train_ms 13228.2  ms/step 6.617
step   2100  loss 6.480432e-05  relPJ 1.2906  a 0.913 b 0.087  train_ms 13890.4  ms/step 6.618
step   2200  loss 6.714763e-05  relPJ 1.2847  a 0.908 b 0.092  train_ms 14552.4  ms/step 6.618
step   2300  loss 6.876037e-05  relPJ 1.2788  a 0.904 b 0.096  train_ms 15214.7  ms/step 6.618
step   2400  loss 7.236300e-05  relPJ 1.2729  a 0.900 b 0.100  train_ms 15877.5  ms/step 6.618
step   2500  loss 7.370552e-05  relPJ 1.2670  a 0.896 b 0.104  train_ms 16541.0  ms/step 6.619
step   2600  loss 7.525204e-05  relPJ 1.2611  a 0.892 b 0.108  train_ms 17204.4  ms/step 6.620
step   2700  loss 7.734223e-05  relPJ 1.2552  a 0.888 b 0.112  train_ms 17867.8  ms/step 6.620
step   2800  loss 7.988294e-05  relPJ 1.2493  a 0.883 b 0.117  train_ms 18531.1  ms/step 6.621
step   2900  loss 8.138684e-05  relPJ 1.2434  a 0.879 b 0.121  train_ms 19192.8  ms/step 6.620
step   3000  loss 8.297522e-05  relPJ 1.2375  a 0.875 b 0.125  train_ms 19854.4  ms/step 6.620
step   3100  loss 8.495682e-05  relPJ 1.2316  a 0.871 b 0.129  train_ms 20516.8  ms/step 6.620
step   3200  loss 8.528429e-05  relPJ 1.2258  a 0.867 b 0.133  train_ms 21180.3  ms/step 6.621
step   3300  loss 8.807324e-05  relPJ 1.2199  a 0.863 b 0.137  train_ms 21843.8  ms/step 6.621
step   3400  loss 9.008408e-05  relPJ 1.2140  a 0.858 b 0.142  train_ms 22507.3  ms/step 6.622
step   3500  loss 9.210474e-05  relPJ 1.2081  a 0.854 b 0.146  train_ms 23170.9  ms/step 6.622
step   3600  loss 9.255752e-05  relPJ 1.2022  a 0.850 b 0.150  train_ms 23834.4  ms/step 6.623
step   3700  loss 9.515887e-05  relPJ 1.1963  a 0.846 b 0.154  train_ms 24497.3  ms/step 6.623
step   3800  loss 9.624044e-05  relPJ 1.1904  a 0.842 b 0.158  train_ms 25159.2  ms/step 6.623
step   3900  loss 9.903669e-05  relPJ 1.1845  a 0.838 b 0.162  train_ms 25822.9  ms/step 6.623
step   4000  loss 9.913174e-05  relPJ 1.1786  a 0.833 b 0.167  train_ms 26486.4  ms/step 6.623
step   4100  loss 1.013036e-04  relPJ 1.1727  a 0.829 b 0.171  train_ms 27149.9  ms/step 6.624
step   4200  loss 1.023288e-04  relPJ 1.1668  a 0.825 b 0.175  train_ms 27813.4  ms/step 6.624
step   4300  loss 1.040446e-04  relPJ 1.1609  a 0.821 b 0.179  train_ms 28476.7  ms/step 6.624
step   4400  loss 1.076587e-04  relPJ 1.1550  a 0.817 b 0.183  train_ms 29140.3  ms/step 6.624
step   4500  loss 1.063206e-04  relPJ 1.1491  a 0.813 b 0.187  train_ms 29803.0  ms/step 6.624
step   4600  loss 1.090112e-04  relPJ 1.1432  a 0.808 b 0.192  train_ms 30464.9  ms/step 6.624
step   4700  loss 1.090451e-04  relPJ 1.1374  a 0.804 b 0.196  train_ms 31126.8  ms/step 6.624
step   4800  loss 1.108660e-04  relPJ 1.1314  a 0.800 b 0.200  train_ms 31790.2  ms/step 6.624
step   4900  loss 1.121168e-04  relPJ 1.1255  a 0.796 b 0.204  train_ms 32453.8  ms/step 6.625
step   5000  loss 1.133381e-04  relPJ 1.1197  a 0.792 b 0.208  train_ms 33117.4  ms/step 6.625
step   5100  loss 1.145916e-04  relPJ 1.1137  a 0.788 b 0.212  train_ms 33781.0  ms/step 6.625
step   5200  loss 1.170950e-04  relPJ 1.1079  a 0.783 b 0.217  train_ms 34444.7  ms/step 6.625
step   5300  loss 1.176897e-04  relPJ 1.1020  a 0.779 b 0.221  train_ms 35108.2  ms/step 6.625
step   5400  loss 1.192340e-04  relPJ 1.0961  a 0.775 b 0.225  train_ms 35771.8  ms/step 6.626
step   5500  loss 1.196426e-04  relPJ 1.0902  a 0.771 b 0.229  train_ms 36435.4  ms/step 6.626
step   5600  loss 1.222535e-04  relPJ 1.0843  a 0.767 b 0.233  train_ms 37098.0  ms/step 6.626
step   5700  loss 1.230809e-04  relPJ 1.0784  a 0.763 b 0.237  train_ms 37759.9  ms/step 6.626
step   5800  loss 1.244620e-04  relPJ 1.0725  a 0.758 b 0.242  train_ms 38421.8  ms/step 6.626
step   5900  loss 1.236574e-04  relPJ 1.0666  a 0.754 b 0.246  train_ms 39083.7  ms/step 6.625
step   6000  loss 1.257702e-04  relPJ 1.0607  a 0.750 b 0.250  train_ms 39745.5  ms/step 6.625
step   6100  loss 1.252153e-04  relPJ 1.0548  a 0.746 b 0.254  train_ms 40407.4  ms/step 6.625
step   6200  loss 1.273019e-04  relPJ 1.0489  a 0.742 b 0.258  train_ms 41069.7  ms/step 6.625
step   6300  loss 1.281946e-04  relPJ 1.0430  a 0.738 b 0.262  train_ms 41733.2  ms/step 6.625
step   6400  loss 1.299418e-04  relPJ 1.0371  a 0.733 b 0.267  train_ms 42396.8  ms/step 6.626
step   6500  loss 1.307425e-04  relPJ 1.0312  a 0.729 b 0.271  train_ms 43060.6  ms/step 6.626
step   6600  loss 1.323762e-04  relPJ 1.0254  a 0.725 b 0.275  train_ms 43724.5  ms/step 6.626
step   6700  loss 1.317040e-04  relPJ 1.0195  a 0.721 b 0.279  train_ms 44388.0  ms/step 6.626
step   6800  loss 1.318142e-04  relPJ 1.0136  a 0.717 b 0.283  train_ms 45051.8  ms/step 6.626
step   6900  loss 1.348787e-04  relPJ 1.0077  a 0.713 b 0.287  train_ms 45715.5  ms/step 6.626
step   7000  loss 1.360001e-04  relPJ 1.0018  a 0.708 b 0.292  train_ms 46379.2  ms/step 6.627
step   7100  loss 1.362286e-04  relPJ 0.9959  a 0.704 b 0.296  train_ms 47042.9  ms/step 6.627
step   7200  loss 1.362652e-04  relPJ 0.9900  a 0.700 b 0.300  train_ms 47706.7  ms/step 6.627
step   7300  loss 1.379901e-04  relPJ 0.9841  a 0.696 b 0.304  train_ms 48370.3  ms/step 6.627
step   7400  loss 1.356909e-04  relPJ 0.9782  a 0.692 b 0.308  train_ms 49034.0  ms/step 6.627
step   7500  loss 1.380937e-04  relPJ 0.9723  a 0.688 b 0.312  train_ms 49697.4  ms/step 6.627
step   7600  loss 1.390884e-04  relPJ 0.9664  a 0.683 b 0.317  train_ms 50359.4  ms/step 6.627
step   7700  loss 1.387292e-04  relPJ 0.9605  a 0.679 b 0.321  train_ms 51021.3  ms/step 6.627
step   7800  loss 1.402158e-04  relPJ 0.9546  a 0.675 b 0.325  train_ms 51683.2  ms/step 6.627
step   7900  loss 1.382092e-04  relPJ 0.9487  a 0.671 b 0.329  train_ms 52345.2  ms/step 6.627
step   8000  loss 1.397343e-04  relPJ 0.9429  a 0.667 b 0.333  train_ms 53007.1  ms/step 6.627
step   8100  loss 1.401210e-04  relPJ 0.9370  a 0.663 b 0.337  train_ms 53668.9  ms/step 6.627
step   8200  loss 1.407205e-04  relPJ 0.9311  a 0.658 b 0.342  train_ms 54331.0  ms/step 6.627
step   8300  loss 1.405570e-04  relPJ 0.9252  a 0.654 b 0.346  train_ms 54993.0  ms/step 6.626
step   8400  loss 1.403932e-04  relPJ 0.9193  a 0.650 b 0.350  train_ms 55655.0  ms/step 6.626
step   8500  loss 1.433955e-04  relPJ 0.9134  a 0.646 b 0.354  train_ms 56317.1  ms/step 6.626
step   8600  loss 1.426105e-04  relPJ 0.9075  a 0.642 b 0.358  train_ms 56979.2  ms/step 6.626
step   8700  loss 1.417151e-04  relPJ 0.9017  a 0.638 b 0.362  train_ms 57641.1  ms/step 6.626
step   8800  loss 1.430738e-04  relPJ 0.8957  a 0.633 b 0.367  train_ms 58303.2  ms/step 6.626
step   8900  loss 1.437513e-04  relPJ 0.8898  a 0.629 b 0.371  train_ms 58965.2  ms/step 6.626
step   9000  loss 1.449850e-04  relPJ 0.8839  a 0.625 b 0.375  train_ms 59627.2  ms/step 6.626
step   9100  loss 1.442686e-04  relPJ 0.8780  a 0.621 b 0.379  train_ms 60289.2  ms/step 6.626
step   9200  loss 1.433634e-04  relPJ 0.8721  a 0.617 b 0.383  train_ms 60951.2  ms/step 6.626
step   9300  loss 1.450358e-04  relPJ 0.8663  a 0.613 b 0.387  train_ms 61613.5  ms/step 6.626
step   9400  loss 1.448862e-04  relPJ 0.8603  a 0.608 b 0.392  train_ms 62275.6  ms/step 6.626
step   9500  loss 1.427008e-04  relPJ 0.8545  a 0.604 b 0.396  train_ms 62937.6  ms/step 6.626
step   9600  loss 1.444705e-04  relPJ 0.8486  a 0.600 b 0.400  train_ms 63599.6  ms/step 6.626
step   9700  loss 1.429732e-04  relPJ 0.8427  a 0.596 b 0.404  train_ms 64261.7  ms/step 6.626
step   9800  loss 1.459411e-04  relPJ 0.8368  a 0.592 b 0.408  train_ms 64923.6  ms/step 6.626
step   9900  loss 1.443272e-04  relPJ 0.8309  a 0.587 b 0.412  train_ms 65585.6  ms/step 6.625
step  10000  loss 1.432668e-04  relPJ 0.8250  a 0.583 b 0.417  train_ms 66247.6  ms/step 6.625
step  10100  loss 1.444527e-04  relPJ 0.8191  a 0.579 b 0.421  train_ms 66909.6  ms/step 6.625
step  10200  loss 1.437277e-04  relPJ 0.8132  a 0.575 b 0.425  train_ms 67571.5  ms/step 6.625
step  10300  loss 1.441493e-04  relPJ 0.8073  a 0.571 b 0.429  train_ms 68233.6  ms/step 6.625
step  10400  loss 1.432048e-04  relPJ 0.8014  a 0.567 b 0.433  train_ms 68895.6  ms/step 6.625
step  10500  loss 1.435389e-04  relPJ 0.7955  a 0.563 b 0.437  train_ms 69557.6  ms/step 6.625
step  10600  loss 1.444475e-04  relPJ 0.7897  a 0.558 b 0.442  train_ms 70219.6  ms/step 6.625
step  10700  loss 1.413212e-04  relPJ 0.7837  a 0.554 b 0.446  train_ms 70881.7  ms/step 6.625
step  10800  loss 1.418444e-04  relPJ 0.7778  a 0.550 b 0.450  train_ms 71543.8  ms/step 6.625
step  10900  loss 1.410538e-04  relPJ 0.7720  a 0.546 b 0.454  train_ms 72205.9  ms/step 6.625
step  11000  loss 1.415570e-04  relPJ 0.7661  a 0.542 b 0.458  train_ms 72867.9  ms/step 6.625
step  11100  loss 1.390069e-04  relPJ 0.7602  a 0.538 b 0.462  train_ms 73529.9  ms/step 6.625
step  11200  loss 1.390641e-04  relPJ 0.7543  a 0.533 b 0.467  train_ms 74192.0  ms/step 6.625
step  11300  loss 1.364432e-04  relPJ 0.7484  a 0.529 b 0.471  train_ms 74854.0  ms/step 6.625
step  11400  loss 1.381104e-04  relPJ 0.7425  a 0.525 b 0.475  train_ms 75516.1  ms/step 6.625
step  11500  loss 1.344428e-04  relPJ 0.7366  a 0.521 b 0.479  train_ms 76178.5  ms/step 6.625
step  11600  loss 1.323684e-04  relPJ 0.7307  a 0.517 b 0.483  train_ms 76840.4  ms/step 6.625
step  11700  loss 1.333145e-04  relPJ 0.7249  a 0.513 b 0.487  train_ms 77502.3  ms/step 6.625
step  11800  loss 1.312992e-04  relPJ 0.7189  a 0.508 b 0.492  train_ms 78164.2  ms/step 6.625
step  11900  loss 1.290968e-04  relPJ 0.7130  a 0.504 b 0.496  train_ms 78826.3  ms/step 6.625
step  12000  loss 1.271412e-04  relPJ 0.7072  a 0.500 b 0.500  train_ms 79488.4  ms/step 6.625
step  12100  loss 1.283783e-04  relPJ 0.7014  a 0.496 b 0.504  train_ms 80150.2  ms/step 6.625
step  12200  loss 1.293157e-04  relPJ 0.6956  a 0.492 b 0.508  train_ms 80812.2  ms/step 6.624
step  12300  loss 1.305343e-04  relPJ 0.6896  a 0.488 b 0.512  train_ms 81474.3  ms/step 6.624
step  12400  loss 1.308876e-04  relPJ 0.6838  a 0.484 b 0.516  train_ms 82136.3  ms/step 6.624
step  12500  loss 1.347913e-04  relPJ 0.6779  a 0.479 b 0.521  train_ms 82798.4  ms/step 6.624
step  12600  loss 1.363819e-04  relPJ 0.6721  a 0.475 b 0.525  train_ms 83460.4  ms/step 6.624
step  12700  loss 1.374734e-04  relPJ 0.6662  a 0.471 b 0.529  train_ms 84122.3  ms/step 6.624
step  12800  loss 1.376732e-04  relPJ 0.6604  a 0.467 b 0.533  train_ms 84784.6  ms/step 6.624
step  12900  loss 1.382758e-04  relPJ 0.6544  a 0.463 b 0.537  train_ms 85446.7  ms/step 6.624
step  13000  loss 1.388517e-04  relPJ 0.6486  a 0.459 b 0.541  train_ms 86108.7  ms/step 6.624
step  13100  loss 1.403824e-04  relPJ 0.6427  a 0.454 b 0.545  train_ms 86770.8  ms/step 6.624
step  13200  loss 1.418391e-04  relPJ 0.6368  a 0.450 b 0.550  train_ms 87432.9  ms/step 6.624
step  13300  loss 1.442224e-04  relPJ 0.6309  a 0.446 b 0.554  train_ms 88094.9  ms/step 6.624
step  13400  loss 1.450864e-04  relPJ 0.6250  a 0.442 b 0.558  train_ms 88756.9  ms/step 6.624
step  13500  loss 1.467257e-04  relPJ 0.6191  a 0.438 b 0.562  train_ms 89418.9  ms/step 6.624
step  13600  loss 1.489099e-04  relPJ 0.6132  a 0.434 b 0.566  train_ms 90080.9  ms/step 6.624
step  13700  loss 1.493195e-04  relPJ 0.6073  a 0.429 b 0.571  train_ms 90743.0  ms/step 6.624
step  13800  loss 1.495021e-04  relPJ 0.6014  a 0.425 b 0.575  train_ms 91405.0  ms/step 6.624
step  13900  loss 1.496519e-04  relPJ 0.5955  a 0.421 b 0.579  train_ms 92066.9  ms/step 6.624
step  14000  loss 1.504868e-04  relPJ 0.5896  a 0.417 b 0.583  train_ms 92729.1  ms/step 6.624
step  14100  loss 1.518366e-04  relPJ 0.5837  a 0.413 b 0.587  train_ms 93391.2  ms/step 6.624
step  14200  loss 1.524337e-04  relPJ 0.5777  a 0.408 b 0.591  train_ms 94053.4  ms/step 6.624
step  14300  loss 1.512415e-04  relPJ 0.5718  a 0.404 b 0.596  train_ms 94715.4  ms/step 6.624
step  14400  loss 1.526629e-04  relPJ 0.5659  a 0.400 b 0.600  train_ms 95377.7  ms/step 6.624
step  14500  loss 1.545350e-04  relPJ 0.5601  a 0.396 b 0.604  train_ms 96039.7  ms/step 6.624
step  14600  loss 1.535309e-04  relPJ 0.5542  a 0.392 b 0.608  train_ms 96701.8  ms/step 6.624
step  14700  loss 1.525148e-04  relPJ 0.5482  a 0.388 b 0.612  train_ms 97363.9  ms/step 6.624
step  14800  loss 1.537998e-04  relPJ 0.5423  a 0.383 b 0.616  train_ms 98026.0  ms/step 6.624
step  14900  loss 1.516764e-04  relPJ 0.5364  a 0.379 b 0.621  train_ms 98688.1  ms/step 6.624
step  15000  loss 1.527454e-04  relPJ 0.5306  a 0.375 b 0.625  train_ms 99350.2  ms/step 6.624
step  15100  loss 1.532677e-04  relPJ 0.5247  a 0.371 b 0.629  train_ms 100012.3  ms/step 6.624
step  15200  loss 1.529062e-04  relPJ 0.5188  a 0.367 b 0.633  train_ms 100674.4  ms/step 6.624
step  15300  loss 1.511935e-04  relPJ 0.5129  a 0.363 b 0.637  train_ms 101336.5  ms/step 6.624
step  15400  loss 1.515827e-04  relPJ 0.5070  a 0.358 b 0.642  train_ms 101998.5  ms/step 6.624
step  15500  loss 1.530792e-04  relPJ 0.5011  a 0.354 b 0.646  train_ms 102660.5  ms/step 6.624
step  15600  loss 1.507522e-04  relPJ 0.4951  a 0.350 b 0.650  train_ms 103322.9  ms/step 6.624
step  15700  loss 1.505847e-04  relPJ 0.4892  a 0.346 b 0.654  train_ms 103985.0  ms/step 6.624
step  15800  loss 1.490149e-04  relPJ 0.4833  a 0.342 b 0.658  train_ms 104647.1  ms/step 6.624
step  15900  loss 1.495130e-04  relPJ 0.4774  a 0.338 b 0.662  train_ms 105309.2  ms/step 6.624
step  16000  loss 1.479734e-04  relPJ 0.4716  a 0.333 b 0.667  train_ms 105971.4  ms/step 6.624
step  16100  loss 1.473498e-04  relPJ 0.4657  a 0.329 b 0.671  train_ms 106633.4  ms/step 6.624
step  16200  loss 1.473899e-04  relPJ 0.4598  a 0.325 b 0.675  train_ms 107295.4  ms/step 6.624
step  16300  loss 1.471172e-04  relPJ 0.4539  a 0.321 b 0.679  train_ms 107957.6  ms/step 6.624
step  16400  loss 1.460151e-04  relPJ 0.4480  a 0.317 b 0.683  train_ms 108619.8  ms/step 6.624
step  16500  loss 1.462304e-04  relPJ 0.4421  a 0.313 b 0.687  train_ms 109282.2  ms/step 6.624
step  16600  loss 1.456134e-04  relPJ 0.4362  a 0.308 b 0.692  train_ms 109944.3  ms/step 6.624
step  16700  loss 1.458288e-04  relPJ 0.4303  a 0.304 b 0.696  train_ms 110606.4  ms/step 6.624
step  16800  loss 1.440390e-04  relPJ 0.4244  a 0.300 b 0.700  train_ms 111268.7  ms/step 6.624
step  16900  loss 1.443557e-04  relPJ 0.4185  a 0.296 b 0.704  train_ms 111930.8  ms/step 6.624
step  17000  loss 1.430612e-04  relPJ 0.4126  a 0.292 b 0.708  train_ms 112592.9  ms/step 6.624
step  17100  loss 1.422082e-04  relPJ 0.4067  a 0.288 b 0.712  train_ms 113255.3  ms/step 6.624
step  17200  loss 1.420143e-04  relPJ 0.4008  a 0.283 b 0.717  train_ms 113918.2  ms/step 6.624
step  17300  loss 1.418219e-04  relPJ 0.3949  a 0.279 b 0.721  train_ms 114581.1  ms/step 6.624
step  17400  loss 1.389977e-04  relPJ 0.3890  a 0.275 b 0.725  train_ms 115244.0  ms/step 6.624
step  17500  loss 1.391586e-04  relPJ 0.3831  a 0.271 b 0.729  train_ms 115906.2  ms/step 6.624
step  17600  loss 1.381164e-04  relPJ 0.3772  a 0.267 b 0.733  train_ms 116568.4  ms/step 6.624
step  17700  loss 1.359313e-04  relPJ 0.3713  a 0.263 b 0.737  train_ms 117231.2  ms/step 6.624
step  17800  loss 1.368255e-04  relPJ 0.3654  a 0.258 b 0.742  train_ms 117894.2  ms/step 6.624
step  17900  loss 1.352774e-04  relPJ 0.3596  a 0.254 b 0.746  train_ms 118557.1  ms/step 6.624
step  18000  loss 1.356791e-04  relPJ 0.3537  a 0.250 b 0.750  train_ms 119219.8  ms/step 6.624
step  18100  loss 1.341422e-04  relPJ 0.3477  a 0.246 b 0.754  train_ms 119882.3  ms/step 6.624
step  18200  loss 1.321166e-04  relPJ 0.3418  a 0.242 b 0.758  train_ms 120544.9  ms/step 6.624
step  18300  loss 1.304482e-04  relPJ 0.3360  a 0.238 b 0.762  train_ms 121207.8  ms/step 6.624
step  18400  loss 1.296913e-04  relPJ 0.3300  a 0.233 b 0.767  train_ms 121870.6  ms/step 6.624
step  18500  loss 1.289256e-04  relPJ 0.3242  a 0.229 b 0.771  train_ms 122533.5  ms/step 6.624
step  18600  loss 1.277695e-04  relPJ 0.3183  a 0.225 b 0.775  train_ms 123196.5  ms/step 6.624
step  18700  loss 1.255883e-04  relPJ 0.3124  a 0.221 b 0.779  train_ms 123859.5  ms/step 6.624
step  18800  loss 1.240132e-04  relPJ 0.3065  a 0.217 b 0.783  train_ms 124522.5  ms/step 6.624
step  18900  loss 1.220527e-04  relPJ 0.3006  a 0.213 b 0.787  train_ms 125185.5  ms/step 6.624
step  19000  loss 1.191414e-04  relPJ 0.2947  a 0.208 b 0.792  train_ms 125848.4  ms/step 6.624
step  19100  loss 1.187376e-04  relPJ 0.2888  a 0.204 b 0.796  train_ms 126511.4  ms/step 6.624
step  19200  loss 1.165535e-04  relPJ 0.2829  a 0.200 b 0.800  train_ms 127174.2  ms/step 6.624
step  19300  loss 1.154042e-04  relPJ 0.2770  a 0.196 b 0.804  train_ms 127837.1  ms/step 6.624
step  19400  loss 1.131305e-04  relPJ 0.2712  a 0.192 b 0.808  train_ms 128500.1  ms/step 6.624
step  19500  loss 1.122428e-04  relPJ 0.2652  a 0.188 b 0.812  train_ms 129163.0  ms/step 6.624
step  19600  loss 1.117425e-04  relPJ 0.2593  a 0.183 b 0.817  train_ms 129826.0  ms/step 6.624
step  19700  loss 1.096528e-04  relPJ 0.2534  a 0.179 b 0.821  train_ms 130488.7  ms/step 6.624
step  19800  loss 1.073059e-04  relPJ 0.2476  a 0.175 b 0.825  train_ms 131151.7  ms/step 6.624
step  19900  loss 1.064496e-04  relPJ 0.2416  a 0.171 b 0.829  train_ms 131814.6  ms/step 6.624
step  20000  loss 1.040304e-04  relPJ 0.2358  a 0.167 b 0.833  train_ms 132477.5  ms/step 6.624
step  20100  loss 1.045768e-04  relPJ 0.2298  a 0.162 b 0.837  train_ms 133140.4  ms/step 6.624
step  20200  loss 1.011126e-04  relPJ 0.2240  a 0.158 b 0.842  train_ms 133803.3  ms/step 6.624
step  20300  loss 1.015432e-04  relPJ 0.2181  a 0.154 b 0.846  train_ms 134466.2  ms/step 6.624
step  20400  loss 9.872013e-05  relPJ 0.2122  a 0.150 b 0.850  train_ms 135129.1  ms/step 6.624
step  20500  loss 9.763798e-05  relPJ 0.2063  a 0.146 b 0.854  train_ms 135792.4  ms/step 6.624
step  20600  loss 9.715105e-05  relPJ 0.2004  a 0.142 b 0.858  train_ms 136455.3  ms/step 6.624
step  20700  loss 9.509525e-05  relPJ 0.1946  a 0.138 b 0.862  train_ms 137118.2  ms/step 6.624
step  20800  loss 9.373356e-05  relPJ 0.1887  a 0.133 b 0.867  train_ms 137781.1  ms/step 6.624
step  20900  loss 9.287368e-05  relPJ 0.1827  a 0.129 b 0.871  train_ms 138444.0  ms/step 6.624
step  21000  loss 9.165547e-05  relPJ 0.1768  a 0.125 b 0.875  train_ms 139107.1  ms/step 6.624
step  21100  loss 9.070397e-05  relPJ 0.1710  a 0.121 b 0.879  train_ms 139769.8  ms/step 6.624
step  21200  loss 8.907284e-05  relPJ 0.1651  a 0.117 b 0.883  train_ms 140432.7  ms/step 6.624
step  21300  loss 8.908496e-05  relPJ 0.1592  a 0.113 b 0.887  train_ms 141095.6  ms/step 6.625
step  21400  loss 8.779196e-05  relPJ 0.1533  a 0.108 b 0.892  train_ms 141758.6  ms/step 6.625
step  21500  loss 8.690118e-05  relPJ 0.1474  a 0.104 b 0.896  train_ms 142421.5  ms/step 6.625
step  21600  loss 8.569723e-05  relPJ 0.1415  a 0.100 b 0.900  train_ms 143084.5  ms/step 6.625
step  21700  loss 8.510719e-05  relPJ 0.1357  a 0.096 b 0.904  train_ms 143747.4  ms/step 6.625
step  21800  loss 8.535280e-05  relPJ 0.1298  a 0.092 b 0.908  train_ms 144410.1  ms/step 6.625
step  21900  loss 8.398398e-05  relPJ 0.1239  a 0.087 b 0.912  train_ms 145073.4  ms/step 6.625
step  22000  loss 8.351438e-05  relPJ 0.1181  a 0.083 b 0.917  train_ms 145736.3  ms/step 6.625
step  22100  loss 8.281879e-05  relPJ 0.1122  a 0.079 b 0.921  train_ms 146399.3  ms/step 6.625
step  22200  loss 8.135666e-05  relPJ 0.1063  a 0.075 b 0.925  train_ms 147062.1  ms/step 6.625
step  22300  loss 8.043896e-05  relPJ 0.1004  a 0.071 b 0.929  train_ms 147725.0  ms/step 6.625
step  22400  loss 8.000286e-05  relPJ 0.0946  a 0.067 b 0.933  train_ms 148388.0  ms/step 6.625
step  22500  loss 7.888749e-05  relPJ 0.0887  a 0.063 b 0.937  train_ms 149050.9  ms/step 6.625
step  22600  loss 7.899314e-05  relPJ 0.0828  a 0.058 b 0.942  train_ms 149713.9  ms/step 6.625
step  22700  loss 7.597660e-05  relPJ 0.0770  a 0.054 b 0.946  train_ms 150376.8  ms/step 6.625
step  22800  loss 7.675032e-05  relPJ 0.0711  a 0.050 b 0.950  train_ms 151039.7  ms/step 6.625
step  22900  loss 7.597347e-05  relPJ 0.0653  a 0.046 b 0.954  train_ms 151702.6  ms/step 6.625
step  23000  loss 7.393512e-05  relPJ 0.0595  a 0.042 b 0.958  train_ms 152365.4  ms/step 6.625
step  23100  loss 7.349792e-05  relPJ 0.0537  a 0.038 b 0.962  train_ms 153028.2  ms/step 6.625
step  23200  loss 7.221380e-05  relPJ 0.0478  a 0.033 b 0.967  train_ms 153691.1  ms/step 6.625
step  23300  loss 7.144531e-05  relPJ 0.0421  a 0.029 b 0.971  train_ms 154354.0  ms/step 6.625
step  23400  loss 7.133373e-05  relPJ 0.0363  a 0.025 b 0.975  train_ms 155017.0  ms/step 6.625
step  23500  loss 7.013897e-05  relPJ 0.0306  a 0.021 b 0.979  train_ms 155679.9  ms/step 6.625
step  23600  loss 7.005059e-05  relPJ 0.0250  a 0.017 b 0.983  train_ms 156342.9  ms/step 6.625
step  23700  loss 6.935070e-05  relPJ 0.0195  a 0.012 b 0.988  train_ms 157005.8  ms/step 6.625
step  23800  loss 6.745392e-05  relPJ 0.0144  a 0.008 b 0.992  train_ms 157668.8  ms/step 6.625
step  23900  loss 6.683382e-05  relPJ 0.0101  a 0.004 b 0.996  train_ms 158331.8  ms/step 6.625
step  24000  loss 6.627113e-05  relPJ 0.0081  a 0.000 b 1.000  train_ms 158994.8  ms/step 6.625
step  24100  loss 6.525264e-05  relPJ 0.0080  a 0.000 b 1.000  train_ms 159657.8  ms/step 6.625
step  24200  loss 6.318655e-05  relPJ 0.0080  a 0.000 b 1.000  train_ms 160320.8  ms/step 6.625
step  24300  loss 6.213626e-05  relPJ 0.0079  a 0.000 b 1.000  train_ms 160983.7  ms/step 6.625
step  24400  loss 6.093909e-05  relPJ 0.0078  a 0.000 b 1.000  train_ms 161646.6  ms/step 6.625
step  24500  loss 5.903050e-05  relPJ 0.0077  a 0.000 b 1.000  train_ms 162309.6  ms/step 6.625
step  24600  loss 5.854577e-05  relPJ 0.0077  a 0.000 b 1.000  train_ms 162972.6  ms/step 6.625
step  24700  loss 5.695601e-05  relPJ 0.0076  a 0.000 b 1.000  train_ms 163635.6  ms/step 6.625
step  24800  loss 5.635505e-05  relPJ 0.0075  a 0.000 b 1.000  train_ms 164298.6  ms/step 6.625
step  24900  loss 5.468050e-05  relPJ 0.0074  a 0.000 b 1.000  train_ms 164961.4  ms/step 6.625
step  25000  loss 5.338019e-05  relPJ 0.0073  a 0.000 b 1.000  train_ms 165624.3  ms/step 6.625
step  25100  loss 5.215114e-05  relPJ 0.0073  a 0.000 b 1.000  train_ms 166287.3  ms/step 6.625
step  25200  loss 5.174341e-05  relPJ 0.0072  a 0.000 b 1.000  train_ms 166950.3  ms/step 6.625
step  25300  loss 5.045915e-05  relPJ 0.0071  a 0.000 b 1.000  train_ms 167613.2  ms/step 6.625
step  25400  loss 4.961019e-05  relPJ 0.0070  a 0.000 b 1.000  train_ms 168276.2  ms/step 6.625
step  25500  loss 4.812455e-05  relPJ 0.0070  a 0.000 b 1.000  train_ms 168939.0  ms/step 6.625
step  25600  loss 4.768058e-05  relPJ 0.0069  a 0.000 b 1.000  train_ms 169602.0  ms/step 6.625
step  25700  loss 4.675129e-05  relPJ 0.0068  a 0.000 b 1.000  train_ms 170265.0  ms/step 6.625
step  25800  loss 4.517619e-05  relPJ 0.0067  a 0.000 b 1.000  train_ms 170927.9  ms/step 6.625
step  25900  loss 4.406799e-05  relPJ 0.0066  a 0.000 b 1.000  train_ms 171590.9  ms/step 6.625
step  26000  loss 4.348534e-05  relPJ 0.0066  a 0.000 b 1.000  train_ms 172254.0  ms/step 6.625
step  26100  loss 4.259262e-05  relPJ 0.0065  a 0.000 b 1.000  train_ms 172917.1  ms/step 6.625
step  26200  loss 4.108921e-05  relPJ 0.0064  a 0.000 b 1.000  train_ms 173580.0  ms/step 6.625
step  26300  loss 4.092652e-05  relPJ 0.0064  a 0.000 b 1.000  train_ms 174243.0  ms/step 6.625
step  26400  loss 3.957436e-05  relPJ 0.0063  a 0.000 b 1.000  train_ms 174906.2  ms/step 6.625
step  26500  loss 3.870049e-05  relPJ 0.0062  a 0.000 b 1.000  train_ms 175569.1  ms/step 6.626
step  26600  loss 3.778906e-05  relPJ 0.0061  a 0.000 b 1.000  train_ms 176232.1  ms/step 6.626
step  26700  loss 3.662447e-05  relPJ 0.0060  a 0.000 b 1.000  train_ms 176895.0  ms/step 6.626
step  26800  loss 3.607782e-05  relPJ 0.0060  a 0.000 b 1.000  train_ms 177558.0  ms/step 6.626
step  26900  loss 3.484769e-05  relPJ 0.0059  a 0.000 b 1.000  train_ms 178221.0  ms/step 6.626
step  27000  loss 3.383704e-05  relPJ 0.0058  a 0.000 b 1.000  train_ms 178883.9  ms/step 6.626
step  27100  loss 3.398910e-05  relPJ 0.0058  a 0.000 b 1.000  train_ms 179546.8  ms/step 6.626
step  27200  loss 3.258835e-05  relPJ 0.0057  a 0.000 b 1.000  train_ms 180209.7  ms/step 6.626
step  27300  loss 3.208737e-05  relPJ 0.0057  a 0.000 b 1.000  train_ms 180872.6  ms/step 6.626
step  27400  loss 3.158172e-05  relPJ 0.0056  a 0.000 b 1.000  train_ms 181535.8  ms/step 6.626
step  27500  loss 3.032825e-05  relPJ 0.0055  a 0.000 b 1.000  train_ms 182198.8  ms/step 6.626
step  27600  loss 3.011389e-05  relPJ 0.0055  a 0.000 b 1.000  train_ms 182861.7  ms/step 6.626
step  27700  loss 2.940662e-05  relPJ 0.0054  a 0.000 b 1.000  train_ms 183524.6  ms/step 6.626
step  27800  loss 2.821421e-05  relPJ 0.0053  a 0.000 b 1.000  train_ms 184187.4  ms/step 6.626
step  27900  loss 2.748138e-05  relPJ 0.0053  a 0.000 b 1.000  train_ms 184850.4  ms/step 6.626
step  28000  loss 2.733058e-05  relPJ 0.0052  a 0.000 b 1.000  train_ms 185513.4  ms/step 6.626
step  28100  loss 2.639138e-05  relPJ 0.0051  a 0.000 b 1.000  train_ms 186176.4  ms/step 6.626
step  28200  loss 2.555795e-05  relPJ 0.0050  a 0.000 b 1.000  train_ms 186839.4  ms/step 6.626
step  28300  loss 2.517716e-05  relPJ 0.0050  a 0.000 b 1.000  train_ms 187502.4  ms/step 6.626
step  28400  loss 2.441919e-05  relPJ 0.0049  a 0.000 b 1.000  train_ms 188165.3  ms/step 6.626
step  28500  loss 2.364969e-05  relPJ 0.0048  a 0.000 b 1.000  train_ms 188828.2  ms/step 6.626
step  28600  loss 2.302808e-05  relPJ 0.0048  a 0.000 b 1.000  train_ms 189491.3  ms/step 6.626
step  28700  loss 2.257071e-05  relPJ 0.0047  a 0.000 b 1.000  train_ms 190154.3  ms/step 6.626
step  28800  loss 2.174526e-05  relPJ 0.0047  a 0.000 b 1.000  train_ms 190817.3  ms/step 6.626
step  28900  loss 2.147750e-05  relPJ 0.0046  a 0.000 b 1.000  train_ms 191480.4  ms/step 6.626
step  29000  loss 2.099516e-05  relPJ 0.0046  a 0.000 b 1.000  train_ms 192143.5  ms/step 6.626
step  29100  loss 2.023704e-05  relPJ 0.0045  a -0.000 b 1.000  train_ms 192806.5  ms/step 6.626
step  29200  loss 1.986657e-05  relPJ 0.0045  a -0.000 b 1.000  train_ms 193469.6  ms/step 6.626
step  29300  loss 1.910046e-05  relPJ 0.0044  a 0.000 b 1.000  train_ms 194132.6  ms/step 6.626
step  29400  loss 1.878005e-05  relPJ 0.0043  a 0.000 b 1.000  train_ms 194795.5  ms/step 6.626
step  29500  loss 1.854975e-05  relPJ 0.0043  a 0.000 b 1.000  train_ms 195458.8  ms/step 6.626
step  29600  loss 1.767883e-05  relPJ 0.0042  a 0.000 b 1.000  train_ms 196122.0  ms/step 6.626
step  29700  loss 1.719151e-05  relPJ 0.0041  a 0.000 b 1.000  train_ms 196785.2  ms/step 6.626
step  29800  loss 1.667063e-05  relPJ 0.0041  a 0.000 b 1.000  train_ms 197448.3  ms/step 6.626
step  29900  loss 1.628339e-05  relPJ 0.0040  a 0.000 b 1.000  train_ms 198111.4  ms/step 6.626
step  30000  loss 1.585865e-05  relPJ 0.0040  a 0.000 b 1.000  train_ms 198775.2  ms/step 6.626
step  30100  loss 1.546638e-05  relPJ 0.0039  a 0.000 b 1.000  train_ms 199438.2  ms/step 6.626
step  30200  loss 1.489220e-05  relPJ 0.0039  a 0.000 b 1.000  train_ms 200101.5  ms/step 6.626
step  30300  loss 1.438401e-05  relPJ 0.0038  a 0.000 b 1.000  train_ms 200765.4  ms/step 6.626
step  30400  loss 1.410327e-05  relPJ 0.0038  a 0.000 b 1.000  train_ms 201430.2  ms/step 6.626
step  30500  loss 1.380490e-05  relPJ 0.0037  a 0.000 b 1.000  train_ms 202095.4  ms/step 6.626
step  30600  loss 1.344632e-05  relPJ 0.0037  a 0.000 b 1.000  train_ms 202761.1  ms/step 6.626
step  30700  loss 1.298310e-05  relPJ 0.0036  a -0.000 b 1.000  train_ms 203426.4  ms/step 6.626
step  30800  loss 1.276630e-05  relPJ 0.0035  a 0.000 b 1.000  train_ms 204092.2  ms/step 6.627
step  30900  loss 1.213134e-05  relPJ 0.0035  a 0.000 b 1.000  train_ms 204758.1  ms/step 6.627
step  31000  loss 1.186442e-05  relPJ 0.0034  a 0.000 b 1.000  train_ms 205423.8  ms/step 6.627
step  31100  loss 1.146845e-05  relPJ 0.0034  a -0.000 b 1.000  train_ms 206089.7  ms/step 6.627
step  31200  loss 1.107285e-05  relPJ 0.0033  a 0.000 b 1.000  train_ms 206755.5  ms/step 6.627
step  31300  loss 1.084730e-05  relPJ 0.0033  a 0.000 b 1.000  train_ms 207421.9  ms/step 6.627
step  31400  loss 1.031858e-05  relPJ 0.0032  a 0.000 b 1.000  train_ms 208088.2  ms/step 6.627
step  31500  loss 1.022909e-05  relPJ 0.0032  a 0.000 b 1.000  train_ms 208754.4  ms/step 6.627
step  31600  loss 9.821127e-06  relPJ 0.0031  a 0.000 b 1.000  train_ms 209420.7  ms/step 6.627
step  31700  loss 9.427791e-06  relPJ 0.0031  a 0.000 b 1.000  train_ms 210087.2  ms/step 6.628
step  31800  loss 9.134418e-06  relPJ 0.0030  a 0.000 b 1.000  train_ms 210754.1  ms/step 6.628
step  31900  loss 8.875442e-06  relPJ 0.0030  a 0.000 b 1.000  train_ms 211420.2  ms/step 6.628
step  32000  loss 8.756119e-06  relPJ 0.0029  a 0.000 b 1.000  train_ms 212087.5  ms/step 6.628
step  32100  loss 8.430748e-06  relPJ 0.0029  a 0.000 b 1.000  train_ms 212755.0  ms/step 6.628
step  32200  loss 7.995355e-06  relPJ 0.0028  a 0.000 b 1.000  train_ms 213422.6  ms/step 6.628
step  32300  loss 7.857688e-06  relPJ 0.0028  a 0.000 b 1.000  train_ms 214090.2  ms/step 6.628
step  32400  loss 7.550208e-06  relPJ 0.0028  a 0.000 b 1.000  train_ms 214757.7  ms/step 6.629
step  32500  loss 7.386582e-06  relPJ 0.0027  a 0.000 b 1.000  train_ms 215425.4  ms/step 6.629
step  32600  loss 7.146391e-06  relPJ 0.0027  a 0.000 b 1.000  train_ms 216092.9  ms/step 6.629
step  32700  loss 6.865572e-06  relPJ 0.0026  a 0.000 b 1.000  train_ms 216760.6  ms/step 6.629
step  32800  loss 6.750422e-06  relPJ 0.0026  a -0.000 b 1.000  train_ms 217428.5  ms/step 6.629
step  32900  loss 6.439705e-06  relPJ 0.0025  a 0.000 b 1.000  train_ms 218096.1  ms/step 6.629
step  33000  loss 6.232226e-06  relPJ 0.0025  a 0.000 b 1.000  train_ms 218763.7  ms/step 6.629
step  33100  loss 5.980975e-06  relPJ 0.0025  a 0.000 b 1.000  train_ms 219431.4  ms/step 6.630
step  33200  loss 5.865002e-06  relPJ 0.0024  a 0.000 b 1.000  train_ms 220099.4  ms/step 6.630
step  33300  loss 5.672324e-06  relPJ 0.0024  a -0.000 b 1.000  train_ms 220767.3  ms/step 6.630
step  33400  loss 5.416527e-06  relPJ 0.0023  a 0.000 b 1.000  train_ms 221435.2  ms/step 6.630
step  33500  loss 5.257079e-06  relPJ 0.0023  a 0.000 b 1.000  train_ms 222103.1  ms/step 6.630
step  33600  loss 5.134179e-06  relPJ 0.0023  a 0.000 b 1.000  train_ms 222771.1  ms/step 6.630
step  33700  loss 4.896370e-06  relPJ 0.0022  a -0.000 b 1.000  train_ms 223439.0  ms/step 6.630
step  33800  loss 4.755625e-06  relPJ 0.0022  a -0.000 b 1.000  train_ms 224107.1  ms/step 6.631
step  33900  loss 4.581656e-06  relPJ 0.0021  a 0.000 b 1.000  train_ms 224775.0  ms/step 6.631
step  34000  loss 4.434255e-06  relPJ 0.0021  a 0.000 b 1.000  train_ms 225442.9  ms/step 6.631
step  34100  loss 4.254370e-06  relPJ 0.0021  a 0.000 b 1.000  train_ms 226111.2  ms/step 6.631
step  34200  loss 4.155663e-06  relPJ 0.0020  a 0.000 b 1.000  train_ms 226779.0  ms/step 6.631
step  34300  loss 4.030400e-06  relPJ 0.0020  a 0.000 b 1.000  train_ms 227447.1  ms/step 6.631
step  34400  loss 3.832824e-06  relPJ 0.0020  a 0.000 b 1.000  train_ms 228115.0  ms/step 6.631
step  34500  loss 3.765254e-06  relPJ 0.0019  a 0.000 b 1.000  train_ms 228783.2  ms/step 6.632
step  34600  loss 3.604469e-06  relPJ 0.0019  a 0.000 b 1.000  train_ms 229451.4  ms/step 6.632
step  34700  loss 3.456048e-06  relPJ 0.0019  a 0.000 b 1.000  train_ms 230119.4  ms/step 6.632
step  34800  loss 3.368180e-06  relPJ 0.0018  a 0.000 b 1.000  train_ms 230787.3  ms/step 6.632
step  34900  loss 3.216405e-06  relPJ 0.0018  a 0.000 b 1.000  train_ms 231455.4  ms/step 6.632
step  35000  loss 3.184729e-06  relPJ 0.0018  a 0.000 b 1.000  train_ms 232123.6  ms/step 6.632
step  35100  loss 3.047255e-06  relPJ 0.0017  a -0.000 b 1.000  train_ms 232791.6  ms/step 6.632
step  35200  loss 2.928568e-06  relPJ 0.0017  a -0.000 b 1.000  train_ms 233459.8  ms/step 6.633
step  35300  loss 2.813743e-06  relPJ 0.0017  a 0.000 b 1.000  train_ms 234127.9  ms/step 6.633
step  35400  loss 2.741617e-06  relPJ 0.0017  a 0.000 b 1.000  train_ms 234796.0  ms/step 6.633
step  35500  loss 2.653087e-06  relPJ 0.0016  a -0.000 b 1.000  train_ms 235464.0  ms/step 6.633
step  35600  loss 2.555863e-06  relPJ 0.0016  a 0.000 b 1.000  train_ms 236132.0  ms/step 6.633
step  35700  loss 2.479672e-06  relPJ 0.0016  a 0.000 b 1.000  train_ms 236800.2  ms/step 6.633
step  35800  loss 2.412372e-06  relPJ 0.0016  a 0.000 b 1.000  train_ms 237468.3  ms/step 6.633
step  35900  loss 2.308189e-06  relPJ 0.0015  a -0.000 b 1.000  train_ms 238136.4  ms/step 6.634
step  36000  loss 2.253638e-06  relPJ 0.0015  a 0.000 b 1.000  train_ms 238804.7  ms/step 6.634
step  36100  loss 2.130557e-06  relPJ 0.0015  a 0.000 b 1.000  train_ms 239472.8  ms/step 6.634
step  36200  loss 2.098910e-06  relPJ 0.0014  a 0.000 b 1.000  train_ms 240141.0  ms/step 6.634
step  36300  loss 2.015884e-06  relPJ 0.0014  a 0.000 b 1.000  train_ms 240809.1  ms/step 6.634
step  36400  loss 1.980676e-06  relPJ 0.0014  a 0.000 b 1.000  train_ms 241477.3  ms/step 6.634
step  36500  loss 1.895290e-06  relPJ 0.0014  a -0.000 b 1.000  train_ms 242145.6  ms/step 6.634
step  36600  loss 1.827330e-06  relPJ 0.0014  a 0.000 b 1.000  train_ms 242813.7  ms/step 6.634
step  36700  loss 1.788257e-06  relPJ 0.0013  a -0.000 b 1.000  train_ms 243482.0  ms/step 6.635
step  36800  loss 1.729543e-06  relPJ 0.0013  a 0.000 b 1.000  train_ms 244150.2  ms/step 6.635
step  36900  loss 1.669277e-06  relPJ 0.0013  a 0.000 b 1.000  train_ms 244818.3  ms/step 6.635
step  37000  loss 1.636983e-06  relPJ 0.0013  a -0.000 b 1.000  train_ms 245486.5  ms/step 6.635
step  37100  loss 1.588126e-06  relPJ 0.0013  a 0.000 b 1.000  train_ms 246154.4  ms/step 6.635
step  37200  loss 1.550888e-06  relPJ 0.0012  a 0.000 b 1.000  train_ms 246822.6  ms/step 6.635
step  37300  loss 1.497143e-06  relPJ 0.0012  a 0.000 b 1.000  train_ms 247490.7  ms/step 6.635
step  37400  loss 1.455265e-06  relPJ 0.0012  a 0.000 b 1.000  train_ms 248159.0  ms/step 6.635
step  37500  loss 1.400321e-06  relPJ 0.0012  a -0.000 b 1.000  train_ms 248827.3  ms/step 6.636
step  37600  loss 1.396230e-06  relPJ 0.0012  a 0.000 b 1.000  train_ms 249495.3  ms/step 6.636
step  37700  loss 1.340499e-06  relPJ 0.0012  a -0.000 b 1.000  train_ms 250163.5  ms/step 6.636
step  37800  loss 1.319933e-06  relPJ 0.0011  a 0.000 b 1.000  train_ms 250831.7  ms/step 6.636
step  37900  loss 1.280280e-06  relPJ 0.0011  a 0.000 b 1.000  train_ms 251500.0  ms/step 6.636
step  38000  loss 1.261977e-06  relPJ 0.0011  a 0.000 b 1.000  train_ms 252168.1  ms/step 6.636
step  38100  loss 1.226651e-06  relPJ 0.0011  a 0.000 b 1.000  train_ms 252836.4  ms/step 6.636
step  38200  loss 1.216620e-06  relPJ 0.0011  a 0.000 b 1.000  train_ms 253504.6  ms/step 6.636
step  38300  loss 1.174253e-06  relPJ 0.0011  a 0.000 b 1.000  train_ms 254172.9  ms/step 6.637
step  38400  loss 1.162700e-06  relPJ 0.0011  a 0.000 b 1.000  train_ms 254841.5  ms/step 6.637
step  38500  loss 1.149882e-06  relPJ 0.0011  a 0.000 b 1.000  train_ms 255509.6  ms/step 6.637
step  38600  loss 1.106299e-06  relPJ 0.0011  a -0.000 b 1.000  train_ms 256177.8  ms/step 6.637
step  38700  loss 1.109787e-06  relPJ 0.0010  a 0.000 b 1.000  train_ms 256846.0  ms/step 6.637
step  38800  loss 1.082582e-06  relPJ 0.0010  a 0.000 b 1.000  train_ms 257514.1  ms/step 6.637
step  38900  loss 1.064526e-06  relPJ 0.0010  a 0.000 b 1.000  train_ms 258182.4  ms/step 6.637
step  39000  loss 1.050890e-06  relPJ 0.0010  a -0.000 b 1.000  train_ms 258850.9  ms/step 6.637
step  39100  loss 1.040215e-06  relPJ 0.0010  a -0.000 b 1.000  train_ms 259519.0  ms/step 6.637
step  39200  loss 1.023013e-06  relPJ 0.0010  a -0.000 b 1.000  train_ms 260187.3  ms/step 6.638
step  39300  loss 1.014301e-06  relPJ 0.0010  a 0.000 b 1.000  train_ms 260855.6  ms/step 6.638
step  39400  loss 1.009006e-06  relPJ 0.0010  a 0.000 b 1.000  train_ms 261523.8  ms/step 6.638
step  39500  loss 1.010435e-06  relPJ 0.0010  a -0.000 b 1.000  train_ms 262192.1  ms/step 6.638
step  39600  loss 1.008669e-06  relPJ 0.0010  a -0.000 b 1.000  train_ms 262860.4  ms/step 6.638
step  39700  loss 9.932008e-07  relPJ 0.0010  a 0.000 b 1.000  train_ms 263528.5  ms/step 6.638
step  39800  loss 9.854971e-07  relPJ 0.0010  a 0.000 b 1.000  train_ms 264196.9  ms/step 6.638
step  39900  loss 9.900542e-07  relPJ 0.0010  a -0.000 b 1.000  train_ms 264865.1  ms/step 6.638
step  40000  loss 9.880104e-07  relPJ 0.0010  a 0.000 b 1.000  train_ms 265533.2  ms/step 6.638
done err=0
rc=0
