S=1024 M=1024 L=8 steps=40000 lr=0.001 homo=0.6 clip=1 cos=1 qat=0 prec=1
step      1  loss 3.476228e-09  relPJ 1.4137  a 1.000 b 0.000  train_ms 0.0  ms/step 0.000
step    100  loss 4.520331e-03  relPJ 1.4051  a 0.992 b 0.006  train_ms 459.1  ms/step 4.637
step    200  loss 6.655134e-04  relPJ 1.4024  a 0.991 b 0.008  train_ms 922.5  ms/step 4.636
step    300  loss 7.569929e-05  relPJ 1.3968  a 0.988 b 0.012  train_ms 1386.1  ms/step 4.636
step    400  loss 2.844946e-05  relPJ 1.3909  a 0.984 b 0.016  train_ms 1849.7  ms/step 4.636
step    500  loss 2.835254e-05  relPJ 1.3851  a 0.979 b 0.021  train_ms 2313.2  ms/step 4.636
step    600  loss 3.325501e-05  relPJ 1.3792  a 0.975 b 0.025  train_ms 2777.2  ms/step 4.636
step    700  loss 3.548013e-05  relPJ 1.3732  a 0.971 b 0.029  train_ms 3240.4  ms/step 4.636
step    800  loss 3.741633e-05  relPJ 1.3673  a 0.967 b 0.033  train_ms 3703.7  ms/step 4.635
step    900  loss 3.892113e-05  relPJ 1.3614  a 0.963 b 0.037  train_ms 4167.0  ms/step 4.635
step   1000  loss 4.088063e-05  relPJ 1.3555  a 0.958 b 0.042  train_ms 4630.4  ms/step 4.635
step   1100  loss 4.337651e-05  relPJ 1.3496  a 0.954 b 0.046  train_ms 5093.7  ms/step 4.635
step   1200  loss 4.508852e-05  relPJ 1.3437  a 0.950 b 0.050  train_ms 5557.1  ms/step 4.635
step   1300  loss 4.717527e-05  relPJ 1.3378  a 0.946 b 0.054  train_ms 6020.5  ms/step 4.635
step   1400  loss 4.966449e-05  relPJ 1.3319  a 0.942 b 0.058  train_ms 6483.9  ms/step 4.635
step   1500  loss 5.225995e-05  relPJ 1.3260  a 0.938 b 0.062  train_ms 6947.1  ms/step 4.634
step   1600  loss 5.415144e-05  relPJ 1.3201  a 0.933 b 0.067  train_ms 7410.3  ms/step 4.634
step   1700  loss 5.628666e-05  relPJ 1.3142  a 0.929 b 0.071  train_ms 7873.6  ms/step 4.634
step   1800  loss 5.796110e-05  relPJ 1.3083  a 0.925 b 0.075  train_ms 8336.9  ms/step 4.634
step   1900  loss 6.010583e-05  relPJ 1.3024  a 0.921 b 0.079  train_ms 8800.2  ms/step 4.634
step   2000  loss 6.265970e-05  relPJ 1.2965  a 0.917 b 0.083  train_ms 9263.4  ms/step 4.634
step   2100  loss 6.458447e-05  relPJ 1.2906  a 0.913 b 0.087  train_ms 9726.7  ms/step 4.634
step   2200  loss 6.714328e-05  relPJ 1.2847  a 0.908 b 0.092  train_ms 10190.0  ms/step 4.634
step   2300  loss 6.945593e-05  relPJ 1.2788  a 0.904 b 0.096  train_ms 10653.3  ms/step 4.634
step   2400  loss 7.120060e-05  relPJ 1.2729  a 0.900 b 0.100  train_ms 11116.6  ms/step 4.634
step   2500  loss 7.327541e-05  relPJ 1.2670  a 0.896 b 0.104  train_ms 11579.9  ms/step 4.634
step   2600  loss 7.532537e-05  relPJ 1.2611  a 0.892 b 0.108  train_ms 12043.1  ms/step 4.634
step   2700  loss 7.688039e-05  relPJ 1.2552  a 0.888 b 0.112  train_ms 12506.3  ms/step 4.634
step   2800  loss 7.891662e-05  relPJ 1.2494  a 0.883 b 0.117  train_ms 12969.6  ms/step 4.634
step   2900  loss 8.087757e-05  relPJ 1.2434  a 0.879 b 0.121  train_ms 13433.0  ms/step 4.634
step   3000  loss 8.156966e-05  relPJ 1.2375  a 0.875 b 0.125  train_ms 13896.3  ms/step 4.634
step   3100  loss 8.414390e-05  relPJ 1.2316  a 0.871 b 0.129  train_ms 14359.5  ms/step 4.634
step   3200  loss 8.557024e-05  relPJ 1.2258  a 0.867 b 0.133  train_ms 14822.8  ms/step 4.634
step   3300  loss 8.770315e-05  relPJ 1.2199  a 0.863 b 0.137  train_ms 15286.0  ms/step 4.634
step   3400  loss 9.048663e-05  relPJ 1.2140  a 0.858 b 0.142  train_ms 15749.3  ms/step 4.634
step   3500  loss 9.104340e-05  relPJ 1.2081  a 0.854 b 0.146  train_ms 16212.6  ms/step 4.633
step   3600  loss 9.320959e-05  relPJ 1.2022  a 0.850 b 0.150  train_ms 16675.9  ms/step 4.633
step   3700  loss 9.583381e-05  relPJ 1.1963  a 0.846 b 0.154  train_ms 17139.3  ms/step 4.633
step   3800  loss 9.651933e-05  relPJ 1.1904  a 0.842 b 0.158  train_ms 17602.5  ms/step 4.633
step   3900  loss 9.854195e-05  relPJ 1.1845  a 0.838 b 0.162  train_ms 18065.8  ms/step 4.633
step   4000  loss 1.002191e-04  relPJ 1.1786  a 0.833 b 0.167  train_ms 18529.2  ms/step 4.633
step   4100  loss 1.016711e-04  relPJ 1.1727  a 0.829 b 0.171  train_ms 18992.5  ms/step 4.633
step   4200  loss 1.018202e-04  relPJ 1.1668  a 0.825 b 0.175  train_ms 19455.7  ms/step 4.633
step   4300  loss 1.044538e-04  relPJ 1.1609  a 0.821 b 0.179  train_ms 19919.1  ms/step 4.633
step   4400  loss 1.062580e-04  relPJ 1.1550  a 0.817 b 0.183  train_ms 20382.3  ms/step 4.633
step   4500  loss 1.071591e-04  relPJ 1.1491  a 0.813 b 0.187  train_ms 20845.6  ms/step 4.633
step   4600  loss 1.089854e-04  relPJ 1.1432  a 0.808 b 0.192  train_ms 21309.0  ms/step 4.633
step   4700  loss 1.106947e-04  relPJ 1.1374  a 0.804 b 0.196  train_ms 21772.4  ms/step 4.633
step   4800  loss 1.102406e-04  relPJ 1.1315  a 0.800 b 0.200  train_ms 22235.7  ms/step 4.633
step   4900  loss 1.132406e-04  relPJ 1.1256  a 0.796 b 0.204  train_ms 22699.0  ms/step 4.633
step   5000  loss 1.129371e-04  relPJ 1.1197  a 0.792 b 0.208  train_ms 23162.3  ms/step 4.633
step   5100  loss 1.155784e-04  relPJ 1.1137  a 0.788 b 0.212  train_ms 23625.6  ms/step 4.633
step   5200  loss 1.182026e-04  relPJ 1.1079  a 0.783 b 0.217  train_ms 24088.9  ms/step 4.633
step   5300  loss 1.188205e-04  relPJ 1.1020  a 0.779 b 0.221  train_ms 24552.3  ms/step 4.633
step   5400  loss 1.185851e-04  relPJ 1.0961  a 0.775 b 0.225  train_ms 25015.7  ms/step 4.633
step   5500  loss 1.202436e-04  relPJ 1.0902  a 0.771 b 0.229  train_ms 25479.0  ms/step 4.633
step   5600  loss 1.214414e-04  relPJ 1.0843  a 0.767 b 0.233  train_ms 25942.4  ms/step 4.633
step   5700  loss 1.222907e-04  relPJ 1.0784  a 0.763 b 0.237  train_ms 26405.7  ms/step 4.633
step   5800  loss 1.234250e-04  relPJ 1.0725  a 0.758 b 0.242  train_ms 26869.0  ms/step 4.633
step   5900  loss 1.245831e-04  relPJ 1.0666  a 0.754 b 0.246  train_ms 27332.4  ms/step 4.633
step   6000  loss 1.264535e-04  relPJ 1.0607  a 0.750 b 0.250  train_ms 27795.8  ms/step 4.633
step   6100  loss 1.262367e-04  relPJ 1.0548  a 0.746 b 0.254  train_ms 28259.1  ms/step 4.633
step   6200  loss 1.273130e-04  relPJ 1.0490  a 0.742 b 0.258  train_ms 28722.5  ms/step 4.633
step   6300  loss 1.271963e-04  relPJ 1.0430  a 0.738 b 0.262  train_ms 29185.8  ms/step 4.633
step   6400  loss 1.294720e-04  relPJ 1.0371  a 0.733 b 0.267  train_ms 29649.2  ms/step 4.633
step   6500  loss 1.291552e-04  relPJ 1.0312  a 0.729 b 0.271  train_ms 30112.5  ms/step 4.633
step   6600  loss 1.302930e-04  relPJ 1.0254  a 0.725 b 0.275  train_ms 30575.8  ms/step 4.633
step   6700  loss 1.316517e-04  relPJ 1.0195  a 0.721 b 0.279  train_ms 31039.1  ms/step 4.633
step   6800  loss 1.318332e-04  relPJ 1.0136  a 0.717 b 0.283  train_ms 31502.5  ms/step 4.633
step   6900  loss 1.332346e-04  relPJ 1.0077  a 0.713 b 0.287  train_ms 31965.7  ms/step 4.633
step   7000  loss 1.342467e-04  relPJ 1.0018  a 0.708 b 0.292  train_ms 32429.0  ms/step 4.633
step   7100  loss 1.344418e-04  relPJ 0.9959  a 0.704 b 0.296  train_ms 32892.3  ms/step 4.633
step   7200  loss 1.365575e-04  relPJ 0.9900  a 0.700 b 0.300  train_ms 33355.6  ms/step 4.633
step   7300  loss 1.375335e-04  relPJ 0.9841  a 0.696 b 0.304  train_ms 33818.8  ms/step 4.633
step   7400  loss 1.363487e-04  relPJ 0.9783  a 0.692 b 0.308  train_ms 34282.2  ms/step 4.633
step   7500  loss 1.386836e-04  relPJ 0.9724  a 0.688 b 0.312  train_ms 34745.4  ms/step 4.633
step   7600  loss 1.403424e-04  relPJ 0.9664  a 0.683 b 0.317  train_ms 35208.7  ms/step 4.633
step   7700  loss 1.377346e-04  relPJ 0.9606  a 0.679 b 0.321  train_ms 35672.0  ms/step 4.633
step   7800  loss 1.401120e-04  relPJ 0.9546  a 0.675 b 0.325  train_ms 36135.3  ms/step 4.633
step   7900  loss 1.402724e-04  relPJ 0.9487  a 0.671 b 0.329  train_ms 36598.5  ms/step 4.633
step   8000  loss 1.409174e-04  relPJ 0.9429  a 0.667 b 0.333  train_ms 37061.8  ms/step 4.633
step   8100  loss 1.400023e-04  relPJ 0.9370  a 0.663 b 0.337  train_ms 37525.0  ms/step 4.633
step   8200  loss 1.417232e-04  relPJ 0.9310  a 0.658 b 0.342  train_ms 37988.3  ms/step 4.633
step   8300  loss 1.415657e-04  relPJ 0.9252  a 0.654 b 0.346  train_ms 38451.6  ms/step 4.633
step   8400  loss 1.411062e-04  relPJ 0.9192  a 0.650 b 0.350  train_ms 38914.8  ms/step 4.633
step   8500  loss 1.423283e-04  relPJ 0.9134  a 0.646 b 0.354  train_ms 39378.1  ms/step 4.633
step   8600  loss 1.424820e-04  relPJ 0.9076  a 0.642 b 0.358  train_ms 39841.4  ms/step 4.633
step   8700  loss 1.432163e-04  relPJ 0.9016  a 0.637 b 0.362  train_ms 40304.6  ms/step 4.633
step   8800  loss 1.426649e-04  relPJ 0.8957  a 0.633 b 0.367  train_ms 40767.9  ms/step 4.633
step   8900  loss 1.431257e-04  relPJ 0.8898  a 0.629 b 0.371  train_ms 41231.1  ms/step 4.633
step   9000  loss 1.435533e-04  relPJ 0.8839  a 0.625 b 0.375  train_ms 41694.3  ms/step 4.633
step   9100  loss 1.424144e-04  relPJ 0.8780  a 0.621 b 0.379  train_ms 42157.6  ms/step 4.633
step   9200  loss 1.436961e-04  relPJ 0.8721  a 0.617 b 0.383  train_ms 42620.8  ms/step 4.633
step   9300  loss 1.458917e-04  relPJ 0.8662  a 0.612 b 0.387  train_ms 43084.0  ms/step 4.633
step   9400  loss 1.445192e-04  relPJ 0.8604  a 0.608 b 0.392  train_ms 43547.4  ms/step 4.633
step   9500  loss 1.439969e-04  relPJ 0.8545  a 0.604 b 0.396  train_ms 44011.1  ms/step 4.633
step   9600  loss 1.429782e-04  relPJ 0.8486  a 0.600 b 0.400  train_ms 44474.6  ms/step 4.633
step   9700  loss 1.425908e-04  relPJ 0.8427  a 0.596 b 0.404  train_ms 44938.1  ms/step 4.633
step   9800  loss 1.431017e-04  relPJ 0.8368  a 0.592 b 0.408  train_ms 45401.6  ms/step 4.633
step   9900  loss 1.417022e-04  relPJ 0.8309  a 0.587 b 0.412  train_ms 45865.2  ms/step 4.633
step  10000  loss 1.435969e-04  relPJ 0.8250  a 0.583 b 0.417  train_ms 46328.7  ms/step 4.633
step  10100  loss 1.418294e-04  relPJ 0.8191  a 0.579 b 0.421  train_ms 46792.1  ms/step 4.633
step  10200  loss 1.448716e-04  relPJ 0.8132  a 0.575 b 0.425  train_ms 47255.6  ms/step 4.633
step  10300  loss 1.414026e-04  relPJ 0.8073  a 0.571 b 0.429  train_ms 47719.2  ms/step 4.633
step  10400  loss 1.427690e-04  relPJ 0.8014  a 0.567 b 0.433  train_ms 48182.7  ms/step 4.633
step  10500  loss 1.430870e-04  relPJ 0.7956  a 0.563 b 0.437  train_ms 48646.2  ms/step 4.633
step  10600  loss 1.435624e-04  relPJ 0.7896  a 0.558 b 0.442  train_ms 49109.7  ms/step 4.633
step  10700  loss 1.415794e-04  relPJ 0.7837  a 0.554 b 0.446  train_ms 49573.2  ms/step 4.633
step  10800  loss 1.413652e-04  relPJ 0.7779  a 0.550 b 0.450  train_ms 50036.7  ms/step 4.633
step  10900  loss 1.403802e-04  relPJ 0.7720  a 0.546 b 0.454  train_ms 50500.3  ms/step 4.633
step  11000  loss 1.406940e-04  relPJ 0.7660  a 0.542 b 0.458  train_ms 50963.8  ms/step 4.633
step  11100  loss 1.386756e-04  relPJ 0.7602  a 0.537 b 0.462  train_ms 51427.4  ms/step 4.634
step  11200  loss 1.398204e-04  relPJ 0.7543  a 0.533 b 0.467  train_ms 51890.9  ms/step 4.634
step  11300  loss 1.379182e-04  relPJ 0.7484  a 0.529 b 0.471  train_ms 52354.5  ms/step 4.634
step  11400  loss 1.366878e-04  relPJ 0.7425  a 0.525 b 0.475  train_ms 52818.0  ms/step 4.634
step  11500  loss 1.359801e-04  relPJ 0.7366  a 0.521 b 0.479  train_ms 53281.5  ms/step 4.634
step  11600  loss 1.324045e-04  relPJ 0.7307  a 0.517 b 0.483  train_ms 53745.0  ms/step 4.634
step  11700  loss 1.310044e-04  relPJ 0.7248  a 0.513 b 0.487  train_ms 54208.5  ms/step 4.634
step  11800  loss 1.293897e-04  relPJ 0.7189  a 0.508 b 0.492  train_ms 54672.1  ms/step 4.634
step  11900  loss 1.285152e-04  relPJ 0.7131  a 0.504 b 0.496  train_ms 55135.6  ms/step 4.634
step  12000  loss 1.263268e-04  relPJ 0.7072  a 0.500 b 0.500  train_ms 55599.2  ms/step 4.634
step  12100  loss 1.273835e-04  relPJ 0.7014  a 0.496 b 0.504  train_ms 56062.7  ms/step 4.634
step  12200  loss 1.285147e-04  relPJ 0.6955  a 0.492 b 0.508  train_ms 56526.1  ms/step 4.634
step  12300  loss 1.306994e-04  relPJ 0.6897  a 0.488 b 0.512  train_ms 56989.6  ms/step 4.634
step  12400  loss 1.318785e-04  relPJ 0.6838  a 0.483 b 0.516  train_ms 57453.1  ms/step 4.634
step  12500  loss 1.338741e-04  relPJ 0.6780  a 0.479 b 0.521  train_ms 57916.5  ms/step 4.634
step  12600  loss 1.362745e-04  relPJ 0.6721  a 0.475 b 0.525  train_ms 58379.9  ms/step 4.634
step  12700  loss 1.374861e-04  relPJ 0.6662  a 0.471 b 0.529  train_ms 58843.4  ms/step 4.634
step  12800  loss 1.364083e-04  relPJ 0.6604  a 0.467 b 0.533  train_ms 59306.8  ms/step 4.634
step  12900  loss 1.377848e-04  relPJ 0.6545  a 0.463 b 0.537  train_ms 59770.3  ms/step 4.634
step  13000  loss 1.384278e-04  relPJ 0.6486  a 0.459 b 0.541  train_ms 60233.8  ms/step 4.634
step  13100  loss 1.404532e-04  relPJ 0.6427  a 0.454 b 0.546  train_ms 60697.3  ms/step 4.634
step  13200  loss 1.419838e-04  relPJ 0.6368  a 0.450 b 0.550  train_ms 61160.7  ms/step 4.634
step  13300  loss 1.447834e-04  relPJ 0.6309  a 0.446 b 0.554  train_ms 61624.2  ms/step 4.634
step  13400  loss 1.456540e-04  relPJ 0.6250  a 0.442 b 0.558  train_ms 62087.6  ms/step 4.634
step  13500  loss 1.489073e-04  relPJ 0.6191  a 0.438 b 0.562  train_ms 62551.0  ms/step 4.634
step  13600  loss 1.484777e-04  relPJ 0.6132  a 0.434 b 0.566  train_ms 63014.5  ms/step 4.634
step  13700  loss 1.495343e-04  relPJ 0.6073  a 0.429 b 0.571  train_ms 63478.0  ms/step 4.634
step  13800  loss 1.503945e-04  relPJ 0.6014  a 0.425 b 0.575  train_ms 63941.5  ms/step 4.634
step  13900  loss 1.492915e-04  relPJ 0.5955  a 0.421 b 0.579  train_ms 64405.0  ms/step 4.634
step  14000  loss 1.511673e-04  relPJ 0.5895  a 0.417 b 0.583  train_ms 64868.4  ms/step 4.634
step  14100  loss 1.509499e-04  relPJ 0.5836  a 0.413 b 0.587  train_ms 65331.9  ms/step 4.634
step  14200  loss 1.521470e-04  relPJ 0.5778  a 0.409 b 0.591  train_ms 65795.4  ms/step 4.634
step  14300  loss 1.521105e-04  relPJ 0.5719  a 0.404 b 0.596  train_ms 66258.9  ms/step 4.634
step  14400  loss 1.525193e-04  relPJ 0.5660  a 0.400 b 0.600  train_ms 66722.3  ms/step 4.634
step  14500  loss 1.522208e-04  relPJ 0.5600  a 0.396 b 0.604  train_ms 67185.9  ms/step 4.634
step  14600  loss 1.526888e-04  relPJ 0.5542  a 0.392 b 0.608  train_ms 67649.3  ms/step 4.634
step  14700  loss 1.524219e-04  relPJ 0.5483  a 0.388 b 0.612  train_ms 68112.7  ms/step 4.634
step  14800  loss 1.545377e-04  relPJ 0.5424  a 0.383 b 0.616  train_ms 68576.2  ms/step 4.634
step  14900  loss 1.523252e-04  relPJ 0.5365  a 0.379 b 0.621  train_ms 69039.7  ms/step 4.634
step  15000  loss 1.522613e-04  relPJ 0.5306  a 0.375 b 0.625  train_ms 69503.1  ms/step 4.634
step  15100  loss 1.523007e-04  relPJ 0.5246  a 0.371 b 0.629  train_ms 69966.6  ms/step 4.634
step  15200  loss 1.514915e-04  relPJ 0.5188  a 0.367 b 0.633  train_ms 70430.1  ms/step 4.634
step  15300  loss 1.518917e-04  relPJ 0.5129  a 0.363 b 0.637  train_ms 70893.6  ms/step 4.634
step  15400  loss 1.511755e-04  relPJ 0.5069  a 0.358 b 0.642  train_ms 71357.1  ms/step 4.634
step  15500  loss 1.512013e-04  relPJ 0.5011  a 0.354 b 0.646  train_ms 71820.7  ms/step 4.634
step  15600  loss 1.495985e-04  relPJ 0.4952  a 0.350 b 0.650  train_ms 72284.3  ms/step 4.634
step  15700  loss 1.522898e-04  relPJ 0.4892  a 0.346 b 0.654  train_ms 72747.9  ms/step 4.634
step  15800  loss 1.486265e-04  relPJ 0.4834  a 0.342 b 0.658  train_ms 73211.5  ms/step 4.634
step  15900  loss 1.493341e-04  relPJ 0.4775  a 0.338 b 0.662  train_ms 73675.1  ms/step 4.634
step  16000  loss 1.484247e-04  relPJ 0.4716  a 0.333 b 0.667  train_ms 74138.7  ms/step 4.634
step  16100  loss 1.476971e-04  relPJ 0.4657  a 0.329 b 0.671  train_ms 74602.3  ms/step 4.634
step  16200  loss 1.486258e-04  relPJ 0.4598  a 0.325 b 0.675  train_ms 75065.9  ms/step 4.634
step  16300  loss 1.468895e-04  relPJ 0.4539  a 0.321 b 0.679  train_ms 75529.5  ms/step 4.634
step  16400  loss 1.468054e-04  relPJ 0.4480  a 0.317 b 0.683  train_ms 75993.1  ms/step 4.634
step  16500  loss 1.467496e-04  relPJ 0.4421  a 0.313 b 0.687  train_ms 76456.7  ms/step 4.634
step  16600  loss 1.444327e-04  relPJ 0.4362  a 0.308 b 0.692  train_ms 76920.3  ms/step 4.634
step  16700  loss 1.445360e-04  relPJ 0.4303  a 0.304 b 0.696  train_ms 77383.8  ms/step 4.634
step  16800  loss 1.438173e-04  relPJ 0.4244  a 0.300 b 0.700  train_ms 77847.3  ms/step 4.634
step  16900  loss 1.441820e-04  relPJ 0.4185  a 0.296 b 0.704  train_ms 78310.8  ms/step 4.634
step  17000  loss 1.419474e-04  relPJ 0.4126  a 0.292 b 0.708  train_ms 78774.3  ms/step 4.634
step  17100  loss 1.409615e-04  relPJ 0.4067  a 0.288 b 0.712  train_ms 79237.9  ms/step 4.634
step  17200  loss 1.412217e-04  relPJ 0.4008  a 0.283 b 0.717  train_ms 79701.4  ms/step 4.634
step  17300  loss 1.406660e-04  relPJ 0.3950  a 0.279 b 0.721  train_ms 80164.9  ms/step 4.634
step  17400  loss 1.393135e-04  relPJ 0.3890  a 0.275 b 0.725  train_ms 80628.4  ms/step 4.634
step  17500  loss 1.399422e-04  relPJ 0.3831  a 0.271 b 0.729  train_ms 81092.1  ms/step 4.634
step  17600  loss 1.376835e-04  relPJ 0.3772  a 0.267 b 0.733  train_ms 81555.5  ms/step 4.634
step  17700  loss 1.359814e-04  relPJ 0.3713  a 0.263 b 0.737  train_ms 82019.0  ms/step 4.634
step  17800  loss 1.356540e-04  relPJ 0.3654  a 0.258 b 0.742  train_ms 82482.4  ms/step 4.634
step  17900  loss 1.342731e-04  relPJ 0.3595  a 0.254 b 0.746  train_ms 82945.9  ms/step 4.634
step  18000  loss 1.337806e-04  relPJ 0.3537  a 0.250 b 0.750  train_ms 83409.3  ms/step 4.634
step  18100  loss 1.321348e-04  relPJ 0.3477  a 0.246 b 0.754  train_ms 83872.8  ms/step 4.634
step  18200  loss 1.309747e-04  relPJ 0.3419  a 0.242 b 0.758  train_ms 84336.2  ms/step 4.634
step  18300  loss 1.301738e-04  relPJ 0.3360  a 0.238 b 0.762  train_ms 84799.7  ms/step 4.634
step  18400  loss 1.286117e-04  relPJ 0.3301  a 0.233 b 0.767  train_ms 85263.2  ms/step 4.634
step  18500  loss 1.274547e-04  relPJ 0.3242  a 0.229 b 0.771  train_ms 85726.6  ms/step 4.634
step  18600  loss 1.256891e-04  relPJ 0.3183  a 0.225 b 0.775  train_ms 86190.0  ms/step 4.634
step  18700  loss 1.244391e-04  relPJ 0.3124  a 0.221 b 0.779  train_ms 86653.4  ms/step 4.634
step  18800  loss 1.224259e-04  relPJ 0.3065  a 0.217 b 0.783  train_ms 87116.9  ms/step 4.634
step  18900  loss 1.206830e-04  relPJ 0.3006  a 0.213 b 0.787  train_ms 87580.3  ms/step 4.634
step  19000  loss 1.192436e-04  relPJ 0.2947  a 0.208 b 0.792  train_ms 88043.8  ms/step 4.634
step  19100  loss 1.194835e-04  relPJ 0.2888  a 0.204 b 0.796  train_ms 88507.3  ms/step 4.634
step  19200  loss 1.144155e-04  relPJ 0.2829  a 0.200 b 0.800  train_ms 88970.8  ms/step 4.634
step  19300  loss 1.152020e-04  relPJ 0.2770  a 0.196 b 0.804  train_ms 89434.2  ms/step 4.634
step  19400  loss 1.128631e-04  relPJ 0.2711  a 0.192 b 0.808  train_ms 89897.7  ms/step 4.634
step  19500  loss 1.112855e-04  relPJ 0.2652  a 0.188 b 0.812  train_ms 90361.1  ms/step 4.634
step  19600  loss 1.105377e-04  relPJ 0.2593  a 0.183 b 0.817  train_ms 90824.6  ms/step 4.634
step  19700  loss 1.088607e-04  relPJ 0.2535  a 0.179 b 0.821  train_ms 91288.1  ms/step 4.634
step  19800  loss 1.070932e-04  relPJ 0.2476  a 0.175 b 0.825  train_ms 91751.5  ms/step 4.634
step  19900  loss 1.053497e-04  relPJ 0.2417  a 0.171 b 0.829  train_ms 92215.0  ms/step 4.634
step  20000  loss 1.034364e-04  relPJ 0.2358  a 0.167 b 0.833  train_ms 92678.5  ms/step 4.634
step  20100  loss 1.024034e-04  relPJ 0.2299  a 0.163 b 0.837  train_ms 93142.0  ms/step 4.634
step  20200  loss 1.010531e-04  relPJ 0.2240  a 0.158 b 0.842  train_ms 93605.5  ms/step 4.634
step  20300  loss 1.001043e-04  relPJ 0.2181  a 0.154 b 0.846  train_ms 94069.0  ms/step 4.634
step  20400  loss 9.772151e-05  relPJ 0.2122  a 0.150 b 0.850  train_ms 94532.5  ms/step 4.634
step  20500  loss 9.664000e-05  relPJ 0.2063  a 0.146 b 0.854  train_ms 94996.0  ms/step 4.634
step  20600  loss 9.597874e-05  relPJ 0.2004  a 0.142 b 0.858  train_ms 95459.8  ms/step 4.634
step  20700  loss 9.389399e-05  relPJ 0.1946  a 0.138 b 0.862  train_ms 95923.3  ms/step 4.634
step  20800  loss 9.340273e-05  relPJ 0.1887  a 0.133 b 0.867  train_ms 96386.8  ms/step 4.634
step  20900  loss 9.251044e-05  relPJ 0.1827  a 0.129 b 0.871  train_ms 96850.3  ms/step 4.634
step  21000  loss 9.165570e-05  relPJ 0.1768  a 0.125 b 0.875  train_ms 97313.9  ms/step 4.634
step  21100  loss 9.013581e-05  relPJ 0.1710  a 0.121 b 0.879  train_ms 97777.5  ms/step 4.634
step  21200  loss 8.969258e-05  relPJ 0.1651  a 0.117 b 0.883  train_ms 98241.0  ms/step 4.634
step  21300  loss 8.913749e-05  relPJ 0.1592  a 0.113 b 0.887  train_ms 98704.5  ms/step 4.634
step  21400  loss 8.832501e-05  relPJ 0.1533  a 0.108 b 0.892  train_ms 99168.1  ms/step 4.634
step  21500  loss 8.768056e-05  relPJ 0.1474  a 0.104 b 0.896  train_ms 99631.6  ms/step 4.634
step  21600  loss 8.618701e-05  relPJ 0.1416  a 0.100 b 0.900  train_ms 100095.2  ms/step 4.634
step  21700  loss 8.501266e-05  relPJ 0.1357  a 0.096 b 0.904  train_ms 100558.7  ms/step 4.634
step  21800  loss 8.508800e-05  relPJ 0.1298  a 0.092 b 0.908  train_ms 101022.3  ms/step 4.634
step  21900  loss 8.380576e-05  relPJ 0.1239  a 0.088 b 0.912  train_ms 101485.9  ms/step 4.634
step  22000  loss 8.314753e-05  relPJ 0.1180  a 0.083 b 0.917  train_ms 101949.8  ms/step 4.634
step  22100  loss 8.225547e-05  relPJ 0.1121  a 0.079 b 0.921  train_ms 102413.4  ms/step 4.634
step  22200  loss 8.135126e-05  relPJ 0.1063  a 0.075 b 0.925  train_ms 102877.0  ms/step 4.634
step  22300  loss 8.013920e-05  relPJ 0.1004  a 0.071 b 0.929  train_ms 103340.7  ms/step 4.634
step  22400  loss 7.947571e-05  relPJ 0.0946  a 0.067 b 0.933  train_ms 103804.7  ms/step 4.634
step  22500  loss 7.906177e-05  relPJ 0.0887  a 0.062 b 0.938  train_ms 104268.3  ms/step 4.634
step  22600  loss 7.780189e-05  relPJ 0.0829  a 0.058 b 0.942  train_ms 104731.8  ms/step 4.634
step  22700  loss 7.533110e-05  relPJ 0.0770  a 0.054 b 0.946  train_ms 105195.4  ms/step 4.634
step  22800  loss 7.583382e-05  relPJ 0.0711  a 0.050 b 0.950  train_ms 105659.0  ms/step 4.634
step  22900  loss 7.507074e-05  relPJ 0.0653  a 0.046 b 0.954  train_ms 106122.6  ms/step 4.634
step  23000  loss 7.397377e-05  relPJ 0.0595  a 0.042 b 0.958  train_ms 106586.2  ms/step 4.634
step  23100  loss 7.335701e-05  relPJ 0.0536  a 0.037 b 0.963  train_ms 107049.8  ms/step 4.634
step  23200  loss 7.264537e-05  relPJ 0.0478  a 0.033 b 0.967  train_ms 107513.3  ms/step 4.634
step  23300  loss 7.183539e-05  relPJ 0.0421  a 0.029 b 0.971  train_ms 107976.3  ms/step 4.634
step  23400  loss 7.172628e-05  relPJ 0.0363  a 0.025 b 0.975  train_ms 108439.2  ms/step 4.634
step  23500  loss 7.007095e-05  relPJ 0.0306  a 0.021 b 0.979  train_ms 108902.1  ms/step 4.634
step  23600  loss 6.969134e-05  relPJ 0.0250  a 0.017 b 0.983  train_ms 109364.9  ms/step 4.634
step  23700  loss 6.884345e-05  relPJ 0.0195  a 0.012 b 0.988  train_ms 109827.7  ms/step 4.634
step  23800  loss 6.834089e-05  relPJ 0.0144  a 0.008 b 0.992  train_ms 110290.6  ms/step 4.634
step  23900  loss 6.757461e-05  relPJ 0.0101  a 0.004 b 0.996  train_ms 110753.5  ms/step 4.634
step  24000  loss 6.668190e-05  relPJ 0.0082  a 0.000 b 1.000  train_ms 111216.4  ms/step 4.634
step  24100  loss 6.525182e-05  relPJ 0.0081  a 0.000 b 1.000  train_ms 111679.4  ms/step 4.634
step  24200  loss 6.338301e-05  relPJ 0.0080  a 0.000 b 1.000  train_ms 112142.4  ms/step 4.634
step  24300  loss 6.202902e-05  relPJ 0.0079  a 0.000 b 1.000  train_ms 112605.3  ms/step 4.634
step  24400  loss 6.120717e-05  relPJ 0.0078  a 0.000 b 1.000  train_ms 113068.3  ms/step 4.634
step  24500  loss 5.996521e-05  relPJ 0.0077  a 0.000 b 1.000  train_ms 113531.4  ms/step 4.634
step  24600  loss 5.867398e-05  relPJ 0.0077  a 0.000 b 1.000  train_ms 113994.6  ms/step 4.634
step  24700  loss 5.698033e-05  relPJ 0.0076  a 0.000 b 1.000  train_ms 114457.9  ms/step 4.634
step  24800  loss 5.668732e-05  relPJ 0.0075  a 0.000 b 1.000  train_ms 114921.3  ms/step 4.634
step  24900  loss 5.497888e-05  relPJ 0.0074  a 0.000 b 1.000  train_ms 115384.6  ms/step 4.634
step  25000  loss 5.399646e-05  relPJ 0.0073  a 0.000 b 1.000  train_ms 115848.0  ms/step 4.634
step  25100  loss 5.306191e-05  relPJ 0.0073  a 0.000 b 1.000  train_ms 116311.4  ms/step 4.634
step  25200  loss 5.236241e-05  relPJ 0.0072  a 0.000 b 1.000  train_ms 116774.6  ms/step 4.634
step  25300  loss 5.076065e-05  relPJ 0.0071  a 0.000 b 1.000  train_ms 117237.9  ms/step 4.634
step  25400  loss 4.985774e-05  relPJ 0.0071  a 0.000 b 1.000  train_ms 117701.3  ms/step 4.634
step  25500  loss 4.856809e-05  relPJ 0.0070  a 0.000 b 1.000  train_ms 118164.6  ms/step 4.634
step  25600  loss 4.835571e-05  relPJ 0.0069  a 0.000 b 1.000  train_ms 118627.9  ms/step 4.634
step  25700  loss 4.702991e-05  relPJ 0.0068  a 0.000 b 1.000  train_ms 119091.5  ms/step 4.634
step  25800  loss 4.565835e-05  relPJ 0.0067  a 0.000 b 1.000  train_ms 119554.7  ms/step 4.634
step  25900  loss 4.457976e-05  relPJ 0.0067  a 0.000 b 1.000  train_ms 120018.0  ms/step 4.634
step  26000  loss 4.379044e-05  relPJ 0.0066  a 0.000 b 1.000  train_ms 120481.2  ms/step 4.634
step  26100  loss 4.295862e-05  relPJ 0.0065  a 0.000 b 1.000  train_ms 120944.5  ms/step 4.634
step  26200  loss 4.189579e-05  relPJ 0.0065  a 0.000 b 1.000  train_ms 121407.7  ms/step 4.634
step  26300  loss 4.123959e-05  relPJ 0.0064  a 0.000 b 1.000  train_ms 121871.0  ms/step 4.634
step  26400  loss 4.004361e-05  relPJ 0.0063  a 0.000 b 1.000  train_ms 122334.3  ms/step 4.634
step  26500  loss 3.921962e-05  relPJ 0.0062  a 0.000 b 1.000  train_ms 122797.6  ms/step 4.634
step  26600  loss 3.829318e-05  relPJ 0.0062  a 0.000 b 1.000  train_ms 123260.8  ms/step 4.634
step  26700  loss 3.713624e-05  relPJ 0.0061  a 0.000 b 1.000  train_ms 123724.1  ms/step 4.634
step  26800  loss 3.660383e-05  relPJ 0.0060  a 0.000 b 1.000  train_ms 124187.4  ms/step 4.634
step  26900  loss 3.565750e-05  relPJ 0.0060  a 0.000 b 1.000  train_ms 124650.7  ms/step 4.634
step  27000  loss 3.449572e-05  relPJ 0.0059  a 0.000 b 1.000  train_ms 125114.3  ms/step 4.634
step  27100  loss 3.420468e-05  relPJ 0.0058  a 0.000 b 1.000  train_ms 125577.8  ms/step 4.634
step  27200  loss 3.338025e-05  relPJ 0.0058  a 0.000 b 1.000  train_ms 126041.3  ms/step 4.634
step  27300  loss 3.277295e-05  relPJ 0.0057  a 0.000 b 1.000  train_ms 126504.9  ms/step 4.634
step  27400  loss 3.203291e-05  relPJ 0.0056  a 0.000 b 1.000  train_ms 126968.4  ms/step 4.634
step  27500  loss 3.116615e-05  relPJ 0.0056  a 0.000 b 1.000  train_ms 127432.0  ms/step 4.634
step  27600  loss 3.059129e-05  relPJ 0.0055  a 0.000 b 1.000  train_ms 127895.6  ms/step 4.634
step  27700  loss 3.005359e-05  relPJ 0.0055  a 0.000 b 1.000  train_ms 128359.1  ms/step 4.634
step  27800  loss 2.858655e-05  relPJ 0.0054  a 0.000 b 1.000  train_ms 128822.6  ms/step 4.634
step  27900  loss 2.811997e-05  relPJ 0.0053  a 0.000 b 1.000  train_ms 129286.1  ms/step 4.634
step  28000  loss 2.790338e-05  relPJ 0.0053  a 0.000 b 1.000  train_ms 129749.6  ms/step 4.634
step  28100  loss 2.723594e-05  relPJ 0.0052  a 0.000 b 1.000  train_ms 130213.2  ms/step 4.634
step  28200  loss 2.650097e-05  relPJ 0.0051  a -0.000 b 1.000  train_ms 130676.8  ms/step 4.634
step  28300  loss 2.578402e-05  relPJ 0.0051  a 0.000 b 1.000  train_ms 131140.4  ms/step 4.634
step  28400  loss 2.505776e-05  relPJ 0.0050  a 0.000 b 1.000  train_ms 131603.8  ms/step 4.634
step  28500  loss 2.442889e-05  relPJ 0.0049  a 0.000 b 1.000  train_ms 132067.3  ms/step 4.634
step  28600  loss 2.380544e-05  relPJ 0.0049  a 0.000 b 1.000  train_ms 132530.7  ms/step 4.634
step  28700  loss 2.311435e-05  relPJ 0.0048  a 0.000 b 1.000  train_ms 132994.2  ms/step 4.634
step  28800  loss 2.246108e-05  relPJ 0.0047  a 0.000 b 1.000  train_ms 133457.7  ms/step 4.634
step  28900  loss 2.225636e-05  relPJ 0.0047  a 0.000 b 1.000  train_ms 133921.2  ms/step 4.634
step  29000  loss 2.160752e-05  relPJ 0.0046  a 0.000 b 1.000  train_ms 134384.7  ms/step 4.634
step  29100  loss 2.110866e-05  relPJ 0.0046  a 0.000 b 1.000  train_ms 134848.3  ms/step 4.634
step  29200  loss 2.061546e-05  relPJ 0.0045  a 0.000 b 1.000  train_ms 135311.8  ms/step 4.634
step  29300  loss 1.984684e-05  relPJ 0.0044  a 0.000 b 1.000  train_ms 135775.3  ms/step 4.634
step  29400  loss 1.945325e-05  relPJ 0.0044  a 0.000 b 1.000  train_ms 136239.0  ms/step 4.634
step  29500  loss 1.904565e-05  relPJ 0.0043  a 0.000 b 1.000  train_ms 136702.7  ms/step 4.634
step  29600  loss 1.847265e-05  relPJ 0.0043  a 0.000 b 1.000  train_ms 137166.3  ms/step 4.634
step  29700  loss 1.787302e-05  relPJ 0.0042  a 0.000 b 1.000  train_ms 137630.0  ms/step 4.634
step  29800  loss 1.741831e-05  relPJ 0.0042  a 0.000 b 1.000  train_ms 138093.8  ms/step 4.634
step  29900  loss 1.698480e-05  relPJ 0.0041  a 0.000 b 1.000  train_ms 138557.6  ms/step 4.634
step  30000  loss 1.667992e-05  relPJ 0.0041  a 0.000 b 1.000  train_ms 139021.7  ms/step 4.634
step  30100  loss 1.622321e-05  relPJ 0.0040  a 0.000 b 1.000  train_ms 139486.0  ms/step 4.634
step  30200  loss 1.555156e-05  relPJ 0.0039  a 0.000 b 1.000  train_ms 139950.6  ms/step 4.634
step  30300  loss 1.525061e-05  relPJ 0.0039  a 0.000 b 1.000  train_ms 140415.5  ms/step 4.634
step  30400  loss 1.494774e-05  relPJ 0.0039  a 0.000 b 1.000  train_ms 140880.7  ms/step 4.634
step  30500  loss 1.451134e-05  relPJ 0.0038  a 0.000 b 1.000  train_ms 141345.6  ms/step 4.634
step  30600  loss 1.399822e-05  relPJ 0.0037  a 0.000 b 1.000  train_ms 141810.7  ms/step 4.634
step  30700  loss 1.361168e-05  relPJ 0.0037  a 0.000 b 1.000  train_ms 142275.9  ms/step 4.635
step  30800  loss 1.345291e-05  relPJ 0.0036  a 0.000 b 1.000  train_ms 142741.2  ms/step 4.635
step  30900  loss 1.284407e-05  relPJ 0.0036  a 0.000 b 1.000  train_ms 143206.4  ms/step 4.635
step  31000  loss 1.260436e-05  relPJ 0.0035  a 0.000 b 1.000  train_ms 143671.7  ms/step 4.635
step  31100  loss 1.230368e-05  relPJ 0.0035  a 0.000 b 1.000  train_ms 144136.9  ms/step 4.635
step  31200  loss 1.185438e-05  relPJ 0.0034  a 0.000 b 1.000  train_ms 144602.0  ms/step 4.635
step  31300  loss 1.158832e-05  relPJ 0.0034  a 0.000 b 1.000  train_ms 145066.9  ms/step 4.635
step  31400  loss 1.111743e-05  relPJ 0.0033  a 0.000 b 1.000  train_ms 145532.4  ms/step 4.635
step  31500  loss 1.099241e-05  relPJ 0.0033  a 0.000 b 1.000  train_ms 145997.3  ms/step 4.635
step  31600  loss 1.051618e-05  relPJ 0.0032  a -0.000 b 1.000  train_ms 146462.4  ms/step 4.635
step  31700  loss 1.020588e-05  relPJ 0.0032  a 0.000 b 1.000  train_ms 146927.5  ms/step 4.635
step  31800  loss 9.991430e-06  relPJ 0.0031  a 0.000 b 1.000  train_ms 147392.4  ms/step 4.635
step  31900  loss 9.632436e-06  relPJ 0.0031  a -0.000 b 1.000  train_ms 147857.3  ms/step 4.635
step  32000  loss 9.426944e-06  relPJ 0.0030  a 0.000 b 1.000  train_ms 148322.8  ms/step 4.635
step  32100  loss 9.131413e-06  relPJ 0.0030  a 0.000 b 1.000  train_ms 148788.1  ms/step 4.635
step  32200  loss 8.839738e-06  relPJ 0.0030  a -0.000 b 1.000  train_ms 149252.9  ms/step 4.635
step  32300  loss 8.603578e-06  relPJ 0.0029  a 0.000 b 1.000  train_ms 149718.0  ms/step 4.635
step  32400  loss 8.317186e-06  relPJ 0.0029  a 0.000 b 1.000  train_ms 150183.0  ms/step 4.635
step  32500  loss 8.119010e-06  relPJ 0.0028  a -0.000 b 1.000  train_ms 150648.4  ms/step 4.635
step  32600  loss 7.864381e-06  relPJ 0.0028  a 0.000 b 1.000  train_ms 151113.7  ms/step 4.636
step  32700  loss 7.621505e-06  relPJ 0.0027  a 0.000 b 1.000  train_ms 151578.9  ms/step 4.636
step  32800  loss 7.452895e-06  relPJ 0.0027  a 0.000 b 1.000  train_ms 152044.0  ms/step 4.636
step  32900  loss 7.200410e-06  relPJ 0.0027  a 0.000 b 1.000  train_ms 152509.5  ms/step 4.636
step  33000  loss 7.063335e-06  relPJ 0.0026  a 0.000 b 1.000  train_ms 152975.0  ms/step 4.636
step  33100  loss 6.785636e-06  relPJ 0.0026  a 0.000 b 1.000  train_ms 153440.3  ms/step 4.636
step  33200  loss 6.586941e-06  relPJ 0.0025  a 0.000 b 1.000  train_ms 153905.5  ms/step 4.636
step  33300  loss 6.394071e-06  relPJ 0.0025  a 0.000 b 1.000  train_ms 154371.3  ms/step 4.636
step  33400  loss 6.179636e-06  relPJ 0.0025  a 0.000 b 1.000  train_ms 154836.3  ms/step 4.636
step  33500  loss 6.000051e-06  relPJ 0.0024  a -0.000 b 1.000  train_ms 155301.6  ms/step 4.636
step  33600  loss 5.847098e-06  relPJ 0.0024  a 0.000 b 1.000  train_ms 155766.9  ms/step 4.636
step  33700  loss 5.659888e-06  relPJ 0.0024  a 0.000 b 1.000  train_ms 156232.7  ms/step 4.636
step  33800  loss 5.508513e-06  relPJ 0.0023  a 0.000 b 1.000  train_ms 156697.8  ms/step 4.636
step  33900  loss 5.356606e-06  relPJ 0.0023  a 0.000 b 1.000  train_ms 157162.9  ms/step 4.636
step  34000  loss 5.195578e-06  relPJ 0.0023  a 0.000 b 1.000  train_ms 157628.2  ms/step 4.636
step  34100  loss 5.080380e-06  relPJ 0.0022  a 0.000 b 1.000  train_ms 158093.2  ms/step 4.636
step  34200  loss 4.925621e-06  relPJ 0.0022  a -0.000 b 1.000  train_ms 158558.3  ms/step 4.636
step  34300  loss 4.772832e-06  relPJ 0.0022  a -0.000 b 1.000  train_ms 159023.5  ms/step 4.636
step  34400  loss 4.569014e-06  relPJ 0.0021  a 0.000 b 1.000  train_ms 159489.0  ms/step 4.636
step  34500  loss 4.492724e-06  relPJ 0.0021  a -0.000 b 1.000  train_ms 159954.3  ms/step 4.636
step  34600  loss 4.352439e-06  relPJ 0.0021  a -0.000 b 1.000  train_ms 160419.7  ms/step 4.637
step  34700  loss 4.244209e-06  relPJ 0.0020  a -0.000 b 1.000  train_ms 160885.0  ms/step 4.637
step  34800  loss 4.088091e-06  relPJ 0.0020  a 0.000 b 1.000  train_ms 161350.2  ms/step 4.637
step  34900  loss 4.029467e-06  relPJ 0.0020  a 0.000 b 1.000  train_ms 161816.1  ms/step 4.637
step  35000  loss 3.940952e-06  relPJ 0.0019  a -0.000 b 1.000  train_ms 162281.3  ms/step 4.637
step  35100  loss 3.807135e-06  relPJ 0.0019  a -0.000 b 1.000  train_ms 162746.5  ms/step 4.637
step  35200  loss 3.667904e-06  relPJ 0.0019  a 0.000 b 1.000  train_ms 163212.1  ms/step 4.637
step  35300  loss 3.591788e-06  relPJ 0.0019  a 0.000 b 1.000  train_ms 163677.3  ms/step 4.637
step  35400  loss 3.496023e-06  relPJ 0.0018  a -0.000 b 1.000  train_ms 164142.4  ms/step 4.637
step  35500  loss 3.413690e-06  relPJ 0.0018  a 0.000 b 1.000  train_ms 164607.5  ms/step 4.637
step  35600  loss 3.294808e-06  relPJ 0.0018  a -0.000 b 1.000  train_ms 165072.8  ms/step 4.637
step  35700  loss 3.232532e-06  relPJ 0.0018  a -0.000 b 1.000  train_ms 165537.8  ms/step 4.637
step  35800  loss 3.153890e-06  relPJ 0.0017  a -0.000 b 1.000  train_ms 166003.2  ms/step 4.637
step  35900  loss 3.094867e-06  relPJ 0.0017  a 0.000 b 1.000  train_ms 166468.6  ms/step 4.637
step  36000  loss 2.986400e-06  relPJ 0.0017  a -0.000 b 1.000  train_ms 166934.1  ms/step 4.637
step  36100  loss 2.911718e-06  relPJ 0.0017  a -0.000 b 1.000  train_ms 167399.7  ms/step 4.637
step  36200  loss 2.859673e-06  relPJ 0.0017  a -0.000 b 1.000  train_ms 167865.3  ms/step 4.637
step  36300  loss 2.784947e-06  relPJ 0.0016  a 0.000 b 1.000  train_ms 168330.7  ms/step 4.637
step  36400  loss 2.737922e-06  relPJ 0.0016  a 0.000 b 1.000  train_ms 168796.0  ms/step 4.637
step  36500  loss 2.660600e-06  relPJ 0.0016  a 0.000 b 1.000  train_ms 169261.5  ms/step 4.637
step  36600  loss 2.581115e-06  relPJ 0.0016  a -0.000 b 1.000  train_ms 169727.2  ms/step 4.637
step  36700  loss 2.556749e-06  relPJ 0.0016  a -0.000 b 1.000  train_ms 170192.4  ms/step 4.638
step  36800  loss 2.471770e-06  relPJ 0.0015  a 0.000 b 1.000  train_ms 170658.0  ms/step 4.638
step  36900  loss 2.439204e-06  relPJ 0.0015  a -0.000 b 1.000  train_ms 171123.9  ms/step 4.638
step  37000  loss 2.402807e-06  relPJ 0.0015  a -0.000 b 1.000  train_ms 171589.2  ms/step 4.638
step  37100  loss 2.360984e-06  relPJ 0.0015  a -0.000 b 1.000  train_ms 172054.8  ms/step 4.638
step  37200  loss 2.319197e-06  relPJ 0.0015  a -0.000 b 1.000  train_ms 172519.9  ms/step 4.638
step  37300  loss 2.279181e-06  relPJ 0.0015  a 0.000 b 1.000  train_ms 172985.2  ms/step 4.638
step  37400  loss 2.221289e-06  relPJ 0.0015  a 0.000 b 1.000  train_ms 173450.6  ms/step 4.638
step  37500  loss 2.199951e-06  relPJ 0.0014  a 0.000 b 1.000  train_ms 173915.9  ms/step 4.638
step  37600  loss 2.169547e-06  relPJ 0.0014  a -0.000 b 1.000  train_ms 174381.9  ms/step 4.638
step  37700  loss 2.112120e-06  relPJ 0.0014  a 0.000 b 1.000  train_ms 174848.0  ms/step 4.638
step  37800  loss 2.102928e-06  relPJ 0.0014  a -0.000 b 1.000  train_ms 175314.2  ms/step 4.638
step  37900  loss 2.067565e-06  relPJ 0.0014  a -0.000 b 1.000  train_ms 175779.7  ms/step 4.638
step  38000  loss 2.041294e-06  relPJ 0.0014  a -0.000 b 1.000  train_ms 176245.9  ms/step 4.638
step  38100  loss 2.024766e-06  relPJ 0.0014  a 0.000 b 1.000  train_ms 176711.4  ms/step 4.638
step  38200  loss 1.978104e-06  relPJ 0.0014  a -0.000 b 1.000  train_ms 177176.7  ms/step 4.638
step  38300  loss 1.964828e-06  relPJ 0.0014  a 0.000 b 1.000  train_ms 177642.2  ms/step 4.638
step  38400  loss 1.953082e-06  relPJ 0.0014  a -0.000 b 1.000  train_ms 178107.6  ms/step 4.638
step  38500  loss 1.940794e-06  relPJ 0.0014  a 0.000 b 1.000  train_ms 178573.2  ms/step 4.638
step  38600  loss 1.897020e-06  relPJ 0.0013  a 0.000 b 1.000  train_ms 179038.8  ms/step 4.638
step  38700  loss 1.913867e-06  relPJ 0.0013  a 0.000 b 1.000  train_ms 179504.4  ms/step 4.638
step  38800  loss 1.883775e-06  relPJ 0.0013  a 0.000 b 1.000  train_ms 179970.1  ms/step 4.639
step  38900  loss 1.855395e-06  relPJ 0.0013  a -0.000 b 1.000  train_ms 180435.6  ms/step 4.639
step  39000  loss 1.841911e-06  relPJ 0.0013  a 0.000 b 1.000  train_ms 180901.2  ms/step 4.639
step  39100  loss 1.848405e-06  relPJ 0.0013  a -0.000 b 1.000  train_ms 181366.7  ms/step 4.639
step  39200  loss 1.828516e-06  relPJ 0.0013  a 0.000 b 1.000  train_ms 181832.0  ms/step 4.639
step  39300  loss 1.813448e-06  relPJ 0.0013  a -0.000 b 1.000  train_ms 182297.4  ms/step 4.639
step  39400  loss 1.827034e-06  relPJ 0.0013  a -0.000 b 1.000  train_ms 182762.9  ms/step 4.639
step  39500  loss 1.800530e-06  relPJ 0.0013  a -0.000 b 1.000  train_ms 183228.5  ms/step 4.639
step  39600  loss 1.795584e-06  relPJ 0.0013  a -0.000 b 1.000  train_ms 183693.8  ms/step 4.639
step  39700  loss 1.799712e-06  relPJ 0.0013  a -0.000 b 1.000  train_ms 184158.9  ms/step 4.639
step  39800  loss 1.787431e-06  relPJ 0.0013  a -0.000 b 1.000  train_ms 184624.2  ms/step 4.639
step  39900  loss 1.782592e-06  relPJ 0.0013  a 0.000 b 1.000  train_ms 185089.6  ms/step 4.639
step  40000  loss 1.794654e-06  relPJ 0.0013  a 0.000 b 1.000  train_ms 185554.9  ms/step 4.639
done err=0
rc=0
