[M3] numBlocks(AIC) = 28
[M3] weights dequantized (8 experts, gate_up 1280x2560 + down 2560x640)
[M3] gate_up m=1  slot=0 rows=1 cols=1280 : PASS (maxRelDiff 0.00e+00)
[M3] h_quant m=1  slot=0 : packed byte mismatch 0/320, scale byte mismatch 0/20 : PASS (T1 逐字节 vs host 镜像)
[M3] down    m=1  slot=0 rows=1 cols=2560 : PASS (maxRelDiff 0.00e+00)
[M3] gate_up m=1  slot=1 rows=1 cols=1280 : PASS (maxRelDiff 0.00e+00)
[M3] h_quant m=1  slot=1 : packed byte mismatch 0/320, scale byte mismatch 0/20 : PASS (T1 逐字节 vs host 镜像)
[M3] down    m=1  slot=1 rows=1 cols=2560 : PASS (maxRelDiff 0.00e+00)
[M3] gate_up m=1  slot=2 rows=1 cols=1280 : PASS (maxRelDiff 0.00e+00)
[M3] h_quant m=1  slot=2 : packed byte mismatch 0/320, scale byte mismatch 0/20 : PASS (T1 逐字节 vs host 镜像)
[M3] down    m=1  slot=2 rows=1 cols=2560 : PASS (maxRelDiff 0.00e+00)
[M3] gate_up m=1  slot=3 rows=1 cols=1280 : PASS (maxRelDiff 0.00e+00)
[M3] h_quant m=1  slot=3 : packed byte mismatch 0/320, scale byte mismatch 0/20 : PASS (T1 逐字节 vs host 镜像)
[M3] down    m=1  slot=3 rows=1 cols=2560 : PASS (maxRelDiff 0.00e+00)
[M3] gate_up m=1  slot=4 rows=1 cols=1280 : PASS (maxRelDiff 0.00e+00)
[M3] h_quant m=1  slot=4 : packed byte mismatch 0/320, scale byte mismatch 0/20 : PASS (T1 逐字节 vs host 镜像)
[M3] down    m=1  slot=4 rows=1 cols=2560 : PASS (maxRelDiff 0.00e+00)
[M3] gate_up m=1  slot=5 rows=1 cols=1280 : PASS (maxRelDiff 0.00e+00)
[M3] h_quant m=1  slot=5 : packed byte mismatch 0/320, scale byte mismatch 0/20 : PASS (T1 逐字节 vs host 镜像)
[M3] down    m=1  slot=5 rows=1 cols=2560 : PASS (maxRelDiff 0.00e+00)
[M3] gate_up m=1  slot=6 rows=1 cols=1280 : PASS (maxRelDiff 0.00e+00)
[M3] h_quant m=1  slot=6 : packed byte mismatch 0/320, scale byte mismatch 0/20 : PASS (T1 逐字节 vs host 镜像)
[M3] down    m=1  slot=6 rows=1 cols=2560 : PASS (maxRelDiff 0.00e+00)
[M3] gate_up m=1  slot=7 rows=1 cols=1280 : PASS (maxRelDiff 0.00e+00)
[M3] h_quant m=1  slot=7 : packed byte mismatch 0/320, scale byte mismatch 0/20 : PASS (T1 逐字节 vs host 镜像)
[M3] down    m=1  slot=7 rows=1 cols=2560 : PASS (maxRelDiff 0.00e+00)
[M3-VF] probe==production (m=1, 8 行): PASS (0 pack / 0 scale 字节不符)
[M3] gate_up m=33 slot=0 rows=33 cols=1280 : PASS (maxRelDiff 0.00e+00)
[M3] h_quant m=33 slot=0 : packed byte mismatch 0/10560, scale byte mismatch 0/20 : PASS (T1 逐字节 vs host 镜像)
[M3] down    m=33 slot=0 rows=33 cols=2560 : PASS (maxRelDiff 0.00e+00)
[M3] gate_up m=33 slot=1 rows=29 cols=1280 : PASS (maxRelDiff 0.00e+00)
[M3] h_quant m=33 slot=1 : packed byte mismatch 0/9280, scale byte mismatch 0/20 : PASS (T1 逐字节 vs host 镜像)
[M3] down    m=33 slot=1 rows=29 cols=2560 : PASS (maxRelDiff 0.00e+00)
[M3] gate_up m=33 slot=2 rows=25 cols=1280 : PASS (maxRelDiff 0.00e+00)
[M3] h_quant m=33 slot=2 : packed byte mismatch 0/8000, scale byte mismatch 0/20 : PASS (T1 逐字节 vs host 镜像)
[M3] down    m=33 slot=2 rows=25 cols=2560 : PASS (maxRelDiff 0.00e+00)
[M3] gate_up m=33 slot=3 rows=21 cols=1280 : PASS (maxRelDiff 0.00e+00)
[M3] h_quant m=33 slot=3 : packed byte mismatch 0/6720, scale byte mismatch 0/20 : PASS (T1 逐字节 vs host 镜像)
[M3] down    m=33 slot=3 rows=21 cols=2560 : PASS (maxRelDiff 0.00e+00)
[M3] gate_up m=33 slot=4 rows=17 cols=1280 : PASS (maxRelDiff 0.00e+00)
[M3] h_quant m=33 slot=4 : packed byte mismatch 0/5440, scale byte mismatch 0/20 : PASS (T1 逐字节 vs host 镜像)
[M3] down    m=33 slot=4 rows=17 cols=2560 : PASS (maxRelDiff 0.00e+00)
[M3] gate_up m=33 slot=5 rows=13 cols=1280 : PASS (maxRelDiff 0.00e+00)
[M3] h_quant m=33 slot=5 : packed byte mismatch 0/4160, scale byte mismatch 0/20 : PASS (T1 逐字节 vs host 镜像)
[M3] down    m=33 slot=5 rows=13 cols=2560 : PASS (maxRelDiff 0.00e+00)
[M3] gate_up m=33 slot=6 rows=9 cols=1280 : PASS (maxRelDiff 0.00e+00)
[M3] h_quant m=33 slot=6 : packed byte mismatch 0/2880, scale byte mismatch 0/20 : PASS (T1 逐字节 vs host 镜像)
[M3] down    m=33 slot=6 rows=9 cols=2560 : PASS (maxRelDiff 0.00e+00)
[M3] gate_up m=33 slot=7 rows=5 cols=1280 : PASS (maxRelDiff 0.00e+00)
[M3] h_quant m=33 slot=7 : packed byte mismatch 0/1600, scale byte mismatch 0/20 : PASS (T1 逐字节 vs host 镜像)
[M3] down    m=33 slot=7 rows=5 cols=2560 : PASS (maxRelDiff 0.00e+00)
[M3-VF] probe==production (m=33, 152 行): PASS (0 pack / 0 scale 字节不符)
[M3] ===== ALL PASS =====
rc=0
