[check] seq=  256 (seq_pad=256)
  判定项 A（out 边界感知 ulp，T3）: PASS | 常规元素 6130 个（判 ≤1 ulp）：越界 0 | 边界元素 14 个（判 ≤2 ulp + 绝对界）：ulp 越界 0、绝对界越界 0 | max 1 ulp
    ε 各项（单位 2^-24；Exp 项 = **官方 Reg 精度规格 1 ulp**，不是设备实测）: S2T 256 + nsplit 1 + 2·nTile 2 + EXP_ULP·nTile 2（nTile=1） = 261·2^-24，ε = 1.556e-05 ⇒ 边界元素 δ = noise_ub/ulp(out) 最大 0.0038（无边界元素时 δ=0）
    绝对界（仅边界元素）: ε·(Σ|acc·w|/den) + 0.5·ulp(out)，最大 2.458e-04
     判定项[A. out 边界感知 ulp]: PASS 常规 6130(越界 0) / 边界 14(ulp 越界 0、绝对界越界 0)
  判定项 B（out 结构性，T4）: 非全零 PASS | 非常数 PASS | 每行 256 列非零 PASS (min 256)
     判定项[B. out 每行 256 列非零]: PASS min 256
  报告项: 位级一致率 98.1771% | ≤1ulp 100.0000% | ≤2ulp 100.0000% | maxAbsErr 2.476e-04
  报告项: maxRel 7.576e-03 —— 由相消区元素主导 out[0][7][35]: |ref|=1.007e-03、|dev−ref|=7.629e-06、该行量级 9.229e-02（相消 92×）；报告项，小分母不由判定项承担
  报告项: 单一相对累加界 ε·(Σ|acc·w|/den) 覆盖 40/6144 处（不足 6104 处中的 14 个即边界元素/相消区；见 README §6.6）
  guard(host mask 契约): tail=0 全 0（无尾 tile）
     guard[host mask 契约（自检，恒真）]: OK tail=0
[p] seq=256: 判据 C/D —— 设备 `gp` 全数组 vs host 从 q/k **独立重算**的 P̃（N1 输入隔离） | 档 T3（Exp + 在线重标定 + mmad k=256）| 逐元素 |Δ| ≤ 1.0·ulp(P̃_ref) + ε_arg·|P̃_ref|，ε_arg=(S2T 256 + Exp 2)·2^-24 = 1.538e-05
    判据 C（逐元素，T3）: 比较 8192 个元素 / 覆盖 2 个 (unit,slot) × 16 行（含 4 个 q pad 行；pad 行的 q=0 ⇒ P̃=1）| 越界 0 | 位差 0/1/2/≥3 格点 = 8192/0/0/0 | 最大界占用 0.0000
    判据 D（结构性，T4/T1）: 未用槽位非零 0/82（必须 0，咬 unit 索引空间） | 尾 tile 无效列非零 0（必须 0，咬列 mask 契约）
    覆盖范围: 设备 buffer 共 344064 个槽位 = 2 个在用一个(unit,slot)（8192 元素逐元素比） + 82 个未用槽位（按判据 D 必须恒 0，已全查）；无抽样
     guard[C 判别力对照（分辨率 = 1 个 bf16 格点）]: OK 参考自身当设备 ⇒ 越界 0（须 0）；某元素 +1 格点 ⇒ 0（**须 0**：1.0·ulp 是判据明写的允许差，docs/17 的格点条款）；+2 格点 ⇒ 1（须 1，即 >1 ulp 必须被抓）
     guard[C 口径负向对照（global max 口径必须被咬）]: OK 换用『全序列行 max』口径后越界 0（该档全序列只有 1 个 tile ⇒ 两口径**同解、不可判**，如实报）
    旧 `check_gp` 窄范围（unit0/slot0、前 12 行、单 tile）在本判据内一并覆盖: maxAbsErr 0.000e+00（旧容差 5e-3 → 现为派生的 1.0·ulp+ε_arg，最小 9.796e-04，**更严**）
     判定项[C. P̃ 全数组逐元素（T3）]: PASS 比较 8192 元素、越界 0、最大界占用 0.0000
     判定项[D. P̃ 位置/掩码结构性（T4/T1）]: PASS 未用槽位非零 0/82、尾 tile 无效列非零 0
[pv-ref] seq=256: 判据 E —— BMM2 L0C（`dbgc2`）vs **独立重算 P̃**·V（T3） | tol = S2T·u·Σ|P̃V| + Σ_k(1.0·ulp(P̃_k)+ε_arg·P̃_k)|V_kd|（两项都是推导） | 覆盖 2 个 unit 的 tile0、8192 个元素 | 越界 0 | maxAbsErr 1.818e-06 @ unit1 (row7,col200) | 最大界占用 5.90e-06 | unit0 maxAbsErr 1.431e-06
     判定项[E. P·V（独立 P，全 unit 的 tile0）]: PASS 越界 0/8192，maxAbsErr 1.818e-06，界占用 5.90e-06
[pv-dev] seq=256: 判据 F（**S1**：输入 = 设备产出的 P̃）—— BMM2 L0C vs P̃_dev·V | tol = S2T·u·Σ|P̃V|（推导）| 覆盖 2 个 unit 的 tile0、8192 个元素 | 越界 0 | maxAbsErr 1.818e-06 @ unit1 | 最大界占用 2.23e-03 | unit0 maxAbsErr 1.431e-06
     定位声明：本判据的**被判量**是「给定 P 下 BMM2 的布局/转置」（咬 BMM2 ↔ `gp` 的同一性）；P 本身**不是**本判据的被判量（两侧同一份设备 P̃），P 由判据 C/D 咬。
     判定项[F. P·V（设备 P，S1 定位声明）]: PASS 越界 0/8192，maxAbsErr 1.818e-06，界占用 2.23e-03
[check] seq=  300 (seq_pad=512)
  判定项 A（out 边界感知 ulp，T3）: PASS | 常规元素 6086 个（判 ≤1 ulp）：越界 0 | 边界元素 58 个（判 ≤2 ulp + 绝对界）：ulp 越界 0、绝对界越界 0 | max 1 ulp
    ε 各项（单位 2^-24；Exp 项 = **官方 Reg 精度规格 1 ulp**，不是设备实测）: S2T 256 + nsplit 2 + 2·nTile 2 + EXP_ULP·nTile 2（nTile=1） = 262·2^-24，ε = 1.562e-05 ⇒ 边界元素 δ = noise_ub/ulp(out) 最大 27.2828（无边界元素时 δ=0）
    绝对界（仅边界元素）: ε·(Σ|acc·w|/den) + 0.5·ulp(out)，最大 2.456e-04
     判定项[A. out 边界感知 ulp]: PASS 常规 6086(越界 0) / 边界 58(ulp 越界 0、绝对界越界 0)
  判定项 B（out 结构性，T4）: 非全零 PASS | 非常数 PASS | 每行 256 列非零 PASS (min 256)
     判定项[B. out 每行 256 列非零]: PASS min 256
  报告项: 位级一致率 98.6165% | ≤1ulp 100.0000% | ≤2ulp 100.0000% | maxAbsErr 2.442e-04
  报告项: maxRel 7.576e-03 —— 由相消区元素主导 out[0][3][155]: |ref|=3.223e-02、|dev−ref|=2.441e-04、该行量级 7.080e-02（相消 2×）；报告项，小分母不由判定项承担
  报告项: 单一相对累加界 ε·(Σ|acc·w|/den) 覆盖 124/6144 处（不足 6020 处中的 58 个即边界元素/相消区；见 README §6.6）
  guard(host mask 契约): tail=44 212 列被屏蔽
     guard[host mask 契约（自检，恒真）]: OK tail=44
[p] seq=300: 判据 C/D —— 设备 `gp` 全数组 vs host 从 q/k **独立重算**的 P̃（N1 输入隔离） | 档 T3（Exp + 在线重标定 + mmad k=256）| 逐元素 |Δ| ≤ 1.0·ulp(P̃_ref) + ε_arg·|P̃_ref|，ε_arg=(S2T 256 + Exp 2)·2^-24 = 1.538e-05
    判据 C（逐元素，T3）: 比较 9600 个元素 / 覆盖 4 个 (unit,slot) × 16 行（含 4 个 q pad 行；pad 行的 q=0 ⇒ P̃=1）| 越界 0 | 位差 0/1/2/≥3 格点 = 9600/0/0/0 | 最大界占用 0.0000
    判据 D（结构性，T4/T1）: 未用槽位非零 0/80（必须 0，咬 unit 索引空间） | 尾 tile 无效列非零 0（必须 0，咬列 mask 契约）
    覆盖范围: 设备 buffer 共 344064 个槽位 = 4 个在用一个(unit,slot)（9600 元素逐元素比） + 80 个未用槽位（按判据 D 必须恒 0，已全查）；无抽样
     guard[C 判别力对照（分辨率 = 1 个 bf16 格点）]: OK 参考自身当设备 ⇒ 越界 0（须 0）；某元素 +1 格点 ⇒ 0（**须 0**：1.0·ulp 是判据明写的允许差，docs/17 的格点条款）；+2 格点 ⇒ 1（须 1，即 >1 ulp 必须被抓）
     guard[C 口径负向对照（global max 口径必须被咬）]: OK 换用『全序列行 max』口径后越界 1983（>0 即判据非恒真）
    旧 `check_gp` 窄范围（unit0/slot0、前 12 行、单 tile）在本判据内一并覆盖: maxAbsErr 0.000e+00（旧容差 5e-3 → 现为派生的 1.0·ulp+ε_arg，最小 1.957e-03，**更严**）
     判定项[C. P̃ 全数组逐元素（T3）]: PASS 比较 9600 元素、越界 0、最大界占用 0.0000
     判定项[D. P̃ 位置/掩码结构性（T4/T1）]: PASS 未用槽位非零 0/80、尾 tile 无效列非零 0
[pv-ref] seq=300: 判据 E —— BMM2 L0C（`dbgc2`）vs **独立重算 P̃**·V（T3） | tol = S2T·u·Σ|P̃V| + Σ_k(1.0·ulp(P̃_k)+ε_arg·P̃_k)|V_kd|（两项都是推导） | 覆盖 4 个 unit 的 tile0、16384 个元素 | 越界 0 | maxAbsErr 1.907e-06 @ unit1 (row4,col45) | 最大界占用 5.44e-06 | unit0 maxAbsErr 1.848e-06
     判定项[E. P·V（独立 P，全 unit 的 tile0）]: PASS 越界 0/16384，maxAbsErr 1.907e-06，界占用 5.44e-06
[pv-dev] seq=300: 判据 F（**S1**：输入 = 设备产出的 P̃）—— BMM2 L0C vs P̃_dev·V | tol = S2T·u·Σ|P̃V|（推导）| 覆盖 4 个 unit 的 tile0、16384 个元素 | 越界 0 | maxAbsErr 1.907e-06 @ unit1 | 最大界占用 2.09e-03 | unit0 maxAbsErr 1.848e-06
     定位声明：本判据的**被判量**是「给定 P 下 BMM2 的布局/转置」（咬 BMM2 ↔ `gp` 的同一性）；P 本身**不是**本判据的被判量（两侧同一份设备 P̃），P 由判据 C/D 咬。
     判定项[F. P·V（设备 P，S1 定位声明）]: PASS 越界 0/16384，maxAbsErr 1.907e-06，界占用 2.09e-03
[check] seq= 4096 (seq_pad=4096)
  判定项 A（out 边界感知 ulp，T3）: FAIL | 常规元素 5924 个（判 ≤1 ulp）：越界 0 | 边界元素 220 个（判 ≤2 ulp + 绝对界）：ulp 越界 0、绝对界越界 1 | max 2 ulp
    ε 各项（单位 2^-24；Exp 项 = **官方 Reg 精度规格 1 ulp**，不是设备实测）: S2T 256 + nsplit 8 + 2·nTile 4 + EXP_ULP·nTile 4（nTile=2） = 272·2^-24，ε = 1.621e-05 ⇒ 边界元素 δ = noise_ub/ulp(out) 最大 9.2817（无边界元素时 δ=0）
    绝对界（仅边界元素）: ε·(Σ|acc·w|/den) + 0.5·ulp(out)，最大 6.161e-05
     判定项[A. out 边界感知 ulp]: FAIL 常规 5924(越界 0) / 边界 220(ulp 越界 0、绝对界越界 1)
  判定项 B（out 结构性，T4）: 非全零 PASS | 非常数 PASS | 每行 256 列非零 PASS (min 256)
     判定项[B. out 每行 256 列非零]: PASS min 256
  报告项: 位级一致率 99.3652% | ≤1ulp 99.9837% | ≤2ulp 100.0000% | maxAbsErr 5.992e-05
  报告项: maxRel 1.005e-02 —— 由相消区元素主导 out[0][11][217]: |ref|=4.745e-05、|dev−ref|=4.768e-07、该行量级 2.087e-02（相消 440×）；报告项，小分母不由判定项承担
  报告项: 单一相对累加界 ε·(Σ|acc·w|/den) 覆盖 330/6144 处（不足 5814 处中的 220 个即边界元素/相消区；见 README §6.6）
  判定 A 首个越界位置 out[0][11][217]: got 0xb849 expect 0xb847 (2 ulp, 边界元素=True, absErr 4.213e-07 vs 界 3.710e-07), 共 1 处
  guard(host mask 契约): tail=0 全 0（无尾 tile）
     guard[host mask 契约（自检，恒真）]: OK tail=0
[p] seq=4096: 判据 C/D —— 设备 `gp` 全数组 vs host 从 q/k **独立重算**的 P̃（N1 输入隔离） | 档 T3（Exp + 在线重标定 + mmad k=256）| 逐元素 |Δ| ≤ 1.0·ulp(P̃_ref) + ε_arg·|P̃_ref|，ε_arg=(S2T 256 + Exp 2)·2^-24 = 1.538e-05
    判据 C（逐元素，T3）: 比较 131072 个元素 / 覆盖 32 个 (unit,slot) × 16 行（含 4 个 q pad 行；pad 行的 q=0 ⇒ P̃=1）| 越界 0 | 位差 0/1/2/≥3 格点 = 131071/1/0/0 | 最大界占用 0.9965
    判据 D（结构性，T4/T1）: 未用槽位非零 0/52（必须 0，咬 unit 索引空间） | 尾 tile 无效列非零 0（必须 0，咬列 mask 契约）
    P̃ 位差（≤1 格点，判据 C 内）: unit10(split5,n20) slot0 row11 col252 token2812 → 1 个格点
    覆盖范围: 设备 buffer 共 344064 个槽位 = 32 个在用一个(unit,slot)（131072 元素逐元素比） + 52 个未用槽位（按判据 D 必须恒 0，已全查）；无抽样
     guard[C 判别力对照（分辨率 = 1 个 bf16 格点）]: OK 参考自身当设备 ⇒ 越界 0（须 0）；某元素 +1 格点 ⇒ 0（**须 0**：1.0·ulp 是判据明写的允许差，docs/17 的格点条款）；+2 格点 ⇒ 1（须 1，即 >1 ulp 必须被抓）
     guard[C 口径负向对照（global max 口径必须被咬）]: OK 换用『全序列行 max』口径后越界 86738（>0 即判据非恒真）
    旧 `check_gp` 窄范围（unit0/slot0、前 12 行、单 tile）在本判据内一并覆盖: maxAbsErr 0.000e+00（旧容差 5e-3 → 现为派生的 1.0·ulp+ε_arg，最小 9.799e-04，**更严**）
     判定项[C. P̃ 全数组逐元素（T3）]: PASS 比较 131072 元素、越界 0、最大界占用 0.9965
     判定项[D. P̃ 位置/掩码结构性（T4/T1）]: PASS 未用槽位非零 0/52、尾 tile 无效列非零 0
[pv-ref] seq=4096: 判据 E —— BMM2 L0C（`dbgc2`）vs **独立重算 P̃**·V（T3） | tol = S2T·u·Σ|P̃V| + Σ_k(1.0·ulp(P̃_k)+ε_arg·P̃_k)|V_kd|（两项都是推导） | 覆盖 16 个 unit 的 tile0、65536 个元素 | 越界 0 | maxAbsErr 1.564e-03 @ unit10 (row11,col185) | 最大界占用 5.36e-03 | unit0 maxAbsErr 1.609e-06
     判定项[E. P·V（独立 P，全 unit 的 tile0）]: PASS 越界 0/65536，maxAbsErr 1.564e-03，界占用 5.36e-03
[pv-dev] seq=4096: 判据 F（**S1**：输入 = 设备产出的 P̃）—— BMM2 L0C vs P̃_dev·V | tol = S2T·u·Σ|P̃V|（推导）| 覆盖 16 个 unit 的 tile0、65536 个元素 | 越界 0 | maxAbsErr 2.980e-06 @ unit15 | 最大界占用 3.34e-03 | unit0 maxAbsErr 1.609e-06
     定位声明：本判据的**被判量**是「给定 P 下 BMM2 的布局/转置」（咬 BMM2 ↔ `gp` 的同一性）；P 本身**不是**本判据的被判量（两侧同一份设备 P̃），P 由判据 C/D 咬。
     判定项[F. P·V（设备 P，S1 定位声明）]: PASS 越界 0/65536，maxAbsErr 2.980e-06，界占用 3.34e-03
[check] seq=256,300,4096 | 判定项 23/24 通过 | 报告项 27 单列 | guard 9/9 | 输入缺失 0 项
        判定项 FAIL: seq=4096 A. out 边界感知 ulp
RESULT: FAIL (判定项 23/24 通过；判定 FAIL 1 项、guard FAIL 0 项；报告项 27 单列)
