[M101] mode=oproj
[M101] o_proj: numBlocks(AIC) = 28（门控段用 mix(1,2) + blockDim=28 ⇒ AIV=56）
[op] m=1 ====
[M101][fp] input W (not dumped) file=-                            len=31457280  fnv1a64=29dd51e39fc752bb
[M101][fp] input attn           file=m101op_m1_attn.bin           len=12288     fnv1a64=0c8e0636a7785231
[M101][fp] input gate           file=m101op_m1_gate.bin           len=12288     fnv1a64=8c9db7be1a2a52ce
[M101][fp] input t (integer)    file=m101op_m1_tint.bin           len=12288     fnv1a64=094ee510c7339ff3
    判定项[OP-A. o_proj GEMM 逐位（精确整数域）]: PASS 比较 2560 元素、位不等 0
[M101][fp] OP-A y (contract)    file=m101op_m1_yA_contract.bin    len=5120      fnv1a64=747516a4e0566a17
      OP-A 位不等: y[0][0] got 0x454f (3312) expect 0x454c (3264)
      OP-A 位不等: y[0][1] got 0xc3ad (-346) expect 0xc377 (-247)
      OP-A 位不等: y[0][2] got 0xc523 (-2608) expect 0xc512 (-2336)
      OP-A 位不等: y[0][3] got 0x44e8 (1856) expect 0x4501 (2064)
      OP-A 位不等: y[0][4] got 0xc4dd (-1768) expect 0xc4cd (-1640)
      OP-A 位不等: y[0][5] got 0xc541 (-3088) expect 0xc54c (-3264)
    负向[OP-A · GEMM_MODE_KMINUS1 少累加一个 baseK 块]: 位不等 2507/2560（**必须 > 0**）
[M101][fp] OP-A y (K-1 neg)     file=m101op_m1_yA_kminus1.bin     len=5120      fnv1a64=75fa3b5fa6459abf
    判定项[OP-B. ×sigmoid(gate)（T3，量化半步 + 4u 相对）]: PASS 比较 6144 元素、越界 0 | maxAbsErr 0.00193773 | 最大界占用 0.9998 | 位差 0/1/≥2 格点 = 6144/0/0
      OP-B 越界: t[0] got 0.283203 ref 0.280023 |Δ|=0.00318055 tol=0.000976696
      OP-B 越界: t[1] got -0.160156 ref -0.157735 |Δ|=0.00242126 tol=0.000488356
      OP-B 越界: t[2] got 0.238281 ref 0.236015 |Δ|=0.00226613 tol=0.000488394
      OP-B 越界: t[3] got 0.0280762 ref 0.0278698 |Δ|=0.000206348 tol=6.10484e-05
      OP-B 越界: t[4] got -0.0717773 ref -0.0709421 |Δ|=0.000835259 tol=0.000244174
    guard[OP-B 判别力对照]: 参考量化到 bf16 当设备 ⇒ 越界 0（须 0）；前 8 个元素 +2 格点 ⇒ 越界 8（须 >0）
      OP-B 越界: t[0] got 0.789062 ref 0.280023 |Δ|=0.50904 tol=0.00195326
      OP-B 越界: t[1] got -0.472656 ref -0.157735 |Δ|=0.314921 tol=0.000976638
      OP-B 越界: t[2] got 0.601562 ref 0.236015 |Δ|=0.365547 tol=0.00195324
      OP-B 越界: t[3] got 0.0456543 ref 0.0278698 |Δ|=0.0177845 tol=0.000122084
      OP-B 越界: t[4] got -0.10498 ref -0.0709421 |Δ|=0.0340384 tol=0.000244174
    负向[OP-B · GATE_MODE_NO_GATE 跳过门控]: 越界 6144/6144（**必须 > 0**）、最大界占用 351.546
      OP-B 越界: t[0] got 0.507812 ref 0.280023 |Δ|=0.22779 tol=0.00195326
      OP-B 越界: t[1] got -0.314453 ref -0.157735 |Δ|=0.156718 tol=0.000976638
      OP-B 越界: t[2] got 0.365234 ref 0.236015 |Δ|=0.129219 tol=0.000976675
      OP-B 越界: t[3] got 0.0178223 ref 0.0278698 |Δ|=0.0100476 tol=6.10484e-05
      OP-B 越界: t[4] got -0.0339355 ref -0.0709421 |Δ|=0.0370065 tol=0.000244174
    负向[OP-B · GATE_MODE_SIGN σ(−g)]: 越界 6104/6144（**必须 > 0**）、最大界占用 281.705
[M101][fp] OP-B t (contract)    file=m101op_m1_tdev.bin           len=12288     fnv1a64=9cf952e8b5bca68d
    判定项[OP-C. e2e（S1：输入 = 设备 t）]: PASS 比较 2560 元素、越界 0 | maxAbsErr 0.89187 | 最大界占用 0.2420
[M101][fp] OP-C y (contract)    file=m101op_m1_yC_contract.bin    len=5120      fnv1a64=df2ed66870c23f04
      OP-C 越界: y[0][0] got -56.25 ref -60.033 |Δ|=3.78296 tol=3.669
      OP-C 越界: y[0][2] got 25.5 ref 29.3816 |Δ|=3.88157 tol=3.77102
      OP-C 越界: y[0][4] got 92.5 ref 100.614 |Δ|=8.11392 tol=3.77303
      OP-C 越界: y[0][5] got -43 ref -24.8528 |Δ|=18.1472 tol=3.74714
      OP-C 越界: y[0][6] got 63 ref 74.6723 |Δ|=11.6723 tol=3.76404
    负向[OP-C · GEMM_MODE_KMINUS1]: 越界 1744/2560（**必须 > 0**）
[M101][fp] OP-C y (K-1 neg)     file=m101op_m1_yC_kminus1.bin     len=5120      fnv1a64=6b448030f7e0039c
[op] m=3 ====
[M101][fp] input W (not dumped) file=-                            len=31457280  fnv1a64=29dd51e39fc752bb
[M101][fp] input attn           file=m101op_m3_attn.bin           len=36864     fnv1a64=112ff91a304eba7f
[M101][fp] input gate           file=m101op_m3_gate.bin           len=36864     fnv1a64=edb82614beab6f0c
[M101][fp] input t (integer)    file=m101op_m3_tint.bin           len=36864     fnv1a64=314b4de431b27d3b
    判定项[OP-A. o_proj GEMM 逐位（精确整数域）]: PASS 比较 7680 元素、位不等 0
[M101][fp] OP-A y (contract)    file=m101op_m3_yA_contract.bin    len=15360     fnv1a64=35df17eccee47654
      OP-A 位不等: y[0][0] got 0x454f (3312) expect 0x454c (3264)
      OP-A 位不等: y[0][1] got 0xc3ad (-346) expect 0xc377 (-247)
      OP-A 位不等: y[0][2] got 0xc523 (-2608) expect 0xc512 (-2336)
      OP-A 位不等: y[0][3] got 0x44e8 (1856) expect 0x4501 (2064)
      OP-A 位不等: y[0][4] got 0xc4dd (-1768) expect 0xc4cd (-1640)
      OP-A 位不等: y[0][5] got 0xc541 (-3088) expect 0xc54c (-3264)
    负向[OP-A · GEMM_MODE_KMINUS1 少累加一个 baseK 块]: 位不等 7531/7680（**必须 > 0**）
[M101][fp] OP-A y (K-1 neg)     file=m101op_m3_yA_kminus1.bin     len=15360     fnv1a64=4a349e8331d0a0a3
    判定项[OP-B. ×sigmoid(gate)（T3，量化半步 + 4u 相对）]: PASS 比较 18432 元素、越界 0 | maxAbsErr 0.00193773 | 最大界占用 0.9998 | 位差 0/1/≥2 格点 = 18432/0/0
      OP-B 越界: t[0] got 0.283203 ref 0.280023 |Δ|=0.00318055 tol=0.000976696
      OP-B 越界: t[1] got -0.160156 ref -0.157735 |Δ|=0.00242126 tol=0.000488356
      OP-B 越界: t[2] got 0.238281 ref 0.236015 |Δ|=0.00226613 tol=0.000488394
      OP-B 越界: t[3] got 0.0280762 ref 0.0278698 |Δ|=0.000206348 tol=6.10484e-05
      OP-B 越界: t[4] got -0.0717773 ref -0.0709421 |Δ|=0.000835259 tol=0.000244174
    guard[OP-B 判别力对照]: 参考量化到 bf16 当设备 ⇒ 越界 0（须 0）；前 8 个元素 +2 格点 ⇒ 越界 8（须 >0）
      OP-B 越界: t[0] got 0.789062 ref 0.280023 |Δ|=0.50904 tol=0.00195326
      OP-B 越界: t[1] got -0.472656 ref -0.157735 |Δ|=0.314921 tol=0.000976638
      OP-B 越界: t[2] got 0.601562 ref 0.236015 |Δ|=0.365547 tol=0.00195324
      OP-B 越界: t[3] got 0.0456543 ref 0.0278698 |Δ|=0.0177845 tol=0.000122084
      OP-B 越界: t[4] got -0.10498 ref -0.0709421 |Δ|=0.0340384 tol=0.000244174
    负向[OP-B · GATE_MODE_NO_GATE 跳过门控]: 越界 18432/18432（**必须 > 0**）、最大界占用 351.546
      OP-B 越界: t[0] got 0.507812 ref 0.280023 |Δ|=0.22779 tol=0.00195326
      OP-B 越界: t[1] got -0.314453 ref -0.157735 |Δ|=0.156718 tol=0.000976638
      OP-B 越界: t[2] got 0.365234 ref 0.236015 |Δ|=0.129219 tol=0.000976675
      OP-B 越界: t[3] got 0.0178223 ref 0.0278698 |Δ|=0.0100476 tol=6.10484e-05
      OP-B 越界: t[4] got -0.0339355 ref -0.0709421 |Δ|=0.0370065 tol=0.000244174
    负向[OP-B · GATE_MODE_SIGN σ(−g)]: 越界 18313/18432（**必须 > 0**）、最大界占用 281.705
[M101][fp] OP-B t (contract)    file=m101op_m3_tdev.bin           len=36864     fnv1a64=26f793fedb8acb5a
    判定项[OP-C. e2e（S1：输入 = 设备 t）]: PASS 比较 7680 元素、越界 0 | maxAbsErr 0.95138 | 最大界占用 0.2543
[M101][fp] OP-C y (contract)    file=m101op_m3_yC_contract.bin    len=15360     fnv1a64=c8dd5ad43eb6a25f
      OP-C 越界: y[0][0] got -56.25 ref -60.033 |Δ|=3.78296 tol=3.669
      OP-C 越界: y[0][2] got 25.5 ref 29.3816 |Δ|=3.88157 tol=3.77102
      OP-C 越界: y[0][4] got 92.5 ref 100.614 |Δ|=8.11392 tol=3.77303
      OP-C 越界: y[0][5] got -43 ref -24.8528 |Δ|=18.1472 tol=3.74714
      OP-C 越界: y[0][6] got 63 ref 74.6723 |Δ|=11.6723 tol=3.76404
    负向[OP-C · GEMM_MODE_KMINUS1]: 越界 5097/7680（**必须 > 0**）
[M101][fp] OP-C y (K-1 neg)     file=m101op_m3_yC_kminus1.bin     len=15360     fnv1a64=9687c3776ed31c52
[M101] o_proj：判定项 6/6 通过（另：负向/guard 任一项未变红则退出码非 0）
rc=0
