[M101] mode=oproj
[M101] o_proj: numBlocks(AIC) = 28（门控段用 mix(1,2) + blockDim=28 ⇒ AIV=56）
[op] m=1 ====
    判定项[OP-A. o_proj GEMM 逐位（精确整数域）]: PASS 比较 2560 元素、位不等 0
      OP-A 位不等: y[0][0] got 0x454f (3312) expect 0x454c (3264)
      OP-A 位不等: y[0][1] got 0xc3ad (-346) expect 0xc377 (-247)
      OP-A 位不等: y[0][2] got 0xc523 (-2608) expect 0xc512 (-2336)
      OP-A 位不等: y[0][3] got 0x44e8 (1856) expect 0x4501 (2064)
      OP-A 位不等: y[0][4] got 0xc4dd (-1768) expect 0xc4cd (-1640)
      OP-A 位不等: y[0][5] got 0xc541 (-3088) expect 0xc54c (-3264)
    负向[OP-A · GEMM_MODE_KMINUS1 少累加一个 baseK 块]: 位不等 2507/2560（**必须 > 0**）
      OP-B 越界: t[334] got -0.25 ref -0.250961 |Δ|=0.000961294 tol=0.000488401
      OP-B 越界: t[659] got -0.25 ref -0.25049 |Δ|=0.000489997 tol=0.000488401
      OP-B 越界: t[747] got -0.0625 ref -0.0627221 |Δ|=0.00022209 tol=0.0001221
      OP-B 越界: t[1368] got -0.125 ref -0.125355 |Δ|=0.0003553 tol=0.0002442
      OP-B 越界: t[2079] got -0.03125 ref -0.0313316 |Δ|=8.16063e-05 tol=6.10501e-05
    判定项[OP-B. ×sigmoid(gate)（T3，量化半步 + 4u 相对）]: FAIL 比较 6144 元素、越界 11 | maxAbsErr 0.00193773 | 最大界占用 1.9685 | 位差 0/1/≥2 格点 = 6144/0/0
      OP-B 越界: t[334] got -0.25 ref -0.250961 |Δ|=0.000961294 tol=0.000488401
      OP-B 越界: t[659] got -0.25 ref -0.25049 |Δ|=0.000489997 tol=0.000488401
      OP-B 越界: t[747] got -0.0625 ref -0.0627221 |Δ|=0.00022209 tol=0.0001221
      OP-B 越界: t[1368] got -0.125 ref -0.125355 |Δ|=0.0003553 tol=0.0002442
      OP-B 越界: t[2079] got -0.03125 ref -0.0313316 |Δ|=8.16063e-05 tol=6.10501e-05
      OP-B 越界: t[0] got 0.283203 ref 0.280023 |Δ|=0.00318055 tol=0.000976696
      OP-B 越界: t[1] got -0.15625 ref -0.157735 |Δ|=0.00148499 tol=0.000488356
      OP-B 越界: t[2] got 0.238281 ref 0.236015 |Δ|=0.00226613 tol=0.000488394
      OP-B 越界: t[3] got 0.0280762 ref 0.0278698 |Δ|=0.000206348 tol=6.10484e-05
      OP-B 越界: t[4] got -0.0698242 ref -0.0709421 |Δ|=0.00111787 tol=0.000244174
    guard[OP-B 判别力对照]: 参考量化到 bf16 当设备 ⇒ 越界 11（须 0）；前 8 个元素 +2 格点 ⇒ 越界 19（须 >0）
      OP-B 越界: t[0] got 0.789062 ref 0.280023 |Δ|=0.50904 tol=0.000976696
      OP-B 越界: t[1] got -0.472656 ref -0.157735 |Δ|=0.314921 tol=0.000488356
      OP-B 越界: t[2] got 0.601562 ref 0.236015 |Δ|=0.365547 tol=0.000488394
      OP-B 越界: t[3] got 0.0456543 ref 0.0278698 |Δ|=0.0177845 tol=6.10484e-05
      OP-B 越界: t[4] got -0.10498 ref -0.0709421 |Δ|=0.0340384 tol=0.000244174
    负向[OP-B · GATE_MODE_NO_GATE 跳过门控]: 越界 6144/6144（**必须 > 0**）、最大界占用 1135.975
      OP-B 越界: t[0] got 0.507812 ref 0.280023 |Δ|=0.22779 tol=0.000976696
      OP-B 越界: t[1] got -0.314453 ref -0.157735 |Δ|=0.156718 tol=0.000488356
      OP-B 越界: t[2] got 0.365234 ref 0.236015 |Δ|=0.129219 tol=0.000488394
      OP-B 越界: t[3] got 0.0178223 ref 0.0278698 |Δ|=0.0100476 tol=6.10484e-05
      OP-B 越界: t[4] got -0.0339355 ref -0.0709421 |Δ|=0.0370065 tol=0.000244174
    负向[OP-B · GATE_MODE_SIGN σ(−g)]: 越界 6104/6144（**必须 > 0**）、最大界占用 623.975
    判定项[OP-C. e2e（S1：输入 = 设备 t）]: PASS 比较 2560 元素、越界 0 | maxAbsErr 0.89187 | 最大界占用 0.2420
      OP-C 越界: y[0][0] got -56.25 ref -60.033 |Δ|=3.78296 tol=3.669
      OP-C 越界: y[0][2] got 25.5 ref 29.3816 |Δ|=3.88157 tol=3.77102
      OP-C 越界: y[0][4] got 92.5 ref 100.614 |Δ|=8.11392 tol=3.77303
      OP-C 越界: y[0][5] got -43 ref -24.8528 |Δ|=18.1472 tol=3.74714
      OP-C 越界: y[0][6] got 63 ref 74.6723 |Δ|=11.6723 tol=3.76404
    负向[OP-C · GEMM_MODE_KMINUS1]: 越界 1744/2560（**必须 > 0**）
[op] m=3 ====
    判定项[OP-A. o_proj GEMM 逐位（精确整数域）]: PASS 比较 7680 元素、位不等 0
      OP-A 位不等: y[0][0] got 0x454f (3312) expect 0x454c (3264)
      OP-A 位不等: y[0][1] got 0xc3ad (-346) expect 0xc377 (-247)
      OP-A 位不等: y[0][2] got 0xc523 (-2608) expect 0xc512 (-2336)
      OP-A 位不等: y[0][3] got 0x44e8 (1856) expect 0x4501 (2064)
      OP-A 位不等: y[0][4] got 0xc4dd (-1768) expect 0xc4cd (-1640)
      OP-A 位不等: y[0][5] got 0xc541 (-3088) expect 0xc54c (-3264)
    负向[OP-A · GEMM_MODE_KMINUS1 少累加一个 baseK 块]: 位不等 7531/7680（**必须 > 0**）
      OP-B 越界: t[334] got -0.25 ref -0.250961 |Δ|=0.000961294 tol=0.000488401
      OP-B 越界: t[659] got -0.25 ref -0.25049 |Δ|=0.000489997 tol=0.000488401
      OP-B 越界: t[747] got -0.0625 ref -0.0627221 |Δ|=0.00022209 tol=0.0001221
      OP-B 越界: t[1368] got -0.125 ref -0.125355 |Δ|=0.0003553 tol=0.0002442
      OP-B 越界: t[2079] got -0.03125 ref -0.0313316 |Δ|=8.16063e-05 tol=6.10501e-05
    判定项[OP-B. ×sigmoid(gate)（T3，量化半步 + 4u 相对）]: FAIL 比较 18432 元素、越界 31 | maxAbsErr 0.00193773 | 最大界占用 1.9685 | 位差 0/1/≥2 格点 = 18432/0/0
      OP-B 越界: t[334] got -0.25 ref -0.250961 |Δ|=0.000961294 tol=0.000488401
      OP-B 越界: t[659] got -0.25 ref -0.25049 |Δ|=0.000489997 tol=0.000488401
      OP-B 越界: t[747] got -0.0625 ref -0.0627221 |Δ|=0.00022209 tol=0.0001221
      OP-B 越界: t[1368] got -0.125 ref -0.125355 |Δ|=0.0003553 tol=0.0002442
      OP-B 越界: t[2079] got -0.03125 ref -0.0313316 |Δ|=8.16063e-05 tol=6.10501e-05
      OP-B 越界: t[0] got 0.283203 ref 0.280023 |Δ|=0.00318055 tol=0.000976696
      OP-B 越界: t[1] got -0.15625 ref -0.157735 |Δ|=0.00148499 tol=0.000488356
      OP-B 越界: t[2] got 0.238281 ref 0.236015 |Δ|=0.00226613 tol=0.000488394
      OP-B 越界: t[3] got 0.0280762 ref 0.0278698 |Δ|=0.000206348 tol=6.10484e-05
      OP-B 越界: t[4] got -0.0698242 ref -0.0709421 |Δ|=0.00111787 tol=0.000244174
    guard[OP-B 判别力对照]: 参考量化到 bf16 当设备 ⇒ 越界 31（须 0）；前 8 个元素 +2 格点 ⇒ 越界 39（须 >0）
      OP-B 越界: t[0] got 0.789062 ref 0.280023 |Δ|=0.50904 tol=0.000976696
      OP-B 越界: t[1] got -0.472656 ref -0.157735 |Δ|=0.314921 tol=0.000488356
      OP-B 越界: t[2] got 0.601562 ref 0.236015 |Δ|=0.365547 tol=0.000488394
      OP-B 越界: t[3] got 0.0456543 ref 0.0278698 |Δ|=0.0177845 tol=6.10484e-05
      OP-B 越界: t[4] got -0.10498 ref -0.0709421 |Δ|=0.0340384 tol=0.000244174
    负向[OP-B · GATE_MODE_NO_GATE 跳过门控]: 越界 18432/18432（**必须 > 0**）、最大界占用 1135.975
      OP-B 越界: t[0] got 0.507812 ref 0.280023 |Δ|=0.22779 tol=0.000976696
      OP-B 越界: t[1] got -0.314453 ref -0.157735 |Δ|=0.156718 tol=0.000488356
      OP-B 越界: t[2] got 0.365234 ref 0.236015 |Δ|=0.129219 tol=0.000488394
      OP-B 越界: t[3] got 0.0178223 ref 0.0278698 |Δ|=0.0100476 tol=6.10484e-05
      OP-B 越界: t[4] got -0.0339355 ref -0.0709421 |Δ|=0.0370065 tol=0.000244174
    负向[OP-B · GATE_MODE_SIGN σ(−g)]: 越界 18314/18432（**必须 > 0**）、最大界占用 623.975
    判定项[OP-C. e2e（S1：输入 = 设备 t）]: PASS 比较 7680 元素、越界 0 | maxAbsErr 0.95138 | 最大界占用 0.2543
      OP-C 越界: y[0][0] got -56.25 ref -60.033 |Δ|=3.78296 tol=3.669
      OP-C 越界: y[0][2] got 25.5 ref 29.3816 |Δ|=3.88157 tol=3.77102
      OP-C 越界: y[0][4] got 92.5 ref 100.614 |Δ|=8.11392 tol=3.77303
      OP-C 越界: y[0][5] got -43 ref -24.8528 |Δ|=18.1472 tol=3.74714
      OP-C 越界: y[0][6] got 63 ref 74.6723 |Δ|=11.6723 tol=3.76404
    负向[OP-C · GEMM_MODE_KMINUS1]: 越界 5097/7680（**必须 > 0**）
[M101] o_proj：判定项 4/6 通过 —— 有 FAIL（另：负向/guard 任一项未变红则退出码非 0）
